OpenROAD 26Q3-1080-gab6fd26351 
Features included (+) or not (-): +GPU +GUI +Python
This program is licensed under the BSD-3 license. See the LICENSE file for details.
Components of this program may be licensed under more restrictive licenses which must be honored.
[INFO GPL-0001] ---- Initialize GPL Main Data Structures
[INFO GPL-0002] DBU: 2000
[INFO GPL-0003] SiteSize: (  0.190  1.400 ) um
[INFO GPL-0004] CoreBBox: (  2.090  2.800 ) ( 48.070 47.600 ) um
[INFO GPL-0016] Core area:                    2059.904 um^2
[INFO GPL-0036] Movable instances area:        641.592 um^2
[INFO GPL-0037] Total instances area:          641.592 um^2
[INFO GPL-0035] Pin density area adjust:        31.085 um^2
[INFO GPL-0032] ---- Initialize Region: Top-level
[INFO GPL-0006] Number of instances:               336
[INFO GPL-0007] Movable instances:                 336
[INFO GPL-0008] Fixed instances:                     0
[INFO GPL-0009] Dummy instances:                     0
[INFO GPL-0010] Number of nets:                    418
[INFO GPL-0011] Number of pins:                   1233
[INFO GPL-0012] Die BBox:       (  0.000  0.000 ) ( 50.225 50.225 ) um
[INFO GPL-0013] Placement BBox: (  2.090  2.800 ) ( 48.070 47.600 ) um
[INFO GPL-0014] Region name: top-level.
[INFO GPL-0015] Region area:                  2059.904 um^2
[INFO GPL-0017] Fixed instances area:            0.000 um^2
[INFO GPL-0018] Movable instances area:        672.677 um^2
[INFO GPL-0019] Utilization:                    32.656 %
[INFO GPL-0020] Standard cells area:           672.677 um^2
[INFO GPL-0021] Large instances area:            0.000 um^2
[INFO GPL-0005] ---- Execute Conjugate Gradient Initial Placement.
[INFO GPL-0051] Source of initial instance position counters:
	Odb location = 0	Core center = 336	Region center = 0
[InitialPlace]  Iter: 1 conjugate gradient residual: 0.00000020 HPWL: 4784580
[InitialPlace]  Iter: 2 conjugate gradient residual: 0.00000008 HPWL: 3853368
[InitialPlace]  Iter: 3 conjugate gradient residual: 0.00000011 HPWL: 3855978
[InitialPlace]  Iter: 4 conjugate gradient residual: 0.00000011 HPWL: 3855989
[InitialPlace]  Iter: 5 conjugate gradient residual: 0.00000008 HPWL: 3855906
[INFO GPL-0033] ---- Initialize Nesterov Region: Top-level
[WARNING GPL-0302] Target density 0.3000 is too low for the available free area.
Automatically adjusting to uniform density 0.3300.
[INFO GPL-0023] Placement target density:       0.3300
[INFO GPL-0024] Movable insts average area:      2.002 um^2
[INFO GPL-0025] Ideal bin area:                  6.067 um^2
[INFO GPL-0026] Ideal bin count:                   339
[INFO GPL-0027] Total bin area:               2059.904 um^2
[INFO GPL-0028] Bin count (X, Y):          16 ,     16
[INFO GPL-0029] Bin size (W * H):       2.874 *  2.800 um
[INFO GPL-0030] Number of bins:                    256
[INFO GPL-0084] ---- Execute Nesterov Global Placement.
[INFO GPL-0031] HPWL: Half-Perimeter Wirelength
Iteration | Overflow |     HPWL (um) |  HPWL(%) |   Penalty | Group
---------------------------------------------------------------
        0 |   0.9803 |  5.586600e+02 |   +0.00% |  3.57e-15 |      
       10 |   0.9672 |  5.567945e+02 |   -0.33% |  5.82e-15 |      
       20 |   0.9671 |  5.551595e+02 |   -0.29% |  9.47e-15 |      
       30 |   0.9670 |  5.544805e+02 |   -0.12% |  1.54e-14 |      
       40 |   0.9670 |  5.542440e+02 |   -0.04% |  2.51e-14 |      
       50 |   0.9672 |  5.542070e+02 |   -0.01% |  4.09e-14 |      
       60 |   0.9672 |  5.540620e+02 |   -0.03% |  6.67e-14 |      
       70 |   0.9672 |  5.540500e+02 |   -0.00% |  1.09e-13 |      
       80 |   0.9672 |  5.541250e+02 |   +0.01% |  1.77e-13 |      
       90 |   0.9671 |  5.543335e+02 |   +0.04% |  2.88e-13 |      
      100 |   0.9670 |  5.546960e+02 |   +0.07% |  4.70e-13 |      
      110 |   0.9668 |  5.554855e+02 |   +0.14% |  7.65e-13 |      
      120 |   0.9668 |  5.574040e+02 |   +0.35% |  1.25e-12 |      
      130 |   0.9662 |  5.616635e+02 |   +0.76% |  2.03e-12 |      
      140 |   0.9585 |  5.714170e+02 |   +1.74% |  3.31e-12 |      
      150 |   0.9582 |  5.890075e+02 |   +3.08% |  5.38e-12 |      
      160 |   0.9497 |  6.146940e+02 |   +4.36% |  8.77e-12 |      
      170 |   0.9411 |  6.431205e+02 |   +4.62% |  1.43e-11 |      
      180 |   0.9257 |  6.741880e+02 |   +4.83% |  2.33e-11 |      
      190 |   0.9163 |  7.103425e+02 |   +5.36% |  3.79e-11 |      
      200 |   0.8905 |  7.590535e+02 |   +6.86% |  6.17e-11 |      
      210 |   0.8559 |  8.441895e+02 |  +11.22% |  1.01e-10 |      
      220 |   0.8203 |  9.207950e+02 |   +9.07% |  1.64e-10 |      
      230 |   0.8030 |  9.969440e+02 |   +8.27% |  2.67e-10 |      
      240 |   0.7566 |  1.079483e+03 |   +8.28% |  4.35e-10 |      
      250 |   0.7220 |  1.139351e+03 |   +5.55% |  7.08e-10 |      
      260 |   0.6741 |  1.252637e+03 |   +9.94% |  1.15e-09 |      
      270 |   0.6453 |  1.314806e+03 |   +4.96% |  1.88e-09 |      
[INFO GPL-0100] Timing-driven iteration 1/2, virtual: false.
[INFO GPL-0101]    Iter: 275, overflow: 0.635, keep resizer changes at: 1, HPWL: 2707945
Iteration |   Area    | Resized | Buffers | Nets repaired | Remaining
---------------------------------------------------------------------
        0 |     +0.0% |       0 |       0 |             0 |       418
    final |     +0.0% |       0 |       0 |             0 |         0
---------------------------------------------------------------------
   Iter   |    Area   | Removed | Inserted |   Pins
          |           | Buffers | Buffers  | Remaining
-------------------------------------------------------
        0 |     +0.0% |       0 |        0 |       404
       40 |     +0.0% |       0 |        0 |       364
       80 |     +0.0% |       0 |        0 |       324
      120 |     +0.0% |       0 |        0 |       284
      160 |     +0.0% |       0 |        0 |       244
      200 |     +0.0% |       0 |        0 |       204
      240 |     +0.0% |       0 |        0 |       164
      280 |     +0.0% |       0 |        0 |       124
      320 |     -0.1% |       1 |        0 |        84
      360 |     -0.1% |       1 |        0 |        44
      400 |     -0.1% |       1 |        0 |         4
    final |     -0.1% |       1 |        0 |         0
-------------------------------------------------------
[INFO GPL-0106] Timing-driven: worst slack 7.553096e-09
[INFO GPL-0107] Timing-driven: repair_design delta area: -0.798 um^2 (-0.12%)
[INFO GPL-0108] Timing-driven: repair_design, gpl delta gcells: -1 (-0.30%)
[INFO GPL-0109] Timing-driven: repair_design, gcells created: 0, deleted: 1
[INFO GPL-0110] Timing-driven: new target density: 0.32961258
Iteration | Overflow |     HPWL (um) |  HPWL(%) |   Penalty | Group
---------------------------------------------------------------
      280 |   0.6411 |  1.472681e+03 |  +12.01% |  3.06e-09 |      
      290 |   0.5904 |  1.539165e+03 |   +4.51% |  4.98e-09 |      
      300 |   0.5423 |  1.606790e+03 |   +4.39% |  8.12e-09 |      
      310 |   0.5044 |  1.693209e+03 |   +5.38% |  1.32e-08 |      
      320 |   0.4562 |  1.780568e+03 |   +5.16% |  2.15e-08 |      
      330 |   0.4173 |  1.829601e+03 |   +2.75% |  3.51e-08 |      
      340 |   0.3605 |  1.904409e+03 |   +4.09% |  5.71e-08 |      
      350 |   0.3237 |  1.941083e+03 |   +1.93% |  8.76e-08 |      
      360 |   0.2928 |  1.985832e+03 |   +2.31% |  1.29e-07 |      
      370 |   0.2546 |  2.022264e+03 |   +1.83% |  1.90e-07 |      
      380 |   0.2192 |  2.054133e+03 |   +1.58% |  2.80e-07 |      
      390 |   0.1948 |  2.089856e+03 |   +1.74% |  4.13e-07 |      
[INFO GPL-0100] Timing-driven iteration 2/2, virtual: false.
[INFO GPL-0101]    Iter: 391, overflow: 0.195, keep resizer changes at: 1, HPWL: 4179712
Iteration |   Area    | Resized | Buffers | Nets repaired | Remaining
---------------------------------------------------------------------
        0 |     +0.0% |       0 |       0 |             0 |       417
    final |     +0.0% |       0 |       0 |             0 |         0
---------------------------------------------------------------------
   Iter   |    Area   | Removed | Inserted |   Pins
          |           | Buffers | Buffers  | Remaining
-------------------------------------------------------
        0 |     +0.0% |       0 |        0 |       404
       40 |     +0.0% |       0 |        0 |       364
       80 |     +0.0% |       0 |        0 |       324
      120 |     +0.0% |       0 |        0 |       284
      160 |     +0.0% |       0 |        0 |       244
      200 |     +0.0% |       0 |        0 |       204
      240 |     +0.0% |       0 |        0 |       164
      280 |     +0.0% |       0 |        0 |       124
      320 |     +0.0% |       0 |        0 |        84
      360 |     +0.0% |       0 |        0 |        44
      400 |     +0.0% |       0 |        0 |         4
    final |     +0.0% |       0 |        0 |         0
-------------------------------------------------------
[INFO GPL-0106] Timing-driven: worst slack 7.549629e-09
[INFO GPL-0107] Timing-driven: repair_design delta area: 0.000 um^2 (+0.00%)
[INFO GPL-0108] Timing-driven: repair_design, gpl delta gcells: 0 (+0.00%)
[INFO GPL-0109] Timing-driven: repair_design, gcells created: 0, deleted: 0
[INFO GPL-0110] Timing-driven: new target density: 0.32961258
Iteration | Overflow |     HPWL (um) |  HPWL(%) |   Penalty | Group
---------------------------------------------------------------
      400 |   0.1629 |  2.115470e+03 |   +1.23% |  6.08e-07 |      
      410 |   0.1416 |  2.146960e+03 |   +1.49% |  8.96e-07 |      
      420 |   0.1137 |  2.180183e+03 |   +1.55% |  1.32e-06 |      
      427 |   0.0994 |  2.193198e+03 |          |  1.80e-06 |      
---------------------------------------------------------------
[INFO GPL-1001] Global placement finished at iteration 427
[INFO GPL-1002] Placed Cell Area              671.8787
[INFO GPL-1003] Available Free Area          2059.9040
[INFO GPL-1004] Minimum Feasible Density        0.3300 (cell_area / free_area)
[INFO GPL-1006]   Suggested Target Densities:
[INFO GPL-1007]     - For 90% usage of free space: 0.3624
[INFO GPL-1008]     - For 80% usage of free space: 0.4077
[INFO GPL-1009]     - For 50% usage of free space: 0.6523
[INFO GPL-1011] Original area (um^2): 672.68
[INFO GPL-1013] Total timing-driven delta area: -0.80 (-0.12%)
[INFO GPL-1014] Final placement area: 671.88 (-0.12%)
Design area 641 um^2 31% utilization.
Startpoint: rst (input port clocked by clk)
Endpoint: _606_ (recovery check against rising-edge clock clk)
Path Group: asynchronous
Path Type: max

     Cap     Slew    Delay     Time   Description
---------------------------------------------------------------------------
            0.000    0.000    0.000   clock clk (rise edge)
                     0.000    0.000   clock network delay (ideal)
                     2.000    2.000 v input external delay
 127.701    0.000    0.000    2.000 v rst (in)
            0.003    0.002    2.002 v _598_/A (INV_X1)
   1.369    0.006    0.009    2.011 ^ _598_/ZN (INV_X1)
            0.006    0.000    2.011 ^ _606_/SN (DFFS_X1)
                              2.011   data arrival time

            0.000   10.000   10.000   clock clk (rise edge)
                     0.000   10.000   clock network delay (ideal)
                    -0.200    9.800   clock uncertainty
                     0.000    9.800   clock reconvergence pessimism
                              9.800 ^ _606_/CK (DFFS_X1)
                     0.042    9.842   library recovery time
                              9.842   data required time
---------------------------------------------------------------------------
                              9.842   data required time
                             -2.011   data arrival time
---------------------------------------------------------------------------
                              7.830   slack (MET)


Startpoint: tx_start (input port clocked by clk)
Endpoint: _609_ (rising edge-triggered flip-flop clocked by clk)
Path Group: clk
Path Type: max

     Cap     Slew    Delay     Time   Description
---------------------------------------------------------------------------
            0.000    0.000    0.000   clock clk (rise edge)
                     0.000    0.000   clock network delay (ideal)
                     2.000    2.000 v input external delay
   2.640    0.000    0.000    2.000 v tx_start (in)
            0.000    0.000    2.000 v _359_/A1 (AND2_X1)
  14.595    0.018    0.043    2.043 v _359_/ZN (AND2_X1)
            0.018    0.000    2.044 v _382_/A1 (NOR2_X1)
  17.976    0.088    0.109    2.153 ^ _382_/ZN (NOR2_X1)
            0.088    0.000    2.153 ^ _447_/B1 (AOI22_X1)
   1.632    0.028    0.034    2.187 v _447_/ZN (AOI22_X1)
            0.028    0.000    2.187 v _448_/A2 (NOR2_X1)
   1.187    0.015    0.032    2.220 ^ _448_/ZN (NOR2_X1)
            0.015    0.000    2.220 ^ _609_/D (DFFR_X1)
                              2.220   data arrival time

            0.000   10.000   10.000   clock clk (rise edge)
                     0.000   10.000   clock network delay (ideal)
                    -0.200    9.800   clock uncertainty
                     0.000    9.800   clock reconvergence pessimism
                              9.800 ^ _609_/CK (DFFR_X1)
                    -0.035    9.765   library setup time
                              9.765   data required time
---------------------------------------------------------------------------
                              9.765   data required time
                             -2.220   data arrival time
---------------------------------------------------------------------------
                              7.546   slack (MET)



