OpenROAD 26Q3-1080-gab6fd26351 
Features included (+) or not (-): +GPU +GUI +Python
This program is licensed under the BSD-3 license. See the LICENSE file for details.
Components of this program may be licensed under more restrictive licenses which must be honored.
[INFO CTS-0050] Root buffer is CLKBUF_X2.
[INFO CTS-0051] Sink buffer is CLKBUF_X3.
[INFO CTS-0052] The following clock buffers will be used for CTS:
                    CLKBUF_X1
                    CLKBUF_X2
                    CLKBUF_X3
[INFO CTS-0049] Characterization buffer is CLKBUF_X3.
[INFO CTS-0007] Net "clk" found for clock "clk".
[INFO CTS-0010]  Clock net "clk" has 70 sinks.
[INFO CTS-0008] TritonCTS found 1 clock nets.
[INFO CTS-0097] Characterization used 3 buffer(s) types.
[INFO CTS-0201] 0 blockages from hard placement blockages and placed macros will be used.
[INFO CTS-0027] Generating H-Tree topology for net clk.
[INFO CTS-0028]  Total number of sinks: 70.
[INFO CTS-0030]  Number of static layers: 0.
[INFO CTS-0020]  Wire segment unit: 14000  dbu (7 um).
[INFO CTS-0023]  Original sink region: [(5055, 6580), (88655, 94220)].
[INFO CTS-0024]  Normalized sink region: [(0.361071, 0.47), (6.3325, 6.73)].
[INFO CTS-0025]     Width:  5.9714.
[INFO CTS-0026]     Height: 6.2600.
 Level 1
    Direction: Vertical
    Sinks per sub-region: 35
    Sub-region size: 5.9714 X 3.1300
[INFO CTS-0034]     Segment length (rounded): 1.
 Level 2
    Direction: Horizontal
    Sinks per sub-region: 18
    Sub-region size: 2.9857 X 3.1300
[INFO CTS-0034]     Segment length (rounded): 1.
 Level 3
    Direction: Vertical
    Sinks per sub-region: 9
    Sub-region size: 2.9857 X 1.5650
[INFO CTS-0034]     Segment length (rounded): 1.
[INFO CTS-0038]  Stop criterion found. Sink region hpwl is smaller than max wirelength (832.619 um) and max number of sinks is 15.
[INFO CTS-0035]  Number of sinks covered: 70.
[INFO CTS-0018]     Created 9 clock buffers.
[INFO CTS-0012]     Minimum number of buffers in the clock path: 2.
[INFO CTS-0013]     Maximum number of buffers in the clock path: 2.
[INFO CTS-0015]     Created 9 clock nets.
[INFO CTS-0016]     Fanout distribution for the current clock = 7:2, 9:4, 10:2..
[INFO CTS-0017]     Max level of the clock tree: 3.
[INFO CTS-0098] Clock net "clk"
[INFO CTS-0099]  Sinks 70
[INFO CTS-0100]  Leaf buffers 0
[INFO CTS-0101]  Average sink wire length 58.01 um
[INFO CTS-0102]  Path depth 2 - 2
[INFO CTS-0500] Runtime: 8.56s
Clock clk
   0.08 source latency _631_/CK ^
  -0.08 target latency _650_/CK ^
   0.20 clock uncertainty
   0.00 CRPR
--------------
   0.21 setup skew

Startpoint: rst (input port clocked by clk)
Endpoint: _606_ (recovery check against rising-edge clock clk)
Path Group: asynchronous
Path Type: max

     Cap     Slew    Delay     Time   Description
---------------------------------------------------------------------------
                     0.000    0.000   clock clk (rise edge)
                     0.000    0.000   clock network delay (propagated)
                     2.000    2.000 v input external delay
 127.354    0.000    0.000    2.000 v rst (in)
            0.004    0.003    2.003 v _598_/A (INV_X1)
   1.524    0.006    0.010    2.013 ^ _598_/ZN (INV_X1)
            0.006    0.000    2.013 ^ _606_/SN (DFFS_X1)
                              2.013   data arrival time

                    10.000   10.000   clock clk (rise edge)
                     0.078   10.078   clock network delay (propagated)
                    -0.200    9.878   clock uncertainty
                     0.000    9.878   clock reconvergence pessimism
                              9.878 ^ _606_/CK (DFFS_X1)
                     0.046    9.924   library recovery time
                              9.924   data required time
---------------------------------------------------------------------------
                              9.924   data required time
                             -2.013   data arrival time
---------------------------------------------------------------------------
                              7.911   slack (MET)


Startpoint: _612_ (rising edge-triggered flip-flop clocked by clk)
Endpoint: tx_busy (output port clocked by clk)
Path Group: clk
Path Type: max

     Cap     Slew    Delay     Time   Description
---------------------------------------------------------------------------
                     0.000    0.000   clock clk (rise edge)
                     0.081    0.081   clock network delay (propagated)
            0.016    0.000    0.081 ^ _612_/CK (DFFR_X1)
   7.192    0.020    0.119    0.199 ^ _612_/Q (DFFR_X1)
            0.020    0.000    0.199 ^ tx_busy (out)
                              0.199   data arrival time

                    10.000   10.000   clock clk (rise edge)
                     0.000   10.000   clock network delay (propagated)
                    -0.200    9.800   clock uncertainty
                     0.000    9.800   clock reconvergence pessimism
                    -2.000    7.800   output external delay
                              7.800   data required time
---------------------------------------------------------------------------
                              7.800   data required time
                             -0.199   data arrival time
---------------------------------------------------------------------------
                              7.601   slack (MET)



