OpenROAD 26Q3-1080-gab6fd26351 
Features included (+) or not (-): +GPU +GUI +Python
This program is licensed under the BSD-3 license. See the LICENSE file for details.
Components of this program may be licensed under more restrictive licenses which must be honored.
Design area 650 um^2 32% utilization.
Startpoint: rst (input port clocked by clk)
Endpoint: _606_ (recovery check against rising-edge clock clk)
Path Group: asynchronous
Path Type: max

     Cap     Slew    Delay     Time   Description
---------------------------------------------------------------------------
                     0.000    0.000   clock clk (rise edge)
                     0.000    0.000   clock network delay (propagated)
                     2.000    2.000 v input external delay
 108.455    0.000    0.000    2.000 v rst (in)
            0.000    0.000    2.000 v _598_/A (INV_X1)
   1.356    0.006    0.008    2.008 ^ _598_/ZN (INV_X1)
            0.006    0.000    2.008 ^ _606_/SN (DFFS_X1)
                              2.008   data arrival time

                    10.000   10.000   clock clk (rise edge)
                     0.068   10.068   clock network delay (propagated)
                    -0.200    9.868   clock uncertainty
                     0.000    9.868   clock reconvergence pessimism
                              9.868 ^ _606_/CK (DFFS_X1)
                     0.046    9.914   library recovery time
                              9.914   data required time
---------------------------------------------------------------------------
                              9.914   data required time
                             -2.008   data arrival time
---------------------------------------------------------------------------
                              7.906   slack (MET)


Startpoint: _612_ (rising edge-triggered flip-flop clocked by clk)
Endpoint: tx_busy (output port clocked by clk)
Path Group: clk
Path Type: max

     Cap     Slew    Delay     Time   Description
---------------------------------------------------------------------------
                     0.000    0.000   clock clk (rise edge)
                     0.071    0.071   clock network delay (propagated)
            0.013    0.000    0.071 ^ _612_/CK (DFFR_X1)
   5.785    0.018    0.115    0.185 ^ _612_/Q (DFFR_X1)
            0.018    0.000    0.185 ^ tx_busy (out)
                              0.185   data arrival time

                    10.000   10.000   clock clk (rise edge)
                     0.000   10.000   clock network delay (propagated)
                    -0.200    9.800   clock uncertainty
                     0.000    9.800   clock reconvergence pessimism
                    -2.000    7.800   output external delay
                              7.800   data required time
---------------------------------------------------------------------------
                              7.800   data required time
                             -0.185   data arrival time
---------------------------------------------------------------------------
                              7.615   slack (MET)


