OpenROAD 26Q3-1080-gab6fd26351 
Features included (+) or not (-): +GPU +GUI +Python
This program is licensed under the BSD-3 license. See the LICENSE file for details.
Components of this program may be licensed under more restrictive licenses which must be honored.
[INFO DRT-0149] Reading tech and libs.

Units:                2000
Number of layers:     21
Number of macros:     135
Number of vias:       27
Number of viarulegen: 19

[INFO DRT-0150] Reading design.

Design:                   uart_top
Die area:                 ( 0 0 ) ( 100450 100450 )
Number of track patterns: 20
Number of DEF vias:       0
Number of components:     344
Number of terminals:      25
Number of snets:          0
Number of nets:           426

[INFO DRT-0167] List of default vias:
  Layer via2
    default via: via2_5
  Layer via3
    default via: via3_2
  Layer via4
    default via: via4_0
  Layer via5
    default via: via5_0
  Layer via6
    default via: via6_0
  Layer via7
    default via: via7_0
  Layer via8
    default via: via8_0
  Layer via9
    default via: via9_0
[INFO DRT-0162] Library cell analysis.
[INFO DRT-0163] Instance analysis.
[INFO DRT-0164] Number of unique instances = 46.
[INFO DRT-0168] Init region query.
[INFO DRT-0024]   Complete active.
[INFO DRT-0024]   Complete Fr_VIA.
[INFO DRT-0024]   Complete metal1.
[INFO DRT-0024]   Complete via1.
[INFO DRT-0024]   Complete metal2.
[INFO DRT-0024]   Complete via2.
[INFO DRT-0024]   Complete metal3.
[INFO DRT-0024]   Complete via3.
[INFO DRT-0024]   Complete metal4.
[INFO DRT-0024]   Complete via4.
[INFO DRT-0024]   Complete metal5.
[INFO DRT-0024]   Complete via5.
[INFO DRT-0024]   Complete metal6.
[INFO DRT-0024]   Complete via6.
[INFO DRT-0024]   Complete metal7.
[INFO DRT-0024]   Complete via7.
[INFO DRT-0024]   Complete metal8.
[INFO DRT-0024]   Complete via8.
[INFO DRT-0024]   Complete metal9.
[INFO DRT-0024]   Complete via9.
[INFO DRT-0024]   Complete metal10.
[INFO DRT-0033] active shape region query size = 0.
[INFO DRT-0033] FR_VIA shape region query size = 0.
[INFO DRT-0033] metal1 shape region query size = 7281.
[INFO DRT-0033] via1 shape region query size = 0.
[INFO DRT-0033] metal2 shape region query size = 0.
[INFO DRT-0033] via2 shape region query size = 0.
[INFO DRT-0033] metal3 shape region query size = 0.
[INFO DRT-0033] via3 shape region query size = 0.
[INFO DRT-0033] metal4 shape region query size = 0.
[INFO DRT-0033] via4 shape region query size = 0.
[INFO DRT-0033] metal5 shape region query size = 25.
[INFO DRT-0033] via5 shape region query size = 0.
[INFO DRT-0033] metal6 shape region query size = 0.
[INFO DRT-0033] via6 shape region query size = 0.
[INFO DRT-0033] metal7 shape region query size = 0.
[INFO DRT-0033] via7 shape region query size = 0.
[INFO DRT-0033] metal8 shape region query size = 0.
[INFO DRT-0033] via8 shape region query size = 0.
[INFO DRT-0033] metal9 shape region query size = 0.
[INFO DRT-0033] via9 shape region query size = 0.
[INFO DRT-0033] metal10 shape region query size = 0.
[INFO DRT-0165] Start pin access.
[INFO DRT-0078]   Complete 277 pins.
[INFO DRT-0081]   Complete 46 unique inst patterns.
[INFO DRT-0084]   Complete 317 groups.
#scanned instances     = 344
#unique  instances     = 46
#stdCellGenAp          = 1275
#stdCellValidPlanarAp  = 0
#stdCellValidViaAp     = 1017
#stdCellPinNoAp        = 0
#stdCellPinCnt         = 1224
#instTermValidViaApCnt = 0
#macroGenAp            = 0
#macroValidPlanarAp    = 0
#macroValidViaAp       = 0
#macroNoAp             = 0
[INFO DRT-0166] Complete pin access.
[INFO DRT-0267] cpu time = 00:00:08, elapsed time = 00:00:07, memory = 112.92 (MB), peak = 112.72 (MB)

[INFO DRT-0157] Number of guides:     2526

[INFO DRT-0169] Post process guides.
[INFO DRT-0176] GCELLGRID X 0 DO 17 STEP 5700 ;
[INFO DRT-0177] GCELLGRID Y 0 DO 17 STEP 5700 ;
[INFO DRT-0028]   Complete active.
[INFO DRT-0028]   Complete Fr_VIA.
[INFO DRT-0028]   Complete metal1.
[INFO DRT-0028]   Complete via1.
[INFO DRT-0028]   Complete metal2.
[INFO DRT-0028]   Complete via2.
[INFO DRT-0028]   Complete metal3.
[INFO DRT-0028]   Complete via3.
[INFO DRT-0028]   Complete metal4.
[INFO DRT-0028]   Complete via4.
[INFO DRT-0028]   Complete metal5.
[INFO DRT-0028]   Complete via5.
[INFO DRT-0028]   Complete metal6.
[INFO DRT-0028]   Complete via6.
[INFO DRT-0028]   Complete metal7.
[INFO DRT-0028]   Complete via7.
[INFO DRT-0028]   Complete metal8.
[INFO DRT-0028]   Complete via8.
[INFO DRT-0028]   Complete metal9.
[INFO DRT-0028]   Complete via9.
[INFO DRT-0028]   Complete metal10.
[INFO DRT-0178] Init guide query.
[INFO DRT-0035]   Complete active (guide).
[INFO DRT-0035]   Complete Fr_VIA (guide).
[INFO DRT-0035]   Complete metal1 (guide).
[INFO DRT-0035]   Complete via1 (guide).
[INFO DRT-0035]   Complete metal2 (guide).
[INFO DRT-0035]   Complete via2 (guide).
[INFO DRT-0035]   Complete metal3 (guide).
[INFO DRT-0035]   Complete via3 (guide).
[INFO DRT-0035]   Complete metal4 (guide).
[INFO DRT-0035]   Complete via4 (guide).
[INFO DRT-0035]   Complete metal5 (guide).
[INFO DRT-0035]   Complete via5 (guide).
[INFO DRT-0035]   Complete metal6 (guide).
[INFO DRT-0035]   Complete via6 (guide).
[INFO DRT-0035]   Complete metal7 (guide).
[INFO DRT-0035]   Complete via7 (guide).
[INFO DRT-0035]   Complete metal8 (guide).
[INFO DRT-0035]   Complete via8 (guide).
[INFO DRT-0035]   Complete metal9 (guide).
[INFO DRT-0035]   Complete via9 (guide).
[INFO DRT-0035]   Complete metal10 (guide).
[INFO DRT-0036] active guide region query size = 0.
[INFO DRT-0036] FR_VIA guide region query size = 0.
[INFO DRT-0036] metal1 guide region query size = 958.
[INFO DRT-0036] via1 guide region query size = 0.
[INFO DRT-0036] metal2 guide region query size = 751.
[INFO DRT-0036] via2 guide region query size = 0.
[INFO DRT-0036] metal3 guide region query size = 349.
[INFO DRT-0036] via3 guide region query size = 0.
[INFO DRT-0036] metal4 guide region query size = 25.
[INFO DRT-0036] via4 guide region query size = 0.
[INFO DRT-0036] metal5 guide region query size = 25.
[INFO DRT-0036] via5 guide region query size = 0.
[INFO DRT-0036] metal6 guide region query size = 0.
[INFO DRT-0036] via6 guide region query size = 0.
[INFO DRT-0036] metal7 guide region query size = 0.
[INFO DRT-0036] via7 guide region query size = 0.
[INFO DRT-0036] metal8 guide region query size = 0.
[INFO DRT-0036] via8 guide region query size = 0.
[INFO DRT-0036] metal9 guide region query size = 0.
[INFO DRT-0036] via9 guide region query size = 0.
[INFO DRT-0036] metal10 guide region query size = 0.
[INFO DRT-0179] Init gr pin query.
[INFO DRT-0267] cpu time = 00:00:00, elapsed time = 00:00:00, memory = 114.07 (MB), peak = 113.85 (MB)
[INFO DRT-0245] skipped writing guide updates to database.
[INFO DRT-0181] Start track assignment.
[INFO DRT-0184] Done with 776 vertical wires in 1 frboxes and 1332 horizontal wires in 1 frboxes.
[INFO DRT-0186] Done with 156 vertical wires in 1 frboxes and 230 horizontal wires in 1 frboxes.
[INFO DRT-0182] Complete track assignment.
[INFO DRT-0267] cpu time = 00:00:00, elapsed time = 00:00:00, memory = 117.84 (MB), peak = 117.64 (MB)
[INFO DRT-0187] Start routing data preparation.
[INFO DRT-0267] cpu time = 00:00:00, elapsed time = 00:00:00, memory = 117.84 (MB), peak = 117.64 (MB)
[INFO DRT-0194] Start detail routing.
[INFO DRT-0195] Start 0th optimization iteration.
    Completing 10% with 0 violations.
    elapsed time = 00:00:00, memory = 118.98 (MB).
    Completing 20% with 0 violations.
    elapsed time = 00:00:00, memory = 125.29 (MB).
    Completing 30% with 0 violations.
    elapsed time = 00:00:01, memory = 125.92 (MB).
    Completing 40% with 0 violations.
    elapsed time = 00:00:01, memory = 125.99 (MB).
    Completing 50% with 3 violations.
    elapsed time = 00:00:02, memory = 125.99 (MB).
    Completing 60% with 3 violations.
    elapsed time = 00:00:02, memory = 130.74 (MB).
    Completing 70% with 8 violations.
    elapsed time = 00:00:03, memory = 137.18 (MB).
    Completing 80% with 8 violations.
    elapsed time = 00:00:04, memory = 137.18 (MB).
    Completing 100% with 21 violations.
    elapsed time = 00:00:05, memory = 137.18 (MB).
[INFO DRT-0199]   Number of violations = 60.
Viol/Layer      metal1 metal2 metal3
Metal Spacing        0      4      0
Recheck              1     22     16
Short                0     13      4
[INFO DRT-0267] cpu time = 00:00:07, elapsed time = 00:00:06, memory = 672.34 (MB), peak = 672.19 (MB)
Total wire length = 3320 um.
Total wire length on LAYER metal1 = 0 um.
Total wire length on LAYER metal2 = 1676 um.
Total wire length on LAYER metal3 = 1271 um.
Total wire length on LAYER metal4 = 159 um.
Total wire length on LAYER metal5 = 213 um.
Total wire length on LAYER metal6 = 0 um.
Total wire length on LAYER metal7 = 0 um.
Total wire length on LAYER metal8 = 0 um.
Total wire length on LAYER metal9 = 0 um.
Total wire length on LAYER metal10 = 0 um.
Total number of vias = 2153.
Up-via summary (total 2153):

---------------
 active       0
 metal1    1169
 metal2     932
 metal3      27
 metal4      25
 metal5       0
 metal6       0
 metal7       0
 metal8       0
 metal9       0
---------------
       2153


[INFO DRT-0195] Start 1st optimization iteration.
    Completing 10% with 60 violations.
    elapsed time = 00:00:00, memory = 672.39 (MB).
    Completing 20% with 60 violations.
    elapsed time = 00:00:00, memory = 672.39 (MB).
    Completing 30% with 60 violations.
    elapsed time = 00:00:00, memory = 672.39 (MB).
    Completing 40% with 60 violations.
    elapsed time = 00:00:01, memory = 672.39 (MB).
    Completing 50% with 49 violations.
    elapsed time = 00:00:01, memory = 672.39 (MB).
    Completing 60% with 49 violations.
    elapsed time = 00:00:02, memory = 672.39 (MB).
    Completing 70% with 30 violations.
    elapsed time = 00:00:02, memory = 672.39 (MB).
    Completing 80% with 30 violations.
    elapsed time = 00:00:03, memory = 672.39 (MB).
    Completing 100% with 2 violations.
    elapsed time = 00:00:04, memory = 672.39 (MB).
[INFO DRT-0199]   Number of violations = 2.
Viol/Layer      metal2
Short                2
[INFO DRT-0267] cpu time = 00:00:05, elapsed time = 00:00:05, memory = 672.39 (MB), peak = 672.19 (MB)
Total wire length = 3274 um.
Total wire length on LAYER metal1 = 0 um.
Total wire length on LAYER metal2 = 1643 um.
Total wire length on LAYER metal3 = 1254 um.
Total wire length on LAYER metal4 = 163 um.
Total wire length on LAYER metal5 = 213 um.
Total wire length on LAYER metal6 = 0 um.
Total wire length on LAYER metal7 = 0 um.
Total wire length on LAYER metal8 = 0 um.
Total wire length on LAYER metal9 = 0 um.
Total wire length on LAYER metal10 = 0 um.
Total number of vias = 2118.
Up-via summary (total 2118):

---------------
 active       0
 metal1    1173
 metal2     893
 metal3      27
 metal4      25
 metal5       0
 metal6       0
 metal7       0
 metal8       0
 metal9       0
---------------
       2118


[INFO DRT-0195] Start 2nd optimization iteration.
    Completing 10% with 2 violations.
    elapsed time = 00:00:00, memory = 672.39 (MB).
    Completing 20% with 2 violations.
    elapsed time = 00:00:00, memory = 672.39 (MB).
    Completing 30% with 2 violations.
    elapsed time = 00:00:00, memory = 672.39 (MB).
    Completing 40% with 2 violations.
    elapsed time = 00:00:00, memory = 672.39 (MB).
    Completing 50% with 2 violations.
    elapsed time = 00:00:00, memory = 672.39 (MB).
    Completing 60% with 2 violations.
    elapsed time = 00:00:01, memory = 672.39 (MB).
    Completing 70% with 2 violations.
    elapsed time = 00:00:01, memory = 672.39 (MB).
    Completing 80% with 2 violations.
    elapsed time = 00:00:01, memory = 672.39 (MB).
    Completing 90% with 2 violations.
    elapsed time = 00:00:01, memory = 672.39 (MB).
    Completing 100% with 2 violations.
    elapsed time = 00:00:01, memory = 672.39 (MB).
[INFO DRT-0199]   Number of violations = 2.
Viol/Layer      metal2
Short                2
[INFO DRT-0267] cpu time = 00:00:02, elapsed time = 00:00:02, memory = 672.39 (MB), peak = 672.19 (MB)
Total wire length = 3273 um.
Total wire length on LAYER metal1 = 0 um.
Total wire length on LAYER metal2 = 1648 um.
Total wire length on LAYER metal3 = 1247 um.
Total wire length on LAYER metal4 = 164 um.
Total wire length on LAYER metal5 = 212 um.
Total wire length on LAYER metal6 = 0 um.
Total wire length on LAYER metal7 = 0 um.
Total wire length on LAYER metal8 = 0 um.
Total wire length on LAYER metal9 = 0 um.
Total wire length on LAYER metal10 = 0 um.
Total number of vias = 2114.
Up-via summary (total 2114):

---------------
 active       0
 metal1    1173
 metal2     889
 metal3      27
 metal4      25
 metal5       0
 metal6       0
 metal7       0
 metal8       0
 metal9       0
---------------
       2114


[INFO DRT-0195] Start 3rd guides tiles iteration.
    Completing 50% with 2 violations.
    elapsed time = 00:00:00, memory = 672.39 (MB).
    Completing 100% with 0 violations.
    elapsed time = 00:00:00, memory = 672.39 (MB).
[INFO DRT-0199]   Number of violations = 0.
[INFO DRT-0267] cpu time = 00:00:00, elapsed time = 00:00:00, memory = 672.39 (MB), peak = 672.19 (MB)
Total wire length = 3274 um.
Total wire length on LAYER metal1 = 0 um.
Total wire length on LAYER metal2 = 1648 um.
Total wire length on LAYER metal3 = 1248 um.
Total wire length on LAYER metal4 = 164 um.
Total wire length on LAYER metal5 = 212 um.
Total wire length on LAYER metal6 = 0 um.
Total wire length on LAYER metal7 = 0 um.
Total wire length on LAYER metal8 = 0 um.
Total wire length on LAYER metal9 = 0 um.
Total wire length on LAYER metal10 = 0 um.
Total number of vias = 2118.
Up-via summary (total 2118):

---------------
 active       0
 metal1    1173
 metal2     893
 metal3      27
 metal4      25
 metal5       0
 metal6       0
 metal7       0
 metal8       0
 metal9       0
---------------
       2118


[WARNING DRT-0290] Warning: no DRC report specified, skipped writing DRC report
[INFO DRT-0198] Complete detail routing.
Total wire length = 3274 um.
Total wire length on LAYER metal1 = 0 um.
Total wire length on LAYER metal2 = 1648 um.
Total wire length on LAYER metal3 = 1248 um.
Total wire length on LAYER metal4 = 164 um.
Total wire length on LAYER metal5 = 212 um.
Total wire length on LAYER metal6 = 0 um.
Total wire length on LAYER metal7 = 0 um.
Total wire length on LAYER metal8 = 0 um.
Total wire length on LAYER metal9 = 0 um.
Total wire length on LAYER metal10 = 0 um.
Total number of vias = 2118.
Up-via summary (total 2118):

---------------
 active       0
 metal1    1173
 metal2     893
 metal3      27
 metal4      25
 metal5       0
 metal6       0
 metal7       0
 metal8       0
 metal9       0
---------------
       2118


[INFO DRT-0267] cpu time = 00:00:15, elapsed time = 00:00:14, memory = 672.45 (MB), peak = 672.19 (MB)

[INFO DRT-0180] Post processing.
[INFO DRT-0501] Runtime: 21.77s
Design area 650 um^2 32% utilization.
Startpoint: rst (input port clocked by clk)
Endpoint: _606_ (recovery check against rising-edge clock clk)
Path Group: asynchronous
Path Type: max

     Cap     Slew    Delay     Time   Description
---------------------------------------------------------------------------
                     0.000    0.000   clock clk (rise edge)
                     0.000    0.000   clock network delay (propagated)
                     2.000    2.000 v input external delay
 108.455    0.000    0.000    2.000 v rst (in)
            0.000    0.000    2.000 v _598_/A (INV_X1)
   1.356    0.006    0.008    2.008 ^ _598_/ZN (INV_X1)
            0.006    0.000    2.008 ^ _606_/SN (DFFS_X1)
                              2.008   data arrival time

                    10.000   10.000   clock clk (rise edge)
                     0.068   10.068   clock network delay (propagated)
                    -0.200    9.868   clock uncertainty
                     0.000    9.868   clock reconvergence pessimism
                              9.868 ^ _606_/CK (DFFS_X1)
                     0.046    9.914   library recovery time
                              9.914   data required time
---------------------------------------------------------------------------
                              9.914   data required time
                             -2.008   data arrival time
---------------------------------------------------------------------------
                              7.906   slack (MET)


Startpoint: _612_ (rising edge-triggered flip-flop clocked by clk)
Endpoint: tx_busy (output port clocked by clk)
Path Group: clk
Path Type: max

     Cap     Slew    Delay     Time   Description
---------------------------------------------------------------------------
                     0.000    0.000   clock clk (rise edge)
                     0.071    0.071   clock network delay (propagated)
            0.013    0.000    0.071 ^ _612_/CK (DFFR_X1)
   5.785    0.018    0.115    0.185 ^ _612_/Q (DFFR_X1)
            0.018    0.000    0.185 ^ tx_busy (out)
                              0.185   data arrival time

                    10.000   10.000   clock clk (rise edge)
                     0.000   10.000   clock network delay (propagated)
                    -0.200    9.800   clock uncertainty
                     0.000    9.800   clock reconvergence pessimism
                    -2.000    7.800   output external delay
                              7.800   data required time
---------------------------------------------------------------------------
                              7.800   data required time
                             -0.185   data arrival time
---------------------------------------------------------------------------
                              7.615   slack (MET)


