
 /----------------------------------------------------------------------------\
 |  yosys -- Yosys Open SYnthesis Suite                                       |
 |  Copyright (C) 2012 - 2026  Claire Xenia Wolf <claire@yosyshq.com>         |
 |  Distributed under an ISC-like license, type "license" to see terms        |
 \----------------------------------------------------------------------------/
 Yosys 0.67 (git sha1 2d1509d1b, Release, GNU /usr/local/bin/wrapped-cc/g++ 11.4.0)

-- Executing script file `/project/yosys/asic/map_nangate45.ys' --

1. Executing Verilog-2005 frontend: /project/rtl/spi_chip_select.v
Parsing Verilog input from `/project/rtl/spi_chip_select.v' to AST representation.
Generating RTLIL representation for module `\spi_chip_select'.
Successfully finished Verilog frontend.

2. Executing Verilog-2005 frontend: /project/rtl/spi_clock_divider.v
Parsing Verilog input from `/project/rtl/spi_clock_divider.v' to AST representation.
Generating RTLIL representation for module `\spi_clock_divider'.
Successfully finished Verilog frontend.

3. Executing Verilog-2005 frontend: /project/rtl/spi_master_fsm.v
Parsing Verilog input from `/project/rtl/spi_master_fsm.v' to AST representation.
Generating RTLIL representation for module `\spi_master_fsm'.
Successfully finished Verilog frontend.

4. Executing Verilog-2005 frontend: /project/rtl/spi_master_top.v
Parsing Verilog input from `/project/rtl/spi_master_top.v' to AST representation.
Generating RTLIL representation for module `\spi_master_top'.
Successfully finished Verilog frontend.

5. Executing Verilog-2005 frontend: /project/rtl/spi_shift_register.v
Parsing Verilog input from `/project/rtl/spi_shift_register.v' to AST representation.
Generating RTLIL representation for module `\spi_shift_register'.
Successfully finished Verilog frontend.

6. Executing HIERARCHY pass (managing design hierarchy).

6.1. Analyzing design hierarchy..
Top module:  \spi_master_top
Used module:     \spi_chip_select
Used module:     \spi_master_fsm
Used module:     \spi_shift_register
Used module:     \spi_clock_divider
Parameter \DATA_WIDTH = 8

6.2. Executing AST frontend in derive mode using pre-parsed AST for module `\spi_shift_register'.
Parameter \DATA_WIDTH = 8
Generating RTLIL representation for module `$paramod\spi_shift_register\DATA_WIDTH=s32'00000000000000000000000000001000'.
Parameter \DIVIDER = 4

6.3. Executing AST frontend in derive mode using pre-parsed AST for module `\spi_clock_divider'.
Parameter \DIVIDER = 4
Generating RTLIL representation for module `$paramod\spi_clock_divider\DIVIDER=s32'00000000000000000000000000000100'.

6.4. Analyzing design hierarchy..
Top module:  \spi_master_top
Used module:     \spi_chip_select
Used module:     \spi_master_fsm
Used module:     $paramod\spi_shift_register\DATA_WIDTH=s32'00000000000000000000000000001000
Used module:     $paramod\spi_clock_divider\DIVIDER=s32'00000000000000000000000000000100

6.5. Analyzing design hierarchy..
Top module:  \spi_master_top
Used module:     \spi_chip_select
Used module:     \spi_master_fsm
Used module:     $paramod\spi_shift_register\DATA_WIDTH=s32'00000000000000000000000000001000
Used module:     $paramod\spi_clock_divider\DIVIDER=s32'00000000000000000000000000000100
Removing unused module `\spi_shift_register'.
Removing unused module `\spi_clock_divider'.
Removed 2 unused modules.

7. Executing PROC pass (convert processes to netlists).

7.1. Executing PROC_CLEAN pass (remove empty switches from decision trees).
Cleaned up 0 empty switches.

7.2. Executing PROC_RMDEAD pass (remove dead branches from decision trees).
Marked 2 switch rules as full_case in process $proc$/project/rtl/spi_clock_divider.v:14$13 in module $paramod\spi_clock_divider\DIVIDER=s32'00000000000000000000000000000100.
Marked 2 switch rules as full_case in process $proc$/project/rtl/spi_master_fsm.v:21$6 in module spi_master_fsm.
Marked 2 switch rules as full_case in process $proc$/project/rtl/spi_shift_register.v:25$10 in module $paramod\spi_shift_register\DATA_WIDTH=s32'00000000000000000000000000001000.
Marked 2 switch rules as full_case in process $proc$/project/rtl/spi_chip_select.v:10$1 in module spi_chip_select.
Removed a total of 0 dead cases.

7.3. Executing PROC_PRUNE pass (remove redundant assignments in processes).
Removed 7 redundant assignments.
Promoted 0 assignments to connections.

7.4. Executing PROC_INIT pass (extract init attributes).

7.5. Executing PROC_ARST pass (detect async resets in processes).
Found async reset \rst in `$paramod\spi_clock_divider\DIVIDER=s32'00000000000000000000000000000100.$proc$/project/rtl/spi_clock_divider.v:14$13'.
Found async reset \rst in `\spi_master_fsm.$proc$/project/rtl/spi_master_fsm.v:21$6'.
Found async reset \rst in `$paramod\spi_shift_register\DATA_WIDTH=s32'00000000000000000000000000001000.$proc$/project/rtl/spi_shift_register.v:25$10'.
Found async reset \rst in `\spi_chip_select.$proc$/project/rtl/spi_chip_select.v:10$1'.

7.6. Executing PROC_ROM pass (convert switches to ROMs).
Converted 0 switches.
<suppressed ~8 debug messages>

7.7. Executing PROC_MUX pass (convert decision trees to multiplexers).
Creating decoders for process `$paramod\spi_clock_divider\DIVIDER=s32'00000000000000000000000000000100.$proc$/project/rtl/spi_clock_divider.v:14$13'.
     1/2: $0\counter[31:0]
     2/2: $0\spi_clk[0:0]
Creating decoders for process `\spi_master_fsm.$proc$/project/rtl/spi_master_fsm.v:21$6'.
     1/5: $0\cs_enable[0:0]
     2/5: $0\done[0:0]
     3/5: $0\shift_enable[0:0]
     4/5: $0\load[0:0]
     5/5: $0\state[1:0]
Creating decoders for process `$paramod\spi_shift_register\DATA_WIDTH=s32'00000000000000000000000000001000.$proc$/project/rtl/spi_shift_register.v:25$10'.
     1/4: $0\shift_done[0:0]
     2/4: $0\bit_count[3:0]
     3/4: $0\tx_shift[7:0]
     4/4: $0\rx_data[7:0]
Creating decoders for process `\spi_chip_select.$proc$/project/rtl/spi_chip_select.v:10$1'.
     1/1: $0\cs_n[0:0]

7.8. Executing PROC_DLATCH pass (convert process syncs to latches).

7.9. Executing PROC_DFF pass (convert process syncs to FFs).
Creating register for signal `$paramod\spi_clock_divider\DIVIDER=s32'00000000000000000000000000000100.\spi_clk' using process `$paramod\spi_clock_divider\DIVIDER=s32'00000000000000000000000000000100.$proc$/project/rtl/spi_clock_divider.v:14$13'.
  created $adff cell `$procdff$73' with positive edge clock and positive level reset.
Creating register for signal `$paramod\spi_clock_divider\DIVIDER=s32'00000000000000000000000000000100.\counter' using process `$paramod\spi_clock_divider\DIVIDER=s32'00000000000000000000000000000100.$proc$/project/rtl/spi_clock_divider.v:14$13'.
  created $adff cell `$procdff$76' with positive edge clock and positive level reset.
Creating register for signal `\spi_master_fsm.\cs_enable' using process `\spi_master_fsm.$proc$/project/rtl/spi_master_fsm.v:21$6'.
  created $adff cell `$procdff$79' with positive edge clock and positive level reset.
Creating register for signal `\spi_master_fsm.\load' using process `\spi_master_fsm.$proc$/project/rtl/spi_master_fsm.v:21$6'.
  created $adff cell `$procdff$82' with positive edge clock and positive level reset.
Creating register for signal `\spi_master_fsm.\shift_enable' using process `\spi_master_fsm.$proc$/project/rtl/spi_master_fsm.v:21$6'.
  created $adff cell `$procdff$85' with positive edge clock and positive level reset.
Creating register for signal `\spi_master_fsm.\done' using process `\spi_master_fsm.$proc$/project/rtl/spi_master_fsm.v:21$6'.
  created $adff cell `$procdff$88' with positive edge clock and positive level reset.
Creating register for signal `\spi_master_fsm.\state' using process `\spi_master_fsm.$proc$/project/rtl/spi_master_fsm.v:21$6'.
  created $adff cell `$procdff$91' with positive edge clock and positive level reset.
Creating register for signal `$paramod\spi_shift_register\DATA_WIDTH=s32'00000000000000000000000000001000.\shift_done' using process `$paramod\spi_shift_register\DATA_WIDTH=s32'00000000000000000000000000001000.$proc$/project/rtl/spi_shift_register.v:25$10'.
  created $adff cell `$procdff$94' with positive edge clock and positive level reset.
Creating register for signal `$paramod\spi_shift_register\DATA_WIDTH=s32'00000000000000000000000000001000.\rx_data' using process `$paramod\spi_shift_register\DATA_WIDTH=s32'00000000000000000000000000001000.$proc$/project/rtl/spi_shift_register.v:25$10'.
  created $adff cell `$procdff$97' with positive edge clock and positive level reset.
Creating register for signal `$paramod\spi_shift_register\DATA_WIDTH=s32'00000000000000000000000000001000.\tx_shift' using process `$paramod\spi_shift_register\DATA_WIDTH=s32'00000000000000000000000000001000.$proc$/project/rtl/spi_shift_register.v:25$10'.
  created $adff cell `$procdff$100' with positive edge clock and positive level reset.
Creating register for signal `$paramod\spi_shift_register\DATA_WIDTH=s32'00000000000000000000000000001000.\bit_count' using process `$paramod\spi_shift_register\DATA_WIDTH=s32'00000000000000000000000000001000.$proc$/project/rtl/spi_shift_register.v:25$10'.
  created $adff cell `$procdff$103' with positive edge clock and positive level reset.
Creating register for signal `\spi_chip_select.\cs_n' using process `\spi_chip_select.$proc$/project/rtl/spi_chip_select.v:10$1'.
  created $adff cell `$procdff$106' with positive edge clock and positive level reset.

7.10. Executing PROC_MEMWR pass (convert process memory writes to cells).

7.11. Executing PROC_CLEAN pass (remove empty switches from decision trees).
Found and cleaned up 1 empty switch in `$paramod\spi_clock_divider\DIVIDER=s32'00000000000000000000000000000100.$proc$/project/rtl/spi_clock_divider.v:14$13'.
Removing empty process `$paramod\spi_clock_divider\DIVIDER=s32'00000000000000000000000000000100.$proc$/project/rtl/spi_clock_divider.v:14$13'.
Found and cleaned up 3 empty switches in `\spi_master_fsm.$proc$/project/rtl/spi_master_fsm.v:21$6'.
Removing empty process `spi_master_fsm.$proc$/project/rtl/spi_master_fsm.v:21$6'.
Found and cleaned up 3 empty switches in `$paramod\spi_shift_register\DATA_WIDTH=s32'00000000000000000000000000001000.$proc$/project/rtl/spi_shift_register.v:25$10'.
Removing empty process `$paramod\spi_shift_register\DATA_WIDTH=s32'00000000000000000000000000001000.$proc$/project/rtl/spi_shift_register.v:25$10'.
Found and cleaned up 1 empty switch in `\spi_chip_select.$proc$/project/rtl/spi_chip_select.v:10$1'.
Removing empty process `spi_chip_select.$proc$/project/rtl/spi_chip_select.v:10$1'.
Cleaned up 8 empty switches.

7.12. Executing OPT_EXPR pass (perform const folding).
Optimizing module $paramod\spi_clock_divider\DIVIDER=s32'00000000000000000000000000000100.
<suppressed ~2 debug messages>
Optimizing module spi_master_top.
Optimizing module spi_master_fsm.
<suppressed ~7 debug messages>
Optimizing module $paramod\spi_shift_register\DATA_WIDTH=s32'00000000000000000000000000001000.
<suppressed ~4 debug messages>
Optimizing module spi_chip_select.
<suppressed ~1 debug messages>

8. Executing OPT pass (performing simple optimizations).

8.1. Executing OPT_EXPR pass (perform const folding).
Optimizing module $paramod\spi_clock_divider\DIVIDER=s32'00000000000000000000000000000100.
Optimizing module spi_master_top.
Optimizing module spi_master_fsm.
Optimizing module $paramod\spi_shift_register\DATA_WIDTH=s32'00000000000000000000000000001000.
Optimizing module spi_chip_select.

8.2. Executing OPT_MERGE pass (detect identical cells).
Finding identical cells in module `$paramod\spi_clock_divider\DIVIDER=s32'00000000000000000000000000000100'.
Computing hashes of 7 cells of `$paramod\spi_clock_divider\DIVIDER=s32'00000000000000000000000000000100'.
Finding duplicate cells in `$paramod\spi_clock_divider\DIVIDER=s32'00000000000000000000000000000100'.
Finding identical cells in module `\spi_master_top'.
Computing hashes of 4 cells of `\spi_master_top'.
Finding duplicate cells in `\spi_master_top'.
Finding identical cells in module `\spi_master_fsm'.
Computing hashes of 23 cells of `\spi_master_fsm'.
Finding duplicate cells in `\spi_master_fsm'.
Computing hashes of 16 cells of `\spi_master_fsm'.
Finding duplicate cells in `\spi_master_fsm'.
<suppressed ~21 debug messages>
Finding identical cells in module `$paramod\spi_shift_register\DATA_WIDTH=s32'00000000000000000000000000001000'.
Computing hashes of 15 cells of `$paramod\spi_shift_register\DATA_WIDTH=s32'00000000000000000000000000001000'.
Finding duplicate cells in `$paramod\spi_shift_register\DATA_WIDTH=s32'00000000000000000000000000001000'.
Finding identical cells in module `\spi_chip_select'.
Computing hashes of 2 cells of `\spi_chip_select'.
Finding duplicate cells in `\spi_chip_select'.
Removed a total of 7 cells.

8.3. Executing OPT_MUXTREE pass (detect dead branches in mux trees).
Running muxtree optimizer on module $paramod\spi_clock_divider\DIVIDER=s32'00000000000000000000000000000100..
  Creating internal representation of mux trees.
  Evaluating internal representation of mux trees.
  Analyzing evaluation results.
Running muxtree optimizer on module \spi_master_top..
  Creating internal representation of mux trees.
  No muxes found in this module.
Running muxtree optimizer on module \spi_master_fsm..
  Creating internal representation of mux trees.
  Evaluating internal representation of mux trees.
  Analyzing evaluation results.
Running muxtree optimizer on module $paramod\spi_shift_register\DATA_WIDTH=s32'00000000000000000000000000001000..
  Creating internal representation of mux trees.
  Evaluating internal representation of mux trees.
  Analyzing evaluation results.
Running muxtree optimizer on module \spi_chip_select..
  Creating internal representation of mux trees.
  Evaluating internal representation of mux trees.
  Analyzing evaluation results.
Removed 0 multiplexer ports.
<suppressed ~31 debug messages>

8.4. Executing OPT_REDUCE pass (consolidate $*mux and $reduce_* inputs).
  Optimizing cells in module $paramod\spi_clock_divider\DIVIDER=s32'00000000000000000000000000000100.
  Optimizing cells in module \spi_master_top.
  Optimizing cells in module \spi_master_fsm.
    New ctrl vector for $pmux cell $procmux$23: { $auto$opt_reduce.cc:137:opt_pmux$110 $auto$opt_reduce.cc:137:opt_pmux$108 }
  Optimizing cells in module \spi_master_fsm.
  Optimizing cells in module $paramod\spi_shift_register\DATA_WIDTH=s32'00000000000000000000000000001000.
  Optimizing cells in module \spi_chip_select.
Performed a total of 1 changes.

8.5. Executing OPT_MERGE pass (detect identical cells).
Finding identical cells in module `$paramod\spi_clock_divider\DIVIDER=s32'00000000000000000000000000000100'.
Computing hashes of 7 cells of `$paramod\spi_clock_divider\DIVIDER=s32'00000000000000000000000000000100'.
Finding duplicate cells in `$paramod\spi_clock_divider\DIVIDER=s32'00000000000000000000000000000100'.
Finding identical cells in module `\spi_master_top'.
Computing hashes of 4 cells of `\spi_master_top'.
Finding duplicate cells in `\spi_master_top'.
Finding identical cells in module `\spi_master_fsm'.
Computing hashes of 18 cells of `\spi_master_fsm'.
Finding duplicate cells in `\spi_master_fsm'.
Finding identical cells in module `$paramod\spi_shift_register\DATA_WIDTH=s32'00000000000000000000000000001000'.
Computing hashes of 15 cells of `$paramod\spi_shift_register\DATA_WIDTH=s32'00000000000000000000000000001000'.
Finding duplicate cells in `$paramod\spi_shift_register\DATA_WIDTH=s32'00000000000000000000000000001000'.
Finding identical cells in module `\spi_chip_select'.
Computing hashes of 2 cells of `\spi_chip_select'.
Finding duplicate cells in `\spi_chip_select'.
Removed a total of 0 cells.

8.6. Executing OPT_DFF pass (perform DFF optimizations).
Adding EN signal on $procdff$73 ($adff) from module $paramod\spi_clock_divider\DIVIDER=s32'00000000000000000000000000000100 (D = $not$/project/rtl/spi_clock_divider.v:30$15_Y, Q = \spi_clk).
Adding EN signal on $procdff$91 ($adff) from module spi_master_fsm (D = $procmux$37_Y, Q = \state).
Adding EN signal on $procdff$103 ($adff) from module $paramod\spi_shift_register\DATA_WIDTH=s32'00000000000000000000000000001000 (D = $procmux$56_Y, Q = \bit_count).
Adding EN signal on $procdff$100 ($adff) from module $paramod\spi_shift_register\DATA_WIDTH=s32'00000000000000000000000000001000 (D = $procmux$61_Y, Q = \tx_shift).
Adding EN signal on $procdff$97 ($adff) from module $paramod\spi_shift_register\DATA_WIDTH=s32'00000000000000000000000000001000 (D = $procmux$66_Y, Q = \rx_data).

8.7. Executing OPT_CLEAN pass (remove unused cells and wires).
Finding unused cells or wires in module $paramod\spi_clock_divider\DIVIDER=s32'00000000000000000000000000000100..
Finding unused cells or wires in module \spi_master_top..
Finding unused cells or wires in module \spi_master_fsm..
Finding unused cells or wires in module $paramod\spi_shift_register\DATA_WIDTH=s32'00000000000000000000000000001000..
Finding unused cells or wires in module \spi_chip_select..
Removed 1 unused cells and 46 unused wires.
<suppressed ~5 debug messages>

8.8. Executing OPT_EXPR pass (perform const folding).
Optimizing module $paramod\spi_clock_divider\DIVIDER=s32'00000000000000000000000000000100.
Optimizing module spi_master_top.
Optimizing module spi_master_fsm.
<suppressed ~1 debug messages>
Optimizing module $paramod\spi_shift_register\DATA_WIDTH=s32'00000000000000000000000000001000.
<suppressed ~3 debug messages>
Optimizing module spi_chip_select.

8.9. Rerunning OPT passes. (Maybe there is more to do..)

8.10. Executing OPT_MUXTREE pass (detect dead branches in mux trees).
Running muxtree optimizer on module $paramod\spi_clock_divider\DIVIDER=s32'00000000000000000000000000000100..
  Creating internal representation of mux trees.
  Evaluating internal representation of mux trees.
  Analyzing evaluation results.
Running muxtree optimizer on module \spi_master_top..
  Creating internal representation of mux trees.
  No muxes found in this module.
Running muxtree optimizer on module \spi_master_fsm..
  Creating internal representation of mux trees.
  Evaluating internal representation of mux trees.
  Analyzing evaluation results.
Running muxtree optimizer on module $paramod\spi_shift_register\DATA_WIDTH=s32'00000000000000000000000000001000..
  Creating internal representation of mux trees.
  Evaluating internal representation of mux trees.
  Analyzing evaluation results.
Running muxtree optimizer on module \spi_chip_select..
  Creating internal representation of mux trees.
  Evaluating internal representation of mux trees.
  Analyzing evaluation results.
Removed 0 multiplexer ports.
<suppressed ~29 debug messages>

8.11. Executing OPT_REDUCE pass (consolidate $*mux and $reduce_* inputs).
  Optimizing cells in module $paramod\spi_clock_divider\DIVIDER=s32'00000000000000000000000000000100.
  Optimizing cells in module \spi_master_top.
  Optimizing cells in module \spi_master_fsm.
  Optimizing cells in module $paramod\spi_shift_register\DATA_WIDTH=s32'00000000000000000000000000001000.
  Optimizing cells in module \spi_chip_select.
Performed a total of 0 changes.

8.12. Executing OPT_MERGE pass (detect identical cells).
Finding identical cells in module `$paramod\spi_clock_divider\DIVIDER=s32'00000000000000000000000000000100'.
Computing hashes of 6 cells of `$paramod\spi_clock_divider\DIVIDER=s32'00000000000000000000000000000100'.
Finding duplicate cells in `$paramod\spi_clock_divider\DIVIDER=s32'00000000000000000000000000000100'.
Finding identical cells in module `\spi_master_top'.
Computing hashes of 4 cells of `\spi_master_top'.
Finding duplicate cells in `\spi_master_top'.
Finding identical cells in module `\spi_master_fsm'.
Computing hashes of 22 cells of `\spi_master_fsm'.
Finding duplicate cells in `\spi_master_fsm'.
Finding identical cells in module `$paramod\spi_shift_register\DATA_WIDTH=s32'00000000000000000000000000001000'.
Computing hashes of 18 cells of `$paramod\spi_shift_register\DATA_WIDTH=s32'00000000000000000000000000001000'.
Finding duplicate cells in `$paramod\spi_shift_register\DATA_WIDTH=s32'00000000000000000000000000001000'.
Computing hashes of 16 cells of `$paramod\spi_shift_register\DATA_WIDTH=s32'00000000000000000000000000001000'.
Finding duplicate cells in `$paramod\spi_shift_register\DATA_WIDTH=s32'00000000000000000000000000001000'.
<suppressed ~6 debug messages>
Finding identical cells in module `\spi_chip_select'.
Computing hashes of 2 cells of `\spi_chip_select'.
Finding duplicate cells in `\spi_chip_select'.
Removed a total of 2 cells.

8.13. Executing OPT_DFF pass (perform DFF optimizations).

8.14. Executing OPT_CLEAN pass (remove unused cells and wires).
Finding unused cells or wires in module $paramod\spi_clock_divider\DIVIDER=s32'00000000000000000000000000000100..
Finding unused cells or wires in module \spi_master_top..
Finding unused cells or wires in module \spi_master_fsm..
Finding unused cells or wires in module $paramod\spi_shift_register\DATA_WIDTH=s32'00000000000000000000000000001000..
Finding unused cells or wires in module \spi_chip_select..
Removed 0 unused cells and 2 unused wires.
<suppressed ~1 debug messages>

8.15. Executing OPT_EXPR pass (perform const folding).
Optimizing module $paramod\spi_clock_divider\DIVIDER=s32'00000000000000000000000000000100.
Optimizing module spi_master_top.
Optimizing module spi_master_fsm.
Optimizing module $paramod\spi_shift_register\DATA_WIDTH=s32'00000000000000000000000000001000.
Optimizing module spi_chip_select.

8.16. Rerunning OPT passes. (Maybe there is more to do..)

8.17. Executing OPT_MUXTREE pass (detect dead branches in mux trees).
Running muxtree optimizer on module $paramod\spi_clock_divider\DIVIDER=s32'00000000000000000000000000000100..
  Creating internal representation of mux trees.
  Evaluating internal representation of mux trees.
  Analyzing evaluation results.
Running muxtree optimizer on module \spi_master_top..
  Creating internal representation of mux trees.
  No muxes found in this module.
Running muxtree optimizer on module \spi_master_fsm..
  Creating internal representation of mux trees.
  Evaluating internal representation of mux trees.
  Analyzing evaluation results.
Running muxtree optimizer on module $paramod\spi_shift_register\DATA_WIDTH=s32'00000000000000000000000000001000..
  Creating internal representation of mux trees.
  Evaluating internal representation of mux trees.
  Analyzing evaluation results.
Running muxtree optimizer on module \spi_chip_select..
  Creating internal representation of mux trees.
  Evaluating internal representation of mux trees.
  Analyzing evaluation results.
Removed 0 multiplexer ports.
<suppressed ~29 debug messages>

8.18. Executing OPT_REDUCE pass (consolidate $*mux and $reduce_* inputs).
  Optimizing cells in module $paramod\spi_clock_divider\DIVIDER=s32'00000000000000000000000000000100.
  Optimizing cells in module \spi_master_top.
  Optimizing cells in module \spi_master_fsm.
  Optimizing cells in module $paramod\spi_shift_register\DATA_WIDTH=s32'00000000000000000000000000001000.
  Optimizing cells in module \spi_chip_select.
Performed a total of 0 changes.

8.19. Executing OPT_MERGE pass (detect identical cells).
Finding identical cells in module `$paramod\spi_clock_divider\DIVIDER=s32'00000000000000000000000000000100'.
Computing hashes of 6 cells of `$paramod\spi_clock_divider\DIVIDER=s32'00000000000000000000000000000100'.
Finding duplicate cells in `$paramod\spi_clock_divider\DIVIDER=s32'00000000000000000000000000000100'.
Finding identical cells in module `\spi_master_top'.
Computing hashes of 4 cells of `\spi_master_top'.
Finding duplicate cells in `\spi_master_top'.
Finding identical cells in module `\spi_master_fsm'.
Computing hashes of 22 cells of `\spi_master_fsm'.
Finding duplicate cells in `\spi_master_fsm'.
Finding identical cells in module `$paramod\spi_shift_register\DATA_WIDTH=s32'00000000000000000000000000001000'.
Computing hashes of 16 cells of `$paramod\spi_shift_register\DATA_WIDTH=s32'00000000000000000000000000001000'.
Finding duplicate cells in `$paramod\spi_shift_register\DATA_WIDTH=s32'00000000000000000000000000001000'.
Finding identical cells in module `\spi_chip_select'.
Computing hashes of 2 cells of `\spi_chip_select'.
Finding duplicate cells in `\spi_chip_select'.
Removed a total of 0 cells.

8.20. Executing OPT_DFF pass (perform DFF optimizations).

8.21. Executing OPT_CLEAN pass (remove unused cells and wires).
Finding unused cells or wires in module $paramod\spi_clock_divider\DIVIDER=s32'00000000000000000000000000000100..
Finding unused cells or wires in module \spi_master_top..
Finding unused cells or wires in module \spi_master_fsm..
Finding unused cells or wires in module $paramod\spi_shift_register\DATA_WIDTH=s32'00000000000000000000000000001000..
Finding unused cells or wires in module \spi_chip_select..

8.22. Executing OPT_EXPR pass (perform const folding).
Optimizing module $paramod\spi_clock_divider\DIVIDER=s32'00000000000000000000000000000100.
Optimizing module spi_master_top.
Optimizing module spi_master_fsm.
Optimizing module $paramod\spi_shift_register\DATA_WIDTH=s32'00000000000000000000000000001000.
Optimizing module spi_chip_select.

8.23. Finished fast OPT passes. (There is nothing left to do.)

9. Executing FSM pass (extract and optimize FSM).

9.1. Executing FSM_DETECT pass (finding FSMs in design).

9.2. Executing FSM_EXTRACT pass (extracting FSM from design).

9.3. Executing FSM_OPT pass (simple optimizations of FSMs).

9.4. Executing OPT_CLEAN pass (remove unused cells and wires).
Finding unused cells or wires in module $paramod\spi_clock_divider\DIVIDER=s32'00000000000000000000000000000100..
Finding unused cells or wires in module \spi_master_top..
Finding unused cells or wires in module \spi_master_fsm..
Finding unused cells or wires in module $paramod\spi_shift_register\DATA_WIDTH=s32'00000000000000000000000000001000..
Finding unused cells or wires in module \spi_chip_select..

9.5. Executing FSM_OPT pass (simple optimizations of FSMs).

9.6. Executing FSM_RECODE pass (re-assigning FSM state encoding).

9.7. Executing FSM_INFO pass (dumping all available information on FSM cells).

9.8. Executing FSM_MAP pass (mapping FSMs to basic logic).

10. Executing OPT pass (performing simple optimizations).

10.1. Executing OPT_EXPR pass (perform const folding).
Optimizing module $paramod\spi_clock_divider\DIVIDER=s32'00000000000000000000000000000100.
Optimizing module spi_master_top.
Optimizing module spi_master_fsm.
Optimizing module $paramod\spi_shift_register\DATA_WIDTH=s32'00000000000000000000000000001000.
Optimizing module spi_chip_select.

10.2. Executing OPT_MERGE pass (detect identical cells).
Finding identical cells in module `$paramod\spi_clock_divider\DIVIDER=s32'00000000000000000000000000000100'.
Computing hashes of 6 cells of `$paramod\spi_clock_divider\DIVIDER=s32'00000000000000000000000000000100'.
Finding duplicate cells in `$paramod\spi_clock_divider\DIVIDER=s32'00000000000000000000000000000100'.
Finding identical cells in module `\spi_master_top'.
Computing hashes of 4 cells of `\spi_master_top'.
Finding duplicate cells in `\spi_master_top'.
Finding identical cells in module `\spi_master_fsm'.
Computing hashes of 22 cells of `\spi_master_fsm'.
Finding duplicate cells in `\spi_master_fsm'.
Finding identical cells in module `$paramod\spi_shift_register\DATA_WIDTH=s32'00000000000000000000000000001000'.
Computing hashes of 16 cells of `$paramod\spi_shift_register\DATA_WIDTH=s32'00000000000000000000000000001000'.
Finding duplicate cells in `$paramod\spi_shift_register\DATA_WIDTH=s32'00000000000000000000000000001000'.
Finding identical cells in module `\spi_chip_select'.
Computing hashes of 2 cells of `\spi_chip_select'.
Finding duplicate cells in `\spi_chip_select'.
Removed a total of 0 cells.

10.3. Executing OPT_MUXTREE pass (detect dead branches in mux trees).
Running muxtree optimizer on module $paramod\spi_clock_divider\DIVIDER=s32'00000000000000000000000000000100..
  Creating internal representation of mux trees.
  Evaluating internal representation of mux trees.
  Analyzing evaluation results.
Running muxtree optimizer on module \spi_master_top..
  Creating internal representation of mux trees.
  No muxes found in this module.
Running muxtree optimizer on module \spi_master_fsm..
  Creating internal representation of mux trees.
  Evaluating internal representation of mux trees.
  Analyzing evaluation results.
Running muxtree optimizer on module $paramod\spi_shift_register\DATA_WIDTH=s32'00000000000000000000000000001000..
  Creating internal representation of mux trees.
  Evaluating internal representation of mux trees.
  Analyzing evaluation results.
Running muxtree optimizer on module \spi_chip_select..
  Creating internal representation of mux trees.
  Evaluating internal representation of mux trees.
  Analyzing evaluation results.
Removed 0 multiplexer ports.
<suppressed ~29 debug messages>

10.4. Executing OPT_REDUCE pass (consolidate $*mux and $reduce_* inputs).
  Optimizing cells in module $paramod\spi_clock_divider\DIVIDER=s32'00000000000000000000000000000100.
  Optimizing cells in module \spi_master_top.
  Optimizing cells in module \spi_master_fsm.
  Optimizing cells in module $paramod\spi_shift_register\DATA_WIDTH=s32'00000000000000000000000000001000.
  Optimizing cells in module \spi_chip_select.
Performed a total of 0 changes.

10.5. Executing OPT_MERGE pass (detect identical cells).
Finding identical cells in module `$paramod\spi_clock_divider\DIVIDER=s32'00000000000000000000000000000100'.
Computing hashes of 6 cells of `$paramod\spi_clock_divider\DIVIDER=s32'00000000000000000000000000000100'.
Finding duplicate cells in `$paramod\spi_clock_divider\DIVIDER=s32'00000000000000000000000000000100'.
Finding identical cells in module `\spi_master_top'.
Computing hashes of 4 cells of `\spi_master_top'.
Finding duplicate cells in `\spi_master_top'.
Finding identical cells in module `\spi_master_fsm'.
Computing hashes of 22 cells of `\spi_master_fsm'.
Finding duplicate cells in `\spi_master_fsm'.
Finding identical cells in module `$paramod\spi_shift_register\DATA_WIDTH=s32'00000000000000000000000000001000'.
Computing hashes of 16 cells of `$paramod\spi_shift_register\DATA_WIDTH=s32'00000000000000000000000000001000'.
Finding duplicate cells in `$paramod\spi_shift_register\DATA_WIDTH=s32'00000000000000000000000000001000'.
Finding identical cells in module `\spi_chip_select'.
Computing hashes of 2 cells of `\spi_chip_select'.
Finding duplicate cells in `\spi_chip_select'.
Removed a total of 0 cells.

10.6. Executing OPT_DFF pass (perform DFF optimizations).

10.7. Executing OPT_CLEAN pass (remove unused cells and wires).
Finding unused cells or wires in module $paramod\spi_clock_divider\DIVIDER=s32'00000000000000000000000000000100..
Finding unused cells or wires in module \spi_master_top..
Finding unused cells or wires in module \spi_master_fsm..
Finding unused cells or wires in module $paramod\spi_shift_register\DATA_WIDTH=s32'00000000000000000000000000001000..
Finding unused cells or wires in module \spi_chip_select..

10.8. Executing OPT_EXPR pass (perform const folding).
Optimizing module $paramod\spi_clock_divider\DIVIDER=s32'00000000000000000000000000000100.
Optimizing module spi_master_top.
Optimizing module spi_master_fsm.
Optimizing module $paramod\spi_shift_register\DATA_WIDTH=s32'00000000000000000000000000001000.
Optimizing module spi_chip_select.

10.9. Finished fast OPT passes. (There is nothing left to do.)

11. Executing MEMORY pass.

11.1. Executing OPT_MEM pass (optimize memories).
Performed a total of 0 transformations.

11.2. Executing OPT_MEM_PRIORITY pass (removing unnecessary memory write priority relations).
Performed a total of 0 transformations.

11.3. Executing OPT_MEM_FEEDBACK pass (finding memory read-to-write feedback paths).

11.4. Executing MEMORY_BMUX2ROM pass (converting muxes to ROMs).

11.5. Executing MEMORY_DFF pass (merging $dff cells to $memrd).

11.6. Executing OPT_CLEAN pass (remove unused cells and wires).
Finding unused cells or wires in module $paramod\spi_clock_divider\DIVIDER=s32'00000000000000000000000000000100..
Finding unused cells or wires in module \spi_master_top..
Finding unused cells or wires in module \spi_master_fsm..
Finding unused cells or wires in module $paramod\spi_shift_register\DATA_WIDTH=s32'00000000000000000000000000001000..
Finding unused cells or wires in module \spi_chip_select..

11.7. Executing MEMORY_SHARE pass (consolidating $memrd/$memwr cells).

11.8. Executing OPT_MEM_WIDEN pass (optimize memories where all ports are wide).
Performed a total of 0 transformations.

11.9. Executing OPT_CLEAN pass (remove unused cells and wires).
Finding unused cells or wires in module $paramod\spi_clock_divider\DIVIDER=s32'00000000000000000000000000000100..
Finding unused cells or wires in module \spi_master_top..
Finding unused cells or wires in module \spi_master_fsm..
Finding unused cells or wires in module $paramod\spi_shift_register\DATA_WIDTH=s32'00000000000000000000000000001000..
Finding unused cells or wires in module \spi_chip_select..

11.10. Executing MEMORY_COLLECT pass (generating $mem cells).

11.11. Executing MEMORY_MAP pass (converting memories to logic and flip-flops).

12. Executing OPT pass (performing simple optimizations).

12.1. Executing OPT_EXPR pass (perform const folding).
Optimizing module $paramod\spi_clock_divider\DIVIDER=s32'00000000000000000000000000000100.
Optimizing module spi_master_top.
Optimizing module spi_master_fsm.
Optimizing module $paramod\spi_shift_register\DATA_WIDTH=s32'00000000000000000000000000001000.
Optimizing module spi_chip_select.

12.2. Executing OPT_MERGE pass (detect identical cells).
Finding identical cells in module `$paramod\spi_clock_divider\DIVIDER=s32'00000000000000000000000000000100'.
Computing hashes of 6 cells of `$paramod\spi_clock_divider\DIVIDER=s32'00000000000000000000000000000100'.
Finding duplicate cells in `$paramod\spi_clock_divider\DIVIDER=s32'00000000000000000000000000000100'.
Finding identical cells in module `\spi_master_top'.
Computing hashes of 4 cells of `\spi_master_top'.
Finding duplicate cells in `\spi_master_top'.
Finding identical cells in module `\spi_master_fsm'.
Computing hashes of 22 cells of `\spi_master_fsm'.
Finding duplicate cells in `\spi_master_fsm'.
Finding identical cells in module `$paramod\spi_shift_register\DATA_WIDTH=s32'00000000000000000000000000001000'.
Computing hashes of 16 cells of `$paramod\spi_shift_register\DATA_WIDTH=s32'00000000000000000000000000001000'.
Finding duplicate cells in `$paramod\spi_shift_register\DATA_WIDTH=s32'00000000000000000000000000001000'.
Finding identical cells in module `\spi_chip_select'.
Computing hashes of 2 cells of `\spi_chip_select'.
Finding duplicate cells in `\spi_chip_select'.
Removed a total of 0 cells.

12.3. Executing OPT_MUXTREE pass (detect dead branches in mux trees).
Running muxtree optimizer on module $paramod\spi_clock_divider\DIVIDER=s32'00000000000000000000000000000100..
  Creating internal representation of mux trees.
  Evaluating internal representation of mux trees.
  Analyzing evaluation results.
Running muxtree optimizer on module \spi_master_top..
  Creating internal representation of mux trees.
  No muxes found in this module.
Running muxtree optimizer on module \spi_master_fsm..
  Creating internal representation of mux trees.
  Evaluating internal representation of mux trees.
  Analyzing evaluation results.
Running muxtree optimizer on module $paramod\spi_shift_register\DATA_WIDTH=s32'00000000000000000000000000001000..
  Creating internal representation of mux trees.
  Evaluating internal representation of mux trees.
  Analyzing evaluation results.
Running muxtree optimizer on module \spi_chip_select..
  Creating internal representation of mux trees.
  Evaluating internal representation of mux trees.
  Analyzing evaluation results.
Removed 0 multiplexer ports.
<suppressed ~29 debug messages>

12.4. Executing OPT_REDUCE pass (consolidate $*mux and $reduce_* inputs).
  Optimizing cells in module $paramod\spi_clock_divider\DIVIDER=s32'00000000000000000000000000000100.
  Optimizing cells in module \spi_master_top.
  Optimizing cells in module \spi_master_fsm.
  Optimizing cells in module $paramod\spi_shift_register\DATA_WIDTH=s32'00000000000000000000000000001000.
  Optimizing cells in module \spi_chip_select.
Performed a total of 0 changes.

12.5. Executing OPT_MERGE pass (detect identical cells).
Finding identical cells in module `$paramod\spi_clock_divider\DIVIDER=s32'00000000000000000000000000000100'.
Computing hashes of 6 cells of `$paramod\spi_clock_divider\DIVIDER=s32'00000000000000000000000000000100'.
Finding duplicate cells in `$paramod\spi_clock_divider\DIVIDER=s32'00000000000000000000000000000100'.
Finding identical cells in module `\spi_master_top'.
Computing hashes of 4 cells of `\spi_master_top'.
Finding duplicate cells in `\spi_master_top'.
Finding identical cells in module `\spi_master_fsm'.
Computing hashes of 22 cells of `\spi_master_fsm'.
Finding duplicate cells in `\spi_master_fsm'.
Finding identical cells in module `$paramod\spi_shift_register\DATA_WIDTH=s32'00000000000000000000000000001000'.
Computing hashes of 16 cells of `$paramod\spi_shift_register\DATA_WIDTH=s32'00000000000000000000000000001000'.
Finding duplicate cells in `$paramod\spi_shift_register\DATA_WIDTH=s32'00000000000000000000000000001000'.
Finding identical cells in module `\spi_chip_select'.
Computing hashes of 2 cells of `\spi_chip_select'.
Finding duplicate cells in `\spi_chip_select'.
Removed a total of 0 cells.

12.6. Executing OPT_DFF pass (perform DFF optimizations).

12.7. Executing OPT_CLEAN pass (remove unused cells and wires).
Finding unused cells or wires in module $paramod\spi_clock_divider\DIVIDER=s32'00000000000000000000000000000100..
Finding unused cells or wires in module \spi_master_top..
Finding unused cells or wires in module \spi_master_fsm..
Finding unused cells or wires in module $paramod\spi_shift_register\DATA_WIDTH=s32'00000000000000000000000000001000..
Finding unused cells or wires in module \spi_chip_select..

12.8. Executing OPT_EXPR pass (perform const folding).
Optimizing module $paramod\spi_clock_divider\DIVIDER=s32'00000000000000000000000000000100.
Optimizing module spi_master_top.
Optimizing module spi_master_fsm.
Optimizing module $paramod\spi_shift_register\DATA_WIDTH=s32'00000000000000000000000000001000.
Optimizing module spi_chip_select.

12.9. Finished fast OPT passes. (There is nothing left to do.)

13. Executing TECHMAP pass (map to technology primitives).

13.1. Executing Verilog-2005 frontend: /usr/local/bin/../share/yosys/techmap.v
Parsing Verilog input from `/usr/local/bin/../share/yosys/techmap.v' to AST representation.
Generating RTLIL representation for module `\_90_simplemap_bool_ops'.
Generating RTLIL representation for module `\_90_simplemap_reduce_ops'.
Generating RTLIL representation for module `\_90_simplemap_logic_ops'.
Generating RTLIL representation for module `\_90_simplemap_compare_ops'.
Generating RTLIL representation for module `\_90_simplemap_various'.
Generating RTLIL representation for module `\_90_simplemap_registers'.
Generating RTLIL representation for module `\_90_shift_ops_shr_shl_sshl_sshr'.
Generating RTLIL representation for module `\_90_shift_shiftx'.
Generating RTLIL representation for module `\_90_fa'.
Generating RTLIL representation for module `\_90_lcu_brent_kung'.
Generating RTLIL representation for module `\_90_alu'.
Generating RTLIL representation for module `\_90_macc'.
Generating RTLIL representation for module `\_90_alumacc'.
Generating RTLIL representation for module `$__div_mod_u'.
Generating RTLIL representation for module `$__div_mod_trunc'.
Generating RTLIL representation for module `\_90_div'.
Generating RTLIL representation for module `\_90_mod'.
Generating RTLIL representation for module `$__div_mod_floor'.
Generating RTLIL representation for module `\_90_divfloor'.
Generating RTLIL representation for module `\_90_modfloor'.
Generating RTLIL representation for module `\_90_pow'.
Generating RTLIL representation for module `\_90_demux'.
Generating RTLIL representation for module `\_90_lut'.
Generating RTLIL representation for module `$connect'.
Generating RTLIL representation for module `$input_port'.
Successfully finished Verilog frontend.

13.2. Continuing TECHMAP pass.
Using extmapper simplemap for cells of type $mux.
Using extmapper simplemap for cells of type $adff.
Using extmapper simplemap for cells of type $reduce_bool.
Using extmapper simplemap for cells of type $adffe.
Running "alumacc" on wrapper $extern:wrap:$add:Y_WIDTH=32:B_WIDTH=32:A_WIDTH=4:B_SIGNED=0:A_SIGNED=0:394426c56d1a028ba8fdd5469b163e04011def47.
Using template $extern:wrap:$add:Y_WIDTH=32:B_WIDTH=32:A_WIDTH=4:B_SIGNED=0:A_SIGNED=0:394426c56d1a028ba8fdd5469b163e04011def47 for cells of type $extern:wrap:$add:Y_WIDTH=32:B_WIDTH=32:A_WIDTH=4:B_SIGNED=0:A_SIGNED=0:394426c56d1a028ba8fdd5469b163e04011def47.
Using extmapper simplemap for cells of type $eq.
Using template $paramod$a7817265ef3ab2ee43da53bbd8a90f6450d412d9\_90_alu for cells of type $alu.
Using extmapper simplemap for cells of type $xor.
Using template $paramod\_90_fa\WIDTH=32'00000000000000000000000000100000 for cells of type $fa.
Using template $paramod\_90_lcu_brent_kung\WIDTH=32'00000000000000000000000000100000 for cells of type $lcu.
Using extmapper simplemap for cells of type $pos.
Using extmapper simplemap for cells of type $not.
Using extmapper simplemap for cells of type $or.
Using extmapper simplemap for cells of type $and.
Using extmapper simplemap for cells of type $reduce_and.
Using extmapper simplemap for cells of type $ne.
Using extmapper simplemap for cells of type $reduce_or.
Using extmapper simplemap for cells of type $pmux.
Using extmapper simplemap for cells of type $logic_not.
Running "alumacc" on wrapper $extern:wrap:$add:Y_WIDTH=32:B_WIDTH=32:A_WIDTH=32:B_SIGNED=0:A_SIGNED=0:394426c56d1a028ba8fdd5469b163e04011def47.
Using template $extern:wrap:$add:Y_WIDTH=32:B_WIDTH=32:A_WIDTH=32:B_SIGNED=0:A_SIGNED=0:394426c56d1a028ba8fdd5469b163e04011def47 for cells of type $extern:wrap:$add:Y_WIDTH=32:B_WIDTH=32:A_WIDTH=32:B_SIGNED=0:A_SIGNED=0:394426c56d1a028ba8fdd5469b163e04011def47.
Using template $paramod$fbc7873bff55778c0b3173955b7e4bce1d9d6834\_90_alu for cells of type $alu.
No more expansions possible.
<suppressed ~651 debug messages>

14. Executing OPT pass (performing simple optimizations).

14.1. Executing OPT_EXPR pass (perform const folding).
Optimizing module $paramod\spi_clock_divider\DIVIDER=s32'00000000000000000000000000000100.
<suppressed ~375 debug messages>
Optimizing module spi_master_top.
Optimizing module spi_master_fsm.
<suppressed ~25 debug messages>
Optimizing module $paramod\spi_shift_register\DATA_WIDTH=s32'00000000000000000000000000001000.
<suppressed ~397 debug messages>
Optimizing module spi_chip_select.

14.2. Executing OPT_MERGE pass (detect identical cells).
Finding identical cells in module `$paramod\spi_clock_divider\DIVIDER=s32'00000000000000000000000000000100'.
Computing hashes of 188 cells of `$paramod\spi_clock_divider\DIVIDER=s32'00000000000000000000000000000100'.
Finding duplicate cells in `$paramod\spi_clock_divider\DIVIDER=s32'00000000000000000000000000000100'.
Computing hashes of 187 cells of `$paramod\spi_clock_divider\DIVIDER=s32'00000000000000000000000000000100'.
Finding duplicate cells in `$paramod\spi_clock_divider\DIVIDER=s32'00000000000000000000000000000100'.
<suppressed ~3 debug messages>
Finding identical cells in module `\spi_master_top'.
Computing hashes of 4 cells of `\spi_master_top'.
Finding duplicate cells in `\spi_master_top'.
Finding identical cells in module `\spi_master_fsm'.
Computing hashes of 48 cells of `\spi_master_fsm'.
Finding duplicate cells in `\spi_master_fsm'.
Computing hashes of 40 cells of `\spi_master_fsm'.
Finding duplicate cells in `\spi_master_fsm'.
Computing hashes of 38 cells of `\spi_master_fsm'.
Finding duplicate cells in `\spi_master_fsm'.
<suppressed ~30 debug messages>
Finding identical cells in module `$paramod\spi_shift_register\DATA_WIDTH=s32'00000000000000000000000000001000'.
Computing hashes of 80 cells of `$paramod\spi_shift_register\DATA_WIDTH=s32'00000000000000000000000000001000'.
Finding duplicate cells in `$paramod\spi_shift_register\DATA_WIDTH=s32'00000000000000000000000000001000'.
Computing hashes of 78 cells of `$paramod\spi_shift_register\DATA_WIDTH=s32'00000000000000000000000000001000'.
Finding duplicate cells in `$paramod\spi_shift_register\DATA_WIDTH=s32'00000000000000000000000000001000'.
<suppressed ~6 debug messages>
Finding identical cells in module `\spi_chip_select'.
Computing hashes of 2 cells of `\spi_chip_select'.
Finding duplicate cells in `\spi_chip_select'.
Removed a total of 13 cells.

14.3. Executing OPT_MUXTREE pass (detect dead branches in mux trees).
Running muxtree optimizer on module $paramod\spi_clock_divider\DIVIDER=s32'00000000000000000000000000000100..
  Creating internal representation of mux trees.
  No muxes found in this module.
Running muxtree optimizer on module \spi_master_top..
  Creating internal representation of mux trees.
  No muxes found in this module.
Running muxtree optimizer on module \spi_master_fsm..
  Creating internal representation of mux trees.
  No muxes found in this module.
Running muxtree optimizer on module $paramod\spi_shift_register\DATA_WIDTH=s32'00000000000000000000000000001000..
  Creating internal representation of mux trees.
  No muxes found in this module.
Running muxtree optimizer on module \spi_chip_select..
  Creating internal representation of mux trees.
  No muxes found in this module.
Removed 0 multiplexer ports.

14.4. Executing OPT_REDUCE pass (consolidate $*mux and $reduce_* inputs).
  Optimizing cells in module $paramod\spi_clock_divider\DIVIDER=s32'00000000000000000000000000000100.
  Optimizing cells in module \spi_master_top.
  Optimizing cells in module \spi_master_fsm.
  Optimizing cells in module $paramod\spi_shift_register\DATA_WIDTH=s32'00000000000000000000000000001000.
  Optimizing cells in module \spi_chip_select.
Performed a total of 0 changes.

14.5. Executing OPT_MERGE pass (detect identical cells).
Finding identical cells in module `$paramod\spi_clock_divider\DIVIDER=s32'00000000000000000000000000000100'.
Computing hashes of 187 cells of `$paramod\spi_clock_divider\DIVIDER=s32'00000000000000000000000000000100'.
Finding duplicate cells in `$paramod\spi_clock_divider\DIVIDER=s32'00000000000000000000000000000100'.
Finding identical cells in module `\spi_master_top'.
Computing hashes of 4 cells of `\spi_master_top'.
Finding duplicate cells in `\spi_master_top'.
Finding identical cells in module `\spi_master_fsm'.
Computing hashes of 38 cells of `\spi_master_fsm'.
Finding duplicate cells in `\spi_master_fsm'.
Finding identical cells in module `$paramod\spi_shift_register\DATA_WIDTH=s32'00000000000000000000000000001000'.
Computing hashes of 78 cells of `$paramod\spi_shift_register\DATA_WIDTH=s32'00000000000000000000000000001000'.
Finding duplicate cells in `$paramod\spi_shift_register\DATA_WIDTH=s32'00000000000000000000000000001000'.
Finding identical cells in module `\spi_chip_select'.
Computing hashes of 2 cells of `\spi_chip_select'.
Finding duplicate cells in `\spi_chip_select'.
Removed a total of 0 cells.

14.6. Executing OPT_DFF pass (perform DFF optimizations).

14.7. Executing OPT_CLEAN pass (remove unused cells and wires).
Finding unused cells or wires in module $paramod\spi_clock_divider\DIVIDER=s32'00000000000000000000000000000100..
Finding unused cells or wires in module \spi_master_top..
Finding unused cells or wires in module \spi_master_fsm..
Finding unused cells or wires in module $paramod\spi_shift_register\DATA_WIDTH=s32'00000000000000000000000000001000..
Finding unused cells or wires in module \spi_chip_select..
Removed 7 unused cells and 325 unused wires.
<suppressed ~10 debug messages>

14.8. Executing OPT_EXPR pass (perform const folding).
Optimizing module $paramod\spi_clock_divider\DIVIDER=s32'00000000000000000000000000000100.
Optimizing module spi_master_top.
Optimizing module spi_master_fsm.
Optimizing module $paramod\spi_shift_register\DATA_WIDTH=s32'00000000000000000000000000001000.
Optimizing module spi_chip_select.

14.9. Rerunning OPT passes. (Maybe there is more to do..)

14.10. Executing OPT_MUXTREE pass (detect dead branches in mux trees).
Running muxtree optimizer on module $paramod\spi_clock_divider\DIVIDER=s32'00000000000000000000000000000100..
  Creating internal representation of mux trees.
  No muxes found in this module.
Running muxtree optimizer on module \spi_master_top..
  Creating internal representation of mux trees.
  No muxes found in this module.
Running muxtree optimizer on module \spi_master_fsm..
  Creating internal representation of mux trees.
  No muxes found in this module.
Running muxtree optimizer on module $paramod\spi_shift_register\DATA_WIDTH=s32'00000000000000000000000000001000..
  Creating internal representation of mux trees.
  No muxes found in this module.
Running muxtree optimizer on module \spi_chip_select..
  Creating internal representation of mux trees.
  No muxes found in this module.
Removed 0 multiplexer ports.

14.11. Executing OPT_REDUCE pass (consolidate $*mux and $reduce_* inputs).
  Optimizing cells in module $paramod\spi_clock_divider\DIVIDER=s32'00000000000000000000000000000100.
  Optimizing cells in module \spi_master_top.
  Optimizing cells in module \spi_master_fsm.
  Optimizing cells in module $paramod\spi_shift_register\DATA_WIDTH=s32'00000000000000000000000000001000.
  Optimizing cells in module \spi_chip_select.
Performed a total of 0 changes.

14.12. Executing OPT_MERGE pass (detect identical cells).
Finding identical cells in module `$paramod\spi_clock_divider\DIVIDER=s32'00000000000000000000000000000100'.
Computing hashes of 182 cells of `$paramod\spi_clock_divider\DIVIDER=s32'00000000000000000000000000000100'.
Finding duplicate cells in `$paramod\spi_clock_divider\DIVIDER=s32'00000000000000000000000000000100'.
Finding identical cells in module `\spi_master_top'.
Computing hashes of 4 cells of `\spi_master_top'.
Finding duplicate cells in `\spi_master_top'.
Finding identical cells in module `\spi_master_fsm'.
Computing hashes of 38 cells of `\spi_master_fsm'.
Finding duplicate cells in `\spi_master_fsm'.
Finding identical cells in module `$paramod\spi_shift_register\DATA_WIDTH=s32'00000000000000000000000000001000'.
Computing hashes of 76 cells of `$paramod\spi_shift_register\DATA_WIDTH=s32'00000000000000000000000000001000'.
Finding duplicate cells in `$paramod\spi_shift_register\DATA_WIDTH=s32'00000000000000000000000000001000'.
Finding identical cells in module `\spi_chip_select'.
Computing hashes of 2 cells of `\spi_chip_select'.
Finding duplicate cells in `\spi_chip_select'.
Removed a total of 0 cells.

14.13. Executing OPT_DFF pass (perform DFF optimizations).

14.14. Executing OPT_CLEAN pass (remove unused cells and wires).
Finding unused cells or wires in module $paramod\spi_clock_divider\DIVIDER=s32'00000000000000000000000000000100..
Finding unused cells or wires in module \spi_master_top..
Finding unused cells or wires in module \spi_master_fsm..
Finding unused cells or wires in module $paramod\spi_shift_register\DATA_WIDTH=s32'00000000000000000000000000001000..
Finding unused cells or wires in module \spi_chip_select..

14.15. Executing OPT_EXPR pass (perform const folding).
Optimizing module $paramod\spi_clock_divider\DIVIDER=s32'00000000000000000000000000000100.
Optimizing module spi_master_top.
Optimizing module spi_master_fsm.
Optimizing module $paramod\spi_shift_register\DATA_WIDTH=s32'00000000000000000000000000001000.
Optimizing module spi_chip_select.

14.16. Finished fast OPT passes. (There is nothing left to do.)

15. Executing ABC pass (technology mapping using ABC).

15.1. Extracting gate netlist of module `$paramod\spi_clock_divider\DIVIDER=s32'00000000000000000000000000000100' to `<abc-temp-dir>/input.blif'..

15.1.1. Executed ABC.
Extracted 149 gates and 183 wires to a netlist network with 33 inputs and 34 outputs.
Running ABC script: <abc-temp-dir>/abc.script
ABC: UC Berkeley, ABC 1.01 (compiled 0 0)
ABC: abc 01> empty
ABC: abc 01> source <abc-temp-dir>/abc.script
ABC: + read_blif <abc-temp-dir>/input.blif 
ABC: + read_scl /tmp/yosys-liberty-scl-cache/yosys_merged_af18ad9b.scl 
ABC: Warning: Detected 2 multi-output cells (for example, "FA_X1").
ABC: + strash 
ABC: + &get -n 
ABC: + &fraig -x 
ABC: + &put 
ABC: + scorr 
ABC: Warning: The network is combinational (run "fraig" or "fraig_sweep").
ABC: + dc2 
ABC: + dretime 
ABC: + strash 
ABC: + &get -n 
ABC: + &dch -f 
ABC: + &nf 
ABC: + &put 
ABC: + write_blif <abc-temp-dir>/output.blif 
ABC: 
ABC: YOSYS_ABC_DONE 

15.1.2. Re-integrating ABC results.
ABC RESULTS:           AND2_X1 cells:        4
ABC RESULTS:           AND4_X1 cells:        3
ABC RESULTS:          AOI21_X1 cells:        4
ABC RESULTS:            INV_X1 cells:       11
ABC RESULTS:          NAND2_X1 cells:        6
ABC RESULTS:          NAND3_X1 cells:        3
ABC RESULTS:          NAND4_X1 cells:        6
ABC RESULTS:           NOR2_X1 cells:        9
ABC RESULTS:           NOR4_X1 cells:       11
ABC RESULTS:          XNOR2_X1 cells:       17
ABC RESULTS:           XOR2_X1 cells:       10
ABC RESULTS:        internal signals:      116
ABC RESULTS:           input signals:       33
ABC RESULTS:          output signals:       34
Removing temp directory.

15.2. Extracting gate netlist of module `\spi_master_top' to `<abc-temp-dir>/input.blif'..
ABC: using cached merged SCL: /tmp/yosys-liberty-scl-cache/yosys_merged_af18ad9b.scl (1 files)

15.2.1. Executed ABC.
Extracted 0 gates and 0 wires to a netlist network with 0 inputs and 0 outputs.
Don't call ABC as there is nothing to map.
Removing temp directory.

15.3. Extracting gate netlist of module `\spi_master_fsm' to `<abc-temp-dir>/input.blif'..
ABC: using cached merged SCL: /tmp/yosys-liberty-scl-cache/yosys_merged_af18ad9b.scl (1 files)
Replacing 6 occurrences of constant undef bits with constant zero bits

15.3.1. Executed ABC.
Extracted 32 gates and 39 wires to a netlist network with 4 inputs and 7 outputs.
Running ABC script: <abc-temp-dir>/abc.script
ABC: UC Berkeley, ABC 1.01 (compiled 0 0)
ABC: abc 01> empty
ABC: abc 01> source <abc-temp-dir>/abc.script
ABC: + read_blif <abc-temp-dir>/input.blif 
ABC: + read_scl /tmp/yosys-liberty-scl-cache/yosys_merged_af18ad9b.scl 
ABC: Warning: Detected 2 multi-output cells (for example, "FA_X1").
ABC: + strash 
ABC: + &get -n 
ABC: + &fraig -x 
ABC: + &put 
ABC: + scorr 
ABC: Warning: The network is combinational (run "fraig" or "fraig_sweep").
ABC: + dc2 
ABC: + dretime 
ABC: + strash 
ABC: + &get -n 
ABC: + &dch -f 
ABC: + &nf 
ABC: + &put 
ABC: + write_blif <abc-temp-dir>/output.blif 
ABC: 
ABC: YOSYS_ABC_DONE 

15.3.2. Re-integrating ABC results.
ABC RESULTS:           AND2_X1 cells:        2
ABC RESULTS:          AOI22_X1 cells:        1
ABC RESULTS:            INV_X1 cells:        3
ABC RESULTS:          NAND2_X1 cells:        2
ABC RESULTS:          NAND3_X1 cells:        1
ABC RESULTS:           NOR2_X1 cells:        2
ABC RESULTS:          OAI21_X1 cells:        1
ABC RESULTS:            OR2_X1 cells:        1
ABC RESULTS:        internal signals:       28
ABC RESULTS:           input signals:        4
ABC RESULTS:          output signals:        7
Removing temp directory.

15.4. Extracting gate netlist of module `$paramod\spi_shift_register\DATA_WIDTH=s32'00000000000000000000000000001000' to `<abc-temp-dir>/input.blif'..
ABC: using cached merged SCL: /tmp/yosys-liberty-scl-cache/yosys_merged_af18ad9b.scl (1 files)
Replacing 20 occurrences of constant undef bits with constant zero bits

15.4.1. Executed ABC.
Extracted 55 gates and 86 wires to a netlist network with 29 inputs and 22 outputs.
Running ABC script: <abc-temp-dir>/abc.script
ABC: UC Berkeley, ABC 1.01 (compiled 0 0)
ABC: abc 01> empty
ABC: abc 01> source <abc-temp-dir>/abc.script
ABC: + read_blif <abc-temp-dir>/input.blif 
ABC: + read_scl /tmp/yosys-liberty-scl-cache/yosys_merged_af18ad9b.scl 
ABC: Warning: Detected 2 multi-output cells (for example, "FA_X1").
ABC: + strash 
ABC: + &get -n 
ABC: + &fraig -x 
ABC: + &put 
ABC: + scorr 
ABC: Warning: The network is combinational (run "fraig" or "fraig_sweep").
ABC: + dc2 
ABC: + dretime 
ABC: + strash 
ABC: + &get -n 
ABC: + &dch -f 
ABC: + &nf 
ABC: + &put 
ABC: + write_blif <abc-temp-dir>/output.blif 
ABC: 
ABC: YOSYS_ABC_DONE 

15.4.2. Re-integrating ABC results.
ABC RESULTS:           AND2_X1 cells:        9
ABC RESULTS:          AOI21_X1 cells:        2
ABC RESULTS:            INV_X1 cells:       11
ABC RESULTS:          NAND2_X1 cells:        9
ABC RESULTS:          NAND3_X1 cells:        2
ABC RESULTS:           NOR2_X1 cells:        2
ABC RESULTS:           NOR3_X1 cells:        1
ABC RESULTS:         OAI211_X1 cells:        1
ABC RESULTS:          OAI21_X1 cells:        8
ABC RESULTS:            OR4_X1 cells:        1
ABC RESULTS:        internal signals:       35
ABC RESULTS:           input signals:       29
ABC RESULTS:          output signals:       22
Removing temp directory.

15.5. Extracting gate netlist of module `\spi_chip_select' to `<abc-temp-dir>/input.blif'..
ABC: using cached merged SCL: /tmp/yosys-liberty-scl-cache/yosys_merged_af18ad9b.scl (1 files)

15.5.1. Executed ABC.
Extracted 1 gates and 2 wires to a netlist network with 1 inputs and 1 outputs.
Running ABC script: <abc-temp-dir>/abc.script
ABC: UC Berkeley, ABC 1.01 (compiled 0 0)
ABC: abc 01> empty
ABC: abc 01> source <abc-temp-dir>/abc.script
ABC: + read_blif <abc-temp-dir>/input.blif 
ABC: + read_scl /tmp/yosys-liberty-scl-cache/yosys_merged_af18ad9b.scl 
ABC: Warning: Detected 2 multi-output cells (for example, "FA_X1").
ABC: + strash 
ABC: + &get -n 
ABC: + &fraig -x 
ABC: + &put 
ABC: + scorr 
ABC: Warning: The network is combinational (run "fraig" or "fraig_sweep").
ABC: + dc2 
ABC: + dretime 
ABC: + strash 
ABC: + &get -n 
ABC: + &dch -f 
ABC: + &nf 
ABC: + &put 
ABC: + write_blif <abc-temp-dir>/output.blif 
ABC: 
ABC: YOSYS_ABC_DONE 

15.5.2. Re-integrating ABC results.
ABC RESULTS:            INV_X1 cells:        1
ABC RESULTS:        internal signals:        0
ABC RESULTS:           input signals:        1
ABC RESULTS:          output signals:        1
Removing temp directory.
Removing global temp directory.

16. Executing DFFLIBMAP pass (mapping DFF cells to sequential cells from liberty file).
  cell DFF_X1 (noninv, pins=4, area=4.52) is a direct match for cell type $_DFF_P_.
  cell DFFR_X1 (noninv, pins=5, area=5.32) is a direct match for cell type $_DFF_PN0_.
  cell DFFS_X1 (noninv, pins=5, area=5.32) is a direct match for cell type $_DFF_PN1_.
  cell DFFRS_X1 (noninv, pins=6, area=6.38) is a direct match for cell type $_DFFSR_PNN_.
  final dff cell mappings:
    unmapped dff cell: $_DFF_N_
    \DFF_X1 _DFF_P_ (.CK( C), .D( D), .Q( Q), .QN(~Q));
    unmapped dff cell: $_DFF_NN0_
    unmapped dff cell: $_DFF_NN1_
    unmapped dff cell: $_DFF_NP0_
    unmapped dff cell: $_DFF_NP1_
    \DFFR_X1 _DFF_PN0_ (.CK( C), .D( D), .Q( Q), .QN(~Q), .RN( R));
    \DFFS_X1 _DFF_PN1_ (.CK( C), .D( D), .Q( Q), .QN(~Q), .SN( R));
    unmapped dff cell: $_DFF_PP0_
    unmapped dff cell: $_DFF_PP1_
    unmapped dff cell: $_DFFE_NN_
    unmapped dff cell: $_DFFE_NP_
    unmapped dff cell: $_DFFE_PN_
    unmapped dff cell: $_DFFE_PP_
    unmapped dff cell: $_DFFSR_NNN_
    unmapped dff cell: $_DFFSR_NNP_
    unmapped dff cell: $_DFFSR_NPN_
    unmapped dff cell: $_DFFSR_NPP_
    \DFFRS_X1 _DFFSR_PNN_ (.CK( C), .D( D), .Q( Q), .QN(~Q), .RN( R), .SN( S));
    unmapped dff cell: $_DFFSR_PNP_
    unmapped dff cell: $_DFFSR_PPN_
    unmapped dff cell: $_DFFSR_PPP_

16.1. Executing DFFLEGALIZE pass (convert FFs to types supported by the target).
<suppressed ~8 debug messages>
Mapping DFF cells in module `$paramod\spi_clock_divider\DIVIDER=s32'00000000000000000000000000000100':
  mapped 33 $_DFF_PN0_ cells to \DFFR_X1 cells.
Mapping DFF cells in module `\spi_master_top':
Mapping DFF cells in module `\spi_master_fsm':
  mapped 6 $_DFF_PN0_ cells to \DFFR_X1 cells.
Mapping DFF cells in module `$paramod\spi_shift_register\DATA_WIDTH=s32'00000000000000000000000000001000':
  mapped 21 $_DFF_PN0_ cells to \DFFR_X1 cells.
Mapping DFF cells in module `\spi_chip_select':
  mapped 1 $_DFF_PN1_ cells to \DFFS_X1 cells.

17. Executing OPT_CLEAN pass (remove unused cells and wires).
Finding unused cells or wires in module $paramod\spi_clock_divider\DIVIDER=s32'00000000000000000000000000000100..
Finding unused cells or wires in module \spi_master_top..
Finding unused cells or wires in module \spi_master_fsm..
Finding unused cells or wires in module $paramod\spi_shift_register\DATA_WIDTH=s32'00000000000000000000000000001000..
Finding unused cells or wires in module \spi_chip_select..
Removed 0 unused cells and 195 unused wires.
<suppressed ~4 debug messages>

18. Printing statistics.

=== $paramod\spi_clock_divider\DIVIDER=s32'00000000000000000000000000000100 ===

        +----------Local Count, excluding submodules.
        | 
      124 wires
      186 wire bits
        4 public wires
       35 public wire bits
        3 ports
        3 port bits
      151 cells
        1   $_MUX_
       33   $_NOT_
        4   AND2_X1
        3   AND4_X1
        4   AOI21_X1
       33   DFFR_X1
       11   INV_X1
        6   NAND2_X1
        3   NAND3_X1
        6   NAND4_X1
        9   NOR2_X1
       11   NOR4_X1
       17   XNOR2_X1
       10   XOR2_X1

=== spi_master_top ===

        +----------Local Count, excluding submodules.
        | 
       14 wires
       28 wire bits
       14 public wires
       28 public wire bits
       10 ports
       24 port bits
        4 submodules
        1   $paramod\spi_clock_divider\DIVIDER=s32'00000000000000000000000000000100
        1   $paramod\spi_shift_register\DATA_WIDTH=s32'00000000000000000000000000001000
        1   spi_chip_select
        1   spi_master_fsm

=== spi_master_fsm ===

        +----------Local Count, excluding submodules.
        | 
       35 wires
       37 wire bits
        9 public wires
       10 public wire bits
        8 ports
        8 port bits
       27 cells
        2   $_MUX_
        6   $_NOT_
        2   AND2_X1
        1   AOI22_X1
        6   DFFR_X1
        3   INV_X1
        2   NAND2_X1
        1   NAND3_X1
        2   NOR2_X1
        1   OAI21_X1
        1   OR2_X1

=== $paramod\spi_shift_register\DATA_WIDTH=s32'00000000000000000000000000001000 ===

        +----------Local Count, excluding submodules.
        | 
      102 wires
      143 wire bits
       11 public wires
       35 public wire bits
        9 ports
       23 port bits
      108 cells
       20   $_MUX_
       21   $_NOT_
        9   AND2_X1
        2   AOI21_X1
       21   DFFR_X1
       11   INV_X1
        9   NAND2_X1
        2   NAND3_X1
        2   NOR2_X1
        1   NOR3_X1
        1   OAI211_X1
        8   OAI21_X1
        1   OR4_X1

=== spi_chip_select ===

        +----------Local Count, excluding submodules.
        | 
        7 wires
        7 wire bits
        4 public wires
        4 public wire bits
        4 ports
        4 port bits
        3 cells
        1   $_NOT_
        1   DFFS_X1
        1   INV_X1

=== design hierarchy ===

        +----------Count including submodules.
        | 
      289 spi_master_top
      151 $paramod\spi_clock_divider\DIVIDER=s32'00000000000000000000000000000100
      108 $paramod\spi_shift_register\DATA_WIDTH=s32'00000000000000000000000000001000
        3 spi_chip_select
       27 spi_master_fsm

        +----------Count including submodules.
        | 
      282 wires
      401 wire bits
       42 public wires
      112 public wire bits
       34 ports
       62 port bits
        - memories
        - memory bits
        - processes
      289 cells
       23   $_MUX_
       61   $_NOT_
       15   AND2_X1
        3   AND4_X1
        6   AOI21_X1
        1   AOI22_X1
       60   DFFR_X1
        1   DFFS_X1
       26   INV_X1
       17   NAND2_X1
        6   NAND3_X1
        6   NAND4_X1
       13   NOR2_X1
        1   NOR3_X1
       11   NOR4_X1
        1   OAI211_X1
        9   OAI21_X1
        1   OR2_X1
        1   OR4_X1
       17   XNOR2_X1
       10   XOR2_X1
        4 submodules
        1   $paramod\spi_clock_divider\DIVIDER=s32'00000000000000000000000000000100
        1   $paramod\spi_shift_register\DATA_WIDTH=s32'00000000000000000000000000001000
        1   spi_chip_select
        1   spi_master_fsm

19. Executing Verilog backend.

19.1. Executing BMUXMAP pass.

19.2. Executing DEMUXMAP pass.
Dumping module `$paramod\spi_clock_divider\DIVIDER=s32'00000000000000000000000000000100'.
Dumping module `$paramod\spi_shift_register\DATA_WIDTH=s32'00000000000000000000000000001000'.
Dumping module `\spi_chip_select'.
Dumping module `\spi_master_fsm'.
Dumping module `\spi_master_top'.

End of script. Logfile hash: df56843011, time: 1.22s, user: 0.30s, system: 0.30s, MEM: 42.08 MB peak
Yosys 0.67 (git sha1 2d1509d1b, Release, GNU /usr/local/bin/wrapped-cc/g++ 11.4.0)
Time spent: 71% 1x abc (0 sec), 7% 1x dfflibmap (0 sec), ...
