OpenROAD 26Q3-1080-gab6fd26351 
Features included (+) or not (-): +GPU +GUI +Python
This program is licensed under the BSD-3 license. See the LICENSE file for details.
Components of this program may be licensed under more restrictive licenses which must be honored.
[INFO DRT-0149] Reading tech and libs.

Units:                2000
Number of layers:     21
Number of macros:     135
Number of vias:       27
Number of viarulegen: 19

[INFO DRT-0150] Reading design.

Design:                   i2c_master_top
Die area:                 ( 0 0 ) ( 89000 89000 )
Number of track patterns: 20
Number of DEF vias:       0
Number of components:     262
Number of terminals:      25
Number of snets:          0
Number of nets:           325

[INFO DRT-0167] List of default vias:
  Layer via2
    default via: via2_5
  Layer via3
    default via: via3_2
  Layer via4
    default via: via4_0
  Layer via5
    default via: via5_0
  Layer via6
    default via: via6_0
  Layer via7
    default via: via7_0
  Layer via8
    default via: via8_0
  Layer via9
    default via: via9_0
[INFO DRT-0162] Library cell analysis.
[INFO DRT-0163] Instance analysis.
[INFO DRT-0164] Number of unique instances = 47.
[INFO DRT-0168] Init region query.
[INFO DRT-0024]   Complete active.
[INFO DRT-0024]   Complete Fr_VIA.
[INFO DRT-0024]   Complete metal1.
[INFO DRT-0024]   Complete via1.
[INFO DRT-0024]   Complete metal2.
[INFO DRT-0024]   Complete via2.
[INFO DRT-0024]   Complete metal3.
[INFO DRT-0024]   Complete via3.
[INFO DRT-0024]   Complete metal4.
[INFO DRT-0024]   Complete via4.
[INFO DRT-0024]   Complete metal5.
[INFO DRT-0024]   Complete via5.
[INFO DRT-0024]   Complete metal6.
[INFO DRT-0024]   Complete via6.
[INFO DRT-0024]   Complete metal7.
[INFO DRT-0024]   Complete via7.
[INFO DRT-0024]   Complete metal8.
[INFO DRT-0024]   Complete via8.
[INFO DRT-0024]   Complete metal9.
[INFO DRT-0024]   Complete via9.
[INFO DRT-0024]   Complete metal10.
[INFO DRT-0033] active shape region query size = 0.
[INFO DRT-0033] FR_VIA shape region query size = 0.
[INFO DRT-0033] metal1 shape region query size = 5647.
[INFO DRT-0033] via1 shape region query size = 0.
[INFO DRT-0033] metal2 shape region query size = 0.
[INFO DRT-0033] via2 shape region query size = 0.
[INFO DRT-0033] metal3 shape region query size = 0.
[INFO DRT-0033] via3 shape region query size = 0.
[INFO DRT-0033] metal4 shape region query size = 0.
[INFO DRT-0033] via4 shape region query size = 0.
[INFO DRT-0033] metal5 shape region query size = 25.
[INFO DRT-0033] via5 shape region query size = 0.
[INFO DRT-0033] metal6 shape region query size = 0.
[INFO DRT-0033] via6 shape region query size = 0.
[INFO DRT-0033] metal7 shape region query size = 0.
[INFO DRT-0033] via7 shape region query size = 0.
[INFO DRT-0033] metal8 shape region query size = 0.
[INFO DRT-0033] via8 shape region query size = 0.
[INFO DRT-0033] metal9 shape region query size = 0.
[INFO DRT-0033] via9 shape region query size = 0.
[INFO DRT-0033] metal10 shape region query size = 0.
[INFO DRT-0165] Start pin access.
[INFO DRT-0078]   Complete 269 pins.
[INFO DRT-0081]   Complete 47 unique inst patterns.
[INFO DRT-0084]   Complete 205 groups.
#scanned instances     = 262
#unique  instances     = 47
#stdCellGenAp          = 1202
#stdCellValidPlanarAp  = 0
#stdCellValidViaAp     = 941
#stdCellPinNoAp        = 0
#stdCellPinCnt         = 905
#instTermValidViaApCnt = 0
#macroGenAp            = 0
#macroValidPlanarAp    = 0
#macroValidViaAp       = 0
#macroNoAp             = 0
[INFO DRT-0166] Complete pin access.
[INFO DRT-0267] cpu time = 00:00:08, elapsed time = 00:00:08, memory = 112.07 (MB), peak = 111.83 (MB)

[INFO DRT-0157] Number of guides:     1814

[INFO DRT-0169] Post process guides.
[INFO DRT-0176] GCELLGRID X 0 DO 15 STEP 5700 ;
[INFO DRT-0177] GCELLGRID Y 0 DO 15 STEP 5700 ;
[INFO DRT-0028]   Complete active.
[INFO DRT-0028]   Complete Fr_VIA.
[INFO DRT-0028]   Complete metal1.
[INFO DRT-0028]   Complete via1.
[INFO DRT-0028]   Complete metal2.
[INFO DRT-0028]   Complete via2.
[INFO DRT-0028]   Complete metal3.
[INFO DRT-0028]   Complete via3.
[INFO DRT-0028]   Complete metal4.
[INFO DRT-0028]   Complete via4.
[INFO DRT-0028]   Complete metal5.
[INFO DRT-0028]   Complete via5.
[INFO DRT-0028]   Complete metal6.
[INFO DRT-0028]   Complete via6.
[INFO DRT-0028]   Complete metal7.
[INFO DRT-0028]   Complete via7.
[INFO DRT-0028]   Complete metal8.
[INFO DRT-0028]   Complete via8.
[INFO DRT-0028]   Complete metal9.
[INFO DRT-0028]   Complete via9.
[INFO DRT-0028]   Complete metal10.
[INFO DRT-0178] Init guide query.
[INFO DRT-0035]   Complete active (guide).
[INFO DRT-0035]   Complete Fr_VIA (guide).
[INFO DRT-0035]   Complete metal1 (guide).
[INFO DRT-0035]   Complete via1 (guide).
[INFO DRT-0035]   Complete metal2 (guide).
[INFO DRT-0035]   Complete via2 (guide).
[INFO DRT-0035]   Complete metal3 (guide).
[INFO DRT-0035]   Complete via3 (guide).
[INFO DRT-0035]   Complete metal4 (guide).
[INFO DRT-0035]   Complete via4 (guide).
[INFO DRT-0035]   Complete metal5 (guide).
[INFO DRT-0035]   Complete via5 (guide).
[INFO DRT-0035]   Complete metal6 (guide).
[INFO DRT-0035]   Complete via6 (guide).
[INFO DRT-0035]   Complete metal7 (guide).
[INFO DRT-0035]   Complete via7 (guide).
[INFO DRT-0035]   Complete metal8 (guide).
[INFO DRT-0035]   Complete via8 (guide).
[INFO DRT-0035]   Complete metal9 (guide).
[INFO DRT-0035]   Complete via9 (guide).
[INFO DRT-0035]   Complete metal10 (guide).
[INFO DRT-0036] active guide region query size = 0.
[INFO DRT-0036] FR_VIA guide region query size = 0.
[INFO DRT-0036] metal1 guide region query size = 702.
[INFO DRT-0036] via1 guide region query size = 0.
[INFO DRT-0036] metal2 guide region query size = 543.
[INFO DRT-0036] via2 guide region query size = 0.
[INFO DRT-0036] metal3 guide region query size = 224.
[INFO DRT-0036] via3 guide region query size = 0.
[INFO DRT-0036] metal4 guide region query size = 34.
[INFO DRT-0036] via4 guide region query size = 0.
[INFO DRT-0036] metal5 guide region query size = 29.
[INFO DRT-0036] via5 guide region query size = 0.
[INFO DRT-0036] metal6 guide region query size = 0.
[INFO DRT-0036] via6 guide region query size = 0.
[INFO DRT-0036] metal7 guide region query size = 0.
[INFO DRT-0036] via7 guide region query size = 0.
[INFO DRT-0036] metal8 guide region query size = 0.
[INFO DRT-0036] via8 guide region query size = 0.
[INFO DRT-0036] metal9 guide region query size = 0.
[INFO DRT-0036] via9 guide region query size = 0.
[INFO DRT-0036] metal10 guide region query size = 0.
[INFO DRT-0179] Init gr pin query.
[INFO DRT-0267] cpu time = 00:00:00, elapsed time = 00:00:00, memory = 112.90 (MB), peak = 112.71 (MB)
[INFO DRT-0245] skipped writing guide updates to database.
[INFO DRT-0181] Start track assignment.
[INFO DRT-0184] Done with 577 vertical wires in 1 frboxes and 955 horizontal wires in 1 frboxes.
[INFO DRT-0186] Done with 128 vertical wires in 1 frboxes and 131 horizontal wires in 1 frboxes.
[INFO DRT-0182] Complete track assignment.
[INFO DRT-0267] cpu time = 00:00:00, elapsed time = 00:00:00, memory = 115.49 (MB), peak = 115.33 (MB)
[INFO DRT-0187] Start routing data preparation.
[INFO DRT-0267] cpu time = 00:00:00, elapsed time = 00:00:00, memory = 115.49 (MB), peak = 115.33 (MB)
[INFO DRT-0194] Start detail routing.
[INFO DRT-0195] Start 0th optimization iteration.
    Completing 10% with 0 violations.
    elapsed time = 00:00:01, memory = 117.68 (MB).
    Completing 20% with 0 violations.
    elapsed time = 00:00:01, memory = 119.08 (MB).
    Completing 30% with 0 violations.
    elapsed time = 00:00:01, memory = 119.08 (MB).
    Completing 40% with 0 violations.
    elapsed time = 00:00:01, memory = 119.08 (MB).
    Completing 50% with 10 violations.
    elapsed time = 00:00:02, memory = 121.43 (MB).
    Completing 60% with 10 violations.
    elapsed time = 00:00:02, memory = 121.43 (MB).
    Completing 70% with 17 violations.
    elapsed time = 00:00:04, memory = 127.74 (MB).
    Completing 80% with 17 violations.
    elapsed time = 00:00:04, memory = 127.74 (MB).
    Completing 100% with 24 violations.
    elapsed time = 00:00:05, memory = 127.74 (MB).
[INFO DRT-0199]   Number of violations = 41.
Viol/Layer      metal2 metal3 metal4 metal5
Metal Spacing        2      0      0      0
Recheck              4      4      6      3
Short               22      0      0      0
[INFO DRT-0267] cpu time = 00:00:07, elapsed time = 00:00:06, memory = 670.49 (MB), peak = 670.30 (MB)
Total wire length = 2682 um.
Total wire length on LAYER metal1 = 0 um.
Total wire length on LAYER metal2 = 1351 um.
Total wire length on LAYER metal3 = 806 um.
Total wire length on LAYER metal4 = 216 um.
Total wire length on LAYER metal5 = 307 um.
Total wire length on LAYER metal6 = 0 um.
Total wire length on LAYER metal7 = 0 um.
Total wire length on LAYER metal8 = 0 um.
Total wire length on LAYER metal9 = 0 um.
Total wire length on LAYER metal10 = 0 um.
Total number of vias = 1579.
Up-via summary (total 1579):

---------------
 active       0
 metal1     862
 metal2     647
 metal3      42
 metal4      28
 metal5       0
 metal6       0
 metal7       0
 metal8       0
 metal9       0
---------------
       1579


[INFO DRT-0195] Start 1st optimization iteration.
    Completing 10% with 41 violations.
    elapsed time = 00:00:00, memory = 670.49 (MB).
    Completing 20% with 41 violations.
    elapsed time = 00:00:00, memory = 670.49 (MB).
    Completing 30% with 41 violations.
    elapsed time = 00:00:01, memory = 670.49 (MB).
    Completing 40% with 41 violations.
    elapsed time = 00:00:01, memory = 670.49 (MB).
    Completing 50% with 34 violations.
    elapsed time = 00:00:02, memory = 670.49 (MB).
    Completing 60% with 34 violations.
    elapsed time = 00:00:02, memory = 670.49 (MB).
    Completing 70% with 20 violations.
    elapsed time = 00:00:03, memory = 670.49 (MB).
    Completing 80% with 20 violations.
    elapsed time = 00:00:03, memory = 670.49 (MB).
    Completing 100% with 7 violations.
    elapsed time = 00:00:04, memory = 670.49 (MB).
[INFO DRT-0199]   Number of violations = 7.
Viol/Layer      metal2
Short                7
[INFO DRT-0267] cpu time = 00:00:05, elapsed time = 00:00:05, memory = 670.52 (MB), peak = 670.30 (MB)
Total wire length = 2666 um.
Total wire length on LAYER metal1 = 0 um.
Total wire length on LAYER metal2 = 1331 um.
Total wire length on LAYER metal3 = 816 um.
Total wire length on LAYER metal4 = 205 um.
Total wire length on LAYER metal5 = 313 um.
Total wire length on LAYER metal6 = 0 um.
Total wire length on LAYER metal7 = 0 um.
Total wire length on LAYER metal8 = 0 um.
Total wire length on LAYER metal9 = 0 um.
Total wire length on LAYER metal10 = 0 um.
Total number of vias = 1620.
Up-via summary (total 1620):

---------------
 active       0
 metal1     863
 metal2     691
 metal3      37
 metal4      29
 metal5       0
 metal6       0
 metal7       0
 metal8       0
 metal9       0
---------------
       1620


[INFO DRT-0195] Start 2nd optimization iteration.
    Completing 10% with 7 violations.
    elapsed time = 00:00:00, memory = 670.52 (MB).
    Completing 20% with 7 violations.
    elapsed time = 00:00:00, memory = 670.52 (MB).
    Completing 30% with 7 violations.
    elapsed time = 00:00:00, memory = 670.52 (MB).
    Completing 40% with 7 violations.
    elapsed time = 00:00:00, memory = 670.52 (MB).
    Completing 50% with 7 violations.
    elapsed time = 00:00:00, memory = 670.52 (MB).
    Completing 60% with 7 violations.
    elapsed time = 00:00:01, memory = 670.52 (MB).
    Completing 70% with 7 violations.
    elapsed time = 00:00:01, memory = 670.52 (MB).
    Completing 80% with 7 violations.
    elapsed time = 00:00:01, memory = 670.52 (MB).
    Completing 100% with 4 violations.
    elapsed time = 00:00:03, memory = 670.52 (MB).
[INFO DRT-0199]   Number of violations = 4.
Viol/Layer      metal2
Short                4
[INFO DRT-0267] cpu time = 00:00:04, elapsed time = 00:00:03, memory = 670.52 (MB), peak = 670.30 (MB)
Total wire length = 2660 um.
Total wire length on LAYER metal1 = 0 um.
Total wire length on LAYER metal2 = 1324 um.
Total wire length on LAYER metal3 = 819 um.
Total wire length on LAYER metal4 = 204 um.
Total wire length on LAYER metal5 = 311 um.
Total wire length on LAYER metal6 = 0 um.
Total wire length on LAYER metal7 = 0 um.
Total wire length on LAYER metal8 = 0 um.
Total wire length on LAYER metal9 = 0 um.
Total wire length on LAYER metal10 = 0 um.
Total number of vias = 1601.
Up-via summary (total 1601):

---------------
 active       0
 metal1     864
 metal2     672
 metal3      37
 metal4      28
 metal5       0
 metal6       0
 metal7       0
 metal8       0
 metal9       0
---------------
       1601


[INFO DRT-0195] Start 3rd guides tiles iteration.
    Completing 20% with 4 violations.
    elapsed time = 00:00:00, memory = 670.52 (MB).
    Completing 50% with 4 violations.
    elapsed time = 00:00:00, memory = 670.52 (MB).
    Completing 70% with 0 violations.
    elapsed time = 00:00:00, memory = 670.52 (MB).
    Completing 100% with 0 violations.
    elapsed time = 00:00:00, memory = 670.52 (MB).
[INFO DRT-0199]   Number of violations = 0.
[INFO DRT-0267] cpu time = 00:00:00, elapsed time = 00:00:00, memory = 670.52 (MB), peak = 670.30 (MB)
Total wire length = 2660 um.
Total wire length on LAYER metal1 = 0 um.
Total wire length on LAYER metal2 = 1313 um.
Total wire length on LAYER metal3 = 822 um.
Total wire length on LAYER metal4 = 213 um.
Total wire length on LAYER metal5 = 311 um.
Total wire length on LAYER metal6 = 0 um.
Total wire length on LAYER metal7 = 0 um.
Total wire length on LAYER metal8 = 0 um.
Total wire length on LAYER metal9 = 0 um.
Total wire length on LAYER metal10 = 0 um.
Total number of vias = 1611.
Up-via summary (total 1611):

---------------
 active       0
 metal1     864
 metal2     679
 metal3      40
 metal4      28
 metal5       0
 metal6       0
 metal7       0
 metal8       0
 metal9       0
---------------
       1611


[WARNING DRT-0290] Warning: no DRC report specified, skipped writing DRC report
[INFO DRT-0198] Complete detail routing.
Total wire length = 2660 um.
Total wire length on LAYER metal1 = 0 um.
Total wire length on LAYER metal2 = 1313 um.
Total wire length on LAYER metal3 = 822 um.
Total wire length on LAYER metal4 = 213 um.
Total wire length on LAYER metal5 = 311 um.
Total wire length on LAYER metal6 = 0 um.
Total wire length on LAYER metal7 = 0 um.
Total wire length on LAYER metal8 = 0 um.
Total wire length on LAYER metal9 = 0 um.
Total wire length on LAYER metal10 = 0 um.
Total number of vias = 1611.
Up-via summary (total 1611):

---------------
 active       0
 metal1     864
 metal2     679
 metal3      40
 metal4      28
 metal5       0
 metal6       0
 metal7       0
 metal8       0
 metal9       0
---------------
       1611


[INFO DRT-0267] cpu time = 00:00:17, elapsed time = 00:00:16, memory = 670.64 (MB), peak = 670.43 (MB)

[INFO DRT-0180] Post processing.
[INFO DRT-0501] Runtime: 24.93s
Design area 515 um^2 33% utilization.
Startpoint: rst (input port clocked by clk)
Endpoint: _474_ (recovery check against rising-edge clock clk)
Path Group: asynchronous
Path Type: max

     Cap     Slew    Delay     Time   Description
---------------------------------------------------------------------------
                     0.000    0.000   clock clk (rise edge)
                     0.000    0.000   clock network delay (propagated)
                     2.000    2.000 v input external delay
  89.863    0.000    0.000    2.000 v rst (in)
            0.000    0.000    2.000 v _441_/A (INV_X1)
   1.356    0.006    0.008    2.008 ^ _441_/ZN (INV_X1)
            0.006    0.000    2.008 ^ _474_/SN (DFFS_X1)
                              2.008   data arrival time

                    10.000   10.000   clock clk (rise edge)
                     0.055   10.055   clock network delay (propagated)
                    -0.200    9.855   clock uncertainty
                     0.000    9.855   clock reconvergence pessimism
                              9.855 ^ _474_/CK (DFFS_X1)
                     0.045    9.900   library recovery time
                              9.900   data required time
---------------------------------------------------------------------------
                              9.900   data required time
                             -2.008   data arrival time
---------------------------------------------------------------------------
                              7.892   slack (MET)


Startpoint: _501_ (rising edge-triggered flip-flop clocked by clk)
Endpoint: sda_out (output port clocked by clk)
Path Group: clk
Path Type: max

     Cap     Slew    Delay     Time   Description
---------------------------------------------------------------------------
                     0.000    0.000   clock clk (rise edge)
                     0.055    0.055   clock network delay (propagated)
            0.008    0.000    0.055 ^ _501_/CK (DFFR_X1)
   3.011    0.008    0.090    0.146 v _501_/Q (DFFR_X1)
            0.008    0.000    0.146 v _386_/A2 (NOR2_X1)
   1.920    0.017    0.029    0.174 ^ _386_/ZN (NOR2_X1)
            0.017    0.000    0.174 ^ _387_/S (MUX2_X1)
   0.000    0.008    0.055    0.229 v _387_/Z (MUX2_X1)
            0.008    0.000    0.229 v sda_out (out)
                              0.229   data arrival time

                    10.000   10.000   clock clk (rise edge)
                     0.000   10.000   clock network delay (propagated)
                    -0.200    9.800   clock uncertainty
                     0.000    9.800   clock reconvergence pessimism
                    -2.000    7.800   output external delay
                              7.800   data required time
---------------------------------------------------------------------------
                              7.800   data required time
                             -0.229   data arrival time
---------------------------------------------------------------------------
                              7.571   slack (MET)


