OpenROAD 26Q3-1080-gab6fd26351 
Features included (+) or not (-): +GPU +GUI +Python
This program is licensed under the BSD-3 license. See the LICENSE file for details.
Components of this program may be licensed under more restrictive licenses which must be honored.
[INFO ODB-0227] LEF file: /OpenROAD-flow-scripts/flow/platforms/nangate45/lef/NangateOpenCellLibrary.tech.lef, created 22 layers, 27 vias
[INFO ODB-0227] LEF file: /OpenROAD-flow-scripts/flow/platforms/nangate45/lef/NangateOpenCellLibrary.macro.mod.lef, created 135 library cells
Design area 492 um^2 100% utilization.
Startpoint: rst (input port clocked by clk)
Endpoint: _474_ (recovery check against rising-edge clock clk)
Path Group: asynchronous
Path Type: max

     Cap     Slew    Delay     Time   Description
---------------------------------------------------------------------------
            0.000    0.000    0.000   clock clk (rise edge)
                     0.000    0.000   clock network delay (ideal)
                     2.000    2.000 v input external delay
  89.863    0.000    0.000    2.000 v rst (in)
            0.000    0.000    2.000 v _441_/A (INV_X1)
   1.356    0.006    0.008    2.008 ^ _441_/ZN (INV_X1)
            0.006    0.000    2.008 ^ _474_/SN (DFFS_X1)
                              2.008   data arrival time

            0.000   10.000   10.000   clock clk (rise edge)
                     0.000   10.000   clock network delay (ideal)
                    -0.200    9.800   clock uncertainty
                     0.000    9.800   clock reconvergence pessimism
                              9.800 ^ _474_/CK (DFFS_X1)
                     0.042    9.842   library recovery time
                              9.842   data required time
---------------------------------------------------------------------------
                              9.842   data required time
                             -2.008   data arrival time
---------------------------------------------------------------------------
                              7.834   slack (MET)


Startpoint: start (input port clocked by clk)
Endpoint: _494_ (rising edge-triggered flip-flop clocked by clk)
Path Group: clk
Path Type: max

     Cap     Slew    Delay     Time   Description
---------------------------------------------------------------------------
            0.000    0.000    0.000   clock clk (rise edge)
                     0.000    0.000   clock network delay (ideal)
                     2.000    2.000 ^ input external delay
   3.272    0.000    0.000    2.000 ^ start (in)
            0.000    0.000    2.000 ^ _291_/B2 (OAI21_X1)
   4.459    0.014    0.018    2.018 v _291_/ZN (OAI21_X1)
            0.014    0.000    2.018 v _292_/A (AOI21_X1)
   5.155    0.038    0.059    2.077 ^ _292_/ZN (AOI21_X1)
            0.038    0.000    2.077 ^ _348_/S (MUX2_X1)
   1.053    0.009    0.060    2.138 v _348_/Z (MUX2_X1)
            0.009    0.000    2.138 v _494_/D (DFFR_X1)
                              2.138   data arrival time

            0.000   10.000   10.000   clock clk (rise edge)
                     0.000   10.000   clock network delay (ideal)
                    -0.200    9.800   clock uncertainty
                     0.000    9.800   clock reconvergence pessimism
                              9.800 ^ _494_/CK (DFFR_X1)
                    -0.041    9.759   library setup time
                              9.759   data required time
---------------------------------------------------------------------------
                              9.759   data required time
                             -2.138   data arrival time
---------------------------------------------------------------------------
                              7.621   slack (MET)


