
 /----------------------------------------------------------------------------\
 |  yosys -- Yosys Open SYnthesis Suite                                       |
 |  Copyright (C) 2012 - 2026  Claire Xenia Wolf <claire@yosyshq.com>         |
 |  Distributed under an ISC-like license, type "license" to see terms        |
 \----------------------------------------------------------------------------/
 Yosys 0.67 (git sha1 2d1509d1b, Release, GNU /usr/local/bin/wrapped-cc/g++ 11.4.0)

-- Executing script file `/project/yosys/asic/synth_i2c_master.ys' --

1. Executing Verilog-2005 frontend: /project/rtl/i2c_ack_detector.v
Parsing Verilog input from `/project/rtl/i2c_ack_detector.v' to AST representation.
Generating RTLIL representation for module `\i2c_ack_detector'.
Successfully finished Verilog frontend.

2. Executing Verilog-2005 frontend: /project/rtl/i2c_clock_generator.v
Parsing Verilog input from `/project/rtl/i2c_clock_generator.v' to AST representation.
Generating RTLIL representation for module `\i2c_clock_generator'.
Successfully finished Verilog frontend.

3. Executing Verilog-2005 frontend: /project/rtl/i2c_master_fsm.v
Parsing Verilog input from `/project/rtl/i2c_master_fsm.v' to AST representation.
Generating RTLIL representation for module `\i2c_master_fsm'.
Successfully finished Verilog frontend.

4. Executing Verilog-2005 frontend: /project/rtl/i2c_master_top.v
Parsing Verilog input from `/project/rtl/i2c_master_top.v' to AST representation.
Generating RTLIL representation for module `\i2c_master_top'.
Successfully finished Verilog frontend.

5. Executing Verilog-2005 frontend: /project/rtl/i2c_shift_register.v
Parsing Verilog input from `/project/rtl/i2c_shift_register.v' to AST representation.
Generating RTLIL representation for module `\i2c_shift_register'.
Successfully finished Verilog frontend.

6. Executing Verilog-2005 frontend: /project/rtl/i2c_start_stop.v
Parsing Verilog input from `/project/rtl/i2c_start_stop.v' to AST representation.
Generating RTLIL representation for module `\i2c_start_stop'.
Successfully finished Verilog frontend.

7. Executing HIERARCHY pass (managing design hierarchy).

7.1. Analyzing design hierarchy..
Top module:  \i2c_master_top
Used module:     \i2c_master_fsm
Used module:     \i2c_ack_detector
Used module:     \i2c_shift_register
Used module:     \i2c_start_stop
Used module:     \i2c_clock_generator
Parameter \DATA_WIDTH = 8

7.2. Executing AST frontend in derive mode using pre-parsed AST for module `\i2c_shift_register'.
Parameter \DATA_WIDTH = 8
Generating RTLIL representation for module `$paramod\i2c_shift_register\DATA_WIDTH=s32'00000000000000000000000000001000'.
Parameter \DIVIDER = 4

7.3. Executing AST frontend in derive mode using pre-parsed AST for module `\i2c_clock_generator'.
Parameter \DIVIDER = 4
Generating RTLIL representation for module `$paramod\i2c_clock_generator\DIVIDER=s32'00000000000000000000000000000100'.

7.4. Analyzing design hierarchy..
Top module:  \i2c_master_top
Used module:     \i2c_master_fsm
Used module:     \i2c_ack_detector
Used module:     $paramod\i2c_shift_register\DATA_WIDTH=s32'00000000000000000000000000001000
Used module:     \i2c_start_stop
Used module:     $paramod\i2c_clock_generator\DIVIDER=s32'00000000000000000000000000000100

7.5. Analyzing design hierarchy..
Top module:  \i2c_master_top
Used module:     \i2c_master_fsm
Used module:     \i2c_ack_detector
Used module:     $paramod\i2c_shift_register\DATA_WIDTH=s32'00000000000000000000000000001000
Used module:     \i2c_start_stop
Used module:     $paramod\i2c_clock_generator\DIVIDER=s32'00000000000000000000000000000100
Removing unused module `\i2c_shift_register'.
Removing unused module `\i2c_clock_generator'.
Removed 2 unused modules.

8. Executing PROC pass (convert processes to netlists).

8.1. Executing PROC_CLEAN pass (remove empty switches from decision trees).
Cleaned up 0 empty switches.

8.2. Executing PROC_RMDEAD pass (remove dead branches from decision trees).
Marked 2 switch rules as full_case in process $proc$/project/rtl/i2c_start_stop.v:14$13 in module i2c_start_stop.
Marked 2 switch rules as full_case in process $proc$/project/rtl/i2c_clock_generator.v:19$19 in module $paramod\i2c_clock_generator\DIVIDER=s32'00000000000000000000000000000100.
Marked 3 switch rules as full_case in process $proc$/project/rtl/i2c_master_fsm.v:30$7 in module i2c_master_fsm.
Marked 3 switch rules as full_case in process $proc$/project/rtl/i2c_shift_register.v:30$16 in module $paramod\i2c_shift_register\DATA_WIDTH=s32'00000000000000000000000000001000.
Marked 2 switch rules as full_case in process $proc$/project/rtl/i2c_ack_detector.v:13$1 in module i2c_ack_detector.
Removed a total of 0 dead cases.

8.3. Executing PROC_PRUNE pass (remove redundant assignments in processes).
Removed 11 redundant assignments.
Promoted 0 assignments to connections.

8.4. Executing PROC_INIT pass (extract init attributes).

8.5. Executing PROC_ARST pass (detect async resets in processes).
Found async reset \rst in `\i2c_start_stop.$proc$/project/rtl/i2c_start_stop.v:14$13'.
Found async reset \rst in `$paramod\i2c_clock_generator\DIVIDER=s32'00000000000000000000000000000100.$proc$/project/rtl/i2c_clock_generator.v:19$19'.
Found async reset \rst in `\i2c_master_fsm.$proc$/project/rtl/i2c_master_fsm.v:30$7'.
Found async reset \rst in `$paramod\i2c_shift_register\DATA_WIDTH=s32'00000000000000000000000000001000.$proc$/project/rtl/i2c_shift_register.v:30$16'.
Found async reset \rst in `\i2c_ack_detector.$proc$/project/rtl/i2c_ack_detector.v:13$1'.

8.6. Executing PROC_ROM pass (convert switches to ROMs).
Converted 0 switches.
<suppressed ~13 debug messages>

8.7. Executing PROC_MUX pass (convert decision trees to multiplexers).
Creating decoders for process `\i2c_start_stop.$proc$/project/rtl/i2c_start_stop.v:14$13'.
     1/2: $0\busy[0:0]
     2/2: $0\sda[0:0]
Creating decoders for process `$paramod\i2c_clock_generator\DIVIDER=s32'00000000000000000000000000000100.$proc$/project/rtl/i2c_clock_generator.v:19$19'.
     1/2: $0\counter[15:0]
     2/2: $0\scl[0:0]
Creating decoders for process `\i2c_master_fsm.$proc$/project/rtl/i2c_master_fsm.v:30$7'.
     1/8: $0\done[0:0]
     2/8: $0\stop_cmd[0:0]
     3/8: $0\check_ack[0:0]
     4/8: $0\shift[0:0]
     5/8: $0\load[0:0]
     6/8: $0\start_cmd[0:0]
     7/8: $0\state[2:0]
     8/8: $0\busy[0:0]
Creating decoders for process `$paramod\i2c_shift_register\DATA_WIDTH=s32'00000000000000000000000000001000.$proc$/project/rtl/i2c_shift_register.v:30$16'.
     1/5: $0\done[0:0]
     2/5: $0\bit_count[3:0]
     3/5: $0\rx_shift[7:0]
     4/5: $0\tx_shift[7:0]
     5/5: $0\rx_data[7:0]
Creating decoders for process `\i2c_ack_detector.$proc$/project/rtl/i2c_ack_detector.v:13$1'.
     1/2: $0\error[0:0]
     2/2: $0\ack[0:0]

8.8. Executing PROC_DLATCH pass (convert process syncs to latches).

8.9. Executing PROC_DFF pass (convert process syncs to FFs).
Creating register for signal `\i2c_start_stop.\sda' using process `\i2c_start_stop.$proc$/project/rtl/i2c_start_stop.v:14$13'.
  created $adff cell `$procdff$142' with positive edge clock and positive level reset.
Creating register for signal `\i2c_start_stop.\busy' using process `\i2c_start_stop.$proc$/project/rtl/i2c_start_stop.v:14$13'.
  created $adff cell `$procdff$145' with positive edge clock and positive level reset.
Creating register for signal `$paramod\i2c_clock_generator\DIVIDER=s32'00000000000000000000000000000100.\scl' using process `$paramod\i2c_clock_generator\DIVIDER=s32'00000000000000000000000000000100.$proc$/project/rtl/i2c_clock_generator.v:19$19'.
  created $adff cell `$procdff$148' with positive edge clock and positive level reset.
Creating register for signal `$paramod\i2c_clock_generator\DIVIDER=s32'00000000000000000000000000000100.\counter' using process `$paramod\i2c_clock_generator\DIVIDER=s32'00000000000000000000000000000100.$proc$/project/rtl/i2c_clock_generator.v:19$19'.
  created $adff cell `$procdff$151' with positive edge clock and positive level reset.
Creating register for signal `\i2c_master_fsm.\check_ack' using process `\i2c_master_fsm.$proc$/project/rtl/i2c_master_fsm.v:30$7'.
  created $adff cell `$procdff$154' with positive edge clock and positive level reset.
Creating register for signal `\i2c_master_fsm.\start_cmd' using process `\i2c_master_fsm.$proc$/project/rtl/i2c_master_fsm.v:30$7'.
  created $adff cell `$procdff$157' with positive edge clock and positive level reset.
Creating register for signal `\i2c_master_fsm.\load' using process `\i2c_master_fsm.$proc$/project/rtl/i2c_master_fsm.v:30$7'.
  created $adff cell `$procdff$160' with positive edge clock and positive level reset.
Creating register for signal `\i2c_master_fsm.\shift' using process `\i2c_master_fsm.$proc$/project/rtl/i2c_master_fsm.v:30$7'.
  created $adff cell `$procdff$163' with positive edge clock and positive level reset.
Creating register for signal `\i2c_master_fsm.\stop_cmd' using process `\i2c_master_fsm.$proc$/project/rtl/i2c_master_fsm.v:30$7'.
  created $adff cell `$procdff$166' with positive edge clock and positive level reset.
Creating register for signal `\i2c_master_fsm.\busy' using process `\i2c_master_fsm.$proc$/project/rtl/i2c_master_fsm.v:30$7'.
  created $adff cell `$procdff$169' with positive edge clock and positive level reset.
Creating register for signal `\i2c_master_fsm.\done' using process `\i2c_master_fsm.$proc$/project/rtl/i2c_master_fsm.v:30$7'.
  created $adff cell `$procdff$172' with positive edge clock and positive level reset.
Creating register for signal `\i2c_master_fsm.\state' using process `\i2c_master_fsm.$proc$/project/rtl/i2c_master_fsm.v:30$7'.
  created $adff cell `$procdff$175' with positive edge clock and positive level reset.
Creating register for signal `$paramod\i2c_shift_register\DATA_WIDTH=s32'00000000000000000000000000001000.\done' using process `$paramod\i2c_shift_register\DATA_WIDTH=s32'00000000000000000000000000001000.$proc$/project/rtl/i2c_shift_register.v:30$16'.
  created $adff cell `$procdff$178' with positive edge clock and positive level reset.
Creating register for signal `$paramod\i2c_shift_register\DATA_WIDTH=s32'00000000000000000000000000001000.\rx_data' using process `$paramod\i2c_shift_register\DATA_WIDTH=s32'00000000000000000000000000001000.$proc$/project/rtl/i2c_shift_register.v:30$16'.
  created $adff cell `$procdff$181' with positive edge clock and positive level reset.
Creating register for signal `$paramod\i2c_shift_register\DATA_WIDTH=s32'00000000000000000000000000001000.\tx_shift' using process `$paramod\i2c_shift_register\DATA_WIDTH=s32'00000000000000000000000000001000.$proc$/project/rtl/i2c_shift_register.v:30$16'.
  created $adff cell `$procdff$184' with positive edge clock and positive level reset.
Creating register for signal `$paramod\i2c_shift_register\DATA_WIDTH=s32'00000000000000000000000000001000.\rx_shift' using process `$paramod\i2c_shift_register\DATA_WIDTH=s32'00000000000000000000000000001000.$proc$/project/rtl/i2c_shift_register.v:30$16'.
  created $adff cell `$procdff$187' with positive edge clock and positive level reset.
Creating register for signal `$paramod\i2c_shift_register\DATA_WIDTH=s32'00000000000000000000000000001000.\bit_count' using process `$paramod\i2c_shift_register\DATA_WIDTH=s32'00000000000000000000000000001000.$proc$/project/rtl/i2c_shift_register.v:30$16'.
  created $adff cell `$procdff$190' with positive edge clock and positive level reset.
Creating register for signal `\i2c_ack_detector.\ack' using process `\i2c_ack_detector.$proc$/project/rtl/i2c_ack_detector.v:13$1'.
  created $adff cell `$procdff$193' with positive edge clock and positive level reset.
Creating register for signal `\i2c_ack_detector.\error' using process `\i2c_ack_detector.$proc$/project/rtl/i2c_ack_detector.v:13$1'.
  created $adff cell `$procdff$196' with positive edge clock and positive level reset.

8.10. Executing PROC_MEMWR pass (convert process memory writes to cells).

8.11. Executing PROC_CLEAN pass (remove empty switches from decision trees).
Found and cleaned up 2 empty switches in `\i2c_start_stop.$proc$/project/rtl/i2c_start_stop.v:14$13'.
Removing empty process `i2c_start_stop.$proc$/project/rtl/i2c_start_stop.v:14$13'.
Found and cleaned up 1 empty switch in `$paramod\i2c_clock_generator\DIVIDER=s32'00000000000000000000000000000100.$proc$/project/rtl/i2c_clock_generator.v:19$19'.
Removing empty process `$paramod\i2c_clock_generator\DIVIDER=s32'00000000000000000000000000000100.$proc$/project/rtl/i2c_clock_generator.v:19$19'.
Found and cleaned up 5 empty switches in `\i2c_master_fsm.$proc$/project/rtl/i2c_master_fsm.v:30$7'.
Removing empty process `i2c_master_fsm.$proc$/project/rtl/i2c_master_fsm.v:30$7'.
Found and cleaned up 3 empty switches in `$paramod\i2c_shift_register\DATA_WIDTH=s32'00000000000000000000000000001000.$proc$/project/rtl/i2c_shift_register.v:30$16'.
Removing empty process `$paramod\i2c_shift_register\DATA_WIDTH=s32'00000000000000000000000000001000.$proc$/project/rtl/i2c_shift_register.v:30$16'.
Found and cleaned up 2 empty switches in `\i2c_ack_detector.$proc$/project/rtl/i2c_ack_detector.v:13$1'.
Removing empty process `i2c_ack_detector.$proc$/project/rtl/i2c_ack_detector.v:13$1'.
Cleaned up 13 empty switches.

8.12. Executing OPT_EXPR pass (perform const folding).
Optimizing module i2c_start_stop.
<suppressed ~2 debug messages>
Optimizing module $paramod\i2c_clock_generator\DIVIDER=s32'00000000000000000000000000000100.
<suppressed ~2 debug messages>
Optimizing module i2c_master_top.
Optimizing module i2c_master_fsm.
<suppressed ~10 debug messages>
Optimizing module $paramod\i2c_shift_register\DATA_WIDTH=s32'00000000000000000000000000001000.
<suppressed ~5 debug messages>
Optimizing module i2c_ack_detector.
<suppressed ~5 debug messages>

9. Executing OPT pass (performing simple optimizations).

9.1. Executing OPT_EXPR pass (perform const folding).
Optimizing module i2c_start_stop.
Optimizing module $paramod\i2c_clock_generator\DIVIDER=s32'00000000000000000000000000000100.
Optimizing module i2c_master_top.
Optimizing module i2c_master_fsm.
Optimizing module $paramod\i2c_shift_register\DATA_WIDTH=s32'00000000000000000000000000001000.
Optimizing module i2c_ack_detector.

9.2. Executing OPT_MERGE pass (detect identical cells).
Finding identical cells in module `\i2c_start_stop'.
Computing hashes of 8 cells of `\i2c_start_stop'.
Finding duplicate cells in `\i2c_start_stop'.
Finding identical cells in module `$paramod\i2c_clock_generator\DIVIDER=s32'00000000000000000000000000000100'.
Computing hashes of 7 cells of `$paramod\i2c_clock_generator\DIVIDER=s32'00000000000000000000000000000100'.
Finding duplicate cells in `$paramod\i2c_clock_generator\DIVIDER=s32'00000000000000000000000000000100'.
Finding identical cells in module `\i2c_master_top'.
Computing hashes of 7 cells of `\i2c_master_top'.
Finding duplicate cells in `\i2c_master_top'.
Finding identical cells in module `\i2c_master_fsm'.
Computing hashes of 35 cells of `\i2c_master_fsm'.
Finding duplicate cells in `\i2c_master_fsm'.
Computing hashes of 28 cells of `\i2c_master_fsm'.
Finding duplicate cells in `\i2c_master_fsm'.
<suppressed ~21 debug messages>
Finding identical cells in module `$paramod\i2c_shift_register\DATA_WIDTH=s32'00000000000000000000000000001000'.
Computing hashes of 20 cells of `$paramod\i2c_shift_register\DATA_WIDTH=s32'00000000000000000000000000001000'.
Finding duplicate cells in `$paramod\i2c_shift_register\DATA_WIDTH=s32'00000000000000000000000000001000'.
Finding identical cells in module `\i2c_ack_detector'.
Computing hashes of 7 cells of `\i2c_ack_detector'.
Finding duplicate cells in `\i2c_ack_detector'.
Removed a total of 7 cells.

9.3. Executing OPT_MUXTREE pass (detect dead branches in mux trees).
Running muxtree optimizer on module \i2c_start_stop..
  Creating internal representation of mux trees.
  Evaluating internal representation of mux trees.
  Analyzing evaluation results.
Running muxtree optimizer on module $paramod\i2c_clock_generator\DIVIDER=s32'00000000000000000000000000000100..
  Creating internal representation of mux trees.
  Evaluating internal representation of mux trees.
  Analyzing evaluation results.
Running muxtree optimizer on module \i2c_master_top..
  Creating internal representation of mux trees.
  Evaluating internal representation of mux trees.
  Analyzing evaluation results.
Running muxtree optimizer on module \i2c_master_fsm..
  Creating internal representation of mux trees.
  Evaluating internal representation of mux trees.
  Analyzing evaluation results.
Running muxtree optimizer on module $paramod\i2c_shift_register\DATA_WIDTH=s32'00000000000000000000000000001000..
  Creating internal representation of mux trees.
  Evaluating internal representation of mux trees.
  Analyzing evaluation results.
Running muxtree optimizer on module \i2c_ack_detector..
  Creating internal representation of mux trees.
  Evaluating internal representation of mux trees.
  Analyzing evaluation results.
Removed 0 multiplexer ports.
<suppressed ~57 debug messages>

9.4. Executing OPT_REDUCE pass (consolidate $*mux and $reduce_* inputs).
  Optimizing cells in module \i2c_start_stop.
  Optimizing cells in module $paramod\i2c_clock_generator\DIVIDER=s32'00000000000000000000000000000100.
  Optimizing cells in module \i2c_master_top.
  Optimizing cells in module \i2c_master_fsm.
  Optimizing cells in module $paramod\i2c_shift_register\DATA_WIDTH=s32'00000000000000000000000000001000.
  Optimizing cells in module \i2c_ack_detector.
Performed a total of 0 changes.

9.5. Executing OPT_MERGE pass (detect identical cells).
Finding identical cells in module `\i2c_start_stop'.
Computing hashes of 8 cells of `\i2c_start_stop'.
Finding duplicate cells in `\i2c_start_stop'.
Finding identical cells in module `$paramod\i2c_clock_generator\DIVIDER=s32'00000000000000000000000000000100'.
Computing hashes of 7 cells of `$paramod\i2c_clock_generator\DIVIDER=s32'00000000000000000000000000000100'.
Finding duplicate cells in `$paramod\i2c_clock_generator\DIVIDER=s32'00000000000000000000000000000100'.
Finding identical cells in module `\i2c_master_top'.
Computing hashes of 7 cells of `\i2c_master_top'.
Finding duplicate cells in `\i2c_master_top'.
Finding identical cells in module `\i2c_master_fsm'.
Computing hashes of 28 cells of `\i2c_master_fsm'.
Finding duplicate cells in `\i2c_master_fsm'.
Finding identical cells in module `$paramod\i2c_shift_register\DATA_WIDTH=s32'00000000000000000000000000001000'.
Computing hashes of 20 cells of `$paramod\i2c_shift_register\DATA_WIDTH=s32'00000000000000000000000000001000'.
Finding duplicate cells in `$paramod\i2c_shift_register\DATA_WIDTH=s32'00000000000000000000000000001000'.
Finding identical cells in module `\i2c_ack_detector'.
Computing hashes of 7 cells of `\i2c_ack_detector'.
Finding duplicate cells in `\i2c_ack_detector'.
Removed a total of 0 cells.

9.6. Executing OPT_DFF pass (perform DFF optimizations).
Adding EN signal on $procdff$142 ($adff) from module i2c_start_stop (D = $procmux$31_Y, Q = \sda).
Adding EN signal on $procdff$148 ($adff) from module $paramod\i2c_clock_generator\DIVIDER=s32'00000000000000000000000000000100 (D = $not$/project/rtl/i2c_clock_generator.v:37$21_Y, Q = \scl).
Adding EN signal on $procdff$169 ($adff) from module i2c_master_fsm (D = $procmux$91_Y, Q = \busy).
Adding EN signal on $procdff$175 ($adff) from module i2c_master_fsm (D = $procmux$74_Y, Q = \state).
Adding EN signal on $procdff$184 ($adff) from module $paramod\i2c_shift_register\DATA_WIDTH=s32'00000000000000000000000000001000 (D = $procmux$120_Y, Q = \tx_shift).
Adding EN signal on $procdff$190 ($adff) from module $paramod\i2c_shift_register\DATA_WIDTH=s32'00000000000000000000000000001000 (D = $procmux$110_Y, Q = \bit_count).
Adding EN signal on $procdff$181 ($adff) from module $paramod\i2c_shift_register\DATA_WIDTH=s32'00000000000000000000000000001000 (D = { \rx_shift [6:0] \sda_in }, Q = \rx_data).
Adding EN signal on $procdff$187 ($adff) from module $paramod\i2c_shift_register\DATA_WIDTH=s32'00000000000000000000000000001000 (D = $procmux$115_Y, Q = \rx_shift).

9.7. Executing OPT_CLEAN pass (remove unused cells and wires).
Finding unused cells or wires in module \i2c_start_stop..
Finding unused cells or wires in module $paramod\i2c_clock_generator\DIVIDER=s32'00000000000000000000000000000100..
Finding unused cells or wires in module \i2c_master_top..
Finding unused cells or wires in module \i2c_master_fsm..
Finding unused cells or wires in module $paramod\i2c_shift_register\DATA_WIDTH=s32'00000000000000000000000000001000..
Finding unused cells or wires in module \i2c_ack_detector..
Removed 5 unused cells and 79 unused wires.
<suppressed ~11 debug messages>

9.8. Executing OPT_EXPR pass (perform const folding).
Optimizing module i2c_start_stop.
<suppressed ~1 debug messages>
Optimizing module $paramod\i2c_clock_generator\DIVIDER=s32'00000000000000000000000000000100.
Optimizing module i2c_master_top.
Optimizing module i2c_master_fsm.
<suppressed ~1 debug messages>
Optimizing module $paramod\i2c_shift_register\DATA_WIDTH=s32'00000000000000000000000000001000.
<suppressed ~3 debug messages>
Optimizing module i2c_ack_detector.

9.9. Rerunning OPT passes. (Maybe there is more to do..)

9.10. Executing OPT_MUXTREE pass (detect dead branches in mux trees).
Running muxtree optimizer on module \i2c_start_stop..
  Creating internal representation of mux trees.
  Evaluating internal representation of mux trees.
  Analyzing evaluation results.
Running muxtree optimizer on module $paramod\i2c_clock_generator\DIVIDER=s32'00000000000000000000000000000100..
  Creating internal representation of mux trees.
  Evaluating internal representation of mux trees.
  Analyzing evaluation results.
Running muxtree optimizer on module \i2c_master_top..
  Creating internal representation of mux trees.
  Evaluating internal representation of mux trees.
  Analyzing evaluation results.
Running muxtree optimizer on module \i2c_master_fsm..
  Creating internal representation of mux trees.
  Evaluating internal representation of mux trees.
  Analyzing evaluation results.
Running muxtree optimizer on module $paramod\i2c_shift_register\DATA_WIDTH=s32'00000000000000000000000000001000..
  Creating internal representation of mux trees.
  Evaluating internal representation of mux trees.
  Analyzing evaluation results.
Running muxtree optimizer on module \i2c_ack_detector..
  Creating internal representation of mux trees.
  Evaluating internal representation of mux trees.
  Analyzing evaluation results.
Removed 0 multiplexer ports.
<suppressed ~51 debug messages>

9.11. Executing OPT_REDUCE pass (consolidate $*mux and $reduce_* inputs).
  Optimizing cells in module \i2c_start_stop.
  Optimizing cells in module $paramod\i2c_clock_generator\DIVIDER=s32'00000000000000000000000000000100.
  Optimizing cells in module \i2c_master_top.
  Optimizing cells in module \i2c_master_fsm.
  Optimizing cells in module $paramod\i2c_shift_register\DATA_WIDTH=s32'00000000000000000000000000001000.
  Optimizing cells in module \i2c_ack_detector.
Performed a total of 0 changes.

9.12. Executing OPT_MERGE pass (detect identical cells).
Finding identical cells in module `\i2c_start_stop'.
Computing hashes of 9 cells of `\i2c_start_stop'.
Finding duplicate cells in `\i2c_start_stop'.
Finding identical cells in module `$paramod\i2c_clock_generator\DIVIDER=s32'00000000000000000000000000000100'.
Computing hashes of 6 cells of `$paramod\i2c_clock_generator\DIVIDER=s32'00000000000000000000000000000100'.
Finding duplicate cells in `$paramod\i2c_clock_generator\DIVIDER=s32'00000000000000000000000000000100'.
Finding identical cells in module `\i2c_master_top'.
Computing hashes of 7 cells of `\i2c_master_top'.
Finding duplicate cells in `\i2c_master_top'.
Finding identical cells in module `\i2c_master_fsm'.
Computing hashes of 33 cells of `\i2c_master_fsm'.
Finding duplicate cells in `\i2c_master_fsm'.
Finding identical cells in module `$paramod\i2c_shift_register\DATA_WIDTH=s32'00000000000000000000000000001000'.
Computing hashes of 22 cells of `$paramod\i2c_shift_register\DATA_WIDTH=s32'00000000000000000000000000001000'.
Finding duplicate cells in `$paramod\i2c_shift_register\DATA_WIDTH=s32'00000000000000000000000000001000'.
Computing hashes of 20 cells of `$paramod\i2c_shift_register\DATA_WIDTH=s32'00000000000000000000000000001000'.
Finding duplicate cells in `$paramod\i2c_shift_register\DATA_WIDTH=s32'00000000000000000000000000001000'.
<suppressed ~6 debug messages>
Finding identical cells in module `\i2c_ack_detector'.
Computing hashes of 6 cells of `\i2c_ack_detector'.
Finding duplicate cells in `\i2c_ack_detector'.
Removed a total of 2 cells.

9.13. Executing OPT_DFF pass (perform DFF optimizations).

9.14. Executing OPT_CLEAN pass (remove unused cells and wires).
Finding unused cells or wires in module \i2c_start_stop..
Finding unused cells or wires in module $paramod\i2c_clock_generator\DIVIDER=s32'00000000000000000000000000000100..
Finding unused cells or wires in module \i2c_master_top..
Finding unused cells or wires in module \i2c_master_fsm..
Finding unused cells or wires in module $paramod\i2c_shift_register\DATA_WIDTH=s32'00000000000000000000000000001000..
Finding unused cells or wires in module \i2c_ack_detector..
Removed 0 unused cells and 2 unused wires.
<suppressed ~1 debug messages>

9.15. Executing OPT_EXPR pass (perform const folding).
Optimizing module i2c_start_stop.
Optimizing module $paramod\i2c_clock_generator\DIVIDER=s32'00000000000000000000000000000100.
Optimizing module i2c_master_top.
Optimizing module i2c_master_fsm.
Optimizing module $paramod\i2c_shift_register\DATA_WIDTH=s32'00000000000000000000000000001000.
Optimizing module i2c_ack_detector.

9.16. Rerunning OPT passes. (Maybe there is more to do..)

9.17. Executing OPT_MUXTREE pass (detect dead branches in mux trees).
Running muxtree optimizer on module \i2c_start_stop..
  Creating internal representation of mux trees.
  Evaluating internal representation of mux trees.
  Analyzing evaluation results.
Running muxtree optimizer on module $paramod\i2c_clock_generator\DIVIDER=s32'00000000000000000000000000000100..
  Creating internal representation of mux trees.
  Evaluating internal representation of mux trees.
  Analyzing evaluation results.
Running muxtree optimizer on module \i2c_master_top..
  Creating internal representation of mux trees.
  Evaluating internal representation of mux trees.
  Analyzing evaluation results.
Running muxtree optimizer on module \i2c_master_fsm..
  Creating internal representation of mux trees.
  Evaluating internal representation of mux trees.
  Analyzing evaluation results.
Running muxtree optimizer on module $paramod\i2c_shift_register\DATA_WIDTH=s32'00000000000000000000000000001000..
  Creating internal representation of mux trees.
  Evaluating internal representation of mux trees.
  Analyzing evaluation results.
Running muxtree optimizer on module \i2c_ack_detector..
  Creating internal representation of mux trees.
  Evaluating internal representation of mux trees.
  Analyzing evaluation results.
Removed 0 multiplexer ports.
<suppressed ~51 debug messages>

9.18. Executing OPT_REDUCE pass (consolidate $*mux and $reduce_* inputs).
  Optimizing cells in module \i2c_start_stop.
  Optimizing cells in module $paramod\i2c_clock_generator\DIVIDER=s32'00000000000000000000000000000100.
  Optimizing cells in module \i2c_master_top.
  Optimizing cells in module \i2c_master_fsm.
  Optimizing cells in module $paramod\i2c_shift_register\DATA_WIDTH=s32'00000000000000000000000000001000.
  Optimizing cells in module \i2c_ack_detector.
Performed a total of 0 changes.

9.19. Executing OPT_MERGE pass (detect identical cells).
Finding identical cells in module `\i2c_start_stop'.
Computing hashes of 9 cells of `\i2c_start_stop'.
Finding duplicate cells in `\i2c_start_stop'.
Finding identical cells in module `$paramod\i2c_clock_generator\DIVIDER=s32'00000000000000000000000000000100'.
Computing hashes of 6 cells of `$paramod\i2c_clock_generator\DIVIDER=s32'00000000000000000000000000000100'.
Finding duplicate cells in `$paramod\i2c_clock_generator\DIVIDER=s32'00000000000000000000000000000100'.
Finding identical cells in module `\i2c_master_top'.
Computing hashes of 7 cells of `\i2c_master_top'.
Finding duplicate cells in `\i2c_master_top'.
Finding identical cells in module `\i2c_master_fsm'.
Computing hashes of 33 cells of `\i2c_master_fsm'.
Finding duplicate cells in `\i2c_master_fsm'.
Finding identical cells in module `$paramod\i2c_shift_register\DATA_WIDTH=s32'00000000000000000000000000001000'.
Computing hashes of 20 cells of `$paramod\i2c_shift_register\DATA_WIDTH=s32'00000000000000000000000000001000'.
Finding duplicate cells in `$paramod\i2c_shift_register\DATA_WIDTH=s32'00000000000000000000000000001000'.
Finding identical cells in module `\i2c_ack_detector'.
Computing hashes of 6 cells of `\i2c_ack_detector'.
Finding duplicate cells in `\i2c_ack_detector'.
Removed a total of 0 cells.

9.20. Executing OPT_DFF pass (perform DFF optimizations).

9.21. Executing OPT_CLEAN pass (remove unused cells and wires).
Finding unused cells or wires in module \i2c_start_stop..
Finding unused cells or wires in module $paramod\i2c_clock_generator\DIVIDER=s32'00000000000000000000000000000100..
Finding unused cells or wires in module \i2c_master_top..
Finding unused cells or wires in module \i2c_master_fsm..
Finding unused cells or wires in module $paramod\i2c_shift_register\DATA_WIDTH=s32'00000000000000000000000000001000..
Finding unused cells or wires in module \i2c_ack_detector..

9.22. Executing OPT_EXPR pass (perform const folding).
Optimizing module i2c_start_stop.
Optimizing module $paramod\i2c_clock_generator\DIVIDER=s32'00000000000000000000000000000100.
Optimizing module i2c_master_top.
Optimizing module i2c_master_fsm.
Optimizing module $paramod\i2c_shift_register\DATA_WIDTH=s32'00000000000000000000000000001000.
Optimizing module i2c_ack_detector.

9.23. Finished fast OPT passes. (There is nothing left to do.)

10. Executing FLATTEN pass (flatten design).
Deleting now unused module i2c_start_stop.
Deleting now unused module $paramod\i2c_clock_generator\DIVIDER=s32'00000000000000000000000000000100.
Deleting now unused module i2c_master_fsm.
Deleting now unused module $paramod\i2c_shift_register\DATA_WIDTH=s32'00000000000000000000000000001000.
Deleting now unused module i2c_ack_detector.
<suppressed ~5 debug messages>

11. Executing OPT_CLEAN pass (remove unused cells and wires).
Finding unused cells or wires in module \i2c_master_top..
Removed 3 unused cells and 4 unused wires.
<suppressed ~6 debug messages>

12. Executing OPT pass (performing simple optimizations).

12.1. Executing OPT_EXPR pass (perform const folding).
Optimizing module i2c_master_top.

12.2. Executing OPT_MERGE pass (detect identical cells).
Finding identical cells in module `\i2c_master_top'.
Computing hashes of 78 cells of `\i2c_master_top'.
Finding duplicate cells in `\i2c_master_top'.
Removed a total of 0 cells.

12.3. Executing OPT_MUXTREE pass (detect dead branches in mux trees).
Running muxtree optimizer on module \i2c_master_top..
  Creating internal representation of mux trees.
  Evaluating internal representation of mux trees.
  Analyzing evaluation results.
Removed 0 multiplexer ports.
<suppressed ~48 debug messages>

12.4. Executing OPT_REDUCE pass (consolidate $*mux and $reduce_* inputs).
  Optimizing cells in module \i2c_master_top.
Performed a total of 0 changes.

12.5. Executing OPT_MERGE pass (detect identical cells).
Finding identical cells in module `\i2c_master_top'.
Computing hashes of 78 cells of `\i2c_master_top'.
Finding duplicate cells in `\i2c_master_top'.
Removed a total of 0 cells.

12.6. Executing OPT_DFF pass (perform DFF optimizations).

12.7. Executing OPT_CLEAN pass (remove unused cells and wires).
Finding unused cells or wires in module \i2c_master_top..

12.8. Executing OPT_EXPR pass (perform const folding).
Optimizing module i2c_master_top.

12.9. Finished fast OPT passes. (There is nothing left to do.)

13. Executing MEMORY_MAP pass (converting memories to logic and flip-flops).

14. Executing OPT pass (performing simple optimizations).

14.1. Executing OPT_EXPR pass (perform const folding).
Optimizing module i2c_master_top.

14.2. Executing OPT_MERGE pass (detect identical cells).
Finding identical cells in module `\i2c_master_top'.
Computing hashes of 78 cells of `\i2c_master_top'.
Finding duplicate cells in `\i2c_master_top'.
Removed a total of 0 cells.

14.3. Executing OPT_MUXTREE pass (detect dead branches in mux trees).
Running muxtree optimizer on module \i2c_master_top..
  Creating internal representation of mux trees.
  Evaluating internal representation of mux trees.
  Analyzing evaluation results.
Removed 0 multiplexer ports.
<suppressed ~48 debug messages>

14.4. Executing OPT_REDUCE pass (consolidate $*mux and $reduce_* inputs).
  Optimizing cells in module \i2c_master_top.
Performed a total of 0 changes.

14.5. Executing OPT_MERGE pass (detect identical cells).
Finding identical cells in module `\i2c_master_top'.
Computing hashes of 78 cells of `\i2c_master_top'.
Finding duplicate cells in `\i2c_master_top'.
Removed a total of 0 cells.

14.6. Executing OPT_DFF pass (perform DFF optimizations).

14.7. Executing OPT_CLEAN pass (remove unused cells and wires).
Finding unused cells or wires in module \i2c_master_top..

14.8. Executing OPT_EXPR pass (perform const folding).
Optimizing module i2c_master_top.

14.9. Finished fast OPT passes. (There is nothing left to do.)

15. Executing TECHMAP pass (map to technology primitives).

15.1. Executing Verilog-2005 frontend: /usr/local/bin/../share/yosys/techmap.v
Parsing Verilog input from `/usr/local/bin/../share/yosys/techmap.v' to AST representation.
Generating RTLIL representation for module `\_90_simplemap_bool_ops'.
Generating RTLIL representation for module `\_90_simplemap_reduce_ops'.
Generating RTLIL representation for module `\_90_simplemap_logic_ops'.
Generating RTLIL representation for module `\_90_simplemap_compare_ops'.
Generating RTLIL representation for module `\_90_simplemap_various'.
Generating RTLIL representation for module `\_90_simplemap_registers'.
Generating RTLIL representation for module `\_90_shift_ops_shr_shl_sshl_sshr'.
Generating RTLIL representation for module `\_90_shift_shiftx'.
Generating RTLIL representation for module `\_90_fa'.
Generating RTLIL representation for module `\_90_lcu_brent_kung'.
Generating RTLIL representation for module `\_90_alu'.
Generating RTLIL representation for module `\_90_macc'.
Generating RTLIL representation for module `\_90_alumacc'.
Generating RTLIL representation for module `$__div_mod_u'.
Generating RTLIL representation for module `$__div_mod_trunc'.
Generating RTLIL representation for module `\_90_div'.
Generating RTLIL representation for module `\_90_mod'.
Generating RTLIL representation for module `$__div_mod_floor'.
Generating RTLIL representation for module `\_90_divfloor'.
Generating RTLIL representation for module `\_90_modfloor'.
Generating RTLIL representation for module `\_90_pow'.
Generating RTLIL representation for module `\_90_demux'.
Generating RTLIL representation for module `\_90_lut'.
Generating RTLIL representation for module `$connect'.
Generating RTLIL representation for module `$input_port'.
Successfully finished Verilog frontend.

15.2. Continuing TECHMAP pass.
Using extmapper simplemap for cells of type $eq.
Running "alumacc" on wrapper $extern:wrap:$add:Y_WIDTH=4:B_WIDTH=1:A_WIDTH=4:B_SIGNED=0:A_SIGNED=0:394426c56d1a028ba8fdd5469b163e04011def47.
Using template $extern:wrap:$add:Y_WIDTH=4:B_WIDTH=1:A_WIDTH=4:B_SIGNED=0:A_SIGNED=0:394426c56d1a028ba8fdd5469b163e04011def47 for cells of type $extern:wrap:$add:Y_WIDTH=4:B_WIDTH=1:A_WIDTH=4:B_SIGNED=0:A_SIGNED=0:394426c56d1a028ba8fdd5469b163e04011def47.
Using extmapper simplemap for cells of type $mux.
Using extmapper simplemap for cells of type $logic_or.
Using extmapper simplemap for cells of type $reduce_bool.
Using extmapper simplemap for cells of type $reduce_and.
Using extmapper simplemap for cells of type $not.
Using extmapper simplemap for cells of type $adffe.
Using extmapper simplemap for cells of type $adff.
Using extmapper simplemap for cells of type $logic_and.
Running "alumacc" on wrapper $extern:wrap:$add:Y_WIDTH=16:B_WIDTH=1:A_WIDTH=16:B_SIGNED=0:A_SIGNED=0:394426c56d1a028ba8fdd5469b163e04011def47.
Using template $extern:wrap:$add:Y_WIDTH=16:B_WIDTH=1:A_WIDTH=16:B_SIGNED=0:A_SIGNED=0:394426c56d1a028ba8fdd5469b163e04011def47 for cells of type $extern:wrap:$add:Y_WIDTH=16:B_WIDTH=1:A_WIDTH=16:B_SIGNED=0:A_SIGNED=0:394426c56d1a028ba8fdd5469b163e04011def47.
Using extmapper simplemap for cells of type $ne.
Using extmapper simplemap for cells of type $logic_not.
Using extmapper simplemap for cells of type $pmux.
Using template $paramod$32a7b7b86c07519b7537abc18e96f0331f97914d\_90_alu for cells of type $alu.
Using template $paramod$2af30114e9bd4ccb04dad757b3f0a8f6bf0615b0\_90_alu for cells of type $alu.
Using extmapper simplemap for cells of type $xor.
Using template $paramod\_90_fa\WIDTH=32'00000000000000000000000000000100 for cells of type $fa.
Using template $paramod\_90_lcu_brent_kung\WIDTH=32'00000000000000000000000000000100 for cells of type $lcu.
Using extmapper simplemap for cells of type $pos.
Using template $paramod\_90_fa\WIDTH=32'00000000000000000000000000010000 for cells of type $fa.
Using template $paramod\_90_lcu_brent_kung\WIDTH=32'00000000000000000000000000010000 for cells of type $lcu.
Using extmapper simplemap for cells of type $or.
Using extmapper simplemap for cells of type $and.
No more expansions possible.
<suppressed ~576 debug messages>

16. Executing OPT pass (performing simple optimizations).

16.1. Executing OPT_EXPR pass (perform const folding).
Optimizing module i2c_master_top.
<suppressed ~262 debug messages>

16.2. Executing OPT_MERGE pass (detect identical cells).
Finding identical cells in module `\i2c_master_top'.
Computing hashes of 323 cells of `\i2c_master_top'.
Finding duplicate cells in `\i2c_master_top'.
Computing hashes of 298 cells of `\i2c_master_top'.
Finding duplicate cells in `\i2c_master_top'.
Computing hashes of 293 cells of `\i2c_master_top'.
Finding duplicate cells in `\i2c_master_top'.
Computing hashes of 291 cells of `\i2c_master_top'.
Finding duplicate cells in `\i2c_master_top'.
<suppressed ~96 debug messages>
Removed a total of 32 cells.

16.3. Executing OPT_MUXTREE pass (detect dead branches in mux trees).
Running muxtree optimizer on module \i2c_master_top..
  Creating internal representation of mux trees.
  No muxes found in this module.
Removed 0 multiplexer ports.

16.4. Executing OPT_REDUCE pass (consolidate $*mux and $reduce_* inputs).
  Optimizing cells in module \i2c_master_top.
Performed a total of 0 changes.

16.5. Executing OPT_MERGE pass (detect identical cells).
Finding identical cells in module `\i2c_master_top'.
Computing hashes of 291 cells of `\i2c_master_top'.
Finding duplicate cells in `\i2c_master_top'.
Removed a total of 0 cells.

16.6. Executing OPT_DFF pass (perform DFF optimizations).

16.7. Executing OPT_CLEAN pass (remove unused cells and wires).
Finding unused cells or wires in module \i2c_master_top..
Removed 24 unused cells and 203 unused wires.
<suppressed ~25 debug messages>

16.8. Executing OPT_EXPR pass (perform const folding).
Optimizing module i2c_master_top.

16.9. Rerunning OPT passes. (Maybe there is more to do..)

16.10. Executing OPT_MUXTREE pass (detect dead branches in mux trees).
Running muxtree optimizer on module \i2c_master_top..
  Creating internal representation of mux trees.
  No muxes found in this module.
Removed 0 multiplexer ports.

16.11. Executing OPT_REDUCE pass (consolidate $*mux and $reduce_* inputs).
  Optimizing cells in module \i2c_master_top.
Performed a total of 0 changes.

16.12. Executing OPT_MERGE pass (detect identical cells).
Finding identical cells in module `\i2c_master_top'.
Computing hashes of 267 cells of `\i2c_master_top'.
Finding duplicate cells in `\i2c_master_top'.
Removed a total of 0 cells.

16.13. Executing OPT_DFF pass (perform DFF optimizations).

16.14. Executing OPT_CLEAN pass (remove unused cells and wires).
Finding unused cells or wires in module \i2c_master_top..

16.15. Executing OPT_EXPR pass (perform const folding).
Optimizing module i2c_master_top.

16.16. Finished fast OPT passes. (There is nothing left to do.)

17. Executing DFFLIBMAP pass (mapping DFF cells to sequential cells from liberty file).
  cell DFF_X1 (noninv, pins=4, area=4.52) is a direct match for cell type $_DFF_P_.
  cell DFFR_X1 (noninv, pins=5, area=5.32) is a direct match for cell type $_DFF_PN0_.
  cell DFFS_X1 (noninv, pins=5, area=5.32) is a direct match for cell type $_DFF_PN1_.
  cell DFFRS_X1 (noninv, pins=6, area=6.38) is a direct match for cell type $_DFFSR_PNN_.
  final dff cell mappings:
    unmapped dff cell: $_DFF_N_
    \DFF_X1 _DFF_P_ (.CK( C), .D( D), .Q( Q), .QN(~Q));
    unmapped dff cell: $_DFF_NN0_
    unmapped dff cell: $_DFF_NN1_
    unmapped dff cell: $_DFF_NP0_
    unmapped dff cell: $_DFF_NP1_
    \DFFR_X1 _DFF_PN0_ (.CK( C), .D( D), .Q( Q), .QN(~Q), .RN( R));
    \DFFS_X1 _DFF_PN1_ (.CK( C), .D( D), .Q( Q), .QN(~Q), .SN( R));
    unmapped dff cell: $_DFF_PP0_
    unmapped dff cell: $_DFF_PP1_
    unmapped dff cell: $_DFFE_NN_
    unmapped dff cell: $_DFFE_NP_
    unmapped dff cell: $_DFFE_PN_
    unmapped dff cell: $_DFFE_PP_
    unmapped dff cell: $_DFFSR_NNN_
    unmapped dff cell: $_DFFSR_NNP_
    unmapped dff cell: $_DFFSR_NPN_
    unmapped dff cell: $_DFFSR_NPP_
    \DFFRS_X1 _DFFSR_PNN_ (.CK( C), .D( D), .Q( Q), .QN(~Q), .RN( R), .SN( S));
    unmapped dff cell: $_DFFSR_PNP_
    unmapped dff cell: $_DFFSR_PPN_
    unmapped dff cell: $_DFFSR_PPP_

17.1. Executing DFFLEGALIZE pass (convert FFs to types supported by the target).
<suppressed ~8 debug messages>
Mapping DFF cells in module `\i2c_master_top':
  mapped 56 $_DFF_PN0_ cells to \DFFR_X1 cells.
  mapped 2 $_DFF_PN1_ cells to \DFFS_X1 cells.

18. Executing ABC pass (technology mapping using ABC).

18.1. Extracting gate netlist of module `\i2c_master_top' to `<abc-temp-dir>/input.blif'..
Replacing 27 occurrences of constant undef bits with constant zero bits

18.1.1. Executed ABC.
Extracted 295 gates and 376 wires to a netlist network with 78 inputs and 117 outputs.
Running ABC script: <abc-temp-dir>/abc.script
ABC: UC Berkeley, ABC 1.01 (compiled 0 0)
ABC: abc 01> empty
ABC: abc 01> source <abc-temp-dir>/abc.script
ABC: + read_blif <abc-temp-dir>/input.blif 
ABC: + read_scl /tmp/yosys-liberty-scl-cache/yosys_merged_af18ad9b.scl 
ABC: Warning: Detected 2 multi-output cells (for example, "FA_X1").
ABC: + strash 
ABC: + &get -n 
ABC: + &fraig -x 
ABC: + &put 
ABC: + scorr 
ABC: Warning: The network is combinational (run "fraig" or "fraig_sweep").
ABC: + dc2 
ABC: + dretime 
ABC: + strash 
ABC: + &get -n 
ABC: + &dch -f 
ABC: + &nf 
ABC: + &put 
ABC: + write_blif <abc-temp-dir>/output.blif 
ABC: 
ABC: YOSYS_ABC_DONE 

18.1.2. Re-integrating ABC results.
ABC RESULTS:           AND2_X1 cells:        3
ABC RESULTS:           AND3_X1 cells:        2
ABC RESULTS:           AND4_X1 cells:        2
ABC RESULTS:          AOI21_X1 cells:        5
ABC RESULTS:         AOI222_X1 cells:        7
ABC RESULTS:          AOI22_X1 cells:       13
ABC RESULTS:            BUF_X1 cells:        1
ABC RESULTS:            INV_X1 cells:       84
ABC RESULTS:           MUX2_X1 cells:       11
ABC RESULTS:          NAND2_X1 cells:        5
ABC RESULTS:          NAND3_X1 cells:        5
ABC RESULTS:          NAND4_X1 cells:        2
ABC RESULTS:           NOR2_X1 cells:       11
ABC RESULTS:           NOR3_X1 cells:        9
ABC RESULTS:           NOR4_X1 cells:        5
ABC RESULTS:          OAI21_X1 cells:        3
ABC RESULTS:            OR2_X1 cells:        1
ABC RESULTS:            OR3_X1 cells:        2
ABC RESULTS:            OR4_X1 cells:        1
ABC RESULTS:          XNOR2_X1 cells:       10
ABC RESULTS:           XOR2_X1 cells:        6
ABC RESULTS:        internal signals:      181
ABC RESULTS:           input signals:       78
ABC RESULTS:          output signals:      117
Removing temp directory.
Removing global temp directory.

19. Executing OPT_CLEAN pass (remove unused cells and wires).
Finding unused cells or wires in module \i2c_master_top..
Removed 5 unused cells and 315 unused wires.
<suppressed ~43 debug messages>
Removed 0 unused cells and 1 unused wires.

20. Printing statistics.

=== i2c_master_top ===

        +----------Local Count, excluding submodules.
        | 
      269 wires
      335 wire bits
       11 public wires
       25 public wire bits
       11 ports
       25 port bits
      246 cells
        3   AND2_X1
        2   AND3_X1
        2   AND4_X1
        5   AOI21_X1
        7   AOI222_X1
       13   AOI22_X1
        1   BUF_X1
       56   DFFR_X1
        2   DFFS_X1
       84   INV_X1
       11   MUX2_X1
        5   NAND2_X1
        5   NAND3_X1
        2   NAND4_X1
       11   NOR2_X1
        9   NOR3_X1
        5   NOR4_X1
        3   OAI21_X1
        1   OR2_X1
        2   OR3_X1
        1   OR4_X1
       10   XNOR2_X1
        6   XOR2_X1

21. Executing Verilog backend.

21.1. Executing BMUXMAP pass.

21.2. Executing DEMUXMAP pass.
Dumping module `\i2c_master_top'.

End of script. Logfile hash: 03076ad3e5, time: 0.82s, user: 0.27s, system: 0.20s, MEM: 41.52 MB peak
Yosys 0.67 (git sha1 2d1509d1b, Release, GNU /usr/local/bin/wrapped-cc/g++ 11.4.0)
Time spent: 63% 1x abc (0 sec), 11% 1x dfflibmap (0 sec), ...
