
 /----------------------------------------------------------------------------\
 |  yosys -- Yosys Open SYnthesis Suite                                       |
 |  Copyright (C) 2012 - 2026  Claire Xenia Wolf <claire@yosyshq.com>         |
 |  Distributed under an ISC-like license, type "license" to see terms        |
 \----------------------------------------------------------------------------/
 Yosys 0.67 (git sha1 2d1509d1b, Release, GNU /usr/local/bin/wrapped-cc/g++ 11.4.0)

-- Executing script file `/project/yosys/asic/synth_sdram_controller.ys' --

1. Executing Verilog-2005 frontend: /project/rtl/sdram_command_generator.v
Parsing Verilog input from `/project/rtl/sdram_command_generator.v' to AST representation.
Generating RTLIL representation for module `\sdram_command_generator'.
Successfully finished Verilog frontend.

2. Executing Verilog-2005 frontend: /project/rtl/sdram_init_fsm.v
Parsing Verilog input from `/project/rtl/sdram_init_fsm.v' to AST representation.
Generating RTLIL representation for module `\sdram_init_fsm'.
Successfully finished Verilog frontend.

3. Executing Verilog-2005 frontend: /project/rtl/sdram_main_fsm.v
Parsing Verilog input from `/project/rtl/sdram_main_fsm.v' to AST representation.
Generating RTLIL representation for module `\sdram_main_fsm'.
Successfully finished Verilog frontend.

4. Executing Verilog-2005 frontend: /project/rtl/sdram_read_controller.v
Parsing Verilog input from `/project/rtl/sdram_read_controller.v' to AST representation.
Generating RTLIL representation for module `\sdram_read_controller'.
Successfully finished Verilog frontend.

5. Executing Verilog-2005 frontend: /project/rtl/sdram_refresh_controller.v
Parsing Verilog input from `/project/rtl/sdram_refresh_controller.v' to AST representation.
Generating RTLIL representation for module `\sdram_refresh_controller'.
Successfully finished Verilog frontend.

6. Executing Verilog-2005 frontend: /project/rtl/sdram_timing_generator.v
Parsing Verilog input from `/project/rtl/sdram_timing_generator.v' to AST representation.
Generating RTLIL representation for module `\sdram_timing_generator'.
Successfully finished Verilog frontend.

7. Executing Verilog-2005 frontend: /project/rtl/sdram_top.v
Parsing Verilog input from `/project/rtl/sdram_top.v' to AST representation.
Generating RTLIL representation for module `\sdram_top'.
Successfully finished Verilog frontend.

8. Executing Verilog-2005 frontend: /project/rtl/sdram_write_controller.v
Parsing Verilog input from `/project/rtl/sdram_write_controller.v' to AST representation.
Generating RTLIL representation for module `\sdram_write_controller'.
Successfully finished Verilog frontend.

9. Executing HIERARCHY pass (managing design hierarchy).

9.1. Analyzing design hierarchy..
Top module:  \sdram_top
Used module:     \sdram_command_generator
Used module:     \sdram_main_fsm
Used module:     \sdram_write_controller
Used module:     \sdram_read_controller
Used module:     \sdram_refresh_controller
Used module:     \sdram_init_fsm
Used module:     \sdram_timing_generator
Parameter \WAIT_CYCLES = 8

9.2. Executing AST frontend in derive mode using pre-parsed AST for module `\sdram_timing_generator'.
Parameter \WAIT_CYCLES = 8
Generating RTLIL representation for module `$paramod\sdram_timing_generator\WAIT_CYCLES=s32'00000000000000000000000000001000'.

9.3. Analyzing design hierarchy..
Top module:  \sdram_top
Used module:     \sdram_command_generator
Used module:     \sdram_main_fsm
Used module:     \sdram_write_controller
Used module:     \sdram_read_controller
Used module:     \sdram_refresh_controller
Used module:     \sdram_init_fsm
Used module:     $paramod\sdram_timing_generator\WAIT_CYCLES=s32'00000000000000000000000000001000

9.4. Analyzing design hierarchy..
Top module:  \sdram_top
Used module:     \sdram_command_generator
Used module:     \sdram_main_fsm
Used module:     \sdram_write_controller
Used module:     \sdram_read_controller
Used module:     \sdram_refresh_controller
Used module:     \sdram_init_fsm
Used module:     $paramod\sdram_timing_generator\WAIT_CYCLES=s32'00000000000000000000000000001000
Removing unused module `\sdram_timing_generator'.
Removed 1 unused modules.

10. Executing PROC pass (convert processes to netlists).

10.1. Executing PROC_CLEAN pass (remove empty switches from decision trees).
Cleaned up 0 empty switches.

10.2. Executing PROC_RMDEAD pass (remove dead branches from decision trees).
Marked 2 switch rules as full_case in process $proc$/project/rtl/sdram_write_controller.v:23$11 in module sdram_write_controller.
Marked 3 switch rules as full_case in process $proc$/project/rtl/sdram_timing_generator.v:17$12 in module $paramod\sdram_timing_generator\WAIT_CYCLES=s32'00000000000000000000000000001000.
Marked 2 switch rules as full_case in process $proc$/project/rtl/sdram_refresh_controller.v:17$5 in module sdram_refresh_controller.
Marked 2 switch rules as full_case in process $proc$/project/rtl/sdram_read_controller.v:22$4 in module sdram_read_controller.
Marked 4 switch rules as full_case in process $proc$/project/rtl/sdram_main_fsm.v:28$3 in module sdram_main_fsm.
Marked 2 switch rules as full_case in process $proc$/project/rtl/sdram_init_fsm.v:23$2 in module sdram_init_fsm.
Marked 6 switch rules as full_case in process $proc$/project/rtl/sdram_command_generator.v:16$1 in module sdram_command_generator.
Removed a total of 0 dead cases.

10.3. Executing PROC_PRUNE pass (remove redundant assignments in processes).
Removed 20 redundant assignments.
Promoted 4 assignments to connections.

10.4. Executing PROC_INIT pass (extract init attributes).

10.5. Executing PROC_ARST pass (detect async resets in processes).
Found async reset \rst in `\sdram_write_controller.$proc$/project/rtl/sdram_write_controller.v:23$11'.
Found async reset \rst in `$paramod\sdram_timing_generator\WAIT_CYCLES=s32'00000000000000000000000000001000.$proc$/project/rtl/sdram_timing_generator.v:17$12'.
Found async reset \rst in `\sdram_refresh_controller.$proc$/project/rtl/sdram_refresh_controller.v:17$5'.
Found async reset \rst in `\sdram_read_controller.$proc$/project/rtl/sdram_read_controller.v:22$4'.
Found async reset \rst in `\sdram_main_fsm.$proc$/project/rtl/sdram_main_fsm.v:28$3'.
Found async reset \rst in `\sdram_init_fsm.$proc$/project/rtl/sdram_init_fsm.v:23$2'.

10.6. Executing PROC_ROM pass (convert switches to ROMs).
Converted 0 switches.
<suppressed ~24 debug messages>

10.7. Executing PROC_MUX pass (convert decision trees to multiplexers).
Creating decoders for process `\sdram_write_controller.$proc$/project/rtl/sdram_write_controller.v:23$11'.
     1/5: $0\start_delay[0:0]
     2/5: $0\write_done[0:0]
     3/5: $0\write_cmd[0:0]
     4/5: $0\activate[0:0]
     5/5: $0\state[2:0]
Creating decoders for process `$paramod\sdram_timing_generator\WAIT_CYCLES=s32'00000000000000000000000000001000.$proc$/project/rtl/sdram_timing_generator.v:17$12'.
     1/2: $0\done[0:0]
     2/2: $0\counter[3:0]
Creating decoders for process `\sdram_refresh_controller.$proc$/project/rtl/sdram_refresh_controller.v:17$5'.
     1/2: $0\refresh_request[0:0]
     2/2: $0\counter[4:0]
Creating decoders for process `\sdram_read_controller.$proc$/project/rtl/sdram_read_controller.v:22$4'.
     1/5: $0\start_delay[0:0]
     2/5: $0\read_done[0:0]
     3/5: $0\read_cmd[0:0]
     4/5: $0\activate[0:0]
     5/5: $0\state[2:0]
Creating decoders for process `\sdram_main_fsm.$proc$/project/rtl/sdram_main_fsm.v:28$3'.
     1/5: $0\start_write[0:0]
     2/5: $0\start_read[0:0]
     3/5: $0\start_refresh[0:0]
     4/5: $0\start_init[0:0]
     5/5: $0\state[2:0]
Creating decoders for process `\sdram_init_fsm.$proc$/project/rtl/sdram_init_fsm.v:23$2'.
     1/6: $0\load_mode[0:0]
     2/6: $0\refresh[0:0]
     3/6: $0\precharge[0:0]
     4/6: $0\start_delay[0:0]
     5/6: $0\state[2:0]
     6/6: $0\init_done[0:0]
Creating decoders for process `\sdram_command_generator.$proc$/project/rtl/sdram_command_generator.v:16$1'.
     1/18: $6\we_n[0:0]
     2/18: $6\cas_n[0:0]
     3/18: $6\ras_n[0:0]
     4/18: $5\we_n[0:0]
     5/18: $5\cas_n[0:0]
     6/18: $5\ras_n[0:0]
     7/18: $4\we_n[0:0]
     8/18: $4\cas_n[0:0]
     9/18: $4\ras_n[0:0]
    10/18: $3\we_n[0:0]
    11/18: $3\cas_n[0:0]
    12/18: $3\ras_n[0:0]
    13/18: $2\we_n[0:0]
    14/18: $2\cas_n[0:0]
    15/18: $2\ras_n[0:0]
    16/18: $1\we_n[0:0]
    17/18: $1\cas_n[0:0]
    18/18: $1\ras_n[0:0]

10.8. Executing PROC_DLATCH pass (convert process syncs to latches).
No latch inferred for signal `\sdram_command_generator.\cs_n' from process `\sdram_command_generator.$proc$/project/rtl/sdram_command_generator.v:16$1'.
No latch inferred for signal `\sdram_command_generator.\ras_n' from process `\sdram_command_generator.$proc$/project/rtl/sdram_command_generator.v:16$1'.
No latch inferred for signal `\sdram_command_generator.\cas_n' from process `\sdram_command_generator.$proc$/project/rtl/sdram_command_generator.v:16$1'.
No latch inferred for signal `\sdram_command_generator.\we_n' from process `\sdram_command_generator.$proc$/project/rtl/sdram_command_generator.v:16$1'.

10.9. Executing PROC_DFF pass (convert process syncs to FFs).
Creating register for signal `\sdram_write_controller.\write_cmd' using process `\sdram_write_controller.$proc$/project/rtl/sdram_write_controller.v:23$11'.
  created $adff cell `$procdff$362' with positive edge clock and positive level reset.
Creating register for signal `\sdram_write_controller.\activate' using process `\sdram_write_controller.$proc$/project/rtl/sdram_write_controller.v:23$11'.
  created $adff cell `$procdff$365' with positive edge clock and positive level reset.
Creating register for signal `\sdram_write_controller.\start_delay' using process `\sdram_write_controller.$proc$/project/rtl/sdram_write_controller.v:23$11'.
  created $adff cell `$procdff$368' with positive edge clock and positive level reset.
Creating register for signal `\sdram_write_controller.\state' using process `\sdram_write_controller.$proc$/project/rtl/sdram_write_controller.v:23$11'.
  created $adff cell `$procdff$371' with positive edge clock and positive level reset.
Creating register for signal `\sdram_write_controller.\write_done' using process `\sdram_write_controller.$proc$/project/rtl/sdram_write_controller.v:23$11'.
  created $adff cell `$procdff$374' with positive edge clock and positive level reset.
Creating register for signal `$paramod\sdram_timing_generator\WAIT_CYCLES=s32'00000000000000000000000000001000.\counter' using process `$paramod\sdram_timing_generator\WAIT_CYCLES=s32'00000000000000000000000000001000.$proc$/project/rtl/sdram_timing_generator.v:17$12'.
  created $adff cell `$procdff$377' with positive edge clock and positive level reset.
Creating register for signal `$paramod\sdram_timing_generator\WAIT_CYCLES=s32'00000000000000000000000000001000.\done' using process `$paramod\sdram_timing_generator\WAIT_CYCLES=s32'00000000000000000000000000001000.$proc$/project/rtl/sdram_timing_generator.v:17$12'.
  created $adff cell `$procdff$380' with positive edge clock and positive level reset.
Creating register for signal `\sdram_refresh_controller.\refresh_request' using process `\sdram_refresh_controller.$proc$/project/rtl/sdram_refresh_controller.v:17$5'.
  created $adff cell `$procdff$383' with positive edge clock and positive level reset.
Creating register for signal `\sdram_refresh_controller.\counter' using process `\sdram_refresh_controller.$proc$/project/rtl/sdram_refresh_controller.v:17$5'.
  created $adff cell `$procdff$386' with positive edge clock and positive level reset.
Creating register for signal `\sdram_read_controller.\read_cmd' using process `\sdram_read_controller.$proc$/project/rtl/sdram_read_controller.v:22$4'.
  created $adff cell `$procdff$389' with positive edge clock and positive level reset.
Creating register for signal `\sdram_read_controller.\activate' using process `\sdram_read_controller.$proc$/project/rtl/sdram_read_controller.v:22$4'.
  created $adff cell `$procdff$392' with positive edge clock and positive level reset.
Creating register for signal `\sdram_read_controller.\start_delay' using process `\sdram_read_controller.$proc$/project/rtl/sdram_read_controller.v:22$4'.
  created $adff cell `$procdff$395' with positive edge clock and positive level reset.
Creating register for signal `\sdram_read_controller.\state' using process `\sdram_read_controller.$proc$/project/rtl/sdram_read_controller.v:22$4'.
  created $adff cell `$procdff$398' with positive edge clock and positive level reset.
Creating register for signal `\sdram_read_controller.\read_done' using process `\sdram_read_controller.$proc$/project/rtl/sdram_read_controller.v:22$4'.
  created $adff cell `$procdff$401' with positive edge clock and positive level reset.
Creating register for signal `\sdram_main_fsm.\state' using process `\sdram_main_fsm.$proc$/project/rtl/sdram_main_fsm.v:28$3'.
  created $adff cell `$procdff$404' with positive edge clock and positive level reset.
Creating register for signal `\sdram_main_fsm.\start_init' using process `\sdram_main_fsm.$proc$/project/rtl/sdram_main_fsm.v:28$3'.
  created $adff cell `$procdff$407' with positive edge clock and positive level reset.
Creating register for signal `\sdram_main_fsm.\start_refresh' using process `\sdram_main_fsm.$proc$/project/rtl/sdram_main_fsm.v:28$3'.
  created $adff cell `$procdff$410' with positive edge clock and positive level reset.
Creating register for signal `\sdram_main_fsm.\start_read' using process `\sdram_main_fsm.$proc$/project/rtl/sdram_main_fsm.v:28$3'.
  created $adff cell `$procdff$413' with positive edge clock and positive level reset.
Creating register for signal `\sdram_main_fsm.\start_write' using process `\sdram_main_fsm.$proc$/project/rtl/sdram_main_fsm.v:28$3'.
  created $adff cell `$procdff$416' with positive edge clock and positive level reset.
Creating register for signal `\sdram_init_fsm.\precharge' using process `\sdram_init_fsm.$proc$/project/rtl/sdram_init_fsm.v:23$2'.
  created $adff cell `$procdff$419' with positive edge clock and positive level reset.
Creating register for signal `\sdram_init_fsm.\refresh' using process `\sdram_init_fsm.$proc$/project/rtl/sdram_init_fsm.v:23$2'.
  created $adff cell `$procdff$422' with positive edge clock and positive level reset.
Creating register for signal `\sdram_init_fsm.\load_mode' using process `\sdram_init_fsm.$proc$/project/rtl/sdram_init_fsm.v:23$2'.
  created $adff cell `$procdff$425' with positive edge clock and positive level reset.
Creating register for signal `\sdram_init_fsm.\start_delay' using process `\sdram_init_fsm.$proc$/project/rtl/sdram_init_fsm.v:23$2'.
  created $adff cell `$procdff$428' with positive edge clock and positive level reset.
Creating register for signal `\sdram_init_fsm.\init_done' using process `\sdram_init_fsm.$proc$/project/rtl/sdram_init_fsm.v:23$2'.
  created $adff cell `$procdff$431' with positive edge clock and positive level reset.
Creating register for signal `\sdram_init_fsm.\state' using process `\sdram_init_fsm.$proc$/project/rtl/sdram_init_fsm.v:23$2'.
  created $adff cell `$procdff$434' with positive edge clock and positive level reset.

10.10. Executing PROC_MEMWR pass (convert process memory writes to cells).

10.11. Executing PROC_CLEAN pass (remove empty switches from decision trees).
Found and cleaned up 3 empty switches in `\sdram_write_controller.$proc$/project/rtl/sdram_write_controller.v:23$11'.
Removing empty process `sdram_write_controller.$proc$/project/rtl/sdram_write_controller.v:23$11'.
Found and cleaned up 2 empty switches in `$paramod\sdram_timing_generator\WAIT_CYCLES=s32'00000000000000000000000000001000.$proc$/project/rtl/sdram_timing_generator.v:17$12'.
Removing empty process `$paramod\sdram_timing_generator\WAIT_CYCLES=s32'00000000000000000000000000001000.$proc$/project/rtl/sdram_timing_generator.v:17$12'.
Found and cleaned up 1 empty switch in `\sdram_refresh_controller.$proc$/project/rtl/sdram_refresh_controller.v:17$5'.
Removing empty process `sdram_refresh_controller.$proc$/project/rtl/sdram_refresh_controller.v:17$5'.
Found and cleaned up 3 empty switches in `\sdram_read_controller.$proc$/project/rtl/sdram_read_controller.v:22$4'.
Removing empty process `sdram_read_controller.$proc$/project/rtl/sdram_read_controller.v:22$4'.
Found and cleaned up 7 empty switches in `\sdram_main_fsm.$proc$/project/rtl/sdram_main_fsm.v:28$3'.
Removing empty process `sdram_main_fsm.$proc$/project/rtl/sdram_main_fsm.v:28$3'.
Found and cleaned up 2 empty switches in `\sdram_init_fsm.$proc$/project/rtl/sdram_init_fsm.v:23$2'.
Removing empty process `sdram_init_fsm.$proc$/project/rtl/sdram_init_fsm.v:23$2'.
Found and cleaned up 6 empty switches in `\sdram_command_generator.$proc$/project/rtl/sdram_command_generator.v:16$1'.
Removing empty process `sdram_command_generator.$proc$/project/rtl/sdram_command_generator.v:16$1'.
Cleaned up 24 empty switches.

10.12. Executing OPT_EXPR pass (perform const folding).
Optimizing module sdram_write_controller.
<suppressed ~6 debug messages>
Optimizing module sdram_top.
Optimizing module $paramod\sdram_timing_generator\WAIT_CYCLES=s32'00000000000000000000000000001000.
<suppressed ~2 debug messages>
Optimizing module sdram_refresh_controller.
<suppressed ~2 debug messages>
Optimizing module sdram_read_controller.
<suppressed ~6 debug messages>
Optimizing module sdram_main_fsm.
<suppressed ~7 debug messages>
Optimizing module sdram_init_fsm.
<suppressed ~8 debug messages>
Optimizing module sdram_command_generator.

11. Executing OPT pass (performing simple optimizations).

11.1. Executing OPT_EXPR pass (perform const folding).
Optimizing module sdram_write_controller.
Optimizing module sdram_top.
Optimizing module $paramod\sdram_timing_generator\WAIT_CYCLES=s32'00000000000000000000000000001000.
Optimizing module sdram_refresh_controller.
Optimizing module sdram_read_controller.
Optimizing module sdram_main_fsm.
Optimizing module sdram_init_fsm.
Optimizing module sdram_command_generator.

11.2. Executing OPT_MERGE pass (detect identical cells).
Finding identical cells in module `\sdram_write_controller'.
Computing hashes of 21 cells of `\sdram_write_controller'.
Finding duplicate cells in `\sdram_write_controller'.
Computing hashes of 17 cells of `\sdram_write_controller'.
Finding duplicate cells in `\sdram_write_controller'.
<suppressed ~12 debug messages>
Finding identical cells in module `\sdram_top'.
Computing hashes of 7 cells of `\sdram_top'.
Finding duplicate cells in `\sdram_top'.
Finding identical cells in module `$paramod\sdram_timing_generator\WAIT_CYCLES=s32'00000000000000000000000000001000'.
Computing hashes of 8 cells of `$paramod\sdram_timing_generator\WAIT_CYCLES=s32'00000000000000000000000000001000'.
Finding duplicate cells in `$paramod\sdram_timing_generator\WAIT_CYCLES=s32'00000000000000000000000000001000'.
Finding identical cells in module `\sdram_refresh_controller'.
Computing hashes of 6 cells of `\sdram_refresh_controller'.
Finding duplicate cells in `\sdram_refresh_controller'.
Finding identical cells in module `\sdram_read_controller'.
Computing hashes of 21 cells of `\sdram_read_controller'.
Finding duplicate cells in `\sdram_read_controller'.
Computing hashes of 17 cells of `\sdram_read_controller'.
Finding duplicate cells in `\sdram_read_controller'.
<suppressed ~12 debug messages>
Finding identical cells in module `\sdram_main_fsm'.
Computing hashes of 27 cells of `\sdram_main_fsm'.
Finding duplicate cells in `\sdram_main_fsm'.
Computing hashes of 22 cells of `\sdram_main_fsm'.
Finding duplicate cells in `\sdram_main_fsm'.
<suppressed ~15 debug messages>
Finding identical cells in module `\sdram_init_fsm'.
Computing hashes of 25 cells of `\sdram_init_fsm'.
Finding duplicate cells in `\sdram_init_fsm'.
Computing hashes of 19 cells of `\sdram_init_fsm'.
Finding duplicate cells in `\sdram_init_fsm'.
<suppressed ~18 debug messages>
Finding identical cells in module `\sdram_command_generator'.
Computing hashes of 63 cells of `\sdram_command_generator'.
Finding duplicate cells in `\sdram_command_generator'.
Removed a total of 19 cells.

11.3. Executing OPT_MUXTREE pass (detect dead branches in mux trees).
Running muxtree optimizer on module \sdram_write_controller..
  Creating internal representation of mux trees.
  Evaluating internal representation of mux trees.
  Analyzing evaluation results.
Running muxtree optimizer on module \sdram_top..
  Creating internal representation of mux trees.
  No muxes found in this module.
Running muxtree optimizer on module $paramod\sdram_timing_generator\WAIT_CYCLES=s32'00000000000000000000000000001000..
  Creating internal representation of mux trees.
  Evaluating internal representation of mux trees.
  Analyzing evaluation results.
Running muxtree optimizer on module \sdram_refresh_controller..
  Creating internal representation of mux trees.
  Evaluating internal representation of mux trees.
  Analyzing evaluation results.
Running muxtree optimizer on module \sdram_read_controller..
  Creating internal representation of mux trees.
  Evaluating internal representation of mux trees.
  Analyzing evaluation results.
Running muxtree optimizer on module \sdram_main_fsm..
  Creating internal representation of mux trees.
  Evaluating internal representation of mux trees.
  Analyzing evaluation results.
Running muxtree optimizer on module \sdram_init_fsm..
  Creating internal representation of mux trees.
  Evaluating internal representation of mux trees.
  Analyzing evaluation results.
Running muxtree optimizer on module \sdram_command_generator..
  Creating internal representation of mux trees.
  Evaluating internal representation of mux trees.
  Analyzing evaluation results.
    dead port 1/2 on $mux $procmux$349.
    dead port 1/2 on $mux $procmux$343.
    dead port 1/2 on $mux $procmux$337.
    dead port 1/2 on $mux $procmux$331.
    dead port 1/2 on $mux $procmux$328.
    dead port 1/2 on $mux $procmux$322.
    dead port 1/2 on $mux $procmux$319.
    dead port 1/2 on $mux $procmux$313.
    dead port 1/2 on $mux $procmux$310.
    dead port 1/2 on $mux $procmux$304.
    dead port 1/2 on $mux $procmux$301.
    dead port 1/2 on $mux $procmux$298.
    dead port 1/2 on $mux $procmux$292.
    dead port 1/2 on $mux $procmux$289.
    dead port 1/2 on $mux $procmux$286.
    dead port 1/2 on $mux $procmux$280.
    dead port 1/2 on $mux $procmux$277.
    dead port 1/2 on $mux $procmux$274.
    dead port 1/2 on $mux $procmux$268.
    dead port 1/2 on $mux $procmux$265.
    dead port 1/2 on $mux $procmux$262.
    dead port 1/2 on $mux $procmux$259.
    dead port 1/2 on $mux $procmux$253.
    dead port 1/2 on $mux $procmux$250.
    dead port 1/2 on $mux $procmux$247.
    dead port 1/2 on $mux $procmux$244.
    dead port 1/2 on $mux $procmux$238.
    dead port 1/2 on $mux $procmux$235.
    dead port 1/2 on $mux $procmux$232.
    dead port 1/2 on $mux $procmux$229.
    dead port 1/2 on $mux $procmux$223.
    dead port 1/2 on $mux $procmux$220.
    dead port 1/2 on $mux $procmux$217.
    dead port 1/2 on $mux $procmux$214.
    dead port 1/2 on $mux $procmux$211.
    dead port 1/2 on $mux $procmux$205.
    dead port 1/2 on $mux $procmux$202.
    dead port 1/2 on $mux $procmux$199.
    dead port 1/2 on $mux $procmux$196.
    dead port 1/2 on $mux $procmux$193.
    dead port 1/2 on $mux $procmux$187.
    dead port 1/2 on $mux $procmux$184.
    dead port 1/2 on $mux $procmux$181.
    dead port 1/2 on $mux $procmux$178.
    dead port 1/2 on $mux $procmux$175.
Removed 45 multiplexer ports.
<suppressed ~129 debug messages>

11.4. Executing OPT_REDUCE pass (consolidate $*mux and $reduce_* inputs).
  Optimizing cells in module \sdram_write_controller.
    New ctrl vector for $pmux cell $procmux$18: $auto$opt_reduce.cc:137:opt_pmux$436
  Optimizing cells in module \sdram_write_controller.
  Optimizing cells in module \sdram_top.
  Optimizing cells in module $paramod\sdram_timing_generator\WAIT_CYCLES=s32'00000000000000000000000000001000.
  Optimizing cells in module \sdram_refresh_controller.
  Optimizing cells in module \sdram_read_controller.
    New ctrl vector for $pmux cell $procmux$66: $auto$opt_reduce.cc:137:opt_pmux$438
  Optimizing cells in module \sdram_read_controller.
  Optimizing cells in module \sdram_main_fsm.
    New ctrl vector for $pmux cell $procmux$110: $auto$opt_reduce.cc:137:opt_pmux$440
  Optimizing cells in module \sdram_main_fsm.
  Optimizing cells in module \sdram_init_fsm.
    New ctrl vector for $pmux cell $procmux$155: $auto$opt_reduce.cc:137:opt_pmux$442
  Optimizing cells in module \sdram_init_fsm.
  Optimizing cells in module \sdram_command_generator.
Performed a total of 4 changes.

11.5. Executing OPT_MERGE pass (detect identical cells).
Finding identical cells in module `\sdram_write_controller'.
Computing hashes of 18 cells of `\sdram_write_controller'.
Finding duplicate cells in `\sdram_write_controller'.
Finding identical cells in module `\sdram_top'.
Computing hashes of 7 cells of `\sdram_top'.
Finding duplicate cells in `\sdram_top'.
Finding identical cells in module `$paramod\sdram_timing_generator\WAIT_CYCLES=s32'00000000000000000000000000001000'.
Computing hashes of 8 cells of `$paramod\sdram_timing_generator\WAIT_CYCLES=s32'00000000000000000000000000001000'.
Finding duplicate cells in `$paramod\sdram_timing_generator\WAIT_CYCLES=s32'00000000000000000000000000001000'.
Finding identical cells in module `\sdram_refresh_controller'.
Computing hashes of 6 cells of `\sdram_refresh_controller'.
Finding duplicate cells in `\sdram_refresh_controller'.
Finding identical cells in module `\sdram_read_controller'.
Computing hashes of 18 cells of `\sdram_read_controller'.
Finding duplicate cells in `\sdram_read_controller'.
Finding identical cells in module `\sdram_main_fsm'.
Computing hashes of 23 cells of `\sdram_main_fsm'.
Finding duplicate cells in `\sdram_main_fsm'.
Finding identical cells in module `\sdram_init_fsm'.
Computing hashes of 20 cells of `\sdram_init_fsm'.
Finding duplicate cells in `\sdram_init_fsm'.
Finding identical cells in module `\sdram_command_generator'.
Computing hashes of 18 cells of `\sdram_command_generator'.
Finding duplicate cells in `\sdram_command_generator'.
Computing hashes of 16 cells of `\sdram_command_generator'.
Finding duplicate cells in `\sdram_command_generator'.
Computing hashes of 15 cells of `\sdram_command_generator'.
Finding duplicate cells in `\sdram_command_generator'.
<suppressed ~9 debug messages>
Removed a total of 3 cells.

11.6. Executing OPT_DFF pass (perform DFF optimizations).
Adding EN signal on $procdff$371 ($adff) from module sdram_write_controller (D = $procmux$36_Y, Q = \state).
Adding EN signal on $procdff$398 ($adff) from module sdram_read_controller (D = $procmux$84_Y, Q = \state).
Adding EN signal on $procdff$404 ($adff) from module sdram_main_fsm (D = $procmux$116_Y, Q = \state).
Adding EN signal on $procdff$431 ($adff) from module sdram_init_fsm (D = 1'1, Q = \init_done).
Adding EN signal on $procdff$434 ($adff) from module sdram_init_fsm (D = $procmux$159_Y, Q = \state).

11.7. Executing OPT_CLEAN pass (remove unused cells and wires).
Finding unused cells or wires in module \sdram_write_controller..
Finding unused cells or wires in module \sdram_top..
Finding unused cells or wires in module $paramod\sdram_timing_generator\WAIT_CYCLES=s32'00000000000000000000000000001000..
Finding unused cells or wires in module \sdram_refresh_controller..
Finding unused cells or wires in module \sdram_read_controller..
Finding unused cells or wires in module \sdram_main_fsm..
Finding unused cells or wires in module \sdram_init_fsm..
Finding unused cells or wires in module \sdram_command_generator..
Removed 1 unused cells and 224 unused wires.
<suppressed ~9 debug messages>

11.8. Executing OPT_EXPR pass (perform const folding).
Optimizing module sdram_write_controller.
Optimizing module sdram_top.
Optimizing module $paramod\sdram_timing_generator\WAIT_CYCLES=s32'00000000000000000000000000001000.
Optimizing module sdram_refresh_controller.
Optimizing module sdram_read_controller.
Optimizing module sdram_main_fsm.
Optimizing module sdram_init_fsm.
<suppressed ~1 debug messages>
Optimizing module sdram_command_generator.

11.9. Rerunning OPT passes. (Maybe there is more to do..)

11.10. Executing OPT_MUXTREE pass (detect dead branches in mux trees).
Running muxtree optimizer on module \sdram_write_controller..
  Creating internal representation of mux trees.
  Evaluating internal representation of mux trees.
  Analyzing evaluation results.
Running muxtree optimizer on module \sdram_top..
  Creating internal representation of mux trees.
  No muxes found in this module.
Running muxtree optimizer on module $paramod\sdram_timing_generator\WAIT_CYCLES=s32'00000000000000000000000000001000..
  Creating internal representation of mux trees.
  Evaluating internal representation of mux trees.
  Analyzing evaluation results.
Running muxtree optimizer on module \sdram_refresh_controller..
  Creating internal representation of mux trees.
  Evaluating internal representation of mux trees.
  Analyzing evaluation results.
Running muxtree optimizer on module \sdram_read_controller..
  Creating internal representation of mux trees.
  Evaluating internal representation of mux trees.
  Analyzing evaluation results.
Running muxtree optimizer on module \sdram_main_fsm..
  Creating internal representation of mux trees.
  Evaluating internal representation of mux trees.
  Analyzing evaluation results.
Running muxtree optimizer on module \sdram_init_fsm..
  Creating internal representation of mux trees.
  Evaluating internal representation of mux trees.
  Analyzing evaluation results.
Running muxtree optimizer on module \sdram_command_generator..
  Creating internal representation of mux trees.
  Evaluating internal representation of mux trees.
  Analyzing evaluation results.
Removed 0 multiplexer ports.
<suppressed ~87 debug messages>

11.11. Executing OPT_REDUCE pass (consolidate $*mux and $reduce_* inputs).
  Optimizing cells in module \sdram_write_controller.
  Optimizing cells in module \sdram_top.
  Optimizing cells in module $paramod\sdram_timing_generator\WAIT_CYCLES=s32'00000000000000000000000000001000.
  Optimizing cells in module \sdram_refresh_controller.
  Optimizing cells in module \sdram_read_controller.
  Optimizing cells in module \sdram_main_fsm.
  Optimizing cells in module \sdram_init_fsm.
  Optimizing cells in module \sdram_command_generator.
Performed a total of 0 changes.

11.12. Executing OPT_MERGE pass (detect identical cells).
Finding identical cells in module `\sdram_write_controller'.
Computing hashes of 21 cells of `\sdram_write_controller'.
Finding duplicate cells in `\sdram_write_controller'.
Finding identical cells in module `\sdram_top'.
Computing hashes of 7 cells of `\sdram_top'.
Finding duplicate cells in `\sdram_top'.
Finding identical cells in module `$paramod\sdram_timing_generator\WAIT_CYCLES=s32'00000000000000000000000000001000'.
Computing hashes of 8 cells of `$paramod\sdram_timing_generator\WAIT_CYCLES=s32'00000000000000000000000000001000'.
Finding duplicate cells in `$paramod\sdram_timing_generator\WAIT_CYCLES=s32'00000000000000000000000000001000'.
Finding identical cells in module `\sdram_refresh_controller'.
Computing hashes of 6 cells of `\sdram_refresh_controller'.
Finding duplicate cells in `\sdram_refresh_controller'.
Finding identical cells in module `\sdram_read_controller'.
Computing hashes of 21 cells of `\sdram_read_controller'.
Finding duplicate cells in `\sdram_read_controller'.
Finding identical cells in module `\sdram_main_fsm'.
Computing hashes of 28 cells of `\sdram_main_fsm'.
Finding duplicate cells in `\sdram_main_fsm'.
Finding identical cells in module `\sdram_init_fsm'.
Computing hashes of 22 cells of `\sdram_init_fsm'.
Finding duplicate cells in `\sdram_init_fsm'.
Finding identical cells in module `\sdram_command_generator'.
Computing hashes of 15 cells of `\sdram_command_generator'.
Finding duplicate cells in `\sdram_command_generator'.
Removed a total of 0 cells.

11.13. Executing OPT_DFF pass (perform DFF optimizations).

11.14. Executing OPT_CLEAN pass (remove unused cells and wires).
Finding unused cells or wires in module \sdram_write_controller..
Finding unused cells or wires in module \sdram_top..
Finding unused cells or wires in module $paramod\sdram_timing_generator\WAIT_CYCLES=s32'00000000000000000000000000001000..
Finding unused cells or wires in module \sdram_refresh_controller..
Finding unused cells or wires in module \sdram_read_controller..
Finding unused cells or wires in module \sdram_main_fsm..
Finding unused cells or wires in module \sdram_init_fsm..
Finding unused cells or wires in module \sdram_command_generator..

11.15. Executing OPT_EXPR pass (perform const folding).
Optimizing module sdram_write_controller.
Optimizing module sdram_top.
Optimizing module $paramod\sdram_timing_generator\WAIT_CYCLES=s32'00000000000000000000000000001000.
Optimizing module sdram_refresh_controller.
Optimizing module sdram_read_controller.
Optimizing module sdram_main_fsm.
Optimizing module sdram_init_fsm.
Optimizing module sdram_command_generator.

11.16. Finished fast OPT passes. (There is nothing left to do.)

12. Executing FLATTEN pass (flatten design).
Deleting now unused module sdram_write_controller.
Deleting now unused module $paramod\sdram_timing_generator\WAIT_CYCLES=s32'00000000000000000000000000001000.
Deleting now unused module sdram_refresh_controller.
Deleting now unused module sdram_read_controller.
Deleting now unused module sdram_main_fsm.
Deleting now unused module sdram_init_fsm.
Deleting now unused module sdram_command_generator.
<suppressed ~7 debug messages>

13. Executing OPT_CLEAN pass (remove unused cells and wires).
Finding unused cells or wires in module \sdram_top..
Removed 19 unused cells and 19 unused wires.
<suppressed ~28 debug messages>

14. Executing OPT pass (performing simple optimizations).

14.1. Executing OPT_EXPR pass (perform const folding).
Optimizing module sdram_top.
<suppressed ~5 debug messages>

14.2. Executing OPT_MERGE pass (detect identical cells).
Finding identical cells in module `\sdram_top'.
Computing hashes of 104 cells of `\sdram_top'.
Finding duplicate cells in `\sdram_top'.
Removed a total of 0 cells.

14.3. Executing OPT_MUXTREE pass (detect dead branches in mux trees).
Running muxtree optimizer on module \sdram_top..
  Creating internal representation of mux trees.
  Evaluating internal representation of mux trees.
  Analyzing evaluation results.
Removed 0 multiplexer ports.
<suppressed ~61 debug messages>

14.4. Executing OPT_REDUCE pass (consolidate $*mux and $reduce_* inputs).
  Optimizing cells in module \sdram_top.
Performed a total of 0 changes.

14.5. Executing OPT_MERGE pass (detect identical cells).
Finding identical cells in module `\sdram_top'.
Computing hashes of 104 cells of `\sdram_top'.
Finding duplicate cells in `\sdram_top'.
Computing hashes of 103 cells of `\sdram_top'.
Finding duplicate cells in `\sdram_top'.
<suppressed ~3 debug messages>
Removed a total of 1 cells.

14.6. Executing OPT_DFF pass (perform DFF optimizations).

14.7. Executing OPT_CLEAN pass (remove unused cells and wires).
Finding unused cells or wires in module \sdram_top..
Removed 0 unused cells and 6 unused wires.
<suppressed ~1 debug messages>

14.8. Executing OPT_EXPR pass (perform const folding).
Optimizing module sdram_top.

14.9. Rerunning OPT passes. (Maybe there is more to do..)

14.10. Executing OPT_MUXTREE pass (detect dead branches in mux trees).
Running muxtree optimizer on module \sdram_top..
  Creating internal representation of mux trees.
  Evaluating internal representation of mux trees.
  Analyzing evaluation results.
Removed 0 multiplexer ports.
<suppressed ~63 debug messages>

14.11. Executing OPT_REDUCE pass (consolidate $*mux and $reduce_* inputs).
  Optimizing cells in module \sdram_top.
Performed a total of 0 changes.

14.12. Executing OPT_MERGE pass (detect identical cells).
Finding identical cells in module `\sdram_top'.
Computing hashes of 103 cells of `\sdram_top'.
Finding duplicate cells in `\sdram_top'.
Removed a total of 0 cells.

14.13. Executing OPT_DFF pass (perform DFF optimizations).

14.14. Executing OPT_CLEAN pass (remove unused cells and wires).
Finding unused cells or wires in module \sdram_top..

14.15. Executing OPT_EXPR pass (perform const folding).
Optimizing module sdram_top.

14.16. Finished fast OPT passes. (There is nothing left to do.)

15. Executing MEMORY_MAP pass (converting memories to logic and flip-flops).

16. Executing OPT pass (performing simple optimizations).

16.1. Executing OPT_EXPR pass (perform const folding).
Optimizing module sdram_top.

16.2. Executing OPT_MERGE pass (detect identical cells).
Finding identical cells in module `\sdram_top'.
Computing hashes of 103 cells of `\sdram_top'.
Finding duplicate cells in `\sdram_top'.
Removed a total of 0 cells.

16.3. Executing OPT_MUXTREE pass (detect dead branches in mux trees).
Running muxtree optimizer on module \sdram_top..
  Creating internal representation of mux trees.
  Evaluating internal representation of mux trees.
  Analyzing evaluation results.
Removed 0 multiplexer ports.
<suppressed ~63 debug messages>

16.4. Executing OPT_REDUCE pass (consolidate $*mux and $reduce_* inputs).
  Optimizing cells in module \sdram_top.
Performed a total of 0 changes.

16.5. Executing OPT_MERGE pass (detect identical cells).
Finding identical cells in module `\sdram_top'.
Computing hashes of 103 cells of `\sdram_top'.
Finding duplicate cells in `\sdram_top'.
Removed a total of 0 cells.

16.6. Executing OPT_DFF pass (perform DFF optimizations).

16.7. Executing OPT_CLEAN pass (remove unused cells and wires).
Finding unused cells or wires in module \sdram_top..

16.8. Executing OPT_EXPR pass (perform const folding).
Optimizing module sdram_top.

16.9. Finished fast OPT passes. (There is nothing left to do.)

17. Executing TECHMAP pass (map to technology primitives).

17.1. Executing Verilog-2005 frontend: /usr/local/bin/../share/yosys/techmap.v
Parsing Verilog input from `/usr/local/bin/../share/yosys/techmap.v' to AST representation.
Generating RTLIL representation for module `\_90_simplemap_bool_ops'.
Generating RTLIL representation for module `\_90_simplemap_reduce_ops'.
Generating RTLIL representation for module `\_90_simplemap_logic_ops'.
Generating RTLIL representation for module `\_90_simplemap_compare_ops'.
Generating RTLIL representation for module `\_90_simplemap_various'.
Generating RTLIL representation for module `\_90_simplemap_registers'.
Generating RTLIL representation for module `\_90_shift_ops_shr_shl_sshl_sshr'.
Generating RTLIL representation for module `\_90_shift_shiftx'.
Generating RTLIL representation for module `\_90_fa'.
Generating RTLIL representation for module `\_90_lcu_brent_kung'.
Generating RTLIL representation for module `\_90_alu'.
Generating RTLIL representation for module `\_90_macc'.
Generating RTLIL representation for module `\_90_alumacc'.
Generating RTLIL representation for module `$__div_mod_u'.
Generating RTLIL representation for module `$__div_mod_trunc'.
Generating RTLIL representation for module `\_90_div'.
Generating RTLIL representation for module `\_90_mod'.
Generating RTLIL representation for module `$__div_mod_floor'.
Generating RTLIL representation for module `\_90_divfloor'.
Generating RTLIL representation for module `\_90_modfloor'.
Generating RTLIL representation for module `\_90_pow'.
Generating RTLIL representation for module `\_90_demux'.
Generating RTLIL representation for module `\_90_lut'.
Generating RTLIL representation for module `$connect'.
Generating RTLIL representation for module `$input_port'.
Successfully finished Verilog frontend.

17.2. Continuing TECHMAP pass.
Using extmapper simplemap for cells of type $mux.
Using extmapper simplemap for cells of type $adffe.
Using extmapper simplemap for cells of type $adff.
Using extmapper simplemap for cells of type $eq.
Using extmapper simplemap for cells of type $pmux.
Using extmapper simplemap for cells of type $logic_not.
Using extmapper simplemap for cells of type $ne.
Using extmapper simplemap for cells of type $reduce_and.
Running "alumacc" on wrapper $extern:wrap:$add:Y_WIDTH=32:B_WIDTH=32:A_WIDTH=5:B_SIGNED=0:A_SIGNED=0:394426c56d1a028ba8fdd5469b163e04011def47.
Using template $extern:wrap:$add:Y_WIDTH=32:B_WIDTH=32:A_WIDTH=5:B_SIGNED=0:A_SIGNED=0:394426c56d1a028ba8fdd5469b163e04011def47 for cells of type $extern:wrap:$add:Y_WIDTH=32:B_WIDTH=32:A_WIDTH=5:B_SIGNED=0:A_SIGNED=0:394426c56d1a028ba8fdd5469b163e04011def47.
Using extmapper simplemap for cells of type $reduce_or.
Using extmapper simplemap for cells of type $not.
Running "alumacc" on wrapper $extern:wrap:$add:Y_WIDTH=32:B_WIDTH=32:A_WIDTH=4:B_SIGNED=0:A_SIGNED=0:394426c56d1a028ba8fdd5469b163e04011def47.
Using template $extern:wrap:$add:Y_WIDTH=32:B_WIDTH=32:A_WIDTH=4:B_SIGNED=0:A_SIGNED=0:394426c56d1a028ba8fdd5469b163e04011def47 for cells of type $extern:wrap:$add:Y_WIDTH=32:B_WIDTH=32:A_WIDTH=4:B_SIGNED=0:A_SIGNED=0:394426c56d1a028ba8fdd5469b163e04011def47.
Using template $paramod$a7817265ef3ab2ee43da53bbd8a90f6450d412d9\_90_alu for cells of type $alu.
Using template $paramod$b0777dc865134c8525a4aa84de8cfa938974cad1\_90_alu for cells of type $alu.
Using extmapper simplemap for cells of type $xor.
Using template $paramod\_90_fa\WIDTH=32'00000000000000000000000000100000 for cells of type $fa.
Using template $paramod\_90_lcu_brent_kung\WIDTH=32'00000000000000000000000000100000 for cells of type $lcu.
Using extmapper simplemap for cells of type $pos.
Using extmapper simplemap for cells of type $or.
Using extmapper simplemap for cells of type $and.
No more expansions possible.
<suppressed ~701 debug messages>

18. Executing OPT pass (performing simple optimizations).

18.1. Executing OPT_EXPR pass (perform const folding).
Optimizing module sdram_top.
<suppressed ~948 debug messages>

18.2. Executing OPT_MERGE pass (detect identical cells).
Finding identical cells in module `\sdram_top'.
Computing hashes of 326 cells of `\sdram_top'.
Finding duplicate cells in `\sdram_top'.
Computing hashes of 288 cells of `\sdram_top'.
Finding duplicate cells in `\sdram_top'.
Computing hashes of 278 cells of `\sdram_top'.
Finding duplicate cells in `\sdram_top'.
Computing hashes of 277 cells of `\sdram_top'.
Finding duplicate cells in `\sdram_top'.
<suppressed ~147 debug messages>
Removed a total of 49 cells.

18.3. Executing OPT_MUXTREE pass (detect dead branches in mux trees).
Running muxtree optimizer on module \sdram_top..
  Creating internal representation of mux trees.
  No muxes found in this module.
Removed 0 multiplexer ports.

18.4. Executing OPT_REDUCE pass (consolidate $*mux and $reduce_* inputs).
  Optimizing cells in module \sdram_top.
Performed a total of 0 changes.

18.5. Executing OPT_MERGE pass (detect identical cells).
Finding identical cells in module `\sdram_top'.
Computing hashes of 277 cells of `\sdram_top'.
Finding duplicate cells in `\sdram_top'.
Removed a total of 0 cells.

18.6. Executing OPT_DFF pass (perform DFF optimizations).

18.7. Executing OPT_CLEAN pass (remove unused cells and wires).
Finding unused cells or wires in module \sdram_top..
Removed 3 unused cells and 467 unused wires.
<suppressed ~4 debug messages>

18.8. Executing OPT_EXPR pass (perform const folding).
Optimizing module sdram_top.

18.9. Rerunning OPT passes. (Maybe there is more to do..)

18.10. Executing OPT_MUXTREE pass (detect dead branches in mux trees).
Running muxtree optimizer on module \sdram_top..
  Creating internal representation of mux trees.
  No muxes found in this module.
Removed 0 multiplexer ports.

18.11. Executing OPT_REDUCE pass (consolidate $*mux and $reduce_* inputs).
  Optimizing cells in module \sdram_top.
Performed a total of 0 changes.

18.12. Executing OPT_MERGE pass (detect identical cells).
Finding identical cells in module `\sdram_top'.
Computing hashes of 274 cells of `\sdram_top'.
Finding duplicate cells in `\sdram_top'.
Removed a total of 0 cells.

18.13. Executing OPT_DFF pass (perform DFF optimizations).

18.14. Executing OPT_CLEAN pass (remove unused cells and wires).
Finding unused cells or wires in module \sdram_top..

18.15. Executing OPT_EXPR pass (perform const folding).
Optimizing module sdram_top.

18.16. Finished fast OPT passes. (There is nothing left to do.)

19. Executing DFFLIBMAP pass (mapping DFF cells to sequential cells from liberty file).
  cell DFF_X1 (noninv, pins=4, area=4.52) is a direct match for cell type $_DFF_P_.
  cell DFFR_X1 (noninv, pins=5, area=5.32) is a direct match for cell type $_DFF_PN0_.
  cell DFFS_X1 (noninv, pins=5, area=5.32) is a direct match for cell type $_DFF_PN1_.
  cell DFFRS_X1 (noninv, pins=6, area=6.38) is a direct match for cell type $_DFFSR_PNN_.
  final dff cell mappings:
    unmapped dff cell: $_DFF_N_
    \DFF_X1 _DFF_P_ (.CK( C), .D( D), .Q( Q), .QN(~Q));
    unmapped dff cell: $_DFF_NN0_
    unmapped dff cell: $_DFF_NN1_
    unmapped dff cell: $_DFF_NP0_
    unmapped dff cell: $_DFF_NP1_
    \DFFR_X1 _DFF_PN0_ (.CK( C), .D( D), .Q( Q), .QN(~Q), .RN( R));
    \DFFS_X1 _DFF_PN1_ (.CK( C), .D( D), .Q( Q), .QN(~Q), .SN( R));
    unmapped dff cell: $_DFF_PP0_
    unmapped dff cell: $_DFF_PP1_
    unmapped dff cell: $_DFFE_NN_
    unmapped dff cell: $_DFFE_NP_
    unmapped dff cell: $_DFFE_PN_
    unmapped dff cell: $_DFFE_PP_
    unmapped dff cell: $_DFFSR_NNN_
    unmapped dff cell: $_DFFSR_NNP_
    unmapped dff cell: $_DFFSR_NPN_
    unmapped dff cell: $_DFFSR_NPP_
    \DFFRS_X1 _DFFSR_PNN_ (.CK( C), .D( D), .Q( Q), .QN(~Q), .RN( R), .SN( S));
    unmapped dff cell: $_DFFSR_PNP_
    unmapped dff cell: $_DFFSR_PPN_
    unmapped dff cell: $_DFFSR_PPP_

19.1. Executing DFFLEGALIZE pass (convert FFs to types supported by the target).
<suppressed ~8 debug messages>
Mapping DFF cells in module `\sdram_top':
  mapped 32 $_DFF_PN0_ cells to \DFFR_X1 cells.

20. Executing ABC pass (technology mapping using ABC).

20.1. Extracting gate netlist of module `\sdram_top' to `<abc-temp-dir>/input.blif'..
Replacing 14 occurrences of constant undef bits with constant zero bits

20.1.1. Executed ABC.
Extracted 280 gates and 339 wires to a netlist network with 55 inputs and 67 outputs.
Running ABC script: <abc-temp-dir>/abc.script
ABC: UC Berkeley, ABC 1.01 (compiled 0 0)
ABC: abc 01> empty
ABC: abc 01> source <abc-temp-dir>/abc.script
ABC: + read_blif <abc-temp-dir>/input.blif 
ABC: Warning: Constant-0 drivers added to 1 non-driven nets in network "netlist":
ABC: ys__n319
ABC: + read_scl /tmp/yosys-liberty-scl-cache/yosys_merged_af18ad9b.scl 
ABC: Warning: Detected 2 multi-output cells (for example, "FA_X1").
ABC: + strash 
ABC: + &get -n 
ABC: + &fraig -x 
ABC: + &put 
ABC: + scorr 
ABC: Warning: The network is combinational (run "fraig" or "fraig_sweep").
ABC: + dc2 
ABC: + dretime 
ABC: + strash 
ABC: + &get -n 
ABC: + &dch -f 
ABC: + &nf 
ABC: + &put 
ABC: + write_blif <abc-temp-dir>/output.blif 
ABC: 
ABC: YOSYS_ABC_DONE 

20.1.2. Re-integrating ABC results.
ABC RESULTS:           AND2_X1 cells:        2
ABC RESULTS:           AND3_X1 cells:        2
ABC RESULTS:          AOI21_X1 cells:        8
ABC RESULTS:          AOI22_X1 cells:        1
ABC RESULTS:            BUF_X1 cells:        1
ABC RESULTS:            INV_X1 cells:       38
ABC RESULTS:           MUX2_X1 cells:        4
ABC RESULTS:          NAND2_X1 cells:        4
ABC RESULTS:          NAND3_X1 cells:        4
ABC RESULTS:           NOR2_X1 cells:        9
ABC RESULTS:           NOR3_X1 cells:       17
ABC RESULTS:           NOR4_X1 cells:        8
ABC RESULTS:         OAI211_X1 cells:        1
ABC RESULTS:          OAI21_X1 cells:        4
ABC RESULTS:          OAI22_X1 cells:        2
ABC RESULTS:          OAI33_X1 cells:        1
ABC RESULTS:            OR2_X1 cells:        3
ABC RESULTS:            OR3_X1 cells:       10
ABC RESULTS:            OR4_X1 cells:        1
ABC RESULTS:          XNOR2_X1 cells:        3
ABC RESULTS:        internal signals:      217
ABC RESULTS:           input signals:       55
ABC RESULTS:          output signals:       67
Removing temp directory.
Removing global temp directory.

21. Executing OPT_CLEAN pass (remove unused cells and wires).
Finding unused cells or wires in module \sdram_top..
Removed 7 unused cells and 342 unused wires.
<suppressed ~54 debug messages>

22. Printing statistics.

=== sdram_top ===

        +----------Local Count, excluding submodules.
        | 
      177 wires
      254 wire bits
        8 public wires
        8 public wire bits
        8 ports
        8 port bits
      155 cells
        2   AND2_X1
        2   AND3_X1
        8   AOI21_X1
        1   AOI22_X1
        1   BUF_X1
       32   DFFR_X1
       38   INV_X1
        4   MUX2_X1
        4   NAND2_X1
        4   NAND3_X1
        9   NOR2_X1
       17   NOR3_X1
        8   NOR4_X1
        1   OAI211_X1
        4   OAI21_X1
        2   OAI22_X1
        1   OAI33_X1
        3   OR2_X1
       10   OR3_X1
        1   OR4_X1
        3   XNOR2_X1

23. Executing Verilog backend.

23.1. Executing BMUXMAP pass.

23.2. Executing DEMUXMAP pass.
Dumping module `\sdram_top'.

End of script. Logfile hash: 36d642b871, time: 0.88s, user: 0.27s, system: 0.30s, MEM: 42.38 MB peak
Yosys 0.67 (git sha1 2d1509d1b, Release, GNU /usr/local/bin/wrapped-cc/g++ 11.4.0)
Time spent: 58% 1x abc (0 sec), 12% 1x dfflibmap (0 sec), ...
