
 /----------------------------------------------------------------------------\
 |  yosys -- Yosys Open SYnthesis Suite                                       |
 |  Copyright (C) 2012 - 2026  Claire Xenia Wolf <claire@yosyshq.com>         |
 |  Distributed under an ISC-like license, type "license" to see terms        |
 \----------------------------------------------------------------------------/
 Yosys 0.67 (git sha1 2d1509d1b, Release, GNU /usr/local/bin/wrapped-cc/g++ 11.4.0)

-- Executing script file `yosys/asic/map_nangate45.ys' --

1. Executing Verilog-2005 frontend: rtl/interrupt_controller_fsm.v
Parsing Verilog input from `rtl/interrupt_controller_fsm.v' to AST representation.
Generating RTLIL representation for module `\interrupt_controller_fsm'.
Successfully finished Verilog frontend.

2. Executing Verilog-2005 frontend: rtl/interrupt_controller_top.v
Parsing Verilog input from `rtl/interrupt_controller_top.v' to AST representation.
Generating RTLIL representation for module `\interrupt_controller_top'.
Successfully finished Verilog frontend.

3. Executing Verilog-2005 frontend: rtl/interrupt_mask_register.v
Parsing Verilog input from `rtl/interrupt_mask_register.v' to AST representation.
Generating RTLIL representation for module `\interrupt_mask_register'.
Successfully finished Verilog frontend.

4. Executing Verilog-2005 frontend: rtl/interrupt_priority_encoder.v
Parsing Verilog input from `rtl/interrupt_priority_encoder.v' to AST representation.
Generating RTLIL representation for module `\interrupt_priority_encoder'.
Successfully finished Verilog frontend.

5. Executing Verilog-2005 frontend: rtl/interrupt_request_register.v
Parsing Verilog input from `rtl/interrupt_request_register.v' to AST representation.
Generating RTLIL representation for module `\interrupt_request_register'.
Successfully finished Verilog frontend.

6. Executing HIERARCHY pass (managing design hierarchy).

6.1. Analyzing design hierarchy..
Top module:  \interrupt_controller_top
Used module:     \interrupt_controller_fsm
Used module:     \interrupt_priority_encoder
Used module:     \interrupt_mask_register
Used module:     \interrupt_request_register
Parameter \NUM_IRQS = 8

6.2. Executing AST frontend in derive mode using pre-parsed AST for module `\interrupt_priority_encoder'.
Parameter \NUM_IRQS = 8
Generating RTLIL representation for module `$paramod\interrupt_priority_encoder\NUM_IRQS=s32'00000000000000000000000000001000'.
Parameter \NUM_IRQS = 8

6.3. Executing AST frontend in derive mode using pre-parsed AST for module `\interrupt_mask_register'.
Parameter \NUM_IRQS = 8
Generating RTLIL representation for module `$paramod\interrupt_mask_register\NUM_IRQS=s32'00000000000000000000000000001000'.
Parameter \NUM_IRQS = 8

6.4. Executing AST frontend in derive mode using pre-parsed AST for module `\interrupt_request_register'.
Parameter \NUM_IRQS = 8
Generating RTLIL representation for module `$paramod\interrupt_request_register\NUM_IRQS=s32'00000000000000000000000000001000'.

6.5. Analyzing design hierarchy..
Top module:  \interrupt_controller_top
Used module:     \interrupt_controller_fsm
Used module:     $paramod\interrupt_priority_encoder\NUM_IRQS=s32'00000000000000000000000000001000
Used module:     $paramod\interrupt_mask_register\NUM_IRQS=s32'00000000000000000000000000001000
Used module:     $paramod\interrupt_request_register\NUM_IRQS=s32'00000000000000000000000000001000

6.6. Analyzing design hierarchy..
Top module:  \interrupt_controller_top
Used module:     \interrupt_controller_fsm
Used module:     $paramod\interrupt_priority_encoder\NUM_IRQS=s32'00000000000000000000000000001000
Used module:     $paramod\interrupt_mask_register\NUM_IRQS=s32'00000000000000000000000000001000
Used module:     $paramod\interrupt_request_register\NUM_IRQS=s32'00000000000000000000000000001000
Removing unused module `\interrupt_request_register'.
Removing unused module `\interrupt_priority_encoder'.
Removing unused module `\interrupt_mask_register'.
Removed 3 unused modules.

7. Executing PROC pass (convert processes to netlists).

7.1. Executing PROC_CLEAN pass (remove empty switches from decision trees).
Cleaned up 0 empty switches.

7.2. Executing PROC_RMDEAD pass (remove dead branches from decision trees).
Marked 1 switch rules as full_case in process $proc$rtl/interrupt_request_register.v:14$14 in module $paramod\interrupt_request_register\NUM_IRQS=s32'00000000000000000000000000001000.
Marked 1 switch rules as full_case in process $proc$rtl/interrupt_mask_register.v:14$13 in module $paramod\interrupt_mask_register\NUM_IRQS=s32'00000000000000000000000000001000.
Marked 1 switch rules as full_case in process $proc$rtl/interrupt_priority_encoder.v:12$12 in module $paramod\interrupt_priority_encoder\NUM_IRQS=s32'00000000000000000000000000001000.
Removed 1 dead cases from process $proc$rtl/interrupt_controller_fsm.v:22$1 in module interrupt_controller_fsm.
Marked 2 switch rules as full_case in process $proc$rtl/interrupt_controller_fsm.v:22$1 in module interrupt_controller_fsm.
Removed a total of 1 dead cases.

7.3. Executing PROC_PRUNE pass (remove redundant assignments in processes).
Removed 4 redundant assignments.
Promoted 2 assignments to connections.

7.4. Executing PROC_INIT pass (extract init attributes).

7.5. Executing PROC_ARST pass (detect async resets in processes).
Found async reset \rst in `$paramod\interrupt_request_register\NUM_IRQS=s32'00000000000000000000000000001000.$proc$rtl/interrupt_request_register.v:14$14'.
Found async reset \rst in `$paramod\interrupt_mask_register\NUM_IRQS=s32'00000000000000000000000000001000.$proc$rtl/interrupt_mask_register.v:14$13'.
Found async reset \rst in `\interrupt_controller_fsm.$proc$rtl/interrupt_controller_fsm.v:22$1'.

7.6. Executing PROC_ROM pass (convert switches to ROMs).
Converted 0 switches.
<suppressed ~5 debug messages>

7.7. Executing PROC_MUX pass (convert decision trees to multiplexers).
Creating decoders for process `$paramod\interrupt_request_register\NUM_IRQS=s32'00000000000000000000000000001000.$proc$rtl/interrupt_request_register.v:14$14'.
     1/1: $0\pending_irq[7:0]
Creating decoders for process `$paramod\interrupt_mask_register\NUM_IRQS=s32'00000000000000000000000000001000.$proc$rtl/interrupt_mask_register.v:14$13'.
     1/1: $0\mask_register[7:0]
Creating decoders for process `$paramod\interrupt_priority_encoder\NUM_IRQS=s32'00000000000000000000000000001000.$proc$rtl/interrupt_priority_encoder.v:12$12'.
     1/2: $1\interrupt_id[2:0]
     2/2: $1\valid[0:0]
Creating decoders for process `\interrupt_controller_fsm.$proc$rtl/interrupt_controller_fsm.v:22$1'.
     1/4: $0\busy[0:0]
     2/4: $0\cpu_interrupt[0:0]
     3/4: $0\clear_interrupt[0:0]
     4/4: $0\state[1:0]

7.8. Executing PROC_DLATCH pass (convert process syncs to latches).
No latch inferred for signal `$paramod\interrupt_priority_encoder\NUM_IRQS=s32'00000000000000000000000000001000.\valid' from process `$paramod\interrupt_priority_encoder\NUM_IRQS=s32'00000000000000000000000000001000.$proc$rtl/interrupt_priority_encoder.v:12$12'.
No latch inferred for signal `$paramod\interrupt_priority_encoder\NUM_IRQS=s32'00000000000000000000000000001000.\interrupt_id' from process `$paramod\interrupt_priority_encoder\NUM_IRQS=s32'00000000000000000000000000001000.$proc$rtl/interrupt_priority_encoder.v:12$12'.

7.9. Executing PROC_DFF pass (convert process syncs to FFs).
Creating register for signal `$paramod\interrupt_request_register\NUM_IRQS=s32'00000000000000000000000000001000.\pending_irq' using process `$paramod\interrupt_request_register\NUM_IRQS=s32'00000000000000000000000000001000.$proc$rtl/interrupt_request_register.v:14$14'.
  created $adff cell `$procdff$64' with positive edge clock and positive level reset.
Creating register for signal `$paramod\interrupt_mask_register\NUM_IRQS=s32'00000000000000000000000000001000.\mask_register' using process `$paramod\interrupt_mask_register\NUM_IRQS=s32'00000000000000000000000000001000.$proc$rtl/interrupt_mask_register.v:14$13'.
  created $adff cell `$procdff$67' with positive edge clock and positive level reset.
Creating register for signal `\interrupt_controller_fsm.\cpu_interrupt' using process `\interrupt_controller_fsm.$proc$rtl/interrupt_controller_fsm.v:22$1'.
  created $adff cell `$procdff$70' with positive edge clock and positive level reset.
Creating register for signal `\interrupt_controller_fsm.\clear_interrupt' using process `\interrupt_controller_fsm.$proc$rtl/interrupt_controller_fsm.v:22$1'.
  created $adff cell `$procdff$73' with positive edge clock and positive level reset.
Creating register for signal `\interrupt_controller_fsm.\busy' using process `\interrupt_controller_fsm.$proc$rtl/interrupt_controller_fsm.v:22$1'.
  created $adff cell `$procdff$76' with positive edge clock and positive level reset.
Creating register for signal `\interrupt_controller_fsm.\state' using process `\interrupt_controller_fsm.$proc$rtl/interrupt_controller_fsm.v:22$1'.
  created $adff cell `$procdff$79' with positive edge clock and positive level reset.

7.10. Executing PROC_MEMWR pass (convert process memory writes to cells).

7.11. Executing PROC_CLEAN pass (remove empty switches from decision trees).
Removing empty process `$paramod\interrupt_request_register\NUM_IRQS=s32'00000000000000000000000000001000.$proc$rtl/interrupt_request_register.v:14$14'.
Found and cleaned up 1 empty switch in `$paramod\interrupt_mask_register\NUM_IRQS=s32'00000000000000000000000000001000.$proc$rtl/interrupt_mask_register.v:14$13'.
Removing empty process `$paramod\interrupt_mask_register\NUM_IRQS=s32'00000000000000000000000000001000.$proc$rtl/interrupt_mask_register.v:14$13'.
Found and cleaned up 1 empty switch in `$paramod\interrupt_priority_encoder\NUM_IRQS=s32'00000000000000000000000000001000.$proc$rtl/interrupt_priority_encoder.v:12$12'.
Removing empty process `$paramod\interrupt_priority_encoder\NUM_IRQS=s32'00000000000000000000000000001000.$proc$rtl/interrupt_priority_encoder.v:12$12'.
Found and cleaned up 3 empty switches in `\interrupt_controller_fsm.$proc$rtl/interrupt_controller_fsm.v:22$1'.
Removing empty process `interrupt_controller_fsm.$proc$rtl/interrupt_controller_fsm.v:22$1'.
Cleaned up 5 empty switches.

7.12. Executing OPT_EXPR pass (perform const folding).
Optimizing module $paramod\interrupt_request_register\NUM_IRQS=s32'00000000000000000000000000001000.
<suppressed ~1 debug messages>
Optimizing module $paramod\interrupt_mask_register\NUM_IRQS=s32'00000000000000000000000000001000.
<suppressed ~1 debug messages>
Optimizing module $paramod\interrupt_priority_encoder\NUM_IRQS=s32'00000000000000000000000000001000.
Optimizing module interrupt_controller_top.
Optimizing module interrupt_controller_fsm.
<suppressed ~7 debug messages>

8. Executing FLATTEN pass (flatten design).
Deleting now unused module $paramod\interrupt_request_register\NUM_IRQS=s32'00000000000000000000000000001000.
Deleting now unused module $paramod\interrupt_mask_register\NUM_IRQS=s32'00000000000000000000000000001000.
Deleting now unused module $paramod\interrupt_priority_encoder\NUM_IRQS=s32'00000000000000000000000000001000.
Deleting now unused module interrupt_controller_fsm.
<suppressed ~4 debug messages>

9. Executing OPT pass (performing simple optimizations).

9.1. Executing OPT_EXPR pass (perform const folding).
Optimizing module interrupt_controller_top.

9.2. Executing OPT_MERGE pass (detect identical cells).
Finding identical cells in module `\interrupt_controller_top'.
Computing hashes of 52 cells of `\interrupt_controller_top'.
Finding duplicate cells in `\interrupt_controller_top'.
Computing hashes of 36 cells of `\interrupt_controller_top'.
Finding duplicate cells in `\interrupt_controller_top'.
<suppressed ~48 debug messages>
Removed a total of 16 cells.

9.3. Executing OPT_MUXTREE pass (detect dead branches in mux trees).
Running muxtree optimizer on module \interrupt_controller_top..
  Creating internal representation of mux trees.
  Evaluating internal representation of mux trees.
  Analyzing evaluation results.
Removed 0 multiplexer ports.
<suppressed ~18 debug messages>

9.4. Executing OPT_REDUCE pass (consolidate $*mux and $reduce_* inputs).
  Optimizing cells in module \interrupt_controller_top.
    New ctrl vector for $pmux cell $flatten\fsm.$procmux$46: { $auto$opt_reduce.cc:137:opt_pmux$87 $auto$opt_reduce.cc:137:opt_pmux$85 }
    New ctrl vector for $pmux cell $flatten\priority_encoder.$procmux$32: $auto$opt_reduce.cc:137:opt_pmux$89
    New ctrl vector for $pmux cell $flatten\fsm.$procmux$41: { $auto$opt_reduce.cc:137:opt_pmux$93 $auto$opt_reduce.cc:137:opt_pmux$91 }
  Optimizing cells in module \interrupt_controller_top.
Performed a total of 3 changes.

9.5. Executing OPT_MERGE pass (detect identical cells).
Finding identical cells in module `\interrupt_controller_top'.
Computing hashes of 41 cells of `\interrupt_controller_top'.
Finding duplicate cells in `\interrupt_controller_top'.
Computing hashes of 39 cells of `\interrupt_controller_top'.
Finding duplicate cells in `\interrupt_controller_top'.
Computing hashes of 38 cells of `\interrupt_controller_top'.
Finding duplicate cells in `\interrupt_controller_top'.
Computing hashes of 37 cells of `\interrupt_controller_top'.
Finding duplicate cells in `\interrupt_controller_top'.
<suppressed ~12 debug messages>
Removed a total of 4 cells.

9.6. Executing OPT_DFF pass (perform DFF optimizations).
Adding EN signal on $flatten\mask_reg.$procdff$67 ($adff) from module interrupt_controller_top (D = \mask_reg.mask_data, Q = \mask_reg.mask_register).
Adding EN signal on $flatten\fsm.$procdff$79 ($adff) from module interrupt_controller_top (D = $flatten\fsm.$procmux$53_Y, Q = \fsm.state).

9.7. Executing OPT_CLEAN pass (remove unused cells and wires).
Finding unused cells or wires in module \interrupt_controller_top..
Removed 1 unused cells and 45 unused wires.
<suppressed ~2 debug messages>

9.8. Executing OPT_EXPR pass (perform const folding).
Optimizing module interrupt_controller_top.
<suppressed ~1 debug messages>

9.9. Rerunning OPT passes. (Maybe there is more to do..)

9.10. Executing OPT_MUXTREE pass (detect dead branches in mux trees).
Running muxtree optimizer on module \interrupt_controller_top..
  Creating internal representation of mux trees.
  Evaluating internal representation of mux trees.
  Analyzing evaluation results.
Removed 0 multiplexer ports.
<suppressed ~14 debug messages>

9.11. Executing OPT_REDUCE pass (consolidate $*mux and $reduce_* inputs).
  Optimizing cells in module \interrupt_controller_top.
Performed a total of 0 changes.

9.12. Executing OPT_MERGE pass (detect identical cells).
Finding identical cells in module `\interrupt_controller_top'.
Computing hashes of 40 cells of `\interrupt_controller_top'.
Finding duplicate cells in `\interrupt_controller_top'.
Removed a total of 0 cells.

9.13. Executing OPT_DFF pass (perform DFF optimizations).

9.14. Executing OPT_CLEAN pass (remove unused cells and wires).
Finding unused cells or wires in module \interrupt_controller_top..

9.15. Executing OPT_EXPR pass (perform const folding).
Optimizing module interrupt_controller_top.

9.16. Finished fast OPT passes. (There is nothing left to do.)

10. Executing FSM pass (extract and optimize FSM).

10.1. Executing FSM_DETECT pass (finding FSMs in design).

10.2. Executing FSM_EXTRACT pass (extracting FSM from design).

10.3. Executing FSM_OPT pass (simple optimizations of FSMs).

10.4. Executing OPT_CLEAN pass (remove unused cells and wires).
Finding unused cells or wires in module \interrupt_controller_top..

10.5. Executing FSM_OPT pass (simple optimizations of FSMs).

10.6. Executing FSM_RECODE pass (re-assigning FSM state encoding).

10.7. Executing FSM_INFO pass (dumping all available information on FSM cells).

10.8. Executing FSM_MAP pass (mapping FSMs to basic logic).

11. Executing OPT pass (performing simple optimizations).

11.1. Executing OPT_EXPR pass (perform const folding).
Optimizing module interrupt_controller_top.

11.2. Executing OPT_MERGE pass (detect identical cells).
Finding identical cells in module `\interrupt_controller_top'.
Computing hashes of 40 cells of `\interrupt_controller_top'.
Finding duplicate cells in `\interrupt_controller_top'.
Removed a total of 0 cells.

11.3. Executing OPT_MUXTREE pass (detect dead branches in mux trees).
Running muxtree optimizer on module \interrupt_controller_top..
  Creating internal representation of mux trees.
  Evaluating internal representation of mux trees.
  Analyzing evaluation results.
Removed 0 multiplexer ports.
<suppressed ~14 debug messages>

11.4. Executing OPT_REDUCE pass (consolidate $*mux and $reduce_* inputs).
  Optimizing cells in module \interrupt_controller_top.
Performed a total of 0 changes.

11.5. Executing OPT_MERGE pass (detect identical cells).
Finding identical cells in module `\interrupt_controller_top'.
Computing hashes of 40 cells of `\interrupt_controller_top'.
Finding duplicate cells in `\interrupt_controller_top'.
Removed a total of 0 cells.

11.6. Executing OPT_DFF pass (perform DFF optimizations).

11.7. Executing OPT_CLEAN pass (remove unused cells and wires).
Finding unused cells or wires in module \interrupt_controller_top..

11.8. Executing OPT_EXPR pass (perform const folding).
Optimizing module interrupt_controller_top.

11.9. Finished fast OPT passes. (There is nothing left to do.)

12. Executing MEMORY pass.

12.1. Executing OPT_MEM pass (optimize memories).
Performed a total of 0 transformations.

12.2. Executing OPT_MEM_PRIORITY pass (removing unnecessary memory write priority relations).
Performed a total of 0 transformations.

12.3. Executing OPT_MEM_FEEDBACK pass (finding memory read-to-write feedback paths).

12.4. Executing MEMORY_BMUX2ROM pass (converting muxes to ROMs).

12.5. Executing MEMORY_DFF pass (merging $dff cells to $memrd).

12.6. Executing OPT_CLEAN pass (remove unused cells and wires).
Finding unused cells or wires in module \interrupt_controller_top..

12.7. Executing MEMORY_SHARE pass (consolidating $memrd/$memwr cells).

12.8. Executing OPT_MEM_WIDEN pass (optimize memories where all ports are wide).
Performed a total of 0 transformations.

12.9. Executing OPT_CLEAN pass (remove unused cells and wires).
Finding unused cells or wires in module \interrupt_controller_top..

12.10. Executing MEMORY_COLLECT pass (generating $mem cells).

12.11. Executing MEMORY_MAP pass (converting memories to logic and flip-flops).

13. Executing OPT pass (performing simple optimizations).

13.1. Executing OPT_EXPR pass (perform const folding).
Optimizing module interrupt_controller_top.

13.2. Executing OPT_MERGE pass (detect identical cells).
Finding identical cells in module `\interrupt_controller_top'.
Computing hashes of 40 cells of `\interrupt_controller_top'.
Finding duplicate cells in `\interrupt_controller_top'.
Removed a total of 0 cells.

13.3. Executing OPT_MUXTREE pass (detect dead branches in mux trees).
Running muxtree optimizer on module \interrupt_controller_top..
  Creating internal representation of mux trees.
  Evaluating internal representation of mux trees.
  Analyzing evaluation results.
Removed 0 multiplexer ports.
<suppressed ~14 debug messages>

13.4. Executing OPT_REDUCE pass (consolidate $*mux and $reduce_* inputs).
  Optimizing cells in module \interrupt_controller_top.
Performed a total of 0 changes.

13.5. Executing OPT_MERGE pass (detect identical cells).
Finding identical cells in module `\interrupt_controller_top'.
Computing hashes of 40 cells of `\interrupt_controller_top'.
Finding duplicate cells in `\interrupt_controller_top'.
Removed a total of 0 cells.

13.6. Executing OPT_DFF pass (perform DFF optimizations).

13.7. Executing OPT_CLEAN pass (remove unused cells and wires).
Finding unused cells or wires in module \interrupt_controller_top..

13.8. Executing OPT_EXPR pass (perform const folding).
Optimizing module interrupt_controller_top.

13.9. Finished fast OPT passes. (There is nothing left to do.)

14. Executing TECHMAP pass (map to technology primitives).

14.1. Executing Verilog-2005 frontend: /usr/local/bin/../share/yosys/techmap.v
Parsing Verilog input from `/usr/local/bin/../share/yosys/techmap.v' to AST representation.
Generating RTLIL representation for module `\_90_simplemap_bool_ops'.
Generating RTLIL representation for module `\_90_simplemap_reduce_ops'.
Generating RTLIL representation for module `\_90_simplemap_logic_ops'.
Generating RTLIL representation for module `\_90_simplemap_compare_ops'.
Generating RTLIL representation for module `\_90_simplemap_various'.
Generating RTLIL representation for module `\_90_simplemap_registers'.
Generating RTLIL representation for module `\_90_shift_ops_shr_shl_sshl_sshr'.
Generating RTLIL representation for module `\_90_shift_shiftx'.
Generating RTLIL representation for module `\_90_fa'.
Generating RTLIL representation for module `\_90_lcu_brent_kung'.
Generating RTLIL representation for module `\_90_alu'.
Generating RTLIL representation for module `\_90_macc'.
Generating RTLIL representation for module `\_90_alumacc'.
Generating RTLIL representation for module `$__div_mod_u'.
Generating RTLIL representation for module `$__div_mod_trunc'.
Generating RTLIL representation for module `\_90_div'.
Generating RTLIL representation for module `\_90_mod'.
Generating RTLIL representation for module `$__div_mod_floor'.
Generating RTLIL representation for module `\_90_divfloor'.
Generating RTLIL representation for module `\_90_modfloor'.
Generating RTLIL representation for module `\_90_pow'.
Generating RTLIL representation for module `\_90_demux'.
Generating RTLIL representation for module `\_90_lut'.
Generating RTLIL representation for module `$connect'.
Generating RTLIL representation for module `$input_port'.
Successfully finished Verilog frontend.

14.2. Continuing TECHMAP pass.
Using extmapper simplemap for cells of type $reduce_and.
Using extmapper simplemap for cells of type $reduce_bool.
Using extmapper simplemap for cells of type $ne.
Using extmapper simplemap for cells of type $adffe.
Using extmapper simplemap for cells of type $reduce_or.
Using template $paramod$constmap:2a0a6072ad0c7d86c44c1db79ad9db1c0e9a0353$paramod$07b7add2a98e6a8075092e1e89aa3751e6a000b0\_90_shift_ops_shr_shl_sshl_sshr for cells of type $shl.
Using extmapper simplemap for cells of type $and.
Using extmapper simplemap for cells of type $adff.
Using extmapper simplemap for cells of type $not.
Using extmapper simplemap for cells of type $or.
Using extmapper simplemap for cells of type $eq.
Using extmapper simplemap for cells of type $pmux.
Using extmapper simplemap for cells of type $logic_not.
No more expansions possible.
<suppressed ~277 debug messages>

15. Executing OPT pass (performing simple optimizations).

15.1. Executing OPT_EXPR pass (perform const folding).
Optimizing module interrupt_controller_top.
<suppressed ~89 debug messages>

15.2. Executing OPT_MERGE pass (detect identical cells).
Finding identical cells in module `\interrupt_controller_top'.
Computing hashes of 184 cells of `\interrupt_controller_top'.
Finding duplicate cells in `\interrupt_controller_top'.
Computing hashes of 172 cells of `\interrupt_controller_top'.
Finding duplicate cells in `\interrupt_controller_top'.
Computing hashes of 169 cells of `\interrupt_controller_top'.
Finding duplicate cells in `\interrupt_controller_top'.
<suppressed ~45 debug messages>
Removed a total of 15 cells.

15.3. Executing OPT_MUXTREE pass (detect dead branches in mux trees).
Running muxtree optimizer on module \interrupt_controller_top..
  Creating internal representation of mux trees.
  No muxes found in this module.
Removed 0 multiplexer ports.

15.4. Executing OPT_REDUCE pass (consolidate $*mux and $reduce_* inputs).
  Optimizing cells in module \interrupt_controller_top.
Performed a total of 0 changes.

15.5. Executing OPT_MERGE pass (detect identical cells).
Finding identical cells in module `\interrupt_controller_top'.
Computing hashes of 169 cells of `\interrupt_controller_top'.
Finding duplicate cells in `\interrupt_controller_top'.
Removed a total of 0 cells.

15.6. Executing OPT_DFF pass (perform DFF optimizations).

15.7. Executing OPT_CLEAN pass (remove unused cells and wires).
Finding unused cells or wires in module \interrupt_controller_top..
Removed 0 unused cells and 80 unused wires.
<suppressed ~1 debug messages>

15.8. Executing OPT_EXPR pass (perform const folding).
Optimizing module interrupt_controller_top.

15.9. Rerunning OPT passes. (Maybe there is more to do..)

15.10. Executing OPT_MUXTREE pass (detect dead branches in mux trees).
Running muxtree optimizer on module \interrupt_controller_top..
  Creating internal representation of mux trees.
  No muxes found in this module.
Removed 0 multiplexer ports.

15.11. Executing OPT_REDUCE pass (consolidate $*mux and $reduce_* inputs).
  Optimizing cells in module \interrupt_controller_top.
Performed a total of 0 changes.

15.12. Executing OPT_MERGE pass (detect identical cells).
Finding identical cells in module `\interrupt_controller_top'.
Computing hashes of 169 cells of `\interrupt_controller_top'.
Finding duplicate cells in `\interrupt_controller_top'.
Removed a total of 0 cells.

15.13. Executing OPT_DFF pass (perform DFF optimizations).

15.14. Executing OPT_CLEAN pass (remove unused cells and wires).
Finding unused cells or wires in module \interrupt_controller_top..

15.15. Executing OPT_EXPR pass (perform const folding).
Optimizing module interrupt_controller_top.

15.16. Finished fast OPT passes. (There is nothing left to do.)

16. Executing ABC pass (technology mapping using ABC).

16.1. Extracting gate netlist of module `\interrupt_controller_top' to `<abc-temp-dir>/input.blif'..
Replacing 6 occurrences of constant undef bits with constant zero bits

16.1.1. Executed ABC.
Extracted 145 gates and 176 wires to a netlist network with 28 inputs and 16 outputs.
Running ABC script: <abc-temp-dir>/abc.script
ABC: UC Berkeley, ABC 1.01 (compiled 0 0)
ABC: abc 01> empty
ABC: abc 01> source <abc-temp-dir>/abc.script
ABC: + read_blif <abc-temp-dir>/input.blif 
ABC: + read_scl /tmp/yosys-liberty-scl-cache/yosys_merged_af18ad9b.scl 
ABC: Warning: Detected 2 multi-output cells (for example, "FA_X1").
ABC: + strash 
ABC: + &get -n 
ABC: + &fraig -x 
ABC: + &put 
ABC: + scorr 
ABC: Warning: The network is combinational (run "fraig" or "fraig_sweep").
ABC: + dc2 
ABC: + dretime 
ABC: + strash 
ABC: + &get -n 
ABC: + &dch -f 
ABC: + &nf 
ABC: + &put 
ABC: + write_blif <abc-temp-dir>/output.blif 
ABC: 
ABC: YOSYS_ABC_DONE 

16.1.2. Re-integrating ABC results.
ABC RESULTS:           AND2_X1 cells:        3
ABC RESULTS:           AND3_X1 cells:        2
ABC RESULTS:           AND4_X1 cells:        4
ABC RESULTS:          AOI21_X1 cells:        9
ABC RESULTS:         AOI222_X1 cells:        1
ABC RESULTS:          AOI22_X1 cells:        3
ABC RESULTS:            INV_X1 cells:        4
ABC RESULTS:          NAND2_X1 cells:        3
ABC RESULTS:          NAND3_X1 cells:        3
ABC RESULTS:           NOR2_X1 cells:        9
ABC RESULTS:           NOR3_X1 cells:        1
ABC RESULTS:          OAI21_X1 cells:        3
ABC RESULTS:          OAI22_X1 cells:        1
ABC RESULTS:            OR4_X1 cells:        1
ABC RESULTS:           XOR2_X1 cells:        1
ABC RESULTS:        internal signals:      132
ABC RESULTS:           input signals:       28
ABC RESULTS:          output signals:       16
Removing temp directory.
Removing global temp directory.

17. Executing DFFLIBMAP pass (mapping DFF cells to sequential cells from liberty file).
  cell DFF_X1 (noninv, pins=4, area=4.52) is a direct match for cell type $_DFF_P_.
  cell DFFR_X1 (noninv, pins=5, area=5.32) is a direct match for cell type $_DFF_PN0_.
  cell DFFS_X1 (noninv, pins=5, area=5.32) is a direct match for cell type $_DFF_PN1_.
  cell DFFRS_X1 (noninv, pins=6, area=6.38) is a direct match for cell type $_DFFSR_PNN_.
  final dff cell mappings:
    unmapped dff cell: $_DFF_N_
    \DFF_X1 _DFF_P_ (.CK( C), .D( D), .Q( Q), .QN(~Q));
    unmapped dff cell: $_DFF_NN0_
    unmapped dff cell: $_DFF_NN1_
    unmapped dff cell: $_DFF_NP0_
    unmapped dff cell: $_DFF_NP1_
    \DFFR_X1 _DFF_PN0_ (.CK( C), .D( D), .Q( Q), .QN(~Q), .RN( R));
    \DFFS_X1 _DFF_PN1_ (.CK( C), .D( D), .Q( Q), .QN(~Q), .SN( R));
    unmapped dff cell: $_DFF_PP0_
    unmapped dff cell: $_DFF_PP1_
    unmapped dff cell: $_DFFE_NN_
    unmapped dff cell: $_DFFE_NP_
    unmapped dff cell: $_DFFE_PN_
    unmapped dff cell: $_DFFE_PP_
    unmapped dff cell: $_DFFSR_NNN_
    unmapped dff cell: $_DFFSR_NNP_
    unmapped dff cell: $_DFFSR_NPN_
    unmapped dff cell: $_DFFSR_NPP_
    \DFFRS_X1 _DFFSR_PNN_ (.CK( C), .D( D), .Q( Q), .QN(~Q), .RN( R), .SN( S));
    unmapped dff cell: $_DFFSR_PNP_
    unmapped dff cell: $_DFFSR_PPN_
    unmapped dff cell: $_DFFSR_PPP_

17.1. Executing DFFLEGALIZE pass (convert FFs to types supported by the target).
<suppressed ~8 debug messages>
Mapping DFF cells in module `\interrupt_controller_top':
  mapped 12 $_DFF_PN0_ cells to \DFFR_X1 cells.
  mapped 8 $_DFF_PN1_ cells to \DFFS_X1 cells.
Removed 0 unused cells and 110 unused wires.

18. Executing Verilog backend.

18.1. Executing BMUXMAP pass.

18.2. Executing DEMUXMAP pass.
Dumping module `\interrupt_controller_top'.

19. Printing statistics.

=== interrupt_controller_top ===

        +----------Local Count, excluding submodules.
        | 
      124 wires
      185 wire bits
       29 public wires
       90 public wire bits
        9 ports
       25 port bits
      102 cells
       10   $_MUX_
       20   $_NOT_
        4   $scopeinfo
        3   AND2_X1
        2   AND3_X1
        4   AND4_X1
        9   AOI21_X1
        1   AOI222_X1
        3   AOI22_X1
       12   DFFR_X1
        8   DFFS_X1
        4   INV_X1
        3   NAND2_X1
        3   NAND3_X1
        9   NOR2_X1
        1   NOR3_X1
        3   OAI21_X1
        1   OAI22_X1
        1   OR4_X1
        1   XOR2_X1

End of script. Logfile hash: ccdd162e85, time: 0.67s, user: 0.16s, system: 0.13s, MEM: 42.23 MB peak
Yosys 0.67 (git sha1 2d1509d1b, Release, GNU /usr/local/bin/wrapped-cc/g++ 11.4.0)
Time spent: 63% 1x abc (0 sec), 15% 1x dfflibmap (0 sec), ...
