
 /----------------------------------------------------------------------------\
 |                                                                            |
 |  yosys -- Yosys Open SYnthesis Suite                                       |
 |                                                                            |
 |  Copyright (C) 2012 - 2020  Claire Xenia Wolf <claire@yosyshq.com>         |
 |                                                                            |
 |  Permission to use, copy, modify, and/or distribute this software for any  |
 |  purpose with or without fee is hereby granted, provided that the above    |
 |  copyright notice and this permission notice appear in all copies.         |
 |                                                                            |
 |  THE SOFTWARE IS PROVIDED "AS IS" AND THE AUTHOR DISCLAIMS ALL WARRANTIES  |
 |  WITH REGARD TO THIS SOFTWARE INCLUDING ALL IMPLIED WARRANTIES OF          |
 |  MERCHANTABILITY AND FITNESS. IN NO EVENT SHALL THE AUTHOR BE LIABLE FOR   |
 |  ANY SPECIAL, DIRECT, INDIRECT, OR CONSEQUENTIAL DAMAGES OR ANY DAMAGES    |
 |  WHATSOEVER RESULTING FROM LOSS OF USE, DATA OR PROFITS, WHETHER IN AN     |
 |  ACTION OF CONTRACT, NEGLIGENCE OR OTHER TORTIOUS ACTION, ARISING OUT OF   |
 |  OR IN CONNECTION WITH THE USE OR PERFORMANCE OF THIS SOFTWARE.            |
 |                                                                            |
 \----------------------------------------------------------------------------/

 Yosys 0.33 (git sha1 2584903a060)


-- Executing script file `Project21_Pipelined_ALU/yosys/asic/map_nangate45.ys' --

1. Executing Verilog-2005 frontend: Project21_Pipelined_ALU/rtl/alu_control.v
Parsing Verilog input from `Project21_Pipelined_ALU/rtl/alu_control.v' to AST representation.
Generating RTLIL representation for module `\alu_control'.
Successfully finished Verilog frontend.

2. Executing Verilog-2005 frontend: Project21_Pipelined_ALU/rtl/alu_execute.v
Parsing Verilog input from `Project21_Pipelined_ALU/rtl/alu_execute.v' to AST representation.
Generating RTLIL representation for module `\alu_execute'.
Successfully finished Verilog frontend.

3. Executing Verilog-2005 frontend: Project21_Pipelined_ALU/rtl/alu_flags.v
Parsing Verilog input from `Project21_Pipelined_ALU/rtl/alu_flags.v' to AST representation.
Generating RTLIL representation for module `\alu_flags'.
Successfully finished Verilog frontend.

4. Executing Verilog-2005 frontend: Project21_Pipelined_ALU/rtl/alu_pipeline_register.v
Parsing Verilog input from `Project21_Pipelined_ALU/rtl/alu_pipeline_register.v' to AST representation.
Generating RTLIL representation for module `\alu_pipeline_register'.
Successfully finished Verilog frontend.

5. Executing Verilog-2005 frontend: Project21_Pipelined_ALU/rtl/pipelined_alu_top.v
Parsing Verilog input from `Project21_Pipelined_ALU/rtl/pipelined_alu_top.v' to AST representation.
Generating RTLIL representation for module `\pipelined_alu_top'.
Successfully finished Verilog frontend.

6. Executing HIERARCHY pass (managing design hierarchy).

6.1. Analyzing design hierarchy..
Top module:  \pipelined_alu_top
Used module:     \alu_pipeline_register
Used module:     \alu_flags
Used module:     \alu_execute
Used module:     \alu_control
Parameter \DATA_WIDTH = 32

6.2. Executing AST frontend in derive mode using pre-parsed AST for module `\alu_pipeline_register'.
Parameter \DATA_WIDTH = 32
Generating RTLIL representation for module `$paramod\alu_pipeline_register\DATA_WIDTH=s32'00000000000000000000000000100000'.
Parameter \DATA_WIDTH = 32

6.3. Executing AST frontend in derive mode using pre-parsed AST for module `\alu_flags'.
Parameter \DATA_WIDTH = 32
Generating RTLIL representation for module `$paramod\alu_flags\DATA_WIDTH=s32'00000000000000000000000000100000'.
Parameter \DATA_WIDTH = 32

6.4. Executing AST frontend in derive mode using pre-parsed AST for module `\alu_execute'.
Parameter \DATA_WIDTH = 32
Generating RTLIL representation for module `$paramod\alu_execute\DATA_WIDTH=s32'00000000000000000000000000100000'.

6.5. Analyzing design hierarchy..
Top module:  \pipelined_alu_top
Used module:     $paramod\alu_pipeline_register\DATA_WIDTH=s32'00000000000000000000000000100000
Used module:     $paramod\alu_flags\DATA_WIDTH=s32'00000000000000000000000000100000
Used module:     $paramod\alu_execute\DATA_WIDTH=s32'00000000000000000000000000100000
Used module:     \alu_control

6.6. Analyzing design hierarchy..
Top module:  \pipelined_alu_top
Used module:     $paramod\alu_pipeline_register\DATA_WIDTH=s32'00000000000000000000000000100000
Used module:     $paramod\alu_flags\DATA_WIDTH=s32'00000000000000000000000000100000
Used module:     $paramod\alu_execute\DATA_WIDTH=s32'00000000000000000000000000100000
Used module:     \alu_control
Removing unused module `\alu_pipeline_register'.
Removing unused module `\alu_flags'.
Removing unused module `\alu_execute'.
Removed 3 unused modules.

7. Executing PROC pass (convert processes to netlists).

7.1. Executing PROC_CLEAN pass (remove empty switches from decision trees).
Cleaned up 0 empty switches.

7.2. Executing PROC_RMDEAD pass (remove dead branches from decision trees).
Marked 1 switch rules as full_case in process $proc$Project21_Pipelined_ALU/rtl/alu_execute.v:15$15 in module $paramod\alu_execute\DATA_WIDTH=s32'00000000000000000000000000100000.
Marked 1 switch rules as full_case in process $proc$Project21_Pipelined_ALU/rtl/alu_pipeline_register.v:24$13 in module $paramod\alu_pipeline_register\DATA_WIDTH=s32'00000000000000000000000000100000.
Removed 1 dead cases from process $proc$Project21_Pipelined_ALU/rtl/alu_control.v:9$1 in module alu_control.
Marked 1 switch rules as full_case in process $proc$Project21_Pipelined_ALU/rtl/alu_control.v:9$1 in module alu_control.
Removed a total of 1 dead cases.

7.3. Executing PROC_PRUNE pass (remove redundant assignments in processes).
Removed 5 redundant assignments.
Promoted 2 assignments to connections.

7.4. Executing PROC_INIT pass (extract init attributes).

7.5. Executing PROC_ARST pass (detect async resets in processes).

7.6. Executing PROC_ROM pass (convert switches to ROMs).
Converted 1 switch.
<suppressed ~2 debug messages>

7.7. Executing PROC_MUX pass (convert decision trees to multiplexers).
Creating decoders for process `$paramod\alu_execute\DATA_WIDTH=s32'00000000000000000000000000100000.$proc$Project21_Pipelined_ALU/rtl/alu_execute.v:15$15'.
     1/1: $1\result[31:0]
Creating decoders for process `$paramod\alu_pipeline_register\DATA_WIDTH=s32'00000000000000000000000000100000.$proc$Project21_Pipelined_ALU/rtl/alu_pipeline_register.v:24$13'.
     1/5: $0\overflow_out[0:0]
     2/5: $0\negative_out[0:0]
     3/5: $0\carry_out[0:0]
     4/5: $0\zero_out[0:0]
     5/5: $0\result_out[31:0]
Creating decoders for process `\alu_control.$proc$Project21_Pipelined_ALU/rtl/alu_control.v:9$1'.
     1/1: $1\alu_control[3:0]

7.8. Executing PROC_DLATCH pass (convert process syncs to latches).
No latch inferred for signal `$paramod\alu_execute\DATA_WIDTH=s32'00000000000000000000000000100000.\result' from process `$paramod\alu_execute\DATA_WIDTH=s32'00000000000000000000000000100000.$proc$Project21_Pipelined_ALU/rtl/alu_execute.v:15$15'.
No latch inferred for signal `\alu_control.\alu_control' from process `\alu_control.$proc$Project21_Pipelined_ALU/rtl/alu_control.v:9$1'.

7.9. Executing PROC_DFF pass (convert process syncs to FFs).
Creating register for signal `$paramod\alu_pipeline_register\DATA_WIDTH=s32'00000000000000000000000000100000.\carry_out' using process `$paramod\alu_pipeline_register\DATA_WIDTH=s32'00000000000000000000000000100000.$proc$Project21_Pipelined_ALU/rtl/alu_pipeline_register.v:24$13'.
  created $dff cell `$procdff$54' with positive edge clock.
Creating register for signal `$paramod\alu_pipeline_register\DATA_WIDTH=s32'00000000000000000000000000100000.\result_out' using process `$paramod\alu_pipeline_register\DATA_WIDTH=s32'00000000000000000000000000100000.$proc$Project21_Pipelined_ALU/rtl/alu_pipeline_register.v:24$13'.
  created $dff cell `$procdff$55' with positive edge clock.
Creating register for signal `$paramod\alu_pipeline_register\DATA_WIDTH=s32'00000000000000000000000000100000.\zero_out' using process `$paramod\alu_pipeline_register\DATA_WIDTH=s32'00000000000000000000000000100000.$proc$Project21_Pipelined_ALU/rtl/alu_pipeline_register.v:24$13'.
  created $dff cell `$procdff$56' with positive edge clock.
Creating register for signal `$paramod\alu_pipeline_register\DATA_WIDTH=s32'00000000000000000000000000100000.\negative_out' using process `$paramod\alu_pipeline_register\DATA_WIDTH=s32'00000000000000000000000000100000.$proc$Project21_Pipelined_ALU/rtl/alu_pipeline_register.v:24$13'.
  created $dff cell `$procdff$57' with positive edge clock.
Creating register for signal `$paramod\alu_pipeline_register\DATA_WIDTH=s32'00000000000000000000000000100000.\overflow_out' using process `$paramod\alu_pipeline_register\DATA_WIDTH=s32'00000000000000000000000000100000.$proc$Project21_Pipelined_ALU/rtl/alu_pipeline_register.v:24$13'.
  created $dff cell `$procdff$58' with positive edge clock.

7.10. Executing PROC_MEMWR pass (convert process memory writes to cells).

7.11. Executing PROC_CLEAN pass (remove empty switches from decision trees).
Found and cleaned up 1 empty switch in `$paramod\alu_execute\DATA_WIDTH=s32'00000000000000000000000000100000.$proc$Project21_Pipelined_ALU/rtl/alu_execute.v:15$15'.
Removing empty process `$paramod\alu_execute\DATA_WIDTH=s32'00000000000000000000000000100000.$proc$Project21_Pipelined_ALU/rtl/alu_execute.v:15$15'.
Found and cleaned up 1 empty switch in `$paramod\alu_pipeline_register\DATA_WIDTH=s32'00000000000000000000000000100000.$proc$Project21_Pipelined_ALU/rtl/alu_pipeline_register.v:24$13'.
Removing empty process `$paramod\alu_pipeline_register\DATA_WIDTH=s32'00000000000000000000000000100000.$proc$Project21_Pipelined_ALU/rtl/alu_pipeline_register.v:24$13'.
Found and cleaned up 1 empty switch in `\alu_control.$proc$Project21_Pipelined_ALU/rtl/alu_control.v:9$1'.
Removing empty process `alu_control.$proc$Project21_Pipelined_ALU/rtl/alu_control.v:9$1'.
Cleaned up 3 empty switches.

7.12. Executing OPT_EXPR pass (perform const folding).
Optimizing module pipelined_alu_top.
Optimizing module $paramod\alu_execute\DATA_WIDTH=s32'00000000000000000000000000100000.
<suppressed ~3 debug messages>
Optimizing module $paramod\alu_flags\DATA_WIDTH=s32'00000000000000000000000000100000.
<suppressed ~1 debug messages>
Optimizing module $paramod\alu_pipeline_register\DATA_WIDTH=s32'00000000000000000000000000100000.
Optimizing module alu_control.

8. Executing OPT pass (performing simple optimizations).

8.1. Executing OPT_EXPR pass (perform const folding).
Optimizing module pipelined_alu_top.
Optimizing module $paramod\alu_execute\DATA_WIDTH=s32'00000000000000000000000000100000.
Optimizing module $paramod\alu_flags\DATA_WIDTH=s32'00000000000000000000000000100000.
Optimizing module $paramod\alu_pipeline_register\DATA_WIDTH=s32'00000000000000000000000000100000.
Optimizing module alu_control.

8.2. Executing OPT_MERGE pass (detect identical cells).
Finding identical cells in module `\pipelined_alu_top'.
Finding identical cells in module `$paramod\alu_execute\DATA_WIDTH=s32'00000000000000000000000000100000'.
Finding identical cells in module `$paramod\alu_flags\DATA_WIDTH=s32'00000000000000000000000000100000'.
Finding identical cells in module `$paramod\alu_pipeline_register\DATA_WIDTH=s32'00000000000000000000000000100000'.
Finding identical cells in module `\alu_control'.
Removed a total of 0 cells.

8.3. Executing OPT_MUXTREE pass (detect dead branches in mux trees).
Running muxtree optimizer on module \pipelined_alu_top..
  Creating internal representation of mux trees.
  No muxes found in this module.
Running muxtree optimizer on module $paramod\alu_execute\DATA_WIDTH=s32'00000000000000000000000000100000..
  Creating internal representation of mux trees.
  Evaluating internal representation of mux trees.
  Analyzing evaluation results.
Running muxtree optimizer on module $paramod\alu_flags\DATA_WIDTH=s32'00000000000000000000000000100000..
  Creating internal representation of mux trees.
  No muxes found in this module.
Running muxtree optimizer on module $paramod\alu_pipeline_register\DATA_WIDTH=s32'00000000000000000000000000100000..
  Creating internal representation of mux trees.
  Evaluating internal representation of mux trees.
  Analyzing evaluation results.
Running muxtree optimizer on module \alu_control..
  Creating internal representation of mux trees.
  No muxes found in this module.
Removed 0 multiplexer ports.
<suppressed ~6 debug messages>

8.4. Executing OPT_REDUCE pass (consolidate $*mux and $reduce_* inputs).
  Optimizing cells in module \pipelined_alu_top.
  Optimizing cells in module $paramod\alu_execute\DATA_WIDTH=s32'00000000000000000000000000100000.
  Optimizing cells in module $paramod\alu_flags\DATA_WIDTH=s32'00000000000000000000000000100000.
  Optimizing cells in module $paramod\alu_pipeline_register\DATA_WIDTH=s32'00000000000000000000000000100000.
  Optimizing cells in module \alu_control.
Performed a total of 0 changes.

8.5. Executing OPT_MERGE pass (detect identical cells).
Finding identical cells in module `\pipelined_alu_top'.
Finding identical cells in module `$paramod\alu_execute\DATA_WIDTH=s32'00000000000000000000000000100000'.
Finding identical cells in module `$paramod\alu_flags\DATA_WIDTH=s32'00000000000000000000000000100000'.
Finding identical cells in module `$paramod\alu_pipeline_register\DATA_WIDTH=s32'00000000000000000000000000100000'.
Finding identical cells in module `\alu_control'.
Removed a total of 0 cells.

8.6. Executing OPT_DFF pass (perform DFF optimizations).
Adding SRST signal on $procdff$54 ($dff) from module $paramod\alu_pipeline_register\DATA_WIDTH=s32'00000000000000000000000000100000 (D = \carry_in, Q = \carry_out, rval = 1'0).
Adding SRST signal on $procdff$55 ($dff) from module $paramod\alu_pipeline_register\DATA_WIDTH=s32'00000000000000000000000000100000 (D = \result_in, Q = \result_out, rval = 0).
Adding SRST signal on $procdff$56 ($dff) from module $paramod\alu_pipeline_register\DATA_WIDTH=s32'00000000000000000000000000100000 (D = \zero_in, Q = \zero_out, rval = 1'0).
Adding SRST signal on $procdff$57 ($dff) from module $paramod\alu_pipeline_register\DATA_WIDTH=s32'00000000000000000000000000100000 (D = \negative_in, Q = \negative_out, rval = 1'0).
Adding SRST signal on $procdff$58 ($dff) from module $paramod\alu_pipeline_register\DATA_WIDTH=s32'00000000000000000000000000100000 (D = \overflow_in, Q = \overflow_out, rval = 1'0).

8.7. Executing OPT_CLEAN pass (remove unused cells and wires).
Finding unused cells or wires in module \pipelined_alu_top..
Finding unused cells or wires in module $paramod\alu_execute\DATA_WIDTH=s32'00000000000000000000000000100000..
Finding unused cells or wires in module $paramod\alu_flags\DATA_WIDTH=s32'00000000000000000000000000100000..
Finding unused cells or wires in module $paramod\alu_pipeline_register\DATA_WIDTH=s32'00000000000000000000000000100000..
Finding unused cells or wires in module \alu_control..
Removed 5 unused cells and 24 unused wires.
<suppressed ~9 debug messages>

8.8. Executing OPT_EXPR pass (perform const folding).
Optimizing module $paramod\alu_execute\DATA_WIDTH=s32'00000000000000000000000000100000.
Optimizing module $paramod\alu_flags\DATA_WIDTH=s32'00000000000000000000000000100000.
Optimizing module $paramod\alu_pipeline_register\DATA_WIDTH=s32'00000000000000000000000000100000.
Optimizing module alu_control.
Optimizing module pipelined_alu_top.

8.9. Rerunning OPT passes. (Maybe there is more to do..)

8.10. Executing OPT_MUXTREE pass (detect dead branches in mux trees).
Running muxtree optimizer on module $paramod\alu_execute\DATA_WIDTH=s32'00000000000000000000000000100000..
  Creating internal representation of mux trees.
  Evaluating internal representation of mux trees.
  Analyzing evaluation results.
Running muxtree optimizer on module $paramod\alu_flags\DATA_WIDTH=s32'00000000000000000000000000100000..
  Creating internal representation of mux trees.
  No muxes found in this module.
Running muxtree optimizer on module $paramod\alu_pipeline_register\DATA_WIDTH=s32'00000000000000000000000000100000..
  Creating internal representation of mux trees.
  No muxes found in this module.
Running muxtree optimizer on module \alu_control..
  Creating internal representation of mux trees.
  No muxes found in this module.
Running muxtree optimizer on module \pipelined_alu_top..
  Creating internal representation of mux trees.
  No muxes found in this module.
Removed 0 multiplexer ports.
<suppressed ~1 debug messages>

8.11. Executing OPT_REDUCE pass (consolidate $*mux and $reduce_* inputs).
  Optimizing cells in module $paramod\alu_execute\DATA_WIDTH=s32'00000000000000000000000000100000.
  Optimizing cells in module $paramod\alu_flags\DATA_WIDTH=s32'00000000000000000000000000100000.
  Optimizing cells in module $paramod\alu_pipeline_register\DATA_WIDTH=s32'00000000000000000000000000100000.
  Optimizing cells in module \alu_control.
  Optimizing cells in module \pipelined_alu_top.
Performed a total of 0 changes.

8.12. Executing OPT_MERGE pass (detect identical cells).
Finding identical cells in module `$paramod\alu_execute\DATA_WIDTH=s32'00000000000000000000000000100000'.
Finding identical cells in module `$paramod\alu_flags\DATA_WIDTH=s32'00000000000000000000000000100000'.
Finding identical cells in module `$paramod\alu_pipeline_register\DATA_WIDTH=s32'00000000000000000000000000100000'.
Finding identical cells in module `\alu_control'.
Finding identical cells in module `\pipelined_alu_top'.
Removed a total of 0 cells.

8.13. Executing OPT_DFF pass (perform DFF optimizations).

8.14. Executing OPT_CLEAN pass (remove unused cells and wires).
Finding unused cells or wires in module $paramod\alu_execute\DATA_WIDTH=s32'00000000000000000000000000100000..
Finding unused cells or wires in module $paramod\alu_flags\DATA_WIDTH=s32'00000000000000000000000000100000..
Finding unused cells or wires in module $paramod\alu_pipeline_register\DATA_WIDTH=s32'00000000000000000000000000100000..
Finding unused cells or wires in module \alu_control..
Finding unused cells or wires in module \pipelined_alu_top..

8.15. Executing OPT_EXPR pass (perform const folding).
Optimizing module $paramod\alu_execute\DATA_WIDTH=s32'00000000000000000000000000100000.
Optimizing module $paramod\alu_flags\DATA_WIDTH=s32'00000000000000000000000000100000.
Optimizing module $paramod\alu_pipeline_register\DATA_WIDTH=s32'00000000000000000000000000100000.
Optimizing module alu_control.
Optimizing module pipelined_alu_top.

8.16. Finished OPT passes. (There is nothing left to do.)

9. Executing FSM pass (extract and optimize FSM).

9.1. Executing FSM_DETECT pass (finding FSMs in design).

9.2. Executing FSM_EXTRACT pass (extracting FSM from design).

9.3. Executing FSM_OPT pass (simple optimizations of FSMs).

9.4. Executing OPT_CLEAN pass (remove unused cells and wires).
Finding unused cells or wires in module $paramod\alu_execute\DATA_WIDTH=s32'00000000000000000000000000100000..
Finding unused cells or wires in module $paramod\alu_flags\DATA_WIDTH=s32'00000000000000000000000000100000..
Finding unused cells or wires in module $paramod\alu_pipeline_register\DATA_WIDTH=s32'00000000000000000000000000100000..
Finding unused cells or wires in module \alu_control..
Finding unused cells or wires in module \pipelined_alu_top..

9.5. Executing FSM_OPT pass (simple optimizations of FSMs).

9.6. Executing FSM_RECODE pass (re-assigning FSM state encoding).

9.7. Executing FSM_INFO pass (dumping all available information on FSM cells).

9.8. Executing FSM_MAP pass (mapping FSMs to basic logic).

10. Executing OPT pass (performing simple optimizations).

10.1. Executing OPT_EXPR pass (perform const folding).
Optimizing module $paramod\alu_execute\DATA_WIDTH=s32'00000000000000000000000000100000.
Optimizing module $paramod\alu_flags\DATA_WIDTH=s32'00000000000000000000000000100000.
Optimizing module $paramod\alu_pipeline_register\DATA_WIDTH=s32'00000000000000000000000000100000.
Optimizing module alu_control.
Optimizing module pipelined_alu_top.

10.2. Executing OPT_MERGE pass (detect identical cells).
Finding identical cells in module `$paramod\alu_execute\DATA_WIDTH=s32'00000000000000000000000000100000'.
Finding identical cells in module `$paramod\alu_flags\DATA_WIDTH=s32'00000000000000000000000000100000'.
Finding identical cells in module `$paramod\alu_pipeline_register\DATA_WIDTH=s32'00000000000000000000000000100000'.
Finding identical cells in module `\alu_control'.
Finding identical cells in module `\pipelined_alu_top'.
Removed a total of 0 cells.

10.3. Executing OPT_MUXTREE pass (detect dead branches in mux trees).
Running muxtree optimizer on module $paramod\alu_execute\DATA_WIDTH=s32'00000000000000000000000000100000..
  Creating internal representation of mux trees.
  Evaluating internal representation of mux trees.
  Analyzing evaluation results.
Running muxtree optimizer on module $paramod\alu_flags\DATA_WIDTH=s32'00000000000000000000000000100000..
  Creating internal representation of mux trees.
  No muxes found in this module.
Running muxtree optimizer on module $paramod\alu_pipeline_register\DATA_WIDTH=s32'00000000000000000000000000100000..
  Creating internal representation of mux trees.
  No muxes found in this module.
Running muxtree optimizer on module \alu_control..
  Creating internal representation of mux trees.
  No muxes found in this module.
Running muxtree optimizer on module \pipelined_alu_top..
  Creating internal representation of mux trees.
  No muxes found in this module.
Removed 0 multiplexer ports.
<suppressed ~1 debug messages>

10.4. Executing OPT_REDUCE pass (consolidate $*mux and $reduce_* inputs).
  Optimizing cells in module $paramod\alu_execute\DATA_WIDTH=s32'00000000000000000000000000100000.
  Optimizing cells in module $paramod\alu_flags\DATA_WIDTH=s32'00000000000000000000000000100000.
  Optimizing cells in module $paramod\alu_pipeline_register\DATA_WIDTH=s32'00000000000000000000000000100000.
  Optimizing cells in module \alu_control.
  Optimizing cells in module \pipelined_alu_top.
Performed a total of 0 changes.

10.5. Executing OPT_MERGE pass (detect identical cells).
Finding identical cells in module `$paramod\alu_execute\DATA_WIDTH=s32'00000000000000000000000000100000'.
Finding identical cells in module `$paramod\alu_flags\DATA_WIDTH=s32'00000000000000000000000000100000'.
Finding identical cells in module `$paramod\alu_pipeline_register\DATA_WIDTH=s32'00000000000000000000000000100000'.
Finding identical cells in module `\alu_control'.
Finding identical cells in module `\pipelined_alu_top'.
Removed a total of 0 cells.

10.6. Executing OPT_DFF pass (perform DFF optimizations).

10.7. Executing OPT_CLEAN pass (remove unused cells and wires).
Finding unused cells or wires in module $paramod\alu_execute\DATA_WIDTH=s32'00000000000000000000000000100000..
Finding unused cells or wires in module $paramod\alu_flags\DATA_WIDTH=s32'00000000000000000000000000100000..
Finding unused cells or wires in module $paramod\alu_pipeline_register\DATA_WIDTH=s32'00000000000000000000000000100000..
Finding unused cells or wires in module \alu_control..
Finding unused cells or wires in module \pipelined_alu_top..

10.8. Executing OPT_EXPR pass (perform const folding).
Optimizing module $paramod\alu_execute\DATA_WIDTH=s32'00000000000000000000000000100000.
Optimizing module $paramod\alu_flags\DATA_WIDTH=s32'00000000000000000000000000100000.
Optimizing module $paramod\alu_pipeline_register\DATA_WIDTH=s32'00000000000000000000000000100000.
Optimizing module alu_control.
Optimizing module pipelined_alu_top.

10.9. Finished OPT passes. (There is nothing left to do.)

11. Executing MEMORY pass.

11.1. Executing OPT_MEM pass (optimize memories).
alu_control.$auto$proc_rom.cc:150:do_switch$25: removing const-0 lane 3
Performed a total of 1 transformations.

11.2. Executing OPT_MEM_PRIORITY pass (removing unnecessary memory write priority relations).
Performed a total of 0 transformations.

11.3. Executing OPT_MEM_FEEDBACK pass (finding memory read-to-write feedback paths).

11.4. Executing MEMORY_BMUX2ROM pass (converting muxes to ROMs).

11.5. Executing MEMORY_DFF pass (merging $dff cells to $memrd).
Checking read port `$auto$proc_rom.cc:150:do_switch$25'[0] in module `\alu_control': no output FF found.
Checking read port address `$auto$proc_rom.cc:150:do_switch$25'[0] in module `\alu_control': no address FF found.

11.6. Executing OPT_CLEAN pass (remove unused cells and wires).
Finding unused cells or wires in module $paramod\alu_execute\DATA_WIDTH=s32'00000000000000000000000000100000..
Finding unused cells or wires in module $paramod\alu_flags\DATA_WIDTH=s32'00000000000000000000000000100000..
Finding unused cells or wires in module $paramod\alu_pipeline_register\DATA_WIDTH=s32'00000000000000000000000000100000..
Finding unused cells or wires in module \alu_control..
Finding unused cells or wires in module \pipelined_alu_top..

11.7. Executing MEMORY_SHARE pass (consolidating $memrd/$memwr cells).

11.8. Executing OPT_MEM_WIDEN pass (optimize memories where all ports are wide).
Performed a total of 0 transformations.

11.9. Executing OPT_CLEAN pass (remove unused cells and wires).
Finding unused cells or wires in module $paramod\alu_execute\DATA_WIDTH=s32'00000000000000000000000000100000..
Finding unused cells or wires in module $paramod\alu_flags\DATA_WIDTH=s32'00000000000000000000000000100000..
Finding unused cells or wires in module $paramod\alu_pipeline_register\DATA_WIDTH=s32'00000000000000000000000000100000..
Finding unused cells or wires in module \alu_control..
Finding unused cells or wires in module \pipelined_alu_top..

11.10. Executing MEMORY_COLLECT pass (generating $mem cells).

11.11. Executing MEMORY_MAP pass (converting memories to logic and flip-flops).
Mapping memory $auto$proc_rom.cc:150:do_switch$25 in module \alu_control:
  created 8 $dff cells and 0 static cells of width 3.
  read interface: 0 $dff and 7 $mux cells.
  write interface: 0 write mux blocks.

12. Executing OPT pass (performing simple optimizations).

12.1. Executing OPT_EXPR pass (perform const folding).
Optimizing module $paramod\alu_execute\DATA_WIDTH=s32'00000000000000000000000000100000.
Optimizing module $paramod\alu_flags\DATA_WIDTH=s32'00000000000000000000000000100000.
Optimizing module $paramod\alu_pipeline_register\DATA_WIDTH=s32'00000000000000000000000000100000.
Optimizing module alu_control.
Optimizing module pipelined_alu_top.

12.2. Executing OPT_MERGE pass (detect identical cells).
Finding identical cells in module `$paramod\alu_execute\DATA_WIDTH=s32'00000000000000000000000000100000'.
Finding identical cells in module `$paramod\alu_flags\DATA_WIDTH=s32'00000000000000000000000000100000'.
Finding identical cells in module `$paramod\alu_pipeline_register\DATA_WIDTH=s32'00000000000000000000000000100000'.
Finding identical cells in module `\alu_control'.
Finding identical cells in module `\pipelined_alu_top'.
Removed a total of 0 cells.

12.3. Executing OPT_MUXTREE pass (detect dead branches in mux trees).
Running muxtree optimizer on module $paramod\alu_execute\DATA_WIDTH=s32'00000000000000000000000000100000..
  Creating internal representation of mux trees.
  Evaluating internal representation of mux trees.
  Analyzing evaluation results.
Running muxtree optimizer on module $paramod\alu_flags\DATA_WIDTH=s32'00000000000000000000000000100000..
  Creating internal representation of mux trees.
  No muxes found in this module.
Running muxtree optimizer on module $paramod\alu_pipeline_register\DATA_WIDTH=s32'00000000000000000000000000100000..
  Creating internal representation of mux trees.
  No muxes found in this module.
Running muxtree optimizer on module \alu_control..
  Creating internal representation of mux trees.
  Evaluating internal representation of mux trees.
  Analyzing evaluation results.
Running muxtree optimizer on module \pipelined_alu_top..
  Creating internal representation of mux trees.
  No muxes found in this module.
Removed 0 multiplexer ports.
<suppressed ~2 debug messages>

12.4. Executing OPT_REDUCE pass (consolidate $*mux and $reduce_* inputs).
  Optimizing cells in module $paramod\alu_execute\DATA_WIDTH=s32'00000000000000000000000000100000.
  Optimizing cells in module $paramod\alu_flags\DATA_WIDTH=s32'00000000000000000000000000100000.
  Optimizing cells in module $paramod\alu_pipeline_register\DATA_WIDTH=s32'00000000000000000000000000100000.
  Optimizing cells in module \alu_control.
  Optimizing cells in module \pipelined_alu_top.
Performed a total of 0 changes.

12.5. Executing OPT_MERGE pass (detect identical cells).
Finding identical cells in module `$paramod\alu_execute\DATA_WIDTH=s32'00000000000000000000000000100000'.
Finding identical cells in module `$paramod\alu_flags\DATA_WIDTH=s32'00000000000000000000000000100000'.
Finding identical cells in module `$paramod\alu_pipeline_register\DATA_WIDTH=s32'00000000000000000000000000100000'.
Finding identical cells in module `\alu_control'.
Finding identical cells in module `\pipelined_alu_top'.
Removed a total of 0 cells.

12.6. Executing OPT_DFF pass (perform DFF optimizations).

12.7. Executing OPT_CLEAN pass (remove unused cells and wires).
Finding unused cells or wires in module $paramod\alu_execute\DATA_WIDTH=s32'00000000000000000000000000100000..
Finding unused cells or wires in module $paramod\alu_flags\DATA_WIDTH=s32'00000000000000000000000000100000..
Finding unused cells or wires in module $paramod\alu_pipeline_register\DATA_WIDTH=s32'00000000000000000000000000100000..
Finding unused cells or wires in module \alu_control..
Finding unused cells or wires in module \pipelined_alu_top..
Removed 0 unused cells and 8 unused wires.
<suppressed ~1 debug messages>

12.8. Executing OPT_EXPR pass (perform const folding).
Optimizing module $paramod\alu_execute\DATA_WIDTH=s32'00000000000000000000000000100000.
Optimizing module $paramod\alu_flags\DATA_WIDTH=s32'00000000000000000000000000100000.
Optimizing module $paramod\alu_pipeline_register\DATA_WIDTH=s32'00000000000000000000000000100000.
Optimizing module alu_control.
Optimizing module pipelined_alu_top.

12.9. Rerunning OPT passes. (Maybe there is more to do..)

12.10. Executing OPT_MUXTREE pass (detect dead branches in mux trees).
Running muxtree optimizer on module $paramod\alu_execute\DATA_WIDTH=s32'00000000000000000000000000100000..
  Creating internal representation of mux trees.
  Evaluating internal representation of mux trees.
  Analyzing evaluation results.
Running muxtree optimizer on module $paramod\alu_flags\DATA_WIDTH=s32'00000000000000000000000000100000..
  Creating internal representation of mux trees.
  No muxes found in this module.
Running muxtree optimizer on module $paramod\alu_pipeline_register\DATA_WIDTH=s32'00000000000000000000000000100000..
  Creating internal representation of mux trees.
  No muxes found in this module.
Running muxtree optimizer on module \alu_control..
  Creating internal representation of mux trees.
  Evaluating internal representation of mux trees.
  Analyzing evaluation results.
Running muxtree optimizer on module \pipelined_alu_top..
  Creating internal representation of mux trees.
  No muxes found in this module.
Removed 0 multiplexer ports.
<suppressed ~2 debug messages>

12.11. Executing OPT_REDUCE pass (consolidate $*mux and $reduce_* inputs).
  Optimizing cells in module $paramod\alu_execute\DATA_WIDTH=s32'00000000000000000000000000100000.
  Optimizing cells in module $paramod\alu_flags\DATA_WIDTH=s32'00000000000000000000000000100000.
  Optimizing cells in module $paramod\alu_pipeline_register\DATA_WIDTH=s32'00000000000000000000000000100000.
  Optimizing cells in module \alu_control.
  Optimizing cells in module \pipelined_alu_top.
Performed a total of 0 changes.

12.12. Executing OPT_MERGE pass (detect identical cells).
Finding identical cells in module `$paramod\alu_execute\DATA_WIDTH=s32'00000000000000000000000000100000'.
Finding identical cells in module `$paramod\alu_flags\DATA_WIDTH=s32'00000000000000000000000000100000'.
Finding identical cells in module `$paramod\alu_pipeline_register\DATA_WIDTH=s32'00000000000000000000000000100000'.
Finding identical cells in module `\alu_control'.
Finding identical cells in module `\pipelined_alu_top'.
Removed a total of 0 cells.

12.13. Executing OPT_DFF pass (perform DFF optimizations).

12.14. Executing OPT_CLEAN pass (remove unused cells and wires).
Finding unused cells or wires in module $paramod\alu_execute\DATA_WIDTH=s32'00000000000000000000000000100000..
Finding unused cells or wires in module $paramod\alu_flags\DATA_WIDTH=s32'00000000000000000000000000100000..
Finding unused cells or wires in module $paramod\alu_pipeline_register\DATA_WIDTH=s32'00000000000000000000000000100000..
Finding unused cells or wires in module \alu_control..
Finding unused cells or wires in module \pipelined_alu_top..

12.15. Executing OPT_EXPR pass (perform const folding).
Optimizing module $paramod\alu_execute\DATA_WIDTH=s32'00000000000000000000000000100000.
Optimizing module $paramod\alu_flags\DATA_WIDTH=s32'00000000000000000000000000100000.
Optimizing module $paramod\alu_pipeline_register\DATA_WIDTH=s32'00000000000000000000000000100000.
Optimizing module alu_control.
Optimizing module pipelined_alu_top.

12.16. Finished OPT passes. (There is nothing left to do.)

13. Executing TECHMAP pass (map to technology primitives).

13.1. Executing Verilog-2005 frontend: /usr/bin/../share/yosys/techmap.v
Parsing Verilog input from `/usr/bin/../share/yosys/techmap.v' to AST representation.
Generating RTLIL representation for module `\_90_simplemap_bool_ops'.
Generating RTLIL representation for module `\_90_simplemap_reduce_ops'.
Generating RTLIL representation for module `\_90_simplemap_logic_ops'.
Generating RTLIL representation for module `\_90_simplemap_compare_ops'.
Generating RTLIL representation for module `\_90_simplemap_various'.
Generating RTLIL representation for module `\_90_simplemap_registers'.
Generating RTLIL representation for module `\_90_shift_ops_shr_shl_sshl_sshr'.
Generating RTLIL representation for module `\_90_shift_shiftx'.
Generating RTLIL representation for module `\_90_fa'.
Generating RTLIL representation for module `\_90_lcu'.
Generating RTLIL representation for module `\_90_alu'.
Generating RTLIL representation for module `\_90_macc'.
Generating RTLIL representation for module `\_90_alumacc'.
Generating RTLIL representation for module `\$__div_mod_u'.
Generating RTLIL representation for module `\$__div_mod_trunc'.
Generating RTLIL representation for module `\_90_div'.
Generating RTLIL representation for module `\_90_mod'.
Generating RTLIL representation for module `\$__div_mod_floor'.
Generating RTLIL representation for module `\_90_divfloor'.
Generating RTLIL representation for module `\_90_modfloor'.
Generating RTLIL representation for module `\_90_pow'.
Generating RTLIL representation for module `\_90_pmux'.
Generating RTLIL representation for module `\_90_demux'.
Generating RTLIL representation for module `\_90_lut'.
Successfully finished Verilog frontend.

13.2. Continuing TECHMAP pass.
Using extmapper simplemap for cells of type $mux.
Using extmapper simplemap for cells of type $sdff.
Using extmapper simplemap for cells of type $logic_not.
Using extmapper simplemap for cells of type $eq.
Using template $paramod$bf8e268f26361094a16ad6650df0ad1ca719658a\_90_pmux for cells of type $pmux.
Running "alumacc" on wrapper $extern:wrap:$add:A_SIGNED=0:A_WIDTH=32:B_SIGNED=0:B_WIDTH=32:Y_WIDTH=32:394426c56d1a028ba8fdd5469b163e04011def47.
Using template $extern:wrap:$add:A_SIGNED=0:A_WIDTH=32:B_SIGNED=0:B_WIDTH=32:Y_WIDTH=32:394426c56d1a028ba8fdd5469b163e04011def47 for cells of type $extern:wrap:$add:A_SIGNED=0:A_WIDTH=32:B_SIGNED=0:B_WIDTH=32:Y_WIDTH=32:394426c56d1a028ba8fdd5469b163e04011def47.
Running "alumacc" on wrapper $extern:wrap:$sub:A_SIGNED=0:A_WIDTH=32:B_SIGNED=0:B_WIDTH=32:Y_WIDTH=32:394426c56d1a028ba8fdd5469b163e04011def47.
Using template $extern:wrap:$sub:A_SIGNED=0:A_WIDTH=32:B_SIGNED=0:B_WIDTH=32:Y_WIDTH=32:394426c56d1a028ba8fdd5469b163e04011def47 for cells of type $extern:wrap:$sub:A_SIGNED=0:A_WIDTH=32:B_SIGNED=0:B_WIDTH=32:Y_WIDTH=32:394426c56d1a028ba8fdd5469b163e04011def47.
Using extmapper simplemap for cells of type $and.
Using extmapper simplemap for cells of type $or.
Using extmapper simplemap for cells of type $xor.
Using extmapper simplemap for cells of type $reduce_or.
Using template $paramod$fbc7873bff55778c0b3173955b7e4bce1d9d6834\_90_alu for cells of type $alu.
Using template $paramod\_90_lcu\WIDTH=32'00000000000000000000000000100000 for cells of type $lcu.
Using extmapper simplemap for cells of type $pos.
Using extmapper simplemap for cells of type $not.
No more expansions possible.
<suppressed ~644 debug messages>

14. Executing OPT pass (performing simple optimizations).

14.1. Executing OPT_EXPR pass (perform const folding).
Optimizing module $paramod\alu_execute\DATA_WIDTH=s32'00000000000000000000000000100000.
<suppressed ~165 debug messages>
Optimizing module $paramod\alu_flags\DATA_WIDTH=s32'00000000000000000000000000100000.
Optimizing module $paramod\alu_pipeline_register\DATA_WIDTH=s32'00000000000000000000000000100000.
Optimizing module alu_control.
<suppressed ~21 debug messages>
Optimizing module pipelined_alu_top.

14.2. Executing OPT_MERGE pass (detect identical cells).
Finding identical cells in module `$paramod\alu_execute\DATA_WIDTH=s32'00000000000000000000000000100000'.
<suppressed ~345 debug messages>
Finding identical cells in module `$paramod\alu_flags\DATA_WIDTH=s32'00000000000000000000000000100000'.
Finding identical cells in module `$paramod\alu_pipeline_register\DATA_WIDTH=s32'00000000000000000000000000100000'.
Finding identical cells in module `\alu_control'.
Finding identical cells in module `\pipelined_alu_top'.
Removed a total of 115 cells.

14.3. Executing OPT_MUXTREE pass (detect dead branches in mux trees).
Running muxtree optimizer on module $paramod\alu_execute\DATA_WIDTH=s32'00000000000000000000000000100000..
  Creating internal representation of mux trees.
  No muxes found in this module.
Running muxtree optimizer on module $paramod\alu_flags\DATA_WIDTH=s32'00000000000000000000000000100000..
  Creating internal representation of mux trees.
  No muxes found in this module.
Running muxtree optimizer on module $paramod\alu_pipeline_register\DATA_WIDTH=s32'00000000000000000000000000100000..
  Creating internal representation of mux trees.
  No muxes found in this module.
Running muxtree optimizer on module \alu_control..
  Creating internal representation of mux trees.
  No muxes found in this module.
Running muxtree optimizer on module \pipelined_alu_top..
  Creating internal representation of mux trees.
  No muxes found in this module.
Removed 0 multiplexer ports.

14.4. Executing OPT_REDUCE pass (consolidate $*mux and $reduce_* inputs).
  Optimizing cells in module $paramod\alu_execute\DATA_WIDTH=s32'00000000000000000000000000100000.
  Optimizing cells in module $paramod\alu_flags\DATA_WIDTH=s32'00000000000000000000000000100000.
  Optimizing cells in module $paramod\alu_pipeline_register\DATA_WIDTH=s32'00000000000000000000000000100000.
  Optimizing cells in module \alu_control.
  Optimizing cells in module \pipelined_alu_top.
Performed a total of 0 changes.

14.5. Executing OPT_MERGE pass (detect identical cells).
Finding identical cells in module `$paramod\alu_execute\DATA_WIDTH=s32'00000000000000000000000000100000'.
Finding identical cells in module `$paramod\alu_flags\DATA_WIDTH=s32'00000000000000000000000000100000'.
Finding identical cells in module `$paramod\alu_pipeline_register\DATA_WIDTH=s32'00000000000000000000000000100000'.
Finding identical cells in module `\alu_control'.
Finding identical cells in module `\pipelined_alu_top'.
Removed a total of 0 cells.

14.6. Executing OPT_DFF pass (perform DFF optimizations).

14.7. Executing OPT_CLEAN pass (remove unused cells and wires).
Finding unused cells or wires in module $paramod\alu_execute\DATA_WIDTH=s32'00000000000000000000000000100000..
Finding unused cells or wires in module $paramod\alu_flags\DATA_WIDTH=s32'00000000000000000000000000100000..
Finding unused cells or wires in module $paramod\alu_pipeline_register\DATA_WIDTH=s32'00000000000000000000000000100000..
Finding unused cells or wires in module \alu_control..
Finding unused cells or wires in module \pipelined_alu_top..
Removed 61 unused cells and 241 unused wires.
<suppressed ~63 debug messages>

14.8. Executing OPT_EXPR pass (perform const folding).
Optimizing module $paramod\alu_execute\DATA_WIDTH=s32'00000000000000000000000000100000.
Optimizing module $paramod\alu_flags\DATA_WIDTH=s32'00000000000000000000000000100000.
Optimizing module $paramod\alu_pipeline_register\DATA_WIDTH=s32'00000000000000000000000000100000.
Optimizing module alu_control.
Optimizing module pipelined_alu_top.

14.9. Rerunning OPT passes. (Maybe there is more to do..)

14.10. Executing OPT_MUXTREE pass (detect dead branches in mux trees).
Running muxtree optimizer on module $paramod\alu_execute\DATA_WIDTH=s32'00000000000000000000000000100000..
  Creating internal representation of mux trees.
  No muxes found in this module.
Running muxtree optimizer on module $paramod\alu_flags\DATA_WIDTH=s32'00000000000000000000000000100000..
  Creating internal representation of mux trees.
  No muxes found in this module.
Running muxtree optimizer on module $paramod\alu_pipeline_register\DATA_WIDTH=s32'00000000000000000000000000100000..
  Creating internal representation of mux trees.
  No muxes found in this module.
Running muxtree optimizer on module \alu_control..
  Creating internal representation of mux trees.
  No muxes found in this module.
Running muxtree optimizer on module \pipelined_alu_top..
  Creating internal representation of mux trees.
  No muxes found in this module.
Removed 0 multiplexer ports.

14.11. Executing OPT_REDUCE pass (consolidate $*mux and $reduce_* inputs).
  Optimizing cells in module $paramod\alu_execute\DATA_WIDTH=s32'00000000000000000000000000100000.
  Optimizing cells in module $paramod\alu_flags\DATA_WIDTH=s32'00000000000000000000000000100000.
  Optimizing cells in module $paramod\alu_pipeline_register\DATA_WIDTH=s32'00000000000000000000000000100000.
  Optimizing cells in module \alu_control.
  Optimizing cells in module \pipelined_alu_top.
Performed a total of 0 changes.

14.12. Executing OPT_MERGE pass (detect identical cells).
Finding identical cells in module `$paramod\alu_execute\DATA_WIDTH=s32'00000000000000000000000000100000'.
Finding identical cells in module `$paramod\alu_flags\DATA_WIDTH=s32'00000000000000000000000000100000'.
Finding identical cells in module `$paramod\alu_pipeline_register\DATA_WIDTH=s32'00000000000000000000000000100000'.
Finding identical cells in module `\alu_control'.
Finding identical cells in module `\pipelined_alu_top'.
Removed a total of 0 cells.

14.13. Executing OPT_DFF pass (perform DFF optimizations).

14.14. Executing OPT_CLEAN pass (remove unused cells and wires).
Finding unused cells or wires in module $paramod\alu_execute\DATA_WIDTH=s32'00000000000000000000000000100000..
Finding unused cells or wires in module $paramod\alu_flags\DATA_WIDTH=s32'00000000000000000000000000100000..
Finding unused cells or wires in module $paramod\alu_pipeline_register\DATA_WIDTH=s32'00000000000000000000000000100000..
Finding unused cells or wires in module \alu_control..
Finding unused cells or wires in module \pipelined_alu_top..

14.15. Executing OPT_EXPR pass (perform const folding).
Optimizing module $paramod\alu_execute\DATA_WIDTH=s32'00000000000000000000000000100000.
Optimizing module $paramod\alu_flags\DATA_WIDTH=s32'00000000000000000000000000100000.
Optimizing module $paramod\alu_pipeline_register\DATA_WIDTH=s32'00000000000000000000000000100000.
Optimizing module alu_control.
Optimizing module pipelined_alu_top.

14.16. Finished OPT passes. (There is nothing left to do.)

15. Executing ABC pass (technology mapping using ABC).

15.1. Extracting gate netlist of module `$paramod\alu_execute\DATA_WIDTH=s32'00000000000000000000000000100000' to `<abc-temp-dir>/input.blif'..
Extracted 1017 gates and 1086 wires to a netlist network with 68 inputs and 32 outputs.

15.1.1. Executing ABC.
Running ABC command: "<yosys-exe-dir>/yosys-abc" -s -f <abc-temp-dir>/abc.script 2>&1
ABC: ABC command line: "source <abc-temp-dir>/abc.script".
ABC: 
ABC: + read_blif <abc-temp-dir>/input.blif 
ABC: + read_lib -w /mnt/e/VLSI_projects_CHIP/ASIC_Tools/Project21_Pipelined_ALU/liberty/NangateOpenCellLibrary_typical.lib 
ABC: Parsing finished successfully.  Parsing time =     0.09 sec
ABC: Scl_LibertyReadGenlib() skipped cell "ANTENNA_X1" due to dont_use attribute.
ABC: Scl_LibertyReadGenlib() skipped cell "CLKGATETST_X1" without logic function.
ABC: Scl_LibertyReadGenlib() skipped cell "CLKGATETST_X2" without logic function.
ABC: Scl_LibertyReadGenlib() skipped cell "CLKGATETST_X4" without logic function.
ABC: Scl_LibertyReadGenlib() skipped cell "CLKGATETST_X8" without logic function.
ABC: Scl_LibertyReadGenlib() skipped cell "CLKGATE_X1" without logic function.
ABC: Scl_LibertyReadGenlib() skipped cell "CLKGATE_X2" without logic function.
ABC: Scl_LibertyReadGenlib() skipped cell "CLKGATE_X4" without logic function.
ABC: Scl_LibertyReadGenlib() skipped cell "CLKGATE_X8" without logic function.
ABC: Scl_LibertyReadGenlib() skipped sequential cell "DFFRS_X1".
ABC: Scl_LibertyReadGenlib() skipped sequential cell "DFFRS_X2".
ABC: Scl_LibertyReadGenlib() skipped sequential cell "DFFR_X1".
ABC: Scl_LibertyReadGenlib() skipped sequential cell "DFFR_X2".
ABC: Scl_LibertyReadGenlib() skipped sequential cell "DFFS_X1".
ABC: Scl_LibertyReadGenlib() skipped sequential cell "DFFS_X2".
ABC: Scl_LibertyReadGenlib() skipped sequential cell "DFF_X1".
ABC: Scl_LibertyReadGenlib() skipped sequential cell "DFF_X2".
ABC: Scl_LibertyReadGenlib() skipped sequential cell "DLH_X1".
ABC: Scl_LibertyReadGenlib() skipped sequential cell "DLH_X2".
ABC: Scl_LibertyReadGenlib() skipped sequential cell "DLL_X1".
ABC: Scl_LibertyReadGenlib() skipped sequential cell "DLL_X2".
ABC: Scl_LibertyReadGenlib() skipped cell "FILLCELL_X1" due to dont_use attribute.
ABC: Scl_LibertyReadGenlib() skipped cell "TAPCELL_X1" due to dont_use attribute.
ABC: Scl_LibertyReadGenlib() skipped cell "FILLCELL_X2" due to dont_use attribute.
ABC: Scl_LibertyReadGenlib() skipped cell "FILLCELL_X4" due to dont_use attribute.
ABC: Scl_LibertyReadGenlib() skipped cell "FILLCELL_X8" due to dont_use attribute.
ABC: Scl_LibertyReadGenlib() skipped cell "FILLCELL_X16" due to dont_use attribute.
ABC: Scl_LibertyReadGenlib() skipped cell "FILLCELL_X32" due to dont_use attribute.
ABC: Scl_LibertyReadGenlib() skipped cell "LOGIC0_X1" due to dont_use attribute.
ABC: Scl_LibertyReadGenlib() skipped cell "LOGIC1_X1" due to dont_use attribute.
ABC: Scl_LibertyReadGenlib() skipped sequential cell "SDFFRS_X1".
ABC: Scl_LibertyReadGenlib() skipped sequential cell "SDFFRS_X2".
ABC: Scl_LibertyReadGenlib() skipped sequential cell "SDFFR_X1".
ABC: Scl_LibertyReadGenlib() skipped sequential cell "SDFFR_X2".
ABC: Scl_LibertyReadGenlib() skipped sequential cell "SDFFS_X1".
ABC: Scl_LibertyReadGenlib() skipped sequential cell "SDFFS_X2".
ABC: Scl_LibertyReadGenlib() skipped sequential cell "SDFF_X1".
ABC: Scl_LibertyReadGenlib() skipped sequential cell "SDFF_X2".
ABC: Scl_LibertyReadGenlib() skipped three-state cell "TBUF_X1".
ABC: Scl_LibertyReadGenlib() skipped three-state cell "TBUF_X2".
ABC: Scl_LibertyReadGenlib() skipped three-state cell "TBUF_X4".
ABC: Scl_LibertyReadGenlib() skipped three-state cell "TBUF_X8".
ABC: Scl_LibertyReadGenlib() skipped three-state cell "TBUF_X16".
ABC: Scl_LibertyReadGenlib() skipped three-state cell "TINV_X1".
ABC: Scl_LibertyReadGenlib() skipped sequential cell "TLAT_X1".
ABC: Library "NangateOpenCellLibrary" from "/mnt/e/VLSI_projects_CHIP/ASIC_Tools/Project21_Pipelined_ALU/liberty/NangateOpenCellLibrary_typical.lib" has 90 cells (35 skipped: 21 seq; 6 tri-state; 8 no func; 10 dont_use).  Time =     0.13 sec
ABC: Memory =   11.38 MB. Time =     0.13 sec
ABC: Warning: Detected 2 multi-output gates (for example, "FA_X1").
ABC: + strash 
ABC: + &get -n 
ABC: + &fraig -x 
ABC: + &put 
ABC: + scorr 
ABC: Warning: The network is combinational (run "fraig" or "fraig_sweep").
ABC: + dc2 
ABC: + dretime 
ABC: + strash 
ABC: + &get -n 
ABC: + &dch -f 
ABC: + &nf 
ABC: + &put 
ABC: + write_blif <abc-temp-dir>/output.blif 

15.1.2. Re-integrating ABC results.
ABC RESULTS:            OR3_X1 cells:        1
ABC RESULTS:         AOI211_X1 cells:        5
ABC RESULTS:           AND4_X1 cells:        1
ABC RESULTS:           NOR4_X1 cells:        5
ABC RESULTS:           NOR3_X1 cells:       11
ABC RESULTS:           NOR2_X1 cells:       52
ABC RESULTS:            INV_X1 cells:       50
ABC RESULTS:           AND2_X1 cells:       15
ABC RESULTS:         AOI222_X1 cells:       15
ABC RESULTS:         OAI211_X1 cells:        5
ABC RESULTS:          AOI21_X1 cells:       41
ABC RESULTS:            OR2_X1 cells:       24
ABC RESULTS:          NAND2_X1 cells:       60
ABC RESULTS:          OAI22_X1 cells:        9
ABC RESULTS:         AOI221_X1 cells:       18
ABC RESULTS:          NAND4_X1 cells:       12
ABC RESULTS:          XNOR2_X1 cells:       49
ABC RESULTS:           XOR2_X1 cells:       30
ABC RESULTS:          AOI22_X1 cells:       16
ABC RESULTS:          NAND3_X1 cells:       27
ABC RESULTS:          OAI21_X1 cells:       73
ABC RESULTS:           AND3_X1 cells:       11
ABC RESULTS:         OAI221_X1 cells:       19
ABC RESULTS:        internal signals:      986
ABC RESULTS:           input signals:       68
ABC RESULTS:          output signals:       32
Removing temp directory.

15.2. Extracting gate netlist of module `$paramod\alu_flags\DATA_WIDTH=s32'00000000000000000000000000100000' to `<abc-temp-dir>/input.blif'..
Extracted 32 gates and 64 wires to a netlist network with 32 inputs and 1 outputs.

15.2.1. Executing ABC.
Running ABC command: "<yosys-exe-dir>/yosys-abc" -s -f <abc-temp-dir>/abc.script 2>&1
ABC: ABC command line: "source <abc-temp-dir>/abc.script".
ABC: 
ABC: + read_blif <abc-temp-dir>/input.blif 
ABC: + read_lib -w /mnt/e/VLSI_projects_CHIP/ASIC_Tools/Project21_Pipelined_ALU/liberty/NangateOpenCellLibrary_typical.lib 
ABC: Parsing finished successfully.  Parsing time =     0.09 sec
ABC: Scl_LibertyReadGenlib() skipped cell "ANTENNA_X1" due to dont_use attribute.
ABC: Scl_LibertyReadGenlib() skipped cell "CLKGATETST_X1" without logic function.
ABC: Scl_LibertyReadGenlib() skipped cell "CLKGATETST_X2" without logic function.
ABC: Scl_LibertyReadGenlib() skipped cell "CLKGATETST_X4" without logic function.
ABC: Scl_LibertyReadGenlib() skipped cell "CLKGATETST_X8" without logic function.
ABC: Scl_LibertyReadGenlib() skipped cell "CLKGATE_X1" without logic function.
ABC: Scl_LibertyReadGenlib() skipped cell "CLKGATE_X2" without logic function.
ABC: Scl_LibertyReadGenlib() skipped cell "CLKGATE_X4" without logic function.
ABC: Scl_LibertyReadGenlib() skipped cell "CLKGATE_X8" without logic function.
ABC: Scl_LibertyReadGenlib() skipped sequential cell "DFFRS_X1".
ABC: Scl_LibertyReadGenlib() skipped sequential cell "DFFRS_X2".
ABC: Scl_LibertyReadGenlib() skipped sequential cell "DFFR_X1".
ABC: Scl_LibertyReadGenlib() skipped sequential cell "DFFR_X2".
ABC: Scl_LibertyReadGenlib() skipped sequential cell "DFFS_X1".
ABC: Scl_LibertyReadGenlib() skipped sequential cell "DFFS_X2".
ABC: Scl_LibertyReadGenlib() skipped sequential cell "DFF_X1".
ABC: Scl_LibertyReadGenlib() skipped sequential cell "DFF_X2".
ABC: Scl_LibertyReadGenlib() skipped sequential cell "DLH_X1".
ABC: Scl_LibertyReadGenlib() skipped sequential cell "DLH_X2".
ABC: Scl_LibertyReadGenlib() skipped sequential cell "DLL_X1".
ABC: Scl_LibertyReadGenlib() skipped sequential cell "DLL_X2".
ABC: Scl_LibertyReadGenlib() skipped cell "FILLCELL_X1" due to dont_use attribute.
ABC: Scl_LibertyReadGenlib() skipped cell "TAPCELL_X1" due to dont_use attribute.
ABC: Scl_LibertyReadGenlib() skipped cell "FILLCELL_X2" due to dont_use attribute.
ABC: Scl_LibertyReadGenlib() skipped cell "FILLCELL_X4" due to dont_use attribute.
ABC: Scl_LibertyReadGenlib() skipped cell "FILLCELL_X8" due to dont_use attribute.
ABC: Scl_LibertyReadGenlib() skipped cell "FILLCELL_X16" due to dont_use attribute.
ABC: Scl_LibertyReadGenlib() skipped cell "FILLCELL_X32" due to dont_use attribute.
ABC: Scl_LibertyReadGenlib() skipped cell "LOGIC0_X1" due to dont_use attribute.
ABC: Scl_LibertyReadGenlib() skipped cell "LOGIC1_X1" due to dont_use attribute.
ABC: Scl_LibertyReadGenlib() skipped sequential cell "SDFFRS_X1".
ABC: Scl_LibertyReadGenlib() skipped sequential cell "SDFFRS_X2".
ABC: Scl_LibertyReadGenlib() skipped sequential cell "SDFFR_X1".
ABC: Scl_LibertyReadGenlib() skipped sequential cell "SDFFR_X2".
ABC: Scl_LibertyReadGenlib() skipped sequential cell "SDFFS_X1".
ABC: Scl_LibertyReadGenlib() skipped sequential cell "SDFFS_X2".
ABC: Scl_LibertyReadGenlib() skipped sequential cell "SDFF_X1".
ABC: Scl_LibertyReadGenlib() skipped sequential cell "SDFF_X2".
ABC: Scl_LibertyReadGenlib() skipped three-state cell "TBUF_X1".
ABC: Scl_LibertyReadGenlib() skipped three-state cell "TBUF_X2".
ABC: Scl_LibertyReadGenlib() skipped three-state cell "TBUF_X4".
ABC: Scl_LibertyReadGenlib() skipped three-state cell "TBUF_X8".
ABC: Scl_LibertyReadGenlib() skipped three-state cell "TBUF_X16".
ABC: Scl_LibertyReadGenlib() skipped three-state cell "TINV_X1".
ABC: Scl_LibertyReadGenlib() skipped sequential cell "TLAT_X1".
ABC: Library "NangateOpenCellLibrary" from "/mnt/e/VLSI_projects_CHIP/ASIC_Tools/Project21_Pipelined_ALU/liberty/NangateOpenCellLibrary_typical.lib" has 90 cells (35 skipped: 21 seq; 6 tri-state; 8 no func; 10 dont_use).  Time =     0.13 sec
ABC: Memory =   11.38 MB. Time =     0.13 sec
ABC: Warning: Detected 2 multi-output gates (for example, "FA_X1").
ABC: + strash 
ABC: + &get -n 
ABC: + &fraig -x 
ABC: + &put 
ABC: + scorr 
ABC: Warning: The network is combinational (run "fraig" or "fraig_sweep").
ABC: + dc2 
ABC: + dretime 
ABC: + strash 
ABC: + &get -n 
ABC: + &dch -f 
ABC: + &nf 
ABC: + &put 
ABC: + write_blif <abc-temp-dir>/output.blif 

15.2.2. Re-integrating ABC results.
ABC RESULTS:           NOR4_X1 cells:        8
ABC RESULTS:          NAND4_X1 cells:        2
ABC RESULTS:           NOR2_X1 cells:        1
ABC RESULTS:        internal signals:       31
ABC RESULTS:           input signals:       32
ABC RESULTS:          output signals:        1
Removing temp directory.

15.3. Extracting gate netlist of module `$paramod\alu_pipeline_register\DATA_WIDTH=s32'00000000000000000000000000100000' to `<abc-temp-dir>/input.blif'..
Extracted 0 gates and 0 wires to a netlist network with 0 inputs and 0 outputs.
Don't call ABC as there is nothing to map.
Removing temp directory.

15.4. Extracting gate netlist of module `\alu_control' to `<abc-temp-dir>/input.blif'..
Extracted 0 gates and 0 wires to a netlist network with 0 inputs and 0 outputs.
Don't call ABC as there is nothing to map.
Removing temp directory.

15.5. Extracting gate netlist of module `\pipelined_alu_top' to `<abc-temp-dir>/input.blif'..
Extracted 0 gates and 0 wires to a netlist network with 0 inputs and 0 outputs.
Don't call ABC as there is nothing to map.
Removing temp directory.
Removed 0 unused cells and 426 unused wires.

16. Executing Verilog backend.

16.1. Executing BMUXMAP pass.

16.2. Executing DEMUXMAP pass.
Dumping module `$paramod\alu_execute\DATA_WIDTH=s32'00000000000000000000000000100000'.
Dumping module `$paramod\alu_flags\DATA_WIDTH=s32'00000000000000000000000000100000'.
Dumping module `$paramod\alu_pipeline_register\DATA_WIDTH=s32'00000000000000000000000000100000'.
Dumping module `\alu_control'.
Dumping module `\pipelined_alu_top'.

17. Printing statistics.

=== $paramod\alu_execute\DATA_WIDTH=s32'00000000000000000000000000100000 ===

   Number of wires:                521
   Number of wire bits:            617
   Number of public wires:           4
   Number of public wire bits:     100
   Number of memories:               0
   Number of memory bits:            0
   Number of processes:              0
   Number of cells:                549
     AND2_X1                        15
     AND3_X1                        11
     AND4_X1                         1
     AOI211_X1                       5
     AOI21_X1                       41
     AOI221_X1                      18
     AOI222_X1                      15
     AOI22_X1                       16
     INV_X1                         50
     NAND2_X1                       60
     NAND3_X1                       27
     NAND4_X1                       12
     NOR2_X1                        52
     NOR3_X1                        11
     NOR4_X1                         5
     OAI211_X1                       5
     OAI21_X1                       73
     OAI221_X1                      19
     OAI22_X1                        9
     OR2_X1                         24
     OR3_X1                          1
     XNOR2_X1                       49
     XOR2_X1                        30

=== $paramod\alu_flags\DATA_WIDTH=s32'00000000000000000000000000100000 ===

   Number of wires:                 17
   Number of wire bits:             48
   Number of public wires:           7
   Number of public wire bits:      38
   Number of memories:               0
   Number of memory bits:            0
   Number of processes:              0
   Number of cells:                 11
     NAND4_X1                        2
     NOR2_X1                         1
     NOR4_X1                         8

=== $paramod\alu_pipeline_register\DATA_WIDTH=s32'00000000000000000000000000100000 ===

   Number of wires:                 12
   Number of wire bits:             74
   Number of public wires:          12
   Number of public wire bits:      74
   Number of memories:               0
   Number of memory bits:            0
   Number of processes:              0
   Number of cells:                 36
     $_SDFF_PP0_                    36

=== alu_control ===

   Number of wires:                  2
   Number of wire bits:              7
   Number of public wires:           2
   Number of public wire bits:       7
   Number of memories:               0
   Number of memory bits:            0
   Number of processes:              0
   Number of cells:                  0

=== pipelined_alu_top ===

   Number of wires:                 18
   Number of wire bits:            147
   Number of public wires:          18
   Number of public wire bits:     147
   Number of memories:               0
   Number of memory bits:            0
   Number of processes:              0
   Number of cells:                  4
     $paramod\alu_execute\DATA_WIDTH=s32'00000000000000000000000000100000      1
     $paramod\alu_flags\DATA_WIDTH=s32'00000000000000000000000000100000      1
     $paramod\alu_pipeline_register\DATA_WIDTH=s32'00000000000000000000000000100000      1
     alu_control                     1

=== design hierarchy ===

   pipelined_alu_top                 1
     $paramod\alu_execute\DATA_WIDTH=s32'00000000000000000000000000100000      1
     $paramod\alu_flags\DATA_WIDTH=s32'00000000000000000000000000100000      1
     $paramod\alu_pipeline_register\DATA_WIDTH=s32'00000000000000000000000000100000      1
     alu_control                     1

   Number of wires:                570
   Number of wire bits:            893
   Number of public wires:          43
   Number of public wire bits:     366
   Number of memories:               0
   Number of memory bits:            0
   Number of processes:              0
   Number of cells:                596
     $_SDFF_PP0_                    36
     AND2_X1                        15
     AND3_X1                        11
     AND4_X1                         1
     AOI211_X1                       5
     AOI21_X1                       41
     AOI221_X1                      18
     AOI222_X1                      15
     AOI22_X1                       16
     INV_X1                         50
     NAND2_X1                       60
     NAND3_X1                       27
     NAND4_X1                       14
     NOR2_X1                        53
     NOR3_X1                        11
     NOR4_X1                        13
     OAI211_X1                       5
     OAI21_X1                       73
     OAI221_X1                      19
     OAI22_X1                        9
     OR2_X1                         24
     OR3_X1                          1
     XNOR2_X1                       49
     XOR2_X1                        30

End of script. Logfile hash: ba545a8b8a, CPU: user 0.75s system 0.08s, MEM: 17.98 MB peak
Yosys 0.33 (git sha1 2584903a060)
Time spent: 54% 1x abc (0 sec), 12% 14x opt_expr (0 sec), ...
