mkdir -p results/nangate45/forwarding_unit/base/
echo  > results/nangate45/forwarding_unit/base/clock_period.txt
/OpenROAD-flow-scripts/flow/scripts/synth.sh /OpenROAD-flow-scripts/flow/scripts/synth_canonicalize.tcl ./logs/nangate45/forwarding_unit/base/1_1_yosys_canonicalize.log
Using ABC speed script.
Extracting clock period from SDC file: ./results/nangate45/forwarding_unit/base/clock_period.txt
1. Executing Liberty frontend: /OpenROAD-flow-scripts/flow/platforms/nangate45/lib/NangateOpenCellLibrary_typical.lib
2. Executing Liberty frontend: /OpenROAD-flow-scripts/flow/platforms/nangate45/lib/NangateOpenCellLibrary_typical.lib
3. Executing Verilog-2005 frontend: /OpenROAD-flow-scripts/flow/designs/src/forwarding_unit/forwarding_unit_mapped.v
4. Executing Verilog-2005 frontend: /OpenROAD-flow-scripts/flow/platforms/nangate45/cells_clkgate.v
5. Executing HIERARCHY pass (managing design hierarchy).
6. Executing AST frontend in derive mode using pre-parsed AST for module `\forwarding_unit'.
6.1. Analyzing design hierarchy..
6.2. Executing AST frontend in derive mode using pre-parsed AST for module `\forwarding_control_logic'.
6.3. Executing AST frontend in derive mode using pre-parsed AST for module `\forwarding_comparator'.
6.4. Analyzing design hierarchy..
6.5. Analyzing design hierarchy..
7. Executing OPT_CLEAN pass (remove unused cells and wires).
8. Executing RTLIL backend.
End of script. Logfile hash: ef7822862b, time: 0.12s, user: 0.06s, system: 0.03s, MEM: 43.44 MB peak
Yosys 0.68+post (git sha1 UNKNOWN, Release, GNU /usr/local/bin/wrapped-cc/g++ 11.4.0)
Time spent: 74% 4x read_liberty (0 sec), 12% 4x read_verilog (0 sec), ...
Elapsed time: 0:00.13[h:]min:sec. CPU time: user 0.08 sys 0.04 (92%). Peak memory: 47224KB.
Log                       Ext     Elapsed/s Peak Memory/MB sha1sum result [0:20)
1_1_yosys_canonicalize    .rtlil          0             46 14762ee56479d2fd7d8a
/OpenROAD-flow-scripts/flow/scripts/synth.sh /OpenROAD-flow-scripts/flow/scripts/synth.tcl ./logs/nangate45/forwarding_unit/base/1_2_yosys.log
Using ABC speed script.
Extracting clock period from SDC file: ./results/nangate45/forwarding_unit/base/clock_period.txt
1. Executing RTLIL frontend.
2. Executing HIERARCHY pass (managing design hierarchy).
2.1. Analyzing design hierarchy..
2.2. Analyzing design hierarchy..
3. Executing SYNTH pass.
3.1. Executing HIERARCHY pass (managing design hierarchy).
3.1.1. Analyzing design hierarchy..
3.1.2. Analyzing design hierarchy..
3.2. Executing PROC pass (convert processes to netlists).
3.2.1. Executing PROC_CLEAN pass (remove empty switches from decision trees).
3.2.2. Executing PROC_RMDEAD pass (remove dead branches from decision trees).
3.2.3. Executing PROC_PRUNE pass (remove redundant assignments in processes).
3.2.4. Executing PROC_INIT pass (extract init attributes).
3.2.5. Executing PROC_ARST pass (detect async resets in processes).
3.2.6. Executing PROC_ROM pass (convert switches to ROMs).
3.2.7. Executing PROC_MUX pass (convert decision trees to multiplexers).
3.2.8. Executing PROC_DLATCH pass (convert process syncs to latches).
3.2.9. Executing PROC_DFF pass (convert process syncs to FFs).
3.2.10. Executing PROC_MEMWR pass (convert process memory writes to cells).
3.2.11. Executing PROC_CLEAN pass (remove empty switches from decision trees).
3.2.12. Executing OPT_EXPR pass (perform const folding).
3.3. Executing CHECK pass (checking for obvious problems).
3.4. Executing FLATTEN pass (flatten design).
3.5. Executing OPT_EXPR pass (perform const folding).
3.6. Executing OPT_CLEAN pass (remove unused cells and wires).
3.7. Executing CHECK pass (checking for obvious problems).
3.8. Executing OPT pass (performing simple optimizations).
3.8.1. Executing OPT_EXPR pass (perform const folding).
3.8.2. Executing OPT_MERGE pass (detect identical cells).
3.8.3. Executing OPT_MUXTREE pass (detect dead branches in mux trees).
3.8.4. Executing OPT_REDUCE pass (consolidate $*mux and $reduce_* inputs).
3.8.5. Executing OPT_MERGE pass (detect identical cells).
3.8.6. Executing OPT_DFF pass (perform DFF optimizations).
3.8.7. Executing OPT_CLEAN pass (remove unused cells and wires).
3.8.8. Executing OPT_EXPR pass (perform const folding).
3.8.9. Finished fast OPT passes. (There is nothing left to do.)
3.9. Executing FSM pass (extract and optimize FSM).
3.9.1. Executing FSM_DETECT pass (finding FSMs in design).
3.9.2. Executing FSM_EXTRACT pass (extracting FSM from design).
3.9.3. Executing FSM_OPT pass (simple optimizations of FSMs).
3.9.4. Executing OPT_CLEAN pass (remove unused cells and wires).
3.9.5. Executing FSM_OPT pass (simple optimizations of FSMs).
3.9.6. Executing FSM_RECODE pass (re-assigning FSM state encoding).
3.9.7. Executing FSM_INFO pass (dumping all available information on FSM cells).
3.9.8. Executing FSM_MAP pass (mapping FSMs to basic logic).
3.10. Executing OPT pass (performing simple optimizations).
3.10.1. Executing OPT_EXPR pass (perform const folding).
3.10.2. Executing OPT_MERGE pass (detect identical cells).
3.10.3. Executing OPT_MUXTREE pass (detect dead branches in mux trees).
3.10.4. Executing OPT_REDUCE pass (consolidate $*mux and $reduce_* inputs).
3.10.5. Executing OPT_MERGE pass (detect identical cells).
3.10.6. Executing OPT_DFF pass (perform DFF optimizations).
3.10.7. Executing OPT_CLEAN pass (remove unused cells and wires).
3.10.8. Executing OPT_EXPR pass (perform const folding).
3.10.9. Finished fast OPT passes. (There is nothing left to do.)
3.11. Executing WREDUCE pass (reducing word size of cells).
3.12. Executing PEEPOPT pass (run peephole optimizers).
3.13. Executing OPT_CLEAN pass (remove unused cells and wires).
3.14. Executing ALUMACC pass (create $alu and $macc cells).
3.15. Executing SHARE pass (SAT-based resource sharing).
3.16. Executing OPT pass (performing simple optimizations).
3.16.1. Executing OPT_EXPR pass (perform const folding).
3.16.2. Executing OPT_MERGE pass (detect identical cells).
3.16.3. Executing OPT_MUXTREE pass (detect dead branches in mux trees).
3.16.4. Executing OPT_REDUCE pass (consolidate $*mux and $reduce_* inputs).
3.16.5. Executing OPT_MERGE pass (detect identical cells).
3.16.6. Executing OPT_DFF pass (perform DFF optimizations).
3.16.7. Executing OPT_CLEAN pass (remove unused cells and wires).
3.16.8. Executing OPT_EXPR pass (perform const folding).
3.16.9. Finished fast OPT passes. (There is nothing left to do.)
3.17. Executing MEMORY pass.
3.17.1. Executing OPT_MEM pass (optimize memories).
3.17.2. Executing OPT_MEM_PRIORITY pass (removing unnecessary memory write priority relations).
3.17.3. Executing OPT_MEM_FEEDBACK pass (finding memory read-to-write feedback paths).
3.17.4. Executing MEMORY_BMUX2ROM pass (converting muxes to ROMs).
3.17.5. Executing MEMORY_DFF pass (merging $dff cells to $memrd).
3.17.6. Executing OPT_CLEAN pass (remove unused cells and wires).
3.17.7. Executing MEMORY_SHARE pass (consolidating $memrd/$memwr cells).
3.17.8. Executing OPT_MEM_WIDEN pass (optimize memories where all ports are wide).
3.17.9. Executing OPT_CLEAN pass (remove unused cells and wires).
3.17.10. Executing MEMORY_COLLECT pass (generating $mem cells).
3.18. Executing OPT_CLEAN pass (remove unused cells and wires).
4. Executing SYNTH pass.
4.1. Executing OPT pass (performing simple optimizations).
4.1.1. Executing OPT_EXPR pass (perform const folding).
4.1.2. Executing OPT_MERGE pass (detect identical cells).
4.1.3. Executing OPT_DFF pass (perform DFF optimizations).
4.1.4. Executing OPT_CLEAN pass (remove unused cells and wires).
4.1.5. Finished fast OPT passes.
4.2. Executing MEMORY_MAP pass (converting memories to logic and flip-flops).
4.3. Executing OPT pass (performing simple optimizations).
4.3.1. Executing OPT_EXPR pass (perform const folding).
4.3.2. Executing OPT_MERGE pass (detect identical cells).
4.3.3. Executing OPT_MUXTREE pass (detect dead branches in mux trees).
4.3.4. Executing OPT_REDUCE pass (consolidate $*mux and $reduce_* inputs).
4.3.5. Executing OPT_MERGE pass (detect identical cells).
4.3.6. Executing OPT_SHARE pass.
4.3.7. Executing OPT_DFF pass (perform DFF optimizations).
4.3.8. Executing OPT_CLEAN pass (remove unused cells and wires).
4.3.9. Executing OPT_EXPR pass (perform const folding).
4.3.10. Finished fast OPT passes. (There is nothing left to do.)
4.4. Executing TECHMAP pass (map to technology primitives).
4.4.1. Executing Verilog-2005 frontend: /OpenROAD-flow-scripts/tools/install/yosys/bin/../share/yosys/techmap.v
4.4.2. Executing Verilog-2005 frontend: /OpenROAD-flow-scripts/flow/platforms/common/lcu_kogge_stone.v
4.4.3. Continuing TECHMAP pass.
4.5. Executing OPT pass (performing simple optimizations).
4.5.1. Executing OPT_EXPR pass (perform const folding).
4.5.2. Executing OPT_MERGE pass (detect identical cells).
4.5.3. Executing OPT_DFF pass (perform DFF optimizations).
4.5.4. Executing OPT_CLEAN pass (remove unused cells and wires).
4.5.5. Finished fast OPT passes.
4.6. Executing HIERARCHY pass (managing design hierarchy).
4.6.1. Analyzing design hierarchy..
4.6.2. Analyzing design hierarchy..
4.7. Printing statistics.
4.8. Executing CHECK pass (checking for obvious problems).
5. Executing OPT pass (performing simple optimizations).
5.1. Executing OPT_EXPR pass (perform const folding).
5.2. Executing OPT_MERGE pass (detect identical cells).
5.3. Executing OPT_MUXTREE pass (detect dead branches in mux trees).
5.4. Executing OPT_REDUCE pass (consolidate $*mux and $reduce_* inputs).
5.5. Executing OPT_MERGE pass (detect identical cells).
5.6. Executing OPT_DFF pass (perform DFF optimizations).
5.7. Executing OPT_CLEAN pass (remove unused cells and wires).
5.8. Executing OPT_EXPR pass (perform const folding).
5.9. Rerunning OPT passes. (Maybe there is more to do..)
5.10. Executing OPT_MUXTREE pass (detect dead branches in mux trees).
5.11. Executing OPT_REDUCE pass (consolidate $*mux and $reduce_* inputs).
5.12. Executing OPT_MERGE pass (detect identical cells).
5.13. Executing OPT_DFF pass (perform DFF optimizations).
5.14. Executing OPT_CLEAN pass (remove unused cells and wires).
5.15. Executing OPT_EXPR pass (perform const folding).
5.16. Finished fast OPT passes. (There is nothing left to do.)
6. Executing EXTRACT_FA pass (find and extract full/half adders).
7. Executing TECHMAP pass (map to technology primitives).
7.1. Executing Verilog-2005 frontend: /OpenROAD-flow-scripts/flow/platforms/nangate45/cells_adders.v
7.2. Continuing TECHMAP pass.
8. Executing TECHMAP pass (map to technology primitives).
8.1. Executing Verilog-2005 frontend: /OpenROAD-flow-scripts/tools/install/yosys/bin/../share/yosys/techmap.v
8.2. Continuing TECHMAP pass.
9. Executing OPT pass (performing simple optimizations).
9.1. Executing OPT_EXPR pass (perform const folding).
9.2. Executing OPT_MERGE pass (detect identical cells).
9.3. Executing OPT_DFF pass (perform DFF optimizations).
9.4. Executing OPT_CLEAN pass (remove unused cells and wires).
9.5. Finished fast OPT passes.
10. Executing DFFLEGALIZE pass (convert FFs to types supported by the target).
11. Executing TECHMAP pass (map to technology primitives).
11.1. Executing Verilog-2005 frontend: /OpenROAD-flow-scripts/flow/platforms/nangate45/cells_latch.v
11.2. Continuing TECHMAP pass.
12. Executing DFFLIBMAP pass (mapping DFF cells to sequential cells from liberty file).
12.1. Executing DFFLEGALIZE pass (convert FFs to types supported by the target).
13. Executing OPT pass (performing simple optimizations).
13.1. Executing OPT_EXPR pass (perform const folding).
13.2. Executing OPT_MERGE pass (detect identical cells).
13.3. Executing OPT_MUXTREE pass (detect dead branches in mux trees).
13.4. Executing OPT_REDUCE pass (consolidate $*mux and $reduce_* inputs).
13.5. Executing OPT_MERGE pass (detect identical cells).
13.6. Executing OPT_DFF pass (perform DFF optimizations).
13.7. Executing OPT_CLEAN pass (remove unused cells and wires).
13.8. Executing OPT_EXPR pass (perform const folding).
13.9. Finished fast OPT passes. (There is nothing left to do.)
14. Executing SETUNDEF pass (replace undef values with defined constants).
abc -script /OpenROAD-flow-scripts/flow/scripts/abc_speed.script -liberty /OpenROAD-flow-scripts/flow/platforms/nangate45/lib/NangateOpenCellLibrary_typical.lib -dont_use TAPCELL_X1 -dont_use FILLCELL_X1 -dont_use AOI211_X1 -dont_use OAI211_X1 -constr ./objects/nangate45/forwarding_unit/base/abc.constr
15. Executing ABC pass (technology mapping using ABC).
15.1. Extracting gate netlist of module `\forwarding_unit' to `<abc-temp-dir>/input.blif'..
15.1.1. Executed ABC.
16. Executing SPLITNETS pass (splitting up multi-bit signals).
17. Executing OPT_CLEAN pass (remove unused cells and wires).
18. Executing HILOMAP pass (mapping to constant drivers).
19. Executing INSBUF pass (insert buffer cells for connected wires).
20. Executing CHECK pass (checking for obvious problems).
21. Printing statistics.
22. Executing CHECK pass (checking for obvious problems).
23. Executing Verilog backend.
23.1. Executing BMUXMAP pass.
23.2. Executing DEMUXMAP pass.
End of script. Logfile hash: 7fa0203391, time: 0.39s, user: 0.12s, system: 0.14s, MEM: 45.85 MB peak
Yosys 0.68+post (git sha1 UNKNOWN, Release, GNU /usr/local/bin/wrapped-cc/g++ 11.4.0)
Time spent: 27% 1x abc (0 sec), 15% 2x synth (0 sec), ...
Elapsed time: 0:00.40[h:]min:sec. CPU time: user 0.23 sys 0.17 (101%). Peak memory: 48828KB.
Log                       Ext     Elapsed/s Peak Memory/MB sha1sum result [0:20)
1_2_yosys                 .v              0             47 4e08578cb7ea6f82f18f
cp /OpenROAD-flow-scripts/flow/designs/src/forwarding_unit/forwarding_unit.sdc results/nangate45/forwarding_unit/base/1_2_yosys.sdc
touch -r /OpenROAD-flow-scripts/flow/designs/src/forwarding_unit/forwarding_unit.sdc results/nangate45/forwarding_unit/base/1_2_yosys.sdc
OpenROAD 26Q3-1080-gab6fd26351 
Features included (+) or not (-): +GPU +GUI +Python
This program is licensed under the BSD-3 license. See the LICENSE file for details.
Components of this program may be licensed under more restrictive licenses which must be honored.
[INFO ORD-0030] Using 16 thread(s).
mkdir -p ./objects/nangate45/forwarding_unit/base
/OpenROAD-flow-scripts/flow/scripts/flow.sh 1_synth synth_odb
Running synth_odb.tcl, stage 1_synth
read_liberty /OpenROAD-flow-scripts/flow/platforms/nangate45/lib/NangateOpenCellLibrary_typical.lib
[INFO ODB-0227] LEF file: /OpenROAD-flow-scripts/flow/platforms/nangate45/lef/NangateOpenCellLibrary.tech.lef, created 22 layers, 27 vias
[INFO ODB-0227] LEF file: /OpenROAD-flow-scripts/flow/platforms/nangate45/lef/NangateOpenCellLibrary.macro.mod.lef, created 135 library cells
link_design forwarding_unit
read_sdc ./results/nangate45/forwarding_unit/base/1_2_yosys.sdc
source /OpenROAD-flow-scripts/flow/platforms/nangate45/setRC.tcl
eliminate_dead_logic
Removed 0 unused instances and 0 unused nets.
Design area 55 um^2 100% utilization.
write_db ./results/nangate45/forwarding_unit/base/1_synth.odb
write_sdc -no_timestamp ./results/nangate45/forwarding_unit/base/1_synth.sdc
Elapsed time: 0:00.30[h:]min:sec. CPU time: user 0.24 sys 0.06 (98%). Peak memory: 115468KB.
Log                       Ext     Elapsed/s Peak Memory/MB sha1sum result [0:20)
1_synth                   .odb            0            112 87d90612b5c4febfcddd
1_synth                   .sdc                             d21cc9181b41a65388ff
make: Warning: File 'results/nangate45/forwarding_unit/base/1_synth.sdc' has modification time 0.0091 s in the future
/OpenROAD-flow-scripts/flow/scripts/flow.sh 2_1_floorplan floorplan
Running floorplan.tcl, stage 2_1_floorplan
read_liberty /OpenROAD-flow-scripts/flow/platforms/nangate45/lib/NangateOpenCellLibrary_typical.lib
read_db ./results/nangate45/forwarding_unit/base/1_synth.odb
read_sdc ./results/nangate45/forwarding_unit/base/1_synth.sdc
source /OpenROAD-flow-scripts/flow/platforms/nangate45/setRC.tcl

==========================================================================
Floorplan check_setup
--------------------------------------------------------------------------
Warning: There are 4 unconstrained endpoints.
number instances in verilog is 50
[WARNING IFP-0028] Core area lower left (5.000, 5.000) snapped to (5.130, 5.600).
[INFO IFP-0001] Added 28 rows of 209 site FreePDK45_38x28_10R_NP_162NW_34O.
[INFO IFP-0100] Die BBox:  (  0.000  0.000 ) ( 50.000 50.000 ) um
[INFO IFP-0101] Core BBox: (  5.130  5.600 ) ( 44.840 44.800 ) um
[INFO IFP-0102] Core area:                         1556.632 um^2
[INFO IFP-0103] Total instances area:                55.328 um^2
[INFO IFP-0104] Effective utilization:                0.036
[INFO IFP-0105] Number of instances:                     50
source /OpenROAD-flow-scripts/flow/platforms/nangate45/make_tracks.tcl
source /OpenROAD-flow-scripts/flow/platforms/nangate45/fastroute.tcl
Repair tie lo fanout...
Repair tie hi fanout...
repair_timing -setup_margin 0 -hold_margin -0.05 -repair_tns 100 -setup -skip_last_gasp -sequence unbuffer,sizeup,swap,vt_swap -verbose
[WARNING EST-0027] no estimated parasitics. Using wire load models.
[INFO RSZ-0100] Repair move sequence: UnbufferMove SizeUpMove SwapPinsMove 
[INFO RSZ-0098] No setup violations found
[INFO RSZ-0505] Runtime: 0.05s
Default units for flow
 time 1ns
 capacitance 1fF
 resistance 1kohm
 voltage 1v
 current 1mA
 power 1nW
 distance 1um
   Layer   | Unit Resistance | Unit Capacitance 
           |       (kohm/um) |          (fF/um)
------------------------------------------------
    metal1 |        5.43e-03 |         7.42e-02
    metal2 |        3.57e-03 |         8.34e-02
    metal3 |        3.57e-03 |         1.04e-01
    metal4 |        1.50e-03 |         1.19e-01
    metal5 |        1.50e-03 |         1.09e-01
    metal6 |        1.50e-03 |         1.14e-01
    metal7 |        1.88e-04 |         1.17e-01
    metal8 |        1.88e-04 |         9.45e-02
    metal9 |        3.75e-05 |         1.06e-01
   metal10 |        3.75e-05 |         7.37e-01
------------------------------------------------

   Layer   | Via Resistance 
           |         (kohm) 
----------------------------
      via1 |       5.00e-03 
      via2 |       5.00e-03 
      via3 |       5.00e-03 
      via4 |       3.00e-03 
      via5 |       3.00e-03 
      via6 |       3.00e-03 
      via7 |       1.00e-03 
      via8 |       1.00e-03 
      via9 |       5.00e-04 
----------------------------
Report metrics stage 2, floorplan final...

==========================================================================
floorplan final report_design_area
--------------------------------------------------------------------------
Design area 55 um^2 4% utilization.
write_db ./results/nangate45/forwarding_unit/base/2_1_floorplan.odb
write_sdc -no_timestamp ./results/nangate45/forwarding_unit/base/2_1_floorplan.sdc
Elapsed time: 0:00.52[h:]min:sec. CPU time: user 0.25 sys 0.12 (69%). Peak memory: 135308KB.
Log                       Ext     Elapsed/s Peak Memory/MB sha1sum result [0:20)
2_1_floorplan             .odb            0            132 dec40c923ad1e4479e8c
2_1_floorplan             .sdc                             d21cc9181b41a65388ff
/OpenROAD-flow-scripts/flow/scripts/flow.sh 2_2_floorplan_macro macro_place
Running macro_place.tcl, stage 2_2_floorplan_macro
read_liberty /OpenROAD-flow-scripts/flow/platforms/nangate45/lib/NangateOpenCellLibrary_typical.lib
read_db ./results/nangate45/forwarding_unit/base/2_1_floorplan.odb
read_sdc ./results/nangate45/forwarding_unit/base/2_1_floorplan.sdc
source /OpenROAD-flow-scripts/flow/platforms/nangate45/setRC.tcl
No macros found: Skipping macro_placement
Design area 55 um^2 4% utilization.
write_db ./results/nangate45/forwarding_unit/base/2_2_floorplan_macro.odb
Elapsed time: 0:00.29[h:]min:sec. CPU time: user 0.23 sys 0.05 (96%). Peak memory: 114680KB.
Log                       Ext     Elapsed/s Peak Memory/MB sha1sum result [0:20)
2_2_floorplan_macro       .odb            0            111 dec40c923ad1e4479e8c
/OpenROAD-flow-scripts/flow/scripts/flow.sh 2_3_floorplan_tapcell tapcell
Running tapcell.tcl, stage 2_3_floorplan_tapcell
read_liberty /OpenROAD-flow-scripts/flow/platforms/nangate45/lib/NangateOpenCellLibrary_typical.lib
read_db ./results/nangate45/forwarding_unit/base/2_2_floorplan_macro.odb
read_sdc ./results/nangate45/forwarding_unit/base/2_1_floorplan.sdc
source /OpenROAD-flow-scripts/flow/platforms/nangate45/setRC.tcl
[INFO TAP-0004] Inserted 56 endcaps.
[INFO TAP-0005] Inserted 0 tapcells.
Design area 70 um^2 5% utilization.
write_db ./results/nangate45/forwarding_unit/base/2_3_floorplan_tapcell.odb
Elapsed time: 0:00.28[h:]min:sec. CPU time: user 0.21 sys 0.07 (97%). Peak memory: 114620KB.
Log                       Ext     Elapsed/s Peak Memory/MB sha1sum result [0:20)
2_3_floorplan_tapcell     .odb            0            111 0dd61064fdb4f32cc5af
/OpenROAD-flow-scripts/flow/scripts/flow.sh 2_4_floorplan_pdn pdn
Running pdn.tcl, stage 2_4_floorplan_pdn
read_liberty /OpenROAD-flow-scripts/flow/platforms/nangate45/lib/NangateOpenCellLibrary_typical.lib
read_db ./results/nangate45/forwarding_unit/base/2_3_floorplan_tapcell.odb
read_sdc ./results/nangate45/forwarding_unit/base/2_1_floorplan.sdc
source /OpenROAD-flow-scripts/flow/platforms/nangate45/setRC.tcl
[WARNING PDN-1051] No instances found for grid (CORE_macro_grid_1).
[WARNING PDN-1051] No instances found for grid (CORE_macro_grid_2).
[INFO PDN-0001] Inserting grid: grid
[INFO PDN-0500] Runtime: 0.00s
Design area 70 um^2 5% utilization.
write_db ./results/nangate45/forwarding_unit/base/2_4_floorplan_pdn.odb
Elapsed time: 0:00.31[h:]min:sec. CPU time: user 0.23 sys 0.05 (90%). Peak memory: 116816KB.
Log                       Ext     Elapsed/s Peak Memory/MB sha1sum result [0:20)
2_4_floorplan_pdn         .odb            0            114 97aab782b62fcb86e4d0
cp ./results/nangate45/forwarding_unit/base/2_4_floorplan_pdn.odb ./results/nangate45/forwarding_unit/base/2_floorplan.odb
cp ./results/nangate45/forwarding_unit/base/2_1_floorplan.sdc ./results/nangate45/forwarding_unit/base/2_floorplan.sdc
/OpenROAD-flow-scripts/flow/scripts/flow.sh 3_1_place_gp_skip_io global_place_skip_io
Running global_place_skip_io.tcl, stage 3_1_place_gp_skip_io
read_liberty /OpenROAD-flow-scripts/flow/platforms/nangate45/lib/NangateOpenCellLibrary_typical.lib
read_db ./results/nangate45/forwarding_unit/base/2_floorplan.odb
read_sdc ./results/nangate45/forwarding_unit/base/2_floorplan.sdc
source /OpenROAD-flow-scripts/flow/platforms/nangate45/setRC.tcl
global_placement -skip_io -density 0.3 -pad_left 0 -pad_right 0
[INFO GPL-0001] ---- Initialize GPL Main Data Structures
[INFO GPL-0002] DBU: 2000
[INFO GPL-0003] SiteSize: (  0.190  1.400 ) um
[INFO GPL-0004] CoreBBox: (  5.130  5.600 ) ( 44.840 44.800 ) um
[INFO GPL-0016] Core area:                    1556.632 um^2
[INFO GPL-0036] Movable instances area:         55.328 um^2
[INFO GPL-0037] Total instances area:           70.224 um^2
[INFO GPL-0035] Pin density area adjust:         2.083 um^2
[INFO GPL-0032] ---- Initialize Region: Top-level
[INFO GPL-0006] Number of instances:               106
[INFO GPL-0007] Movable instances:                  50
[INFO GPL-0008] Fixed instances:                    56
[INFO GPL-0009] Dummy instances:                     0
[INFO GPL-0010] Number of nets:                     72
[INFO GPL-0011] Number of pins:                    190
[INFO GPL-0012] Die BBox:       (  0.000  0.000 ) ( 50.000 50.000 ) um
[INFO GPL-0013] Placement BBox: (  5.130  5.600 ) ( 44.840 44.800 ) um
[INFO GPL-0014] Region name: top-level.
[INFO GPL-0015] Region area:                  1556.632 um^2
[INFO GPL-0017] Fixed instances area:           14.896 um^2
[INFO GPL-0018] Movable instances area:         57.411 um^2
[INFO GPL-0019] Utilization:                     3.724 %
[INFO GPL-0020] Standard cells area:            57.411 um^2
[INFO GPL-0021] Large instances area:            0.000 um^2
[INFO GPL-0005] ---- Execute Conjugate Gradient Initial Placement.
[INFO GPL-0051] Source of initial instance position counters:
	Odb location = 0	Core center = 50	Region center = 0
[INFO GPL-0033] ---- Initialize Nesterov Region: Top-level
[INFO GPL-0023] Placement target density:       0.3000
[INFO GPL-0024] Movable insts average area:      1.148 um^2
[INFO GPL-0025] Ideal bin area:                  3.827 um^2
[INFO GPL-0026] Ideal bin count:                   406
[INFO GPL-0027] Total bin area:               1556.632 um^2
[INFO GPL-0028] Bin count (X, Y):          16 ,     16
[INFO GPL-0029] Bin size (W * H):       2.482 *  2.450 um
[INFO GPL-0030] Number of bins:                    256
[INFO GPL-0084] ---- Execute Nesterov Global Placement.
[INFO GPL-0031] HPWL: Half-Perimeter Wirelength
Iteration | Overflow |     HPWL (um) |  HPWL(%) |   Penalty | Group
---------------------------------------------------------------
        0 |   0.8724 |  3.066550e+01 |   +0.00% |  3.89e-14 |      
       10 |   0.8721 |  1.487650e+01 |  -51.49% |  6.34e-14 |      
       20 |   0.8724 |  1.478750e+01 |   -0.60% |  1.03e-13 |      
       30 |   0.8724 |  1.478300e+01 |   -0.03% |  1.68e-13 |      
       40 |   0.8724 |  1.478500e+01 |   +0.01% |  2.74e-13 |      
       50 |   0.8724 |  1.479000e+01 |   +0.03% |  4.46e-13 |      
       60 |   0.8724 |  1.478950e+01 |   -0.00% |  7.27e-13 |      
       70 |   0.8724 |  1.480400e+01 |   +0.10% |  1.18e-12 |      
       80 |   0.8724 |  1.482900e+01 |   +0.17% |  1.93e-12 |      
       90 |   0.8724 |  1.498900e+01 |   +1.08% |  3.14e-12 |      
      100 |   0.8723 |  1.538350e+01 |   +2.63% |  5.12e-12 |      
      110 |   0.8721 |  1.620500e+01 |   +5.34% |  8.33e-12 |      
      120 |   0.8717 |  1.755750e+01 |   +8.35% |  1.36e-11 |      
      130 |   0.8711 |  1.938350e+01 |  +10.40% |  2.21e-11 |      
      140 |   0.8700 |  2.159450e+01 |  +11.41% |  3.60e-11 |      
      150 |   0.8686 |  2.294550e+01 |   +6.26% |  5.87e-11 |      
      160 |   0.8662 |  2.159000e+01 |   -5.91% |  9.55e-11 |      
      170 |   0.8533 |  1.836150e+01 |  -14.95% |  1.56e-10 |      
      180 |   0.8279 |  2.084750e+01 |  +13.54% |  2.54e-10 |      
      190 |   0.8369 |  1.908750e+01 |   -8.44% |  4.13e-10 |      
      200 |   0.8560 |  2.204900e+01 |  +15.52% |  6.73e-10 |      
      210 |   0.8471 |  2.264450e+01 |   +2.70% |  1.10e-09 |      
      220 |   0.8295 |  2.473900e+01 |   +9.25% |  1.78e-09 |      
      230 |   0.8134 |  3.509450e+01 |  +41.86% |  2.91e-09 |      
      240 |   0.7698 |  6.145600e+01 |  +75.12% |  4.74e-09 |      
      250 |   0.6992 |  9.843850e+01 |  +60.18% |  7.71e-09 |      
      260 |   0.6353 |  1.134630e+02 |  +15.26% |  1.26e-08 |      
      270 |   0.5825 |  1.367330e+02 |  +20.51% |  2.05e-08 |      
      280 |   0.5416 |  1.568175e+02 |  +14.69% |  3.33e-08 |      
      290 |   0.4992 |  1.778165e+02 |  +13.39% |  5.43e-08 |      
      300 |   0.4440 |  1.955520e+02 |   +9.97% |  8.84e-08 |      
      310 |   0.3950 |  2.038270e+02 |   +4.23% |  1.44e-07 |      
      320 |   0.3547 |  2.082485e+02 |   +2.17% |  2.35e-07 |      
      330 |   0.3152 |  2.179600e+02 |   +4.66% |  3.53e-07 |      
      340 |   0.2902 |  2.278375e+02 |   +4.53% |  5.20e-07 |      
      350 |   0.2465 |  2.408270e+02 |   +5.70% |  7.65e-07 |      
      360 |   0.2167 |  2.458615e+02 |   +2.09% |  1.13e-06 |      
      370 |   0.1823 |  2.537620e+02 |   +3.21% |  1.66e-06 |      
      380 |   0.1529 |  2.617060e+02 |   +3.13% |  2.45e-06 |      
      390 |   0.1253 |  2.668090e+02 |   +1.95% |  3.61e-06 |      
      397 |   0.0929 |  2.748055e+02 |          |  4.91e-06 |      
---------------------------------------------------------------
[INFO GPL-1001] Global placement finished at iteration 397
[INFO GPL-1002] Placed Cell Area               57.4105
[INFO GPL-1003] Available Free Area          1541.7360
[INFO GPL-1004] Minimum Feasible Density        0.0400 (cell_area / free_area)
[INFO GPL-1006]   Suggested Target Densities:
[INFO GPL-1007]     - For 90% usage of free space: 0.0414
[INFO GPL-1008]     - For 80% usage of free space: 0.0465
[INFO GPL-1009]     - For 50% usage of free space: 0.0745
[INFO GPL-1014] Final placement area: 57.41 (+0.00%)
Design area 70 um^2 5% utilization.
write_db ./results/nangate45/forwarding_unit/base/3_1_place_gp_skip_io.odb
Elapsed time: 0:00.53[h:]min:sec. CPU time: user 3.42 sys 0.09 (664%). Peak memory: 115984KB.
Log                       Ext     Elapsed/s Peak Memory/MB sha1sum result [0:20)
3_1_place_gp_skip_io      .odb            0            113 2befd4d8ae54411cfd39
/OpenROAD-flow-scripts/flow/scripts/flow.sh 3_2_place_iop io_placement
Running io_placement.tcl, stage 3_2_place_iop
read_liberty /OpenROAD-flow-scripts/flow/platforms/nangate45/lib/NangateOpenCellLibrary_typical.lib
read_db ./results/nangate45/forwarding_unit/base/3_1_place_gp_skip_io.odb
read_sdc ./results/nangate45/forwarding_unit/base/2_floorplan.sdc
source /OpenROAD-flow-scripts/flow/platforms/nangate45/setRC.tcl
place_pins -hor_layers metal5 -ver_layers metal6
Found 0 macro blocks.
Using 2 tracks default min distance between IO pins.
[INFO PPL-0001] Number of available slots 342
[INFO PPL-0002] Number of I/O             26
[INFO PPL-0003] Number of I/O w/sink      26
[INFO PPL-0004] Number of I/O w/o sink    0
[INFO PPL-0005] Slots per section         200
[INFO PPL-0008] Successfully assigned pins to sections.
[INFO PPL-0012] I/O nets HPWL: 645.04 um.
Design area 70 um^2 5% utilization.
write_db ./results/nangate45/forwarding_unit/base/3_2_place_iop.odb
Elapsed time: 0:00.31[h:]min:sec. CPU time: user 0.22 sys 0.05 (87%). Peak memory: 114868KB.
Log                       Ext     Elapsed/s Peak Memory/MB sha1sum result [0:20)
3_2_place_iop             .odb            0            112 5d92f64b82183c01d6d5
/OpenROAD-flow-scripts/flow/scripts/flow.sh 3_3_place_gp global_place
Running global_place.tcl, stage 3_3_place_gp
read_liberty /OpenROAD-flow-scripts/flow/platforms/nangate45/lib/NangateOpenCellLibrary_typical.lib
read_db ./results/nangate45/forwarding_unit/base/3_2_place_iop.odb
read_sdc ./results/nangate45/forwarding_unit/base/2_floorplan.sdc
source /OpenROAD-flow-scripts/flow/platforms/nangate45/setRC.tcl
[INFO RSZ-0026] Removed 2 buffers.
Perform port buffering...
[INFO RSZ-0027] Inserted 22 BUF_X1 input buffers.
[INFO RSZ-0028] Inserted 4 BUF_X1 output buffers.
global_placement -density 0.3 -pad_left 0 -pad_right 0 -routability_driven -timing_driven -force_center_initial_place -min_phi_coef 0.95 -max_phi_coef 1.05
[INFO GPL-0001] ---- Initialize GPL Main Data Structures
[INFO GPL-0002] DBU: 2000
[INFO GPL-0003] SiteSize: (  0.190  1.400 ) um
[INFO GPL-0004] CoreBBox: (  5.130  5.600 ) ( 44.840 44.800 ) um
[INFO GPL-0016] Core area:                    1556.632 um^2
[INFO GPL-0036] Movable instances area:         74.480 um^2
[INFO GPL-0037] Total instances area:           89.376 um^2
[INFO GPL-0035] Pin density area adjust:         5.132 um^2
[INFO GPL-0032] ---- Initialize Region: Top-level
[INFO GPL-0006] Number of instances:               130
[INFO GPL-0007] Movable instances:                  74
[INFO GPL-0008] Fixed instances:                    56
[INFO GPL-0009] Dummy instances:                     0
[INFO GPL-0010] Number of nets:                     96
[INFO GPL-0011] Number of pins:                    264
[INFO GPL-0012] Die BBox:       (  0.000  0.000 ) ( 50.000 50.000 ) um
[INFO GPL-0013] Placement BBox: (  5.130  5.600 ) ( 44.840 44.800 ) um
[INFO GPL-0014] Region name: top-level.
[INFO GPL-0015] Region area:                  1556.632 um^2
[INFO GPL-0017] Fixed instances area:           14.896 um^2
[INFO GPL-0018] Movable instances area:         79.612 um^2
[INFO GPL-0019] Utilization:                     5.164 %
[INFO GPL-0020] Standard cells area:            79.612 um^2
[INFO GPL-0021] Large instances area:            0.000 um^2
[INFO GPL-0005] ---- Execute Conjugate Gradient Initial Placement.
[INFO GPL-0051] Source of initial instance position counters:
	Odb location = 0	Core center = 74	Region center = 0
[InitialPlace]  Iter: 1 conjugate gradient residual: 0.00000009 HPWL: 1999681
[InitialPlace]  Iter: 2 conjugate gradient residual: 0.00000008 HPWL: 1823807
[InitialPlace]  Iter: 3 conjugate gradient residual: 0.00000009 HPWL: 1819826
[InitialPlace]  Iter: 4 conjugate gradient residual: 0.00000011 HPWL: 1823264
[InitialPlace]  Iter: 5 conjugate gradient residual: 0.00000006 HPWL: 1821297
[INFO GPL-0033] ---- Initialize Nesterov Region: Top-level
[INFO GPL-0023] Placement target density:       0.3000
[INFO GPL-0024] Movable insts average area:      1.076 um^2
[INFO GPL-0025] Ideal bin area:                  3.586 um^2
[INFO GPL-0026] Ideal bin count:                   434
[INFO GPL-0027] Total bin area:               1556.632 um^2
[INFO GPL-0028] Bin count (X, Y):          16 ,     16
[INFO GPL-0029] Bin size (W * H):       2.482 *  2.450 um
[INFO GPL-0030] Number of bins:                    256
[INFO GPL-0084] ---- Execute Nesterov Global Placement.
[INFO GPL-0031] HPWL: Half-Perimeter Wirelength
Iteration | Overflow |     HPWL (um) |  HPWL(%) |   Penalty | Group
---------------------------------------------------------------
        0 |   0.5815 |  7.235665e+02 |   +0.00% |  6.06e-13 |      
[INFO GPL-0100] Timing-driven iteration 1/2, virtual: false.
[INFO GPL-0101]    Iter: 1, overflow: 0.581, keep resizer changes at: 1, HPWL: 1447133
Iteration |   Area    | Resized | Buffers | Nets repaired | Remaining
---------------------------------------------------------------------
        0 |     +0.0% |       0 |       0 |             0 |        96
    final |     +0.0% |       0 |       0 |             0 |         0
---------------------------------------------------------------------
   Iter   |    Area   | Removed | Inserted |   Pins
          |           | Buffers | Buffers  | Remaining
-------------------------------------------------------
        0 |     +0.0% |       0 |        0 |        74
        7 |     +0.0% |       0 |        0 |        67
       14 |     +0.0% |       0 |        0 |        60
       21 |     +0.0% |       0 |        0 |        53
       28 |     +0.0% |       0 |        0 |        46
       35 |     +0.0% |       0 |        0 |        39
       42 |     +0.0% |       0 |        0 |        32
       49 |     +0.0% |       0 |        0 |        25
       56 |     +0.0% |       0 |        0 |        18
       63 |     +0.0% |       0 |        0 |        11
       70 |     +0.0% |       0 |        0 |         4
    final |     +0.0% |       0 |        0 |         0
-------------------------------------------------------
[INFO GPL-0106] Timing-driven: worst slack 1e+30
[WARNING GPL-0102] Timing-driven: no slacks found. Timing-driven mode disabled.
[INFO GPL-0107] Timing-driven: repair_design delta area: 0.000 um^2 (+0.00%)
[INFO GPL-0108] Timing-driven: repair_design, gpl delta gcells: 0 (+0.00%)
[INFO GPL-0109] Timing-driven: repair_design, gcells created: 0, deleted: 0
[INFO GPL-0110] Timing-driven: new target density: 0.3
[INFO GPL-0038] Routability snapshot saved at iter = 1
        0 |   0.5815 |  7.235665e+02 |          |           |      
[INFO GPL-0040] Routability iteration: 1
[INFO GPL-0041] Total routing overflow: 0.0000
[INFO GPL-0042] Number of overflowed tiles: 0 (0.00%)
[INFO GPL-0043] Average top 0.5% routing congestion: 0.5784
[INFO GPL-0044] Average top 1.0% routing congestion: 0.5712
[INFO GPL-0045] Average top 2.0% routing congestion: 0.5609
[INFO GPL-0046] Average top 5.0% routing congestion: 0.5395
[INFO GPL-0047] Routability iteration weighted routing congestion: 0.5748
[INFO GPL-0050] Weighted routing congestion is lower than target routing congestion(1.0100), end routability optimization.
[INFO GPL-0090] Routability finished. Target routing congestion achieved succesfully.
Iteration | Overflow |     HPWL (um) |  HPWL(%) |   Penalty | Group
---------------------------------------------------------------
       10 |   0.3293 |  7.641195e+02 |   +5.60% |  9.20e-13 |      
       20 |   0.3250 |  7.654075e+02 |   +0.17% |  1.36e-12 |      
       30 |   0.3225 |  7.653950e+02 |   -0.00% |  2.00e-12 |      
       40 |   0.3204 |  7.658580e+02 |   +0.06% |  2.94e-12 |      
       50 |   0.3182 |  7.663715e+02 |   +0.07% |  4.33e-12 |      
       60 |   0.3179 |  7.667515e+02 |   +0.05% |  6.38e-12 |      
       70 |   0.3182 |  7.674910e+02 |   +0.10% |  9.40e-12 |      
       80 |   0.3160 |  7.661305e+02 |   -0.18% |  1.38e-11 |      
       90 |   0.3184 |  7.661335e+02 |   +0.00% |  2.04e-11 |      
      100 |   0.3205 |  7.659615e+02 |   -0.02% |  3.01e-11 |      
      110 |   0.3203 |  7.660500e+02 |   +0.01% |  4.43e-11 |      
      120 |   0.3198 |  7.662770e+02 |   +0.03% |  6.52e-11 |      
      130 |   0.3196 |  7.663360e+02 |   +0.01% |  9.61e-11 |      
      140 |   0.3196 |  7.661865e+02 |   -0.02% |  1.42e-10 |      
      150 |   0.3195 |  7.660545e+02 |   -0.02% |  2.09e-10 |      
      160 |   0.3194 |  7.660760e+02 |   +0.00% |  3.07e-10 |      
      170 |   0.3193 |  7.662425e+02 |   +0.02% |  4.53e-10 |      
      180 |   0.3191 |  7.663865e+02 |   +0.02% |  6.67e-10 |      
      190 |   0.3187 |  7.664185e+02 |   +0.00% |  9.82e-10 |      
      200 |   0.3181 |  7.663175e+02 |   -0.01% |  1.45e-09 |      
      210 |   0.3172 |  7.662575e+02 |   -0.01% |  2.13e-09 |      
      220 |   0.3162 |  7.664520e+02 |   +0.03% |  3.14e-09 |      
      230 |   0.3143 |  7.666515e+02 |   +0.03% |  4.62e-09 |      
      240 |   0.3116 |  7.668505e+02 |   +0.03% |  6.81e-09 |      
      250 |   0.3082 |  7.670475e+02 |   +0.03% |  1.00e-08 |      
      260 |   0.3033 |  7.670385e+02 |   -0.00% |  1.48e-08 |      
      270 |   0.2958 |  7.669860e+02 |   -0.01% |  2.18e-08 |      
      280 |   0.2859 |  7.668710e+02 |   -0.01% |  3.21e-08 |      
      290 |   0.2758 |  7.671455e+02 |   +0.04% |  4.73e-08 |      
      300 |   0.2584 |  7.676940e+02 |   +0.07% |  6.96e-08 |      
      310 |   0.2407 |  7.682120e+02 |   +0.07% |  1.03e-07 |      
      320 |   0.2246 |  7.697420e+02 |   +0.20% |  1.51e-07 |      
      330 |   0.2077 |  7.716950e+02 |   +0.25% |  2.23e-07 |      
      340 |   0.1968 |  7.744020e+02 |   +0.35% |  3.28e-07 |      
      350 |   0.1767 |  7.754450e+02 |   +0.13% |  4.83e-07 |      
      360 |   0.1562 |  7.781510e+02 |   +0.35% |  7.12e-07 |      
      370 |   0.1427 |  7.826940e+02 |   +0.58% |  1.05e-06 |      
      380 |   0.1155 |  7.846360e+02 |   +0.25% |  1.54e-06 |      
      384 |   0.0993 |  7.850825e+02 |          |  1.87e-06 |      
---------------------------------------------------------------
[INFO GPL-1001] Global placement finished at iteration 384
[INFO GPL-1017] Routability mode iteration count: 257
[INFO GPL-1005] Routability final weighted congestion: 0.5366
[INFO GPL-1002] Placed Cell Area               79.6125
[INFO GPL-1003] Available Free Area          1541.7360
[INFO GPL-1004] Minimum Feasible Density        0.0600 (cell_area / free_area)
[INFO GPL-1006]   Suggested Target Densities:
[INFO GPL-1007]     - For 90% usage of free space: 0.0574
[INFO GPL-1008]     - For 80% usage of free space: 0.0645
[INFO GPL-1009]     - For 50% usage of free space: 0.1033
[INFO GPL-1011] Original area (um^2): 79.61
[INFO GPL-1012] Total routability artificial inflation: 0.00 (+0.00%)
[INFO GPL-1014] Final placement area: 79.61 (+0.00%)
estimate_parasitics -placement
Report metrics stage 3, global place...

==========================================================================
global place report_design_area
--------------------------------------------------------------------------
Design area 89 um^2 6% utilization.
write_db ./results/nangate45/forwarding_unit/base/3_3_place_gp.odb
Elapsed time: 0:00.92[h:]min:sec. CPU time: user 5.74 sys 0.22 (644%). Peak memory: 265568KB.
Log                       Ext     Elapsed/s Peak Memory/MB sha1sum result [0:20)
3_3_place_gp              .odb            0            259 19e55bebb21913fcae51
/OpenROAD-flow-scripts/flow/scripts/flow.sh 3_4_place_resized resize
Running resize.tcl, stage 3_4_place_resized
read_liberty /OpenROAD-flow-scripts/flow/platforms/nangate45/lib/NangateOpenCellLibrary_typical.lib
read_db ./results/nangate45/forwarding_unit/base/3_3_place_gp.odb
read_sdc ./results/nangate45/forwarding_unit/base/2_floorplan.sdc
source /OpenROAD-flow-scripts/flow/platforms/nangate45/setRC.tcl
estimate_parasitics -placement
Perform buffer insertion and gate resizing...
repair_design -verbose
Iteration |   Area    | Resized | Buffers | Nets repaired | Remaining
---------------------------------------------------------------------
        0 |     +0.0% |       0 |       0 |             0 |        96
       10 |     +0.0% |       0 |       0 |             0 |        86
       20 |     +0.0% |       0 |       0 |             0 |        76
       30 |     +0.0% |       0 |       0 |             0 |        66
       40 |     +0.0% |       0 |       0 |             0 |        56
       50 |     +0.0% |       0 |       0 |             0 |        46
       60 |     +0.0% |       0 |       0 |             0 |        36
       70 |     +0.0% |       0 |       0 |             0 |        26
       80 |     +0.0% |       0 |       0 |             0 |        16
       90 |     +0.0% |       0 |       0 |             0 |         6
    final |     +0.0% |       0 |       0 |             0 |         0
---------------------------------------------------------------------
[INFO RSZ-0504] Runtime: 0.01s
Floating nets: 
Report metrics stage 3, resizer...
No registers in design

==========================================================================
resizer report_design_area
--------------------------------------------------------------------------
Design area 89 um^2 6% utilization.
Instance count before 130, after 130
Pin count before 238, after 238
write_db ./results/nangate45/forwarding_unit/base/3_4_place_resized.odb
Elapsed time: 0:00.96[h:]min:sec. CPU time: user 0.26 sys 0.15 (41%). Peak memory: 133388KB.
Log                       Ext     Elapsed/s Peak Memory/MB sha1sum result [0:20)
3_4_place_resized         .odb            0            130 19e55bebb21913fcae51
/OpenROAD-flow-scripts/flow/scripts/flow.sh 3_5_place_dp detail_place
Running detail_place.tcl, stage 3_5_place_dp
read_liberty /OpenROAD-flow-scripts/flow/platforms/nangate45/lib/NangateOpenCellLibrary_typical.lib
read_db ./results/nangate45/forwarding_unit/base/3_4_place_resized.odb
read_sdc ./results/nangate45/forwarding_unit/base/2_floorplan.sdc
source /OpenROAD-flow-scripts/flow/platforms/nangate45/setRC.tcl
detailed_placement
[INFO DPL-0006] Core area: 1556.63 um^2
[INFO DPL-0007] Movable instances area: 74.48 um^2
[INFO DPL-0008] Fixed instances area within core: 14.90 um^2
[INFO DPL-0009] Utilization: 5.7%
[INFO DPL-0005] Diamond search max displacement: +/- 500 sites horizontally, +/- 100 rows vertically.
[INFO DPL-1102] Legalizing using negotiation legalizer.
[INFO DPL-1103] Negotiation base search window: +/-20 sites horizontally, +/-5 rows vertically 
	Automatic search window extension enabled.
	Search window extendable up to the max displacement cap of +/-500 sites, +/-100 rows near walls.
[INFO DPL-1104] NegotiationLegalizer DRC penalty: 5.
[INFO DPL-0392] Negotiation cell height distribution (1 unique row-count(s)):
[INFO DPL-0393]   height 1 row(s): 130 cells
          |      Total |  Illegal |  Illegal
Iteration | Violations |    Cells |    Sites
---------------------------------------------
        0 |          0 |         0 |         0
Negotiation phase 1 converged at iteration 0.
[INFO DPL-0500] Runtime: 0.00s
Placement Analysis
---------------------------------
total displacement         79.6 u
average displacement        0.6 u
max displacement            3.9 u
original HPWL             785.3 u
legalized HPWL            838.6 u
delta HPWL                    7 %

improve_placement -max_displacement "5 1"
Detailed placement improvement.
[INFO DPL-0401] Setting random seed to 1.
[INFO DPL-0402] Setting maximum displacement 5 1 to 14000 2800 units.
[INFO DPL-0320] Collected 82 fixed cells.
[INFO DPL-0318] Collected 74 single height cells.
[INFO DPL-0321] Collected 0 wide cells.
[INFO DPL-0322] Image (10260, 11200) - (89680, 89600)
[INFO DPL-0310] Assigned 74 cells into segments.  Movement in X-direction is 0.000000, movement in Y-direction is 0.000000.
[INFO DPL-0313] Found 0 cells in wrong regions.
[INFO DPL-0315] Found 0 row alignment problems.
[INFO DPL-0314] Found 0 site alignment problems.
[INFO DPL-0311] Found 0 overlaps between adjacent cells.
[INFO DPL-0312] Found 0 edge spacing violations and 0 padding violations.
[INFO DPL-0303] Running algorithm for independent set matching.
[INFO DPL-0300] Set matching objective is wirelength.
[INFO DPL-0301] Pass   1 of matching; objective is 1.674250e+06.
[INFO DPL-0302] End of matching; objective is 1.674250e+06, improvement is 0.00 percent.
[INFO DPL-0303] Running algorithm for global swaps.
[INFO DPL-0306] Pass   1 of global swaps; hpwl is 1.626725e+06.
[INFO DPL-0306] Pass   2 of global swaps; hpwl is 1.613490e+06.
[INFO DPL-0307] End of global swaps; objective is 1.613490e+06, improvement is 3.63 percent.
[INFO DPL-0303] Running algorithm for vertical swaps.
[INFO DPL-0308] Pass   1 of vertical swaps; hpwl is 1.613490e+06.
[INFO DPL-0309] End of vertical swaps; objective is 1.613490e+06, improvement is 0.00 percent.
[INFO DPL-0303] Running algorithm for reordering.
[INFO DPL-0304] Pass   1 of reordering; objective is 1.613490e+06.
[INFO DPL-0305] End of reordering; objective is 1.613490e+06, improvement is 0.00 percent.
[INFO DPL-0303] Running algorithm for random improvement.
[INFO DPL-0324] Random improver is using random generator.
[INFO DPL-0325] Random improver is using hpwl objective.
[INFO DPL-0326] Random improver cost string is (a).
[INFO DPL-0332] End of pass, Generator random called 1480 times.
[INFO DPL-0335] Generator random, Cumulative attempts 1480, swaps 37, moves   818 since last reset.
[INFO DPL-0333] End of pass, Objective hpwl, Initial cost 1.613490e+06, Scratch cost 1.590290e+06, Incremental cost 1.590290e+06, Mismatch? N
[INFO DPL-0338] End of pass, Total cost is 1.590290e+06.
[INFO DPL-0327] Pass   1 of random improver; improvement in cost is 1.44 percent.
[INFO DPL-0332] End of pass, Generator random called 1480 times.
[INFO DPL-0335] Generator random, Cumulative attempts 2960, swaps 78, moves  1609 since last reset.
[INFO DPL-0333] End of pass, Objective hpwl, Initial cost 1.590290e+06, Scratch cost 1.577030e+06, Incremental cost 1.577030e+06, Mismatch? N
[INFO DPL-0338] End of pass, Total cost is 1.577030e+06.
[INFO DPL-0327] Pass   2 of random improver; improvement in cost is 0.83 percent.
[INFO DPL-0328] End of random improver; improvement is 2.259698 percent.
[INFO DPL-0380] Cell flipping.
[INFO DPL-0382] Changed 0 cell orientations for row compatibility.
[INFO DPL-0383] Performed 25 cell flips.
[INFO DPL-0384] End of flipping; objective is 1.553690e+06, improvement is 1.48 percent.
[INFO DPL-0313] Found 0 cells in wrong regions.
[INFO DPL-0315] Found 0 row alignment problems.
[INFO DPL-0314] Found 0 site alignment problems.
[INFO DPL-0311] Found 0 overlaps between adjacent cells.
[INFO DPL-0312] Found 0 edge spacing violations and 0 padding violations.
Detailed Improvement Results
------------------------------------------
Original HPWL              838.6 u (     433.4,      405.2)
Final HPWL                 777.5 u (     421.3,      356.2)
Delta HPWL                  -7.3 % (      -2.8,      -12.1)

optimize_mirroring
[INFO DPL-0020] Mirrored 6 instances
[INFO DPL-0021] HPWL before             777.5 u
[INFO DPL-0022] HPWL after              777.0 u
[INFO DPL-0023] HPWL delta               -0.1 %
[INFO FLW-0012] Placement violations .
estimate_parasitics -placement
Report metrics stage 3, detailed place...
No registers in design

==========================================================================
detailed place report_design_area
--------------------------------------------------------------------------
Design area 89 um^2 6% utilization.
write_db ./results/nangate45/forwarding_unit/base/3_5_place_dp.odb
write_sdc -no_timestamp ./results/nangate45/forwarding_unit/base/3_place.sdc
Elapsed time: 0:00.84[h:]min:sec. CPU time: user 0.23 sys 0.11 (40%). Peak memory: 118460KB.
Log                       Ext     Elapsed/s Peak Memory/MB sha1sum result [0:20)
3_5_place_dp              .odb            0            115 8d05cb09b803ea930995
cp ./results/nangate45/forwarding_unit/base/3_5_place_dp.odb ./results/nangate45/forwarding_unit/base/3_place.odb
/OpenROAD-flow-scripts/flow/scripts/flow.sh 4_1_cts cts
Running cts.tcl, stage 4_1_cts
read_liberty /OpenROAD-flow-scripts/flow/platforms/nangate45/lib/NangateOpenCellLibrary_typical.lib
read_db ./results/nangate45/forwarding_unit/base/3_place.odb
read_sdc ./results/nangate45/forwarding_unit/base/3_place.sdc
source /OpenROAD-flow-scripts/flow/platforms/nangate45/setRC.tcl
clock_tree_synthesis -sink_clustering_enable
[INFO CTS-0050] Root buffer is CLKBUF_X3.
[INFO CTS-0051] Sink buffer is CLKBUF_X3.
[INFO CTS-0052] The following clock buffers will be used for CTS:
                    CLKBUF_X3
[INFO CTS-0049] Characterization buffer is CLKBUF_X3.
[WARNING CTS-0083] No clock nets have been found.
[INFO CTS-0008] TritonCTS found 0 clock nets.
[WARNING CTS-0082] No valid clock nets in the design.
[INFO CTS-0500] Runtime: 0.53s
estimate_parasitics -placement
detailed_placement
[INFO DPL-0006] Core area: 1556.63 um^2
[INFO DPL-0007] Movable instances area: 74.48 um^2
[INFO DPL-0008] Fixed instances area within core: 14.90 um^2
[INFO DPL-0009] Utilization: 5.7%
[INFO DPL-0005] Diamond search max displacement: +/- 500 sites horizontally, +/- 100 rows vertically.
[INFO DPL-1102] Legalizing using negotiation legalizer.
[INFO DPL-1103] Negotiation base search window: +/-20 sites horizontally, +/-5 rows vertically 
	Automatic search window extension enabled.
	Search window extendable up to the max displacement cap of +/-500 sites, +/-100 rows near walls.
[INFO DPL-1104] NegotiationLegalizer DRC penalty: 5.
[INFO DPL-0392] Negotiation cell height distribution (1 unique row-count(s)):
[INFO DPL-0393]   height 1 row(s): 130 cells
[INFO DPL-0500] Runtime: 0.00s
Placement Analysis
---------------------------------
total displacement         16.9 u
average displacement        0.1 u
max displacement            1.1 u
original HPWL             777.0 u
legalized HPWL            788.6 u
delta HPWL                    1 %

estimate_parasitics -placement
Report metrics stage 4, cts final...
No registers in design

==========================================================================
cts final report_design_area
--------------------------------------------------------------------------
Design area 89 um^2 6% utilization.
write_db ./results/nangate45/forwarding_unit/base/4_1_cts.odb
write_sdc -no_timestamp ./results/nangate45/forwarding_unit/base/4_cts.sdc
Elapsed time: 0:01.44[h:]min:sec. CPU time: user 0.79 sys 0.12 (63%). Peak memory: 141576KB.
Log                       Ext     Elapsed/s Peak Memory/MB sha1sum result [0:20)
4_1_cts                   .odb            1            138 d3236ca42d9b4df09e04
cp ./results/nangate45/forwarding_unit/base/4_1_cts.odb ./results/nangate45/forwarding_unit/base/4_cts.odb
/OpenROAD-flow-scripts/flow/scripts/flow.sh 5_1_grt global_route
Running global_route.tcl, stage 5_1_grt
read_liberty /OpenROAD-flow-scripts/flow/platforms/nangate45/lib/NangateOpenCellLibrary_typical.lib
read_db ./results/nangate45/forwarding_unit/base/4_cts.odb
read_sdc ./results/nangate45/forwarding_unit/base/4_cts.sdc
source /OpenROAD-flow-scripts/flow/platforms/nangate45/setRC.tcl
pin_access
[INFO DRT-0149] Reading tech and libs.

Units:                2000
Number of layers:     21
Number of macros:     135
Number of vias:       33
Number of viarulegen: 19

[INFO DRT-0150] Reading design.

Design:                   forwarding_unit
Die area:                 ( 0 0 ) ( 100000 100000 )
Number of track patterns: 20
Number of DEF vias:       0
Number of components:     130
Number of terminals:      28
Number of snets:          2
Number of nets:           96

[INFO DRT-0167] List of default vias:
  Layer via2
    default via: via2_5
  Layer via3
    default via: via3_2
  Layer via4
    default via: via4_0
  Layer via5
    default via: via5_0
  Layer via6
    default via: via6_0
  Layer via7
    default via: via7_0
  Layer via8
    default via: via8_0
  Layer via9
    default via: via9_0
[INFO DRT-0162] Library cell analysis.
[INFO DRT-0163] Instance analysis.
[INFO DRT-0164] Number of unique instances = 23.
[INFO DRT-0168] Init region query.
[INFO DRT-0024]   Complete active.
[INFO DRT-0024]   Complete Fr_VIA.
[INFO DRT-0024]   Complete metal1.
[INFO DRT-0024]   Complete via1.
[INFO DRT-0024]   Complete metal2.
[INFO DRT-0024]   Complete via2.
[INFO DRT-0024]   Complete metal3.
[INFO DRT-0024]   Complete via3.
[INFO DRT-0024]   Complete metal4.
[INFO DRT-0024]   Complete via4.
[INFO DRT-0024]   Complete metal5.
[INFO DRT-0024]   Complete via5.
[INFO DRT-0024]   Complete metal6.
[INFO DRT-0024]   Complete via6.
[INFO DRT-0024]   Complete metal7.
[INFO DRT-0024]   Complete via7.
[INFO DRT-0024]   Complete metal8.
[INFO DRT-0024]   Complete via8.
[INFO DRT-0024]   Complete metal9.
[INFO DRT-0024]   Complete via9.
[INFO DRT-0024]   Complete metal10.
[INFO DRT-0033] active shape region query size = 0.
[INFO DRT-0033] FR_VIA shape region query size = 0.
[INFO DRT-0033] metal1 shape region query size = 1232.
[INFO DRT-0033] via1 shape region query size = 87.
[INFO DRT-0033] metal2 shape region query size = 58.
[INFO DRT-0033] via2 shape region query size = 87.
[INFO DRT-0033] metal3 shape region query size = 58.
[INFO DRT-0033] via3 shape region query size = 87.
[INFO DRT-0033] metal4 shape region query size = 34.
[INFO DRT-0033] via4 shape region query size = 30.
[INFO DRT-0033] metal5 shape region query size = 21.
[INFO DRT-0033] via5 shape region query size = 30.
[INFO DRT-0033] metal6 shape region query size = 17.
[INFO DRT-0033] via6 shape region query size = 12.
[INFO DRT-0033] metal7 shape region query size = 9.
[INFO DRT-0033] via7 shape region query size = 0.
[INFO DRT-0033] metal8 shape region query size = 0.
[INFO DRT-0033] via8 shape region query size = 0.
[INFO DRT-0033] metal9 shape region query size = 0.
[INFO DRT-0033] via9 shape region query size = 0.
[INFO DRT-0033] metal10 shape region query size = 0.
[INFO DRT-0165] Start pin access.
[INFO DRT-0078]   Complete 121 pins.
[INFO DRT-0081]   Complete 23 unique inst patterns.
[INFO DRT-0084]   Complete 56 groups.
#scanned instances     = 130
#unique  instances     = 23
#stdCellGenAp          = 413
#stdCellValidPlanarAp  = 0
#stdCellValidViaAp     = 367
#stdCellPinNoAp        = 0
#stdCellPinCnt         = 238
#instTermValidViaApCnt = 0
#macroGenAp            = 0
#macroValidPlanarAp    = 0
#macroValidViaAp       = 0
#macroNoAp             = 0
[INFO DRT-0166] Complete pin access.
[INFO DRT-0267] cpu time = 00:00:01, elapsed time = 00:00:00, memory = 115.08 (MB), peak = 114.07 (MB)
global_route -congestion_report_file ./reports/nangate45/forwarding_unit/base/congestion.rpt -congestion_iterations 30 -congestion_report_iter_step 5 -verbose
[INFO GRT-0020] Min routing layer: metal2
[INFO GRT-0021] Max routing layer: metal10
[INFO GRT-0022] Global adjustment: 0%
[INFO GRT-0023] Grid origin: (0, 0)
[INFO GRT-0088] Layer metal1  Track-Pitch = 0.1400  line-2-Via Pitch: 0.1350
[INFO GRT-0088] Layer metal2  Track-Pitch = 0.1900  line-2-Via Pitch: 0.1400
[INFO GRT-0088] Layer metal3  Track-Pitch = 0.1400  line-2-Via Pitch: 0.1400
[INFO GRT-0088] Layer metal4  Track-Pitch = 0.2800  line-2-Via Pitch: 0.2800
[INFO GRT-0088] Layer metal5  Track-Pitch = 0.2800  line-2-Via Pitch: 0.2800
[INFO GRT-0088] Layer metal6  Track-Pitch = 0.2800  line-2-Via Pitch: 0.2800
[INFO GRT-0088] Layer metal7  Track-Pitch = 0.8000  line-2-Via Pitch: 0.8000
[INFO GRT-0088] Layer metal8  Track-Pitch = 0.8000  line-2-Via Pitch: 0.8000
[INFO GRT-0088] Layer metal9  Track-Pitch = 1.6000  line-2-Via Pitch: 1.6000
[INFO GRT-0088] Layer metal10 Track-Pitch = 1.6000  line-2-Via Pitch: 1.6000
[INFO GRT-0003] Macros: 0
[INFO GRT-0004] Blockages: 0
[INFO GRT-0019] Found 0 clock nets.
[INFO GRT-0001] Minimum degree: 2
[INFO GRT-0002] Maximum degree: 7

[INFO GRT-0053] Routing resources analysis:
          Routing      Original      Derated      Resource
Layer     Direction    Resources     Resources    Reduction (%)
---------------------------------------------------------------
metal1     Horizontal          0             0          0.00%
metal2     Vertical         4121          1939          52.95%
metal3     Horizontal       5683          2782          51.05%
metal4     Vertical         2790          1987          28.78%
metal5     Horizontal       2847          2019          29.08%
metal6     Vertical         2841          2012          29.18%
metal7     Horizontal        880           620          29.55%
metal8     Vertical          992           704          29.03%
metal9     Horizontal        480           272          43.33%
metal10    Vertical          480           272          43.33%
---------------------------------------------------------------

[INFO GRT-0197] Via related to pin nodes: 443
[INFO GRT-0198] Via related Steiner nodes: 1
[INFO GRT-0199] Via filling finished.
[INFO GRT-0111] Final number of vias: 557
[INFO GRT-0112] Final usage 3D: 1954

[INFO GRT-0096] Final congestion report:
Layer         Resource        Demand        Usage (%)    Max H / Max V / Total Congestion
---------------------------------------------------------------------------------------
metal1               0             0            0.00%             0 /  0 /  0
metal2            1939           119            6.14%             0 /  0 /  0
metal3            2782           119            4.28%             0 /  0 /  0
metal4            1987            14            0.70%             0 /  0 /  0
metal5            2019            25            1.24%             0 /  0 /  0
metal6            2012             6            0.30%             0 /  0 /  0
metal7             620             0            0.00%             0 /  0 /  0
metal8             704             0            0.00%             0 /  0 /  0
metal9             272             0            0.00%             0 /  0 /  0
metal10            272             0            0.00%             0 /  0 /  0
---------------------------------------------------------------------------------------
Total            12607           283            2.24%             0 /  0 /  0

[INFO GRT-0018] Total wirelength: 1296 um
[INFO GRT-0014] Routed nets: 96
[INFO GRT-0303] Global routing runtime = 00:00:00
estimate_parasitics -global_routing
Perform buffer insertion and gate resizing...
repair_design -verbose
Iteration |   Area    | Resized | Buffers | Nets repaired | Remaining
---------------------------------------------------------------------
        0 |     +0.0% |       0 |       0 |             0 |        96
       10 |     +0.0% |       0 |       0 |             0 |        86
       20 |     +0.0% |       0 |       0 |             0 |        76
       30 |     +0.0% |       0 |       0 |             0 |        66
       40 |     +0.0% |       0 |       0 |             0 |        56
       50 |     +0.0% |       0 |       0 |             0 |        46
       60 |     +0.0% |       0 |       0 |             0 |        36
       70 |     +0.0% |       0 |       0 |             0 |        26
       80 |     +0.0% |       0 |       0 |             0 |        16
       90 |     +0.0% |       0 |       0 |             0 |         6
    final |     +0.0% |       0 |       0 |             0 |         0
---------------------------------------------------------------------
[INFO RSZ-0504] Runtime: 0.03s
global_route -start_incremental
detailed_placement
[INFO DPL-0006] Core area: 1556.63 um^2
[INFO DPL-0007] Movable instances area: 74.48 um^2
[INFO DPL-0008] Fixed instances area within core: 14.90 um^2
[INFO DPL-0009] Utilization: 5.7%
[INFO DPL-0005] Diamond search max displacement: +/- 500 sites horizontally, +/- 100 rows vertically.
[INFO DPL-1102] Legalizing using negotiation legalizer.
[INFO DPL-1103] Negotiation base search window: +/-20 sites horizontally, +/-5 rows vertically 
	Automatic search window extension enabled.
	Search window extendable up to the max displacement cap of +/-500 sites, +/-100 rows near walls.
[INFO DPL-1104] NegotiationLegalizer DRC penalty: 5.
[INFO DPL-0392] Negotiation cell height distribution (1 unique row-count(s)):
[INFO DPL-0393]   height 1 row(s): 130 cells
[INFO DPL-0500] Runtime: 0.00s
Placement Analysis
---------------------------------
total displacement          0.0 u
average displacement        0.0 u
max displacement            0.0 u
original HPWL             788.6 u
legalized HPWL            788.6 u
delta HPWL                    0 %

global_route -end_incremental -congestion_report_file ./reports/nangate45/forwarding_unit/base/congestion_post_repair_design.rpt
Repair setup and hold violations...
estimate_parasitics -global_routing
repair_timing -setup_margin 0 -hold_margin -0.05 -repair_tns 100 -verbose
[INFO RSZ-0100] Repair move sequence: UnbufferMove SizeUpMove SwapPinsMove BufferMove CloneMove SplitLoadMove 
[INFO RSZ-0098] No setup violations found
[INFO RSZ-0505] Runtime: 0.08s
[INFO RSZ-0033] No hold violations found.
[INFO RSZ-0506] Runtime: 0.03s
global_route -start_incremental
detailed_placement
[INFO DPL-0006] Core area: 1556.63 um^2
[INFO DPL-0007] Movable instances area: 74.48 um^2
[INFO DPL-0008] Fixed instances area within core: 14.90 um^2
[INFO DPL-0009] Utilization: 5.7%
[INFO DPL-0005] Diamond search max displacement: +/- 500 sites horizontally, +/- 100 rows vertically.
[INFO DPL-1102] Legalizing using negotiation legalizer.
[INFO DPL-1103] Negotiation base search window: +/-20 sites horizontally, +/-5 rows vertically 
	Automatic search window extension enabled.
	Search window extendable up to the max displacement cap of +/-500 sites, +/-100 rows near walls.
[INFO DPL-1104] NegotiationLegalizer DRC penalty: 5.
[INFO DPL-0392] Negotiation cell height distribution (1 unique row-count(s)):
[INFO DPL-0393]   height 1 row(s): 130 cells
[INFO DPL-0500] Runtime: 0.00s
Placement Analysis
---------------------------------
total displacement          0.0 u
average displacement        0.0 u
max displacement            0.0 u
original HPWL             788.6 u
legalized HPWL            788.6 u
delta HPWL                    0 %

check_placement -verbose
global_route -end_incremental -congestion_report_file ./reports/nangate45/forwarding_unit/base/congestion_post_repair_timing.rpt
estimate_parasitics -global_routing
global_route -start_incremental
global_route -end_incremental -congestion_report_file ./reports/nangate45/forwarding_unit/base/congestion_post_recover_power.rpt
Repair antennas...
[WARNING GRT-0246] No diode with LEF class CORE ANTENNACELL found.
[INFO ANT-0002] Found 0 net violations.
[INFO ANT-0001] Found 0 pin violations.
Estimate parasitics...
estimate_parasitics -global_routing
Report metrics stage 5, global route...
No registers in design

==========================================================================
global route report_design_area
--------------------------------------------------------------------------
Design area 89 um^2 6% utilization.
[WARNING FLW-0006] No clocks found.
[INFO FLW-0011] Path endpoint path count 4
write_db ./results/nangate45/forwarding_unit/base/5_1_grt.odb
write_sdc -no_timestamp ./results/nangate45/forwarding_unit/base/5_1_grt.sdc
Elapsed time: 0:01.56[h:]min:sec. CPU time: user 4.80 sys 0.35 (329%). Peak memory: 288716KB.
Log                       Ext     Elapsed/s Peak Memory/MB sha1sum result [0:20)
5_1_grt                   .odb            1            281 5398557e341e310dee78
5_1_grt                   .sdc                             d21cc9181b41a65388ff
/OpenROAD-flow-scripts/flow/scripts/flow.sh 5_2_route detail_route
Running detail_route.tcl, stage 5_2_route
read_liberty /OpenROAD-flow-scripts/flow/platforms/nangate45/lib/NangateOpenCellLibrary_typical.lib
read_db ./results/nangate45/forwarding_unit/base/5_1_grt.odb
read_sdc ./results/nangate45/forwarding_unit/base/5_1_grt.sdc
source /OpenROAD-flow-scripts/flow/platforms/nangate45/setRC.tcl
detailed_route -output_drc ./reports/nangate45/forwarding_unit/base/5_route_drc.rpt -output_maze ./results/nangate45/forwarding_unit/base/maze.log -droute_end_iter 64 -verbose 1 -drc_report_iter_step 5
[INFO DRT-0149] Reading tech and libs.

Units:                2000
Number of layers:     21
Number of macros:     135
Number of vias:       33
Number of viarulegen: 19

[INFO DRT-0150] Reading design.

Design:                   forwarding_unit
Die area:                 ( 0 0 ) ( 100000 100000 )
Number of track patterns: 20
Number of DEF vias:       0
Number of components:     130
Number of terminals:      28
Number of snets:          2
Number of nets:           96

[INFO DRT-0167] List of default vias:
  Layer via2
    default via: via2_5
  Layer via3
    default via: via3_2
  Layer via4
    default via: via4_0
  Layer via5
    default via: via5_0
  Layer via6
    default via: via6_0
  Layer via7
    default via: via7_0
  Layer via8
    default via: via8_0
  Layer via9
    default via: via9_0
[INFO DRT-0162] Library cell analysis.
[INFO DRT-0163] Instance analysis.
[INFO DRT-0164] Number of unique instances = 23.
[INFO DRT-0168] Init region query.
[INFO DRT-0024]   Complete active.
[INFO DRT-0024]   Complete Fr_VIA.
[INFO DRT-0024]   Complete metal1.
[INFO DRT-0024]   Complete via1.
[INFO DRT-0024]   Complete metal2.
[INFO DRT-0024]   Complete via2.
[INFO DRT-0024]   Complete metal3.
[INFO DRT-0024]   Complete via3.
[INFO DRT-0024]   Complete metal4.
[INFO DRT-0024]   Complete via4.
[INFO DRT-0024]   Complete metal5.
[INFO DRT-0024]   Complete via5.
[INFO DRT-0024]   Complete metal6.
[INFO DRT-0024]   Complete via6.
[INFO DRT-0024]   Complete metal7.
[INFO DRT-0024]   Complete via7.
[INFO DRT-0024]   Complete metal8.
[INFO DRT-0024]   Complete via8.
[INFO DRT-0024]   Complete metal9.
[INFO DRT-0024]   Complete via9.
[INFO DRT-0024]   Complete metal10.
[INFO DRT-0033] active shape region query size = 0.
[INFO DRT-0033] FR_VIA shape region query size = 0.
[INFO DRT-0033] metal1 shape region query size = 1232.
[INFO DRT-0033] via1 shape region query size = 87.
[INFO DRT-0033] metal2 shape region query size = 58.
[INFO DRT-0033] via2 shape region query size = 87.
[INFO DRT-0033] metal3 shape region query size = 58.
[INFO DRT-0033] via3 shape region query size = 87.
[INFO DRT-0033] metal4 shape region query size = 34.
[INFO DRT-0033] via4 shape region query size = 30.
[INFO DRT-0033] metal5 shape region query size = 21.
[INFO DRT-0033] via5 shape region query size = 30.
[INFO DRT-0033] metal6 shape region query size = 17.
[INFO DRT-0033] via6 shape region query size = 12.
[INFO DRT-0033] metal7 shape region query size = 9.
[INFO DRT-0033] via7 shape region query size = 0.
[INFO DRT-0033] metal8 shape region query size = 0.
[INFO DRT-0033] via8 shape region query size = 0.
[INFO DRT-0033] metal9 shape region query size = 0.
[INFO DRT-0033] via9 shape region query size = 0.
[INFO DRT-0033] metal10 shape region query size = 0.
[INFO DRT-0165] Start pin access.
[INFO DRT-0078]   Complete 121 pins.
[INFO DRT-0081]   Complete 23 unique inst patterns.
[INFO DRT-0084]   Complete 56 groups.
#scanned instances     = 130
#unique  instances     = 23
#stdCellGenAp          = 413
#stdCellValidPlanarAp  = 0
#stdCellValidViaAp     = 367
#stdCellPinNoAp        = 0
#stdCellPinCnt         = 238
#instTermValidViaApCnt = 0
#macroGenAp            = 0
#macroValidPlanarAp    = 0
#macroValidViaAp       = 0
#macroNoAp             = 0
[INFO DRT-0166] Complete pin access.
[INFO DRT-0267] cpu time = 00:00:01, elapsed time = 00:00:00, memory = 254.02 (MB), peak = 253.18 (MB)

[INFO DRT-0157] Number of guides:     595

[INFO DRT-0169] Post process guides.
[INFO DRT-0176] GCELLGRID X 0 DO 17 STEP 5700 ;
[INFO DRT-0177] GCELLGRID Y 0 DO 17 STEP 5700 ;
[INFO DRT-0028]   Complete active.
[INFO DRT-0028]   Complete Fr_VIA.
[INFO DRT-0028]   Complete metal1.
[INFO DRT-0028]   Complete via1.
[INFO DRT-0028]   Complete metal2.
[INFO DRT-0028]   Complete via2.
[INFO DRT-0028]   Complete metal3.
[INFO DRT-0028]   Complete via3.
[INFO DRT-0028]   Complete metal4.
[INFO DRT-0028]   Complete via4.
[INFO DRT-0028]   Complete metal5.
[INFO DRT-0028]   Complete via5.
[INFO DRT-0028]   Complete metal6.
[INFO DRT-0028]   Complete via6.
[INFO DRT-0028]   Complete metal7.
[INFO DRT-0028]   Complete via7.
[INFO DRT-0028]   Complete metal8.
[INFO DRT-0028]   Complete via8.
[INFO DRT-0028]   Complete metal9.
[INFO DRT-0028]   Complete via9.
[INFO DRT-0028]   Complete metal10.
[INFO DRT-0178] Init guide query.
[INFO DRT-0035]   Complete active (guide).
[INFO DRT-0035]   Complete Fr_VIA (guide).
[INFO DRT-0035]   Complete metal1 (guide).
[INFO DRT-0035]   Complete via1 (guide).
[INFO DRT-0035]   Complete metal2 (guide).
[INFO DRT-0035]   Complete via2 (guide).
[INFO DRT-0035]   Complete metal3 (guide).
[INFO DRT-0035]   Complete via3 (guide).
[INFO DRT-0035]   Complete metal4 (guide).
[INFO DRT-0035]   Complete via4 (guide).
[INFO DRT-0035]   Complete metal5 (guide).
[INFO DRT-0035]   Complete via5 (guide).
[INFO DRT-0035]   Complete metal6 (guide).
[INFO DRT-0035]   Complete via6 (guide).
[INFO DRT-0035]   Complete metal7 (guide).
[INFO DRT-0035]   Complete via7 (guide).
[INFO DRT-0035]   Complete metal8 (guide).
[INFO DRT-0035]   Complete via8 (guide).
[INFO DRT-0035]   Complete metal9 (guide).
[INFO DRT-0035]   Complete via9 (guide).
[INFO DRT-0035]   Complete metal10 (guide).
[INFO DRT-0036] active guide region query size = 0.
[INFO DRT-0036] FR_VIA guide region query size = 0.
[INFO DRT-0036] metal1 guide region query size = 202.
[INFO DRT-0036] via1 guide region query size = 0.
[INFO DRT-0036] metal2 guide region query size = 164.
[INFO DRT-0036] via2 guide region query size = 0.
[INFO DRT-0036] metal3 guide region query size = 83.
[INFO DRT-0036] via3 guide region query size = 0.
[INFO DRT-0036] metal4 guide region query size = 27.
[INFO DRT-0036] via4 guide region query size = 0.
[INFO DRT-0036] metal5 guide region query size = 26.
[INFO DRT-0036] via5 guide region query size = 0.
[INFO DRT-0036] metal6 guide region query size = 11.
[INFO DRT-0036] via6 guide region query size = 0.
[INFO DRT-0036] metal7 guide region query size = 0.
[INFO DRT-0036] via7 guide region query size = 0.
[INFO DRT-0036] metal8 guide region query size = 0.
[INFO DRT-0036] via8 guide region query size = 0.
[INFO DRT-0036] metal9 guide region query size = 0.
[INFO DRT-0036] via9 guide region query size = 0.
[INFO DRT-0036] metal10 guide region query size = 0.
[INFO DRT-0179] Init gr pin query.
[INFO DRT-0267] cpu time = 00:00:00, elapsed time = 00:00:00, memory = 254.36 (MB), peak = 253.44 (MB)
[INFO DRT-0245] skipped writing guide updates to database.
[INFO DRT-0181] Start track assignment.
[INFO DRT-0184] Done with 202 vertical wires in 1 frboxes and 311 horizontal wires in 1 frboxes.
[INFO DRT-0186] Done with 35 vertical wires in 1 frboxes and 55 horizontal wires in 1 frboxes.
[INFO DRT-0182] Complete track assignment.
[INFO DRT-0267] cpu time = 00:00:00, elapsed time = 00:00:00, memory = 254.98 (MB), peak = 254.06 (MB)
[INFO DRT-0187] Start routing data preparation.
[INFO DRT-0267] cpu time = 00:00:00, elapsed time = 00:00:00, memory = 255.04 (MB), peak = 254.06 (MB)
[INFO DRT-0194] Start detail routing.
[INFO DRT-0195] Start 0th optimization iteration.
    Completing 10% with 0 violations.
    elapsed time = 00:00:00, memory = 255.23 (MB).
    Completing 20% with 0 violations.
    elapsed time = 00:00:00, memory = 255.23 (MB).
    Completing 30% with 0 violations.
    elapsed time = 00:00:00, memory = 255.23 (MB).
    Completing 40% with 0 violations.
    elapsed time = 00:00:00, memory = 255.23 (MB).
    Completing 50% with 0 violations.
    elapsed time = 00:00:00, memory = 262.20 (MB).
    Completing 60% with 0 violations.
    elapsed time = 00:00:00, memory = 256.96 (MB).
    Completing 70% with 0 violations.
    elapsed time = 00:00:00, memory = 268.06 (MB).
    Completing 80% with 0 violations.
    elapsed time = 00:00:00, memory = 262.33 (MB).
    Completing 100% with 11 violations.
    elapsed time = 00:00:00, memory = 266.02 (MB).
[INFO DRT-0199]   Number of violations = 12.
Viol/Layer      metal2
Metal Spacing        1
Recheck              1
Short               10
[INFO DRT-0267] cpu time = 00:00:01, elapsed time = 00:00:00, memory = 819.15 (MB), peak = 818.18 (MB)
Total wire length = 824 um.
Total wire length on LAYER metal1 = 0 um.
Total wire length on LAYER metal2 = 327 um.
Total wire length on LAYER metal3 = 349 um.
Total wire length on LAYER metal4 = 43 um.
Total wire length on LAYER metal5 = 81 um.
Total wire length on LAYER metal6 = 22 um.
Total wire length on LAYER metal7 = 0 um.
Total wire length on LAYER metal8 = 0 um.
Total wire length on LAYER metal9 = 0 um.
Total wire length on LAYER metal10 = 0 um.
Total number of vias = 486.
Up-via summary (total 486):

--------------
 active      0
 metal1    238
 metal2    183
 metal3     28
 metal4     26
 metal5     11
 metal6      0
 metal7      0
 metal8      0
 metal9      0
--------------
       486


[INFO DRT-0195] Start 1st optimization iteration.
    Completing 10% with 12 violations.
    elapsed time = 00:00:00, memory = 819.15 (MB).
    Completing 20% with 12 violations.
    elapsed time = 00:00:00, memory = 819.15 (MB).
    Completing 30% with 12 violations.
    elapsed time = 00:00:00, memory = 819.15 (MB).
    Completing 40% with 12 violations.
    elapsed time = 00:00:00, memory = 819.15 (MB).
    Completing 50% with 12 violations.
    elapsed time = 00:00:00, memory = 829.54 (MB).
    Completing 60% with 12 violations.
    elapsed time = 00:00:00, memory = 829.54 (MB).
    Completing 70% with 12 violations.
    elapsed time = 00:00:00, memory = 829.93 (MB).
    Completing 80% with 12 violations.
    elapsed time = 00:00:00, memory = 829.93 (MB).
    Completing 100% with 0 violations.
    elapsed time = 00:00:00, memory = 834.13 (MB).
[INFO DRT-0199]   Number of violations = 0.
[INFO DRT-0267] cpu time = 00:00:01, elapsed time = 00:00:00, memory = 835.12 (MB), peak = 842.31 (MB)
Total wire length = 818 um.
Total wire length on LAYER metal1 = 0 um.
Total wire length on LAYER metal2 = 323 um.
Total wire length on LAYER metal3 = 346 um.
Total wire length on LAYER metal4 = 43 um.
Total wire length on LAYER metal5 = 81 um.
Total wire length on LAYER metal6 = 22 um.
Total wire length on LAYER metal7 = 0 um.
Total wire length on LAYER metal8 = 0 um.
Total wire length on LAYER metal9 = 0 um.
Total wire length on LAYER metal10 = 0 um.
Total number of vias = 482.
Up-via summary (total 482):

--------------
 active      0
 metal1    238
 metal2    177
 metal3     30
 metal4     26
 metal5     11
 metal6      0
 metal7      0
 metal8      0
 metal9      0
--------------
       482


[INFO DRT-0198] Complete detail routing.
Total wire length = 818 um.
Total wire length on LAYER metal1 = 0 um.
Total wire length on LAYER metal2 = 323 um.
Total wire length on LAYER metal3 = 346 um.
Total wire length on LAYER metal4 = 43 um.
Total wire length on LAYER metal5 = 81 um.
Total wire length on LAYER metal6 = 22 um.
Total wire length on LAYER metal7 = 0 um.
Total wire length on LAYER metal8 = 0 um.
Total wire length on LAYER metal9 = 0 um.
Total wire length on LAYER metal10 = 0 um.
Total number of vias = 482.
Up-via summary (total 482):

--------------
 active      0
 metal1    238
 metal2    177
 metal3     30
 metal4     26
 metal5     11
 metal6      0
 metal7      0
 metal8      0
 metal9      0
--------------
       482


[INFO DRT-0267] cpu time = 00:00:02, elapsed time = 00:00:00, memory = 835.24 (MB), peak = 842.31 (MB)

[INFO DRT-0180] Post processing.
[INFO DRT-0501] Runtime: 1.19s
[WARNING GRT-0246] No diode with LEF class CORE ANTENNACELL found.
[INFO ANT-0002] Found 0 net violations.
[INFO ANT-0001] Found 0 pin violations.
[INFO ANT-0002] Found 0 net violations.
[INFO ANT-0001] Found 0 pin violations.
Design area 89 um^2 6% utilization.
write_db ./results/nangate45/forwarding_unit/base/5_2_route.odb
Elapsed time: 0:01.63[h:]min:sec. CPU time: user 5.00 sys 0.55 (340%). Peak memory: 862524KB.
Log                       Ext     Elapsed/s Peak Memory/MB sha1sum result [0:20)
5_2_route                 .odb            1            842 78af9f3f3ca25fff3471
/OpenROAD-flow-scripts/flow/scripts/flow.sh 5_3_fillcell fillcell
Running fillcell.tcl, stage 5_3_fillcell
read_liberty /OpenROAD-flow-scripts/flow/platforms/nangate45/lib/NangateOpenCellLibrary_typical.lib
read_db ./results/nangate45/forwarding_unit/base/5_2_route.odb
read_sdc ./results/nangate45/forwarding_unit/base/5_1_grt.sdc
source /OpenROAD-flow-scripts/flow/platforms/nangate45/setRC.tcl
filler_placement "FILLCELL_X1 FILLCELL_X2 FILLCELL_X4 FILLCELL_X8 FILLCELL_X16 FILLCELL_X32"
[INFO DPL-0001] Placed 340 filler instances.
Design area 89 um^2 6% utilization.
write_db ./results/nangate45/forwarding_unit/base/5_3_fillcell.odb
Elapsed time: 0:00.29[h:]min:sec. CPU time: user 0.21 sys 0.07 (94%). Peak memory: 116316KB.
Log                       Ext     Elapsed/s Peak Memory/MB sha1sum result [0:20)
5_3_fillcell              .odb            0            113 95d99431338e412b1c08
cp ./results/nangate45/forwarding_unit/base/5_3_fillcell.odb ./results/nangate45/forwarding_unit/base/5_route.odb
cp ./results/nangate45/forwarding_unit/base/5_1_grt.sdc ./results/nangate45/forwarding_unit/base/5_route.sdc
/OpenROAD-flow-scripts/flow/scripts/flow.sh 6_1_fill density_fill
Running density_fill.tcl, stage 6_1_fill
read_liberty /OpenROAD-flow-scripts/flow/platforms/nangate45/lib/NangateOpenCellLibrary_typical.lib
read_db ./results/nangate45/forwarding_unit/base/5_route.odb
read_sdc ./results/nangate45/forwarding_unit/base/5_route.sdc
source /OpenROAD-flow-scripts/flow/platforms/nangate45/setRC.tcl
exec cp ./results/nangate45/forwarding_unit/base/5_route.odb ./results/nangate45/forwarding_unit/base/6_1_fill.odb
Elapsed time: 0:00.29[h:]min:sec. CPU time: user 0.22 sys 0.06 (97%). Peak memory: 114464KB.
Log                       Ext     Elapsed/s Peak Memory/MB sha1sum result [0:20)
6_1_fill                  .odb            0            111 95d99431338e412b1c08
cp ./results/nangate45/forwarding_unit/base/5_route.sdc ./results/nangate45/forwarding_unit/base/6_1_fill.sdc
/OpenROAD-flow-scripts/flow/scripts/flow.sh 6_report final_report
Running final_report.tcl, stage 6_report
read_liberty /OpenROAD-flow-scripts/flow/platforms/nangate45/lib/NangateOpenCellLibrary_typical.lib
read_db ./results/nangate45/forwarding_unit/base/6_1_fill.odb
read_sdc ./results/nangate45/forwarding_unit/base/6_1_fill.sdc
source /OpenROAD-flow-scripts/flow/platforms/nangate45/setRC.tcl
write_db ./results/nangate45/forwarding_unit/base/6_final.odb
write_sdc -no_timestamp ./results/nangate45/forwarding_unit/base/6_final.sdc
Deleted 0 routing obstructions
[INFO RCX-0431] Defined process_corner X with ext_model_index 0
[INFO RCX-0029] Defined extraction corner X
[WARNING RCX-0514] The ext_model_file option is deprecated. Use set_extraction_rules_file command instead.
[INFO RCX-0435] Reading extraction model file /OpenROAD-flow-scripts/flow/platforms/nangate45/rcx_patterns.rules ...
[INFO RCX-0436] RC segment generation forwarding_unit (max_merge_res 50.0) ...
[INFO RCX-0040] Final 265 rc segments
[INFO RCX-0439] Coupling Cap extraction forwarding_unit ...
[INFO RCX-0440] Coupling threshhold is 0.1000 fF, coupling capacitance less than 0.1000 fF will be grounded.
[INFO RCX-0442] 50% of 460 wires extracted
[INFO RCX-0442] 100% of 460 wires extracted
[INFO RCX-0045] Extract 96 nets, 361 rsegs, 361 caps, 474 ccs
[INFO RCX-0443] 96 nets finished
[INFO PSM-0040] All shapes on net VDD are connected.
########## IR report #################
Net              : VDD
Corner           : default
Total power      : 3.59e-05 W
Supply voltage   : 1.10e+00 V
Worstcase voltage: 1.10e+00 V
Average voltage  : 1.10e+00 V
Average IR drop  : 1.28e-04 V
Worstcase IR drop: 3.62e-04 V
Percentage drop  : 0.03 %
######################################
[INFO PSM-0040] All shapes on net VSS are connected.
########## IR report #################
Net              : VSS
Corner           : default
Total power      : 3.59e-05 W
Supply voltage   : 0.00e+00 V
Worstcase voltage: 4.13e-04 V
Average voltage  : 1.58e-04 V
Average IR drop  : 1.58e-04 V
Worstcase IR drop: 4.13e-04 V
Percentage drop  : 0.04 %
######################################
Cell type report:                       Count       Area
  Fill cell                               340    1467.26
  Tap cell                                 56      14.90
  Timing Repair Buffer                     26      20.75
  Inverter                                 14       7.45
  Multi-Input combinational cell           34      46.28
  Total                                   470    1556.63
Report metrics stage 6, finish...
No registers in design

==========================================================================
finish report_design_area
--------------------------------------------------------------------------
Design area 89 um^2 6% utilization.
[WARNING GUI-0076] QStandardPaths: XDG_RUNTIME_DIR not set, defaulting to '/tmp/runtime-root'
[WARNING STA-0351] clock '*' not found.
Elapsed time: 0:01.56[h:]min:sec. CPU time: user 0.84 sys 0.22 (68%). Peak memory: 181448KB.
Log                       Ext     Elapsed/s Peak Memory/MB sha1sum result [0:20)
6_report                                  1            177                  N/A
cp /OpenROAD-flow-scripts/flow/platforms/nangate45/lef/NangateOpenCellLibrary.tech.lef ./objects/nangate45/forwarding_unit/base/klayout_tech.lef
/usr/bin/python3 /OpenROAD-flow-scripts/flow/util/generate_klayout_tech.py \
	--template /OpenROAD-flow-scripts/flow/platforms/nangate45/FreePDK45.lyt \
	--output ./objects/nangate45/forwarding_unit/base/klayout.lyt \
	--lef-files ./objects/nangate45/forwarding_unit/base/klayout_tech.lef /OpenROAD-flow-scripts/flow/platforms/nangate45/lef/NangateOpenCellLibrary.macro.mod.lef   \
	--map-files 
/usr/bin/python3 /OpenROAD-flow-scripts/flow/scripts/run_command.py --log /OpenROAD-flow-scripts/flow/logs/nangate45/forwarding_unit/base/6_1_merge.log --tee -- \
        /OpenROAD-flow-scripts/flow/scripts/klayout.sh -zz -rd design_name=forwarding_unit \
        -rd in_def=./results/nangate45/forwarding_unit/base/6_final.def \
        -rd in_files="/OpenROAD-flow-scripts/flow/platforms/nangate45/gds/NangateOpenCellLibrary.gds  " \
        -rd seal_file="" \
        -rd out_file=./results/nangate45/forwarding_unit/base/6_1_merged.gds \
        -rd tech_file=./objects/nangate45/forwarding_unit/base/klayout.lyt \
        -rd layer_map= \
        -r /OpenROAD-flow-scripts/flow/util/def2stream.py
KLayout 0.30.7
Warning: DEF UNITS does not match reader DBU (DEF UNITS is 2000 and corresponds to a DBU of 0.0005, but reader DBU is set to 0.0001) (line=5, cell=, file=6_final.def)
[INFO] Reporting cells prior to loading DEF ...
	/OpenROAD-flow-scripts/flow/platforms/nangate45/gds/NangateOpenCellLibrary.gds
[INFO] GDS_ALLOW_EMPTY=fakeram.*
[INFO] All LEF cells have matching GDS/OAS cells
[INFO] No orphan cells in the final layout
Elapsed time: 0:01.72[h:]min:sec. CPU time: user 1.39 sys 0.30 (98%). Peak memory: 436008KB.
cp results/nangate45/forwarding_unit/base/6_1_merged.gds results/nangate45/forwarding_unit/base/6_final.gds
./logs/nangate45/forwarding_unit/base
Log                       Ext     Elapsed/s Peak Memory/MB sha1sum result [0:20)
1_1_yosys_canonicalize    .rtlil          0             46 14762ee56479d2fd7d8a
1_2_yosys                 .v              0             47 4e08578cb7ea6f82f18f
1_2_yosys                 .sdc                             5bb1094b101267e7cf5a
1_synth                   .odb            0            112 87d90612b5c4febfcddd
1_synth                   .sdc                             d21cc9181b41a65388ff
2_1_floorplan             .odb            0            132 dec40c923ad1e4479e8c
2_1_floorplan             .sdc                             d21cc9181b41a65388ff
2_2_floorplan_macro       .odb            0            111 dec40c923ad1e4479e8c
2_3_floorplan_tapcell     .odb            0            111 0dd61064fdb4f32cc5af
2_4_floorplan_pdn         .odb            0            114 97aab782b62fcb86e4d0
3_1_place_gp_skip_io      .odb            0            113 2befd4d8ae54411cfd39
3_2_place_iop             .odb            0            112 5d92f64b82183c01d6d5
3_3_place_gp              .odb            0            259 19e55bebb21913fcae51
3_4_place_resized         .odb            0            130 19e55bebb21913fcae51
3_5_place_dp              .odb            0            115 8d05cb09b803ea930995
4_1_cts                   .odb            1            138 d3236ca42d9b4df09e04
5_1_grt                   .odb            1            281 5398557e341e310dee78
5_1_grt                   .sdc                             d21cc9181b41a65388ff
5_2_route                 .odb            1            842 78af9f3f3ca25fff3471
5_3_fillcell              .odb            0            113 95d99431338e412b1c08
6_1_fill                  .odb            0            111 95d99431338e412b1c08
6_1_fill                  .sdc                             d21cc9181b41a65388ff
6_1_merge                                 1            425                  N/A
6_report                                  1            177                  N/A
Total                                     5            842                     
make: warning:  Clock skew detected.  Your build may be incomplete.
