OpenROAD 26Q3-1080-gab6fd26351 
Features included (+) or not (-): +GPU +GUI +Python
This program is licensed under the BSD-3 license. See the LICENSE file for details.
Components of this program may be licensed under more restrictive licenses which must be honored.
[INFO DRT-0149] Reading tech and libs.

Units:                2000
Number of layers:     21
Number of macros:     135
Number of vias:       33
Number of viarulegen: 19

[INFO DRT-0150] Reading design.

Design:                   sdram_top
Die area:                 ( 0 0 ) ( 70290 70290 )
Number of track patterns: 20
Number of DEF vias:       0
Number of components:     212
Number of terminals:      10
Number of snets:          2
Number of nets:           203

[INFO DRT-0167] List of default vias:
  Layer via1
    default via: via1_7
  Layer via2
    default via: via2_5
  Layer via3
    default via: via3_2
  Layer via4
    default via: via4_0
  Layer via5
    default via: via5_0
  Layer via6
    default via: via6_0
  Layer via7
    default via: via7_0
  Layer via8
    default via: via8_0
  Layer via9
    default via: via9_0
[INFO DRT-0162] Library cell analysis.
[INFO DRT-0163] Instance analysis.
[INFO DRT-0164] Number of unique instances = 44.
[INFO DRT-0168] Init region query.
[INFO DRT-0024]   Complete active.
[INFO DRT-0024]   Complete Fr_VIA.
[INFO DRT-0024]   Complete metal1.
[INFO DRT-0024]   Complete via1.
[INFO DRT-0024]   Complete metal2.
[INFO DRT-0024]   Complete via2.
[INFO DRT-0024]   Complete metal3.
[INFO DRT-0024]   Complete via3.
[INFO DRT-0024]   Complete metal4.
[INFO DRT-0024]   Complete via4.
[INFO DRT-0024]   Complete metal5.
[INFO DRT-0024]   Complete via5.
[INFO DRT-0024]   Complete metal6.
[INFO DRT-0024]   Complete via6.
[INFO DRT-0024]   Complete metal7.
[INFO DRT-0024]   Complete via7.
[INFO DRT-0024]   Complete metal8.
[INFO DRT-0024]   Complete via8.
[INFO DRT-0024]   Complete metal9.
[INFO DRT-0024]   Complete via9.
[INFO DRT-0024]   Complete metal10.
[INFO DRT-0033] active shape region query size = 0.
[INFO DRT-0033] FR_VIA shape region query size = 0.
[INFO DRT-0033] metal1 shape region query size = 3552.
[INFO DRT-0033] via1 shape region query size = 66.
[INFO DRT-0033] metal2 shape region query size = 44.
[INFO DRT-0033] via2 shape region query size = 66.
[INFO DRT-0033] metal3 shape region query size = 44.
[INFO DRT-0033] via3 shape region query size = 66.
[INFO DRT-0033] metal4 shape region query size = 26.
[INFO DRT-0033] via4 shape region query size = 20.
[INFO DRT-0033] metal5 shape region query size = 10.
[INFO DRT-0033] via5 shape region query size = 20.
[INFO DRT-0033] metal6 shape region query size = 6.
[INFO DRT-0033] via6 shape region query size = 8.
[INFO DRT-0033] metal7 shape region query size = 6.
[INFO DRT-0033] via7 shape region query size = 0.
[INFO DRT-0033] metal8 shape region query size = 0.
[INFO DRT-0033] via8 shape region query size = 0.
[INFO DRT-0033] metal9 shape region query size = 0.
[INFO DRT-0033] via9 shape region query size = 0.
[INFO DRT-0033] metal10 shape region query size = 0.
[INFO DRT-0165] Start pin access.
[INFO DRT-0078]   Complete 232 pins.
[INFO DRT-0081]   Complete 44 unique inst patterns.
[INFO DRT-0084]   Complete 118 groups.
#scanned instances     = 212
#unique  instances     = 44
#stdCellGenAp          = 1047
#stdCellValidPlanarAp  = 0
#stdCellValidViaAp     = 838
#stdCellPinNoAp        = 0
#stdCellPinCnt         = 595
#instTermValidViaApCnt = 0
#macroGenAp            = 0
#macroValidPlanarAp    = 0
#macroValidViaAp       = 0
#macroNoAp             = 0
[INFO DRT-0166] Complete pin access.
[INFO DRT-0267] cpu time = 00:00:02, elapsed time = 00:00:02, memory = 112.34 (MB), peak = 112.19 (MB)

[INFO DRT-0157] Number of guides:     1060

[INFO DRT-0169] Post process guides.
[INFO DRT-0176] GCELLGRID X 0 DO 12 STEP 5700 ;
[INFO DRT-0177] GCELLGRID Y 0 DO 12 STEP 5700 ;
[INFO DRT-0028]   Complete active.
[INFO DRT-0028]   Complete Fr_VIA.
[INFO DRT-0028]   Complete metal1.
[INFO DRT-0028]   Complete via1.
[INFO DRT-0028]   Complete metal2.
[INFO DRT-0028]   Complete via2.
[INFO DRT-0028]   Complete metal3.
[INFO DRT-0028]   Complete via3.
[INFO DRT-0028]   Complete metal4.
[INFO DRT-0028]   Complete via4.
[INFO DRT-0028]   Complete metal5.
[INFO DRT-0028]   Complete via5.
[INFO DRT-0028]   Complete metal6.
[INFO DRT-0028]   Complete via6.
[INFO DRT-0028]   Complete metal7.
[INFO DRT-0028]   Complete via7.
[INFO DRT-0028]   Complete metal8.
[INFO DRT-0028]   Complete via8.
[INFO DRT-0028]   Complete metal9.
[INFO DRT-0028]   Complete via9.
[INFO DRT-0028]   Complete metal10.
[INFO DRT-0178] Init guide query.
[INFO DRT-0035]   Complete active (guide).
[INFO DRT-0035]   Complete Fr_VIA (guide).
[INFO DRT-0035]   Complete metal1 (guide).
[INFO DRT-0035]   Complete via1 (guide).
[INFO DRT-0035]   Complete metal2 (guide).
[INFO DRT-0035]   Complete via2 (guide).
[INFO DRT-0035]   Complete metal3 (guide).
[INFO DRT-0035]   Complete via3 (guide).
[INFO DRT-0035]   Complete metal4 (guide).
[INFO DRT-0035]   Complete via4 (guide).
[INFO DRT-0035]   Complete metal5 (guide).
[INFO DRT-0035]   Complete via5 (guide).
[INFO DRT-0035]   Complete metal6 (guide).
[INFO DRT-0035]   Complete via6 (guide).
[INFO DRT-0035]   Complete metal7 (guide).
[INFO DRT-0035]   Complete via7 (guide).
[INFO DRT-0035]   Complete metal8 (guide).
[INFO DRT-0035]   Complete via8 (guide).
[INFO DRT-0035]   Complete metal9 (guide).
[INFO DRT-0035]   Complete via9 (guide).
[INFO DRT-0035]   Complete metal10 (guide).
[INFO DRT-0036] active guide region query size = 0.
[INFO DRT-0036] FR_VIA guide region query size = 0.
[INFO DRT-0036] metal1 guide region query size = 435.
[INFO DRT-0036] via1 guide region query size = 0.
[INFO DRT-0036] metal2 guide region query size = 271.
[INFO DRT-0036] via2 guide region query size = 0.
[INFO DRT-0036] metal3 guide region query size = 85.
[INFO DRT-0036] via3 guide region query size = 0.
[INFO DRT-0036] metal4 guide region query size = 15.
[INFO DRT-0036] via4 guide region query size = 0.
[INFO DRT-0036] metal5 guide region query size = 10.
[INFO DRT-0036] via5 guide region query size = 0.
[INFO DRT-0036] metal6 guide region query size = 2.
[INFO DRT-0036] via6 guide region query size = 0.
[INFO DRT-0036] metal7 guide region query size = 0.
[INFO DRT-0036] via7 guide region query size = 0.
[INFO DRT-0036] metal8 guide region query size = 0.
[INFO DRT-0036] via8 guide region query size = 0.
[INFO DRT-0036] metal9 guide region query size = 0.
[INFO DRT-0036] via9 guide region query size = 0.
[INFO DRT-0036] metal10 guide region query size = 0.
[INFO DRT-0179] Init gr pin query.
[INFO DRT-0267] cpu time = 00:00:00, elapsed time = 00:00:00, memory = 112.88 (MB), peak = 112.69 (MB)
[INFO DRT-0245] skipped writing guide updates to database.
[INFO DRT-0181] Start track assignment.
[INFO DRT-0184] Done with 288 vertical wires in 1 frboxes and 530 horizontal wires in 1 frboxes.
[INFO DRT-0186] Done with 75 vertical wires in 1 frboxes and 126 horizontal wires in 1 frboxes.
[INFO DRT-0182] Complete track assignment.
[INFO DRT-0267] cpu time = 00:00:00, elapsed time = 00:00:00, memory = 114.54 (MB), peak = 114.32 (MB)
[INFO DRT-0187] Start routing data preparation.
[INFO DRT-0267] cpu time = 00:00:00, elapsed time = 00:00:00, memory = 114.54 (MB), peak = 114.32 (MB)
[INFO DRT-0194] Start detail routing.
[INFO DRT-0195] Start 0th optimization iteration.
    Completing 20% with 0 violations.
    elapsed time = 00:00:00, memory = 118.02 (MB).
    Completing 50% with 8 violations.
    elapsed time = 00:00:00, memory = 124.33 (MB).
    Completing 70% with 10 violations.
    elapsed time = 00:00:00, memory = 125.73 (MB).
    Completing 100% with 23 violations.
    elapsed time = 00:00:01, memory = 125.73 (MB).
[INFO DRT-0199]   Number of violations = 30.
Viol/Layer      metal1   via1 metal2   via2 metal3
Cut Spacing          0      0      0      1      0
Metal Spacing        3      0      2      0      0
NS Metal             1      0      0      0      0
Recheck              2      0      2      0      3
Short                5      1     10      0      0
[INFO DRT-0267] cpu time = 00:00:01, elapsed time = 00:00:01, memory = 670.13 (MB), peak = 669.89 (MB)
Total wire length = 1207 um.
Total wire length on LAYER metal1 = 98 um.
Total wire length on LAYER metal2 = 639 um.
Total wire length on LAYER metal3 = 380 um.
Total wire length on LAYER metal4 = 42 um.
Total wire length on LAYER metal5 = 38 um.
Total wire length on LAYER metal6 = 7 um.
Total wire length on LAYER metal7 = 0 um.
Total wire length on LAYER metal8 = 0 um.
Total wire length on LAYER metal9 = 0 um.
Total wire length on LAYER metal10 = 0 um.
Total number of vias = 1066.
Up-via summary (total 1066):

---------------
 active       0
 metal1     681
 metal2     356
 metal3      16
 metal4      11
 metal5       2
 metal6       0
 metal7       0
 metal8       0
 metal9       0
---------------
       1066


[INFO DRT-0195] Start 1st optimization iteration.
    Completing 20% with 30 violations.
    elapsed time = 00:00:00, memory = 670.18 (MB).
    Completing 50% with 30 violations.
    elapsed time = 00:00:00, memory = 670.18 (MB).
    Completing 70% with 26 violations.
    elapsed time = 00:00:00, memory = 670.18 (MB).
    Completing 100% with 2 violations.
    elapsed time = 00:00:01, memory = 670.18 (MB).
[INFO DRT-0199]   Number of violations = 2.
Viol/Layer      metal1 metal2
Metal Spacing        0      1
Short                1      0
[INFO DRT-0267] cpu time = 00:00:01, elapsed time = 00:00:01, memory = 670.18 (MB), peak = 669.89 (MB)
Total wire length = 1179 um.
Total wire length on LAYER metal1 = 86 um.
Total wire length on LAYER metal2 = 617 um.
Total wire length on LAYER metal3 = 385 um.
Total wire length on LAYER metal4 = 44 um.
Total wire length on LAYER metal5 = 37 um.
Total wire length on LAYER metal6 = 7 um.
Total wire length on LAYER metal7 = 0 um.
Total wire length on LAYER metal8 = 0 um.
Total wire length on LAYER metal9 = 0 um.
Total wire length on LAYER metal10 = 0 um.
Total number of vias = 1043.
Up-via summary (total 1043):

---------------
 active       0
 metal1     660
 metal2     351
 metal3      18
 metal4      12
 metal5       2
 metal6       0
 metal7       0
 metal8       0
 metal9       0
---------------
       1043


[INFO DRT-0195] Start 2nd optimization iteration.
    Completing 10% with 2 violations.
    elapsed time = 00:00:00, memory = 670.18 (MB).
    Completing 20% with 2 violations.
    elapsed time = 00:00:00, memory = 670.18 (MB).
    Completing 30% with 2 violations.
    elapsed time = 00:00:00, memory = 670.18 (MB).
    Completing 40% with 2 violations.
    elapsed time = 00:00:00, memory = 670.18 (MB).
    Completing 50% with 2 violations.
    elapsed time = 00:00:00, memory = 670.18 (MB).
    Completing 60% with 2 violations.
    elapsed time = 00:00:00, memory = 670.18 (MB).
    Completing 70% with 2 violations.
    elapsed time = 00:00:00, memory = 670.18 (MB).
    Completing 80% with 2 violations.
    elapsed time = 00:00:00, memory = 670.18 (MB).
    Completing 100% with 2 violations.
    elapsed time = 00:00:00, memory = 670.18 (MB).
[INFO DRT-0199]   Number of violations = 2.
Viol/Layer      metal1 metal2
Metal Spacing        0      1
Short                1      0
[INFO DRT-0267] cpu time = 00:00:00, elapsed time = 00:00:00, memory = 670.18 (MB), peak = 669.89 (MB)
Total wire length = 1174 um.
Total wire length on LAYER metal1 = 78 um.
Total wire length on LAYER metal2 = 618 um.
Total wire length on LAYER metal3 = 388 um.
Total wire length on LAYER metal4 = 45 um.
Total wire length on LAYER metal5 = 36 um.
Total wire length on LAYER metal6 = 7 um.
Total wire length on LAYER metal7 = 0 um.
Total wire length on LAYER metal8 = 0 um.
Total wire length on LAYER metal9 = 0 um.
Total wire length on LAYER metal10 = 0 um.
Total number of vias = 1036.
Up-via summary (total 1036):

---------------
 active       0
 metal1     655
 metal2     350
 metal3      18
 metal4      11
 metal5       2
 metal6       0
 metal7       0
 metal8       0
 metal9       0
---------------
       1036


[INFO DRT-0195] Start 3rd guides tiles iteration.
    Completing 30% with 2 violations.
    elapsed time = 00:00:00, memory = 670.18 (MB).
    Completing 60% with 1 violations.
    elapsed time = 00:00:00, memory = 670.18 (MB).
    Completing 100% with 0 violations.
    elapsed time = 00:00:00, memory = 670.18 (MB).
[INFO DRT-0199]   Number of violations = 0.
[INFO DRT-0267] cpu time = 00:00:00, elapsed time = 00:00:00, memory = 670.18 (MB), peak = 669.89 (MB)
Total wire length = 1175 um.
Total wire length on LAYER metal1 = 75 um.
Total wire length on LAYER metal2 = 616 um.
Total wire length on LAYER metal3 = 393 um.
Total wire length on LAYER metal4 = 45 um.
Total wire length on LAYER metal5 = 36 um.
Total wire length on LAYER metal6 = 7 um.
Total wire length on LAYER metal7 = 0 um.
Total wire length on LAYER metal8 = 0 um.
Total wire length on LAYER metal9 = 0 um.
Total wire length on LAYER metal10 = 0 um.
Total number of vias = 1036.
Up-via summary (total 1036):

---------------
 active       0
 metal1     653
 metal2     352
 metal3      18
 metal4      11
 metal5       2
 metal6       0
 metal7       0
 metal8       0
 metal9       0
---------------
       1036


[WARNING DRT-0290] Warning: no DRC report specified, skipped writing DRC report
[INFO DRT-0198] Complete detail routing.
Total wire length = 1175 um.
Total wire length on LAYER metal1 = 75 um.
Total wire length on LAYER metal2 = 616 um.
Total wire length on LAYER metal3 = 393 um.
Total wire length on LAYER metal4 = 45 um.
Total wire length on LAYER metal5 = 36 um.
Total wire length on LAYER metal6 = 7 um.
Total wire length on LAYER metal7 = 0 um.
Total wire length on LAYER metal8 = 0 um.
Total wire length on LAYER metal9 = 0 um.
Total wire length on LAYER metal10 = 0 um.
Total number of vias = 1036.
Up-via summary (total 1036):

---------------
 active       0
 metal1     653
 metal2     352
 metal3      18
 metal4      11
 metal5       2
 metal6       0
 metal7       0
 metal8       0
 metal9       0
---------------
       1036


[INFO DRT-0267] cpu time = 00:00:04, elapsed time = 00:00:04, memory = 670.24 (MB), peak = 670.06 (MB)

[INFO DRT-0180] Post processing.
[INFO DRT-0501] Runtime: 6.51s

