Warning: DEF UNITS does not match reader DBU (DEF UNITS is 2000 and corresponds to a DBU of 0.0005, but reader DBU is set to 0.0001) (line=5, cell=, file=7_detailed_route.def)
Warning: Macro not found in LEF file: TAPCELL_X1 - creating dummy macro (line=73, cell=, file=7_detailed_route.def)
Warning: Macro not found in LEF file: INV_X1 - creating dummy macro (line=115, cell=, file=7_detailed_route.def)
Warning: Macro not found in LEF file: NOR3_X1 - creating dummy macro (line=120, cell=, file=7_detailed_route.def)
Warning: Macro not found in LEF file: OR2_X1 - creating dummy macro (line=122, cell=, file=7_detailed_route.def)
Warning: Macro not found in LEF file: NAND2_X1 - creating dummy macro (line=123, cell=, file=7_detailed_route.def)
Warning: Macro not found in LEF file: OR3_X1 - creating dummy macro (line=124, cell=, file=7_detailed_route.def)
Warning: Macro not found in LEF file: OAI21_X1 - creating dummy macro (line=125, cell=, file=7_detailed_route.def)
Warning: Macro not found in LEF file: OAI33_X1 - creating dummy macro (line=127, cell=, file=7_detailed_route.def)
Warning: Macro not found in LEF file: NOR2_X1 - creating dummy macro (line=130, cell=, file=7_detailed_route.def)
Warning: Macro not found in LEF file: NOR4_X1 - creating dummy macro (line=132, cell=, file=7_detailed_route.def)
Warning: Macro not found in LEF file: OAI22_X1 - creating dummy macro (line=146, cell=, file=7_detailed_route.def)
Warning: Macro not found in LEF file: NAND3_X1 - creating dummy macro (line=158, cell=, file=7_detailed_route.def)
Warning: Macro not found in LEF file: MUX2_X1 - creating dummy macro (line=160, cell=, file=7_detailed_route.def)
Warning: Macro not found in LEF file: AOI21_X1 - creating dummy macro (line=162, cell=, file=7_detailed_route.def)
Warning: Macro not found in LEF file: AOI22_X1 - creating dummy macro (line=163, cell=, file=7_detailed_route.def)
Warning: Macro not found in LEF file: AND3_X1 - creating dummy macro (line=178, cell=, file=7_detailed_route.def)
Warning: Macro not found in LEF file: AND2_X1 - creating dummy macro (line=179, cell=, file=7_detailed_route.def)
Warning: Macro not found in LEF file: XNOR2_X1 - creating dummy macro (line=186, cell=, file=7_detailed_route.def)
Warning: Macro not found in LEF file: OR4_X1 - creating dummy macro (line=189, cell=, file=7_detailed_route.def)
Warning: Macro not found in LEF file: OAI211_X1 - creating dummy macro (line=204, cell=, file=7_detailed_route.def)
Warning: Macro not found in LEF file: DFFR_X1 - creating dummy macro (line=237, cell=, file=7_detailed_route.def)
Warning: Macro not found in LEF file: LOGIC0_X1 - creating dummy macro (line=269, cell=, file=7_detailed_route.def)
Warning: Macro not found in LEF file: CLKBUF_X3 - creating dummy macro (line=270, cell=, file=7_detailed_route.def)
Warning: Macro not found in LEF file: CLKBUF_X1 - creating dummy macro (line=275, cell=, file=7_detailed_route.def)
Warning: Macro not found in LEF file: INV_X2 - creating dummy macro (line=276, cell=, file=7_detailed_route.def)
Warning: Macro not found in LEF file: BUF_X1 - creating dummy macro (line=278, cell=, file=7_detailed_route.def)
Warning: Invalid via name: via1_4 (line=483, cell=, file=7_detailed_route.def)
Warning: Invalid via name: via1_4 (line=483, cell=, file=7_detailed_route.def)
Warning: Invalid via name: via1_4 (line=491, cell=, file=7_detailed_route.def)
Warning: Invalid via name: via1_7 (line=492, cell=, file=7_detailed_route.def)
Warning: Invalid via name: via1_7 (line=493, cell=, file=7_detailed_route.def)
Warning: Invalid via name: via1_7 (line=494, cell=, file=7_detailed_route.def)
Warning: Invalid via name: via1_4 (line=495, cell=, file=7_detailed_route.def)
Warning: Invalid via name: via2_5 (line=496, cell=, file=7_detailed_route.def)
Warning: Invalid via name: via2_5 (line=497, cell=, file=7_detailed_route.def)
Warning: Invalid via name: via1_4 (line=498, cell=, file=7_detailed_route.def)
Warning: Invalid via name: via2_5 (line=498, cell=, file=7_detailed_route.def)
Warning: Invalid via name: via1_4 (line=508, cell=, file=7_detailed_route.def)
Warning: Invalid via name: via1_4 (line=509, cell=, file=7_detailed_route.def)
Warning: Invalid via name: via1_4 (line=510, cell=, file=7_detailed_route.def)
Warning: Invalid via name: via1_4 (line=511, cell=, file=7_detailed_route.def)
Warning: Invalid via name: via2_5 (line=512, cell=, file=7_detailed_route.def)
Warning: Invalid via name: via2_5 (line=513, cell=, file=7_detailed_route.def)
Warning: Invalid via name: via1_4 (line=513, cell=, file=7_detailed_route.def)
Warning: Invalid via name: via1_4 (line=518, cell=, file=7_detailed_route.def)
Warning: Invalid via name: via1_4 (line=518, cell=, file=7_detailed_route.def)
Warning: Invalid via name: via1_4 (line=525, cell=, file=7_detailed_route.def)
Warning: Invalid via name: via1_7 (line=526, cell=, file=7_detailed_route.def)
Warning: Invalid via name: via1_7 (line=527, cell=, file=7_detailed_route.def)
Warning: Invalid via name: via1_7 (line=527, cell=, file=7_detailed_route.def)
Warning: Invalid via name: via1_4 (line=543, cell=, file=7_detailed_route.def)
Warning: Invalid via name: via2_5 (line=544, cell=, file=7_detailed_route.def)
Warning: Invalid via name: via1_4 (line=545, cell=, file=7_detailed_route.def)
Warning: Invalid via name: via2_5 (line=546, cell=, file=7_detailed_route.def)
Warning: Invalid via name: via2_5 (line=547, cell=, file=7_detailed_route.def)
Warning: Invalid via name: via1_7 (line=548, cell=, file=7_detailed_route.def)
Warning: Invalid via name: via2_5 (line=549, cell=, file=7_detailed_route.def)
Warning: Invalid via name: via1_4 (line=550, cell=, file=7_detailed_route.def)
Warning: Invalid via name: via2_5 (line=551, cell=, file=7_detailed_route.def)
Warning: Invalid via name: via1_4 (line=552, cell=, file=7_detailed_route.def)
Warning: Invalid via name: via2_5 (line=553, cell=, file=7_detailed_route.def)
Warning: Invalid via name: via1_4 (line=553, cell=, file=7_detailed_route.def)
Warning: Invalid via name: via1_4 (line=563, cell=, file=7_detailed_route.def)
Warning: Invalid via name: via2_5 (line=564, cell=, file=7_detailed_route.def)
Warning: Invalid via name: via1_4 (line=565, cell=, file=7_detailed_route.def)
Warning: Invalid via name: via2_5 (line=566, cell=, file=7_detailed_route.def)
Warning: Invalid via name: via2_5 (line=567, cell=, file=7_detailed_route.def)
Warning: Invalid via name: via1_4 (line=568, cell=, file=7_detailed_route.def)
Warning: Invalid via name: via2_5 (line=569, cell=, file=7_detailed_route.def)
Warning: Invalid via name: via1_4 (line=570, cell=, file=7_detailed_route.def)
Warning: Invalid via name: via2_5 (line=571, cell=, file=7_detailed_route.def)
Warning: Invalid via name: via2_5 (line=571, cell=, file=7_detailed_route.def)
Warning: Invalid via name: via1_4 (line=579, cell=, file=7_detailed_route.def)
Warning: Invalid via name: via1_7 (line=579, cell=, file=7_detailed_route.def)
Warning: Invalid via name: via1_4 (line=591, cell=, file=7_detailed_route.def)
Warning: Invalid via name: via1_7 (line=592, cell=, file=7_detailed_route.def)
Warning: Invalid via name: via1_7 (line=593, cell=, file=7_detailed_route.def)
Warning: Invalid via name: via1_7 (line=594, cell=, file=7_detailed_route.def)
Warning: Invalid via name: via1_4 (line=595, cell=, file=7_detailed_route.def)
Warning: Invalid via name: via1_4 (line=595, cell=, file=7_detailed_route.def)
Warning: Invalid via name: via1_4 (line=601, cell=, file=7_detailed_route.def)
Warning: Invalid via name: via1_4 (line=601, cell=, file=7_detailed_route.def)
Warning: Invalid via name: via1_4 (line=606, cell=, file=7_detailed_route.def)
Warning: Invalid via name: via2_5 (line=607, cell=, file=7_detailed_route.def)
Warning: Invalid via name: via2_5 (line=608, cell=, file=7_detailed_route.def)
Warning: Invalid via name: via1_4 (line=608, cell=, file=7_detailed_route.def)
Warning: Invalid via name: via1_4 (line=615, cell=, file=7_detailed_route.def)
Warning: Invalid via name: via1_4 (line=616, cell=, file=7_detailed_route.def)
Warning: Invalid via name: via1_4 (line=617, cell=, file=7_detailed_route.def)
Warning: Invalid via name: via1_7 (line=618, cell=, file=7_detailed_route.def)
Warning: Invalid via name: via1_7 (line=618, cell=, file=7_detailed_route.def)
Warning: Invalid via name: via1_4 (line=627, cell=, file=7_detailed_route.def)
Warning: Invalid via name: via1_4 (line=628, cell=, file=7_detailed_route.def)
Warning: Invalid via name: via1_4 (line=629, cell=, file=7_detailed_route.def)
Warning: Invalid via name: via1_4 (line=630, cell=, file=7_detailed_route.def)
Warning: Invalid via name: via1_7 (line=631, cell=, file=7_detailed_route.def)
Warning: Invalid via name: via1_7 (line=631, cell=, file=7_detailed_route.def)
Warning: Invalid via name: via1_4 (line=639, cell=, file=7_detailed_route.def)
Warning: Invalid via name: via1_4 (line=640, cell=, file=7_detailed_route.def)
Warning: Invalid via name: via2_5 (line=641, cell=, file=7_detailed_route.def)
Warning: Invalid via name: via2_5 (line=642, cell=, file=7_detailed_route.def)
Warning: Invalid via name: via1_4 (line=643, cell=, file=7_detailed_route.def)
Warning: Invalid via name: via2_5 (line=644, cell=, file=7_detailed_route.def)
Warning: Invalid via name: via1_4 (line=644, cell=, file=7_detailed_route.def)
Warning: Invalid via name: via1_4 (line=648, cell=, file=7_detailed_route.def)
Warning: Invalid via name: via2_5 (line=649, cell=, file=7_detailed_route.def)
Warning: Invalid via name: via1_4 (line=650, cell=, file=7_detailed_route.def)
Warning: Invalid via name: via2_5 (line=650, cell=, file=7_detailed_route.def)
Warning: Invalid via name: via1_4 (line=655, cell=, file=7_detailed_route.def)
Warning: Invalid via name: via1_4 (line=655, cell=, file=7_detailed_route.def)
Warning: Invalid via name: via1_4 (line=667, cell=, file=7_detailed_route.def)
Warning: Invalid via name: via1_4 (line=668, cell=, file=7_detailed_route.def)
Warning: Invalid via name: via1_4 (line=669, cell=, file=7_detailed_route.def)
Warning: Invalid via name: via2_5 (line=670, cell=, file=7_detailed_route.def)
Warning: Invalid via name: via2_5 (line=671, cell=, file=7_detailed_route.def)
Warning: Invalid via name: via1_4 (line=672, cell=, file=7_detailed_route.def)
Warning: Invalid via name: via2_5 (line=672, cell=, file=7_detailed_route.def)
Warning: Invalid via name: via1_4 (line=685, cell=, file=7_detailed_route.def)
Warning: Invalid via name: via1_4 (line=686, cell=, file=7_detailed_route.def)
Warning: Invalid via name: via2_5 (line=687, cell=, file=7_detailed_route.def)
Warning: Invalid via name: via2_5 (line=688, cell=, file=7_detailed_route.def)
Warning: Invalid via name: via1_4 (line=689, cell=, file=7_detailed_route.def)
Warning: Invalid via name: via1_4 (line=690, cell=, file=7_detailed_route.def)
Warning: Invalid via name: via2_5 (line=691, cell=, file=7_detailed_route.def)
Warning: Invalid via name: via2_5 (line=692, cell=, file=7_detailed_route.def)
Warning: Invalid via name: via1_4 (line=692, cell=, file=7_detailed_route.def)
Warning: Invalid via name: via1_7 (line=696, cell=, file=7_detailed_route.def)
Warning: Invalid via name: via1_7 (line=696, cell=, file=7_detailed_route.def)
Warning: Invalid via name: via1_4 (line=701, cell=, file=7_detailed_route.def)
Warning: Invalid via name: via1_7 (line=701, cell=, file=7_detailed_route.def)
Warning: Invalid via name: via1_7 (line=705, cell=, file=7_detailed_route.def)
Warning: Invalid via name: via1_7 (line=705, cell=, file=7_detailed_route.def)
Warning: Invalid via name: via1_7 (line=710, cell=, file=7_detailed_route.def)
Warning: Invalid via name: via1_7 (line=710, cell=, file=7_detailed_route.def)
Warning: Invalid via name: via1_7 (line=715, cell=, file=7_detailed_route.def)
Warning: Invalid via name: via1_7 (line=715, cell=, file=7_detailed_route.def)
Warning: Invalid via name: via1_7 (line=719, cell=, file=7_detailed_route.def)
Warning: Invalid via name: via1_7 (line=719, cell=, file=7_detailed_route.def)
Warning: Invalid via name: via1_7 (line=723, cell=, file=7_detailed_route.def)
Warning: Invalid via name: via1_7 (line=723, cell=, file=7_detailed_route.def)
Warning: Invalid via name: via1_7 (line=727, cell=, file=7_detailed_route.def)
Warning: Invalid via name: via1_7 (line=727, cell=, file=7_detailed_route.def)
Warning: Invalid via name: via1_7 (line=732, cell=, file=7_detailed_route.def)
Warning: Invalid via name: via1_7 (line=732, cell=, file=7_detailed_route.def)
Warning: Invalid via name: via1_7 (line=738, cell=, file=7_detailed_route.def)
Warning: Invalid via name: via1_7 (line=739, cell=, file=7_detailed_route.def)
Warning: Invalid via name: via1_7 (line=740, cell=, file=7_detailed_route.def)
Warning: Invalid via name: via1_7 (line=740, cell=, file=7_detailed_route.def)
Warning: Invalid via name: via1_7 (line=744, cell=, file=7_detailed_route.def)
Warning: Invalid via name: via1_7 (line=744, cell=, file=7_detailed_route.def)
Warning: Invalid via name: via2_5 (line=749, cell=, file=7_detailed_route.def)
Warning: Invalid via name: via1_7 (line=750, cell=, file=7_detailed_route.def)
Warning: Invalid via name: via1_7 (line=751, cell=, file=7_detailed_route.def)
Warning: Invalid via name: via2_5 (line=751, cell=, file=7_detailed_route.def)
Warning: Invalid via name: via1_7 (line=756, cell=, file=7_detailed_route.def)
Warning: Invalid via name: via1_7 (line=756, cell=, file=7_detailed_route.def)
Warning: Invalid via name: via1_4 (line=761, cell=, file=7_detailed_route.def)
Warning: Invalid via name: via1_7 (line=761, cell=, file=7_detailed_route.def)
Warning: Invalid via name: via1_7 (line=765, cell=, file=7_detailed_route.def)
Warning: Invalid via name: via1_7 (line=765, cell=, file=7_detailed_route.def)
Warning: Invalid via name: via1_7 (line=769, cell=, file=7_detailed_route.def)
Warning: Invalid via name: via1_7 (line=769, cell=, file=7_detailed_route.def)
Warning: Invalid via name: via1_4 (line=774, cell=, file=7_detailed_route.def)
Warning: Invalid via name: via1_7 (line=774, cell=, file=7_detailed_route.def)
Warning: Invalid via name: via1_7 (line=779, cell=, file=7_detailed_route.def)
Warning: Invalid via name: via1_7 (line=779, cell=, file=7_detailed_route.def)
Warning: Invalid via name: via1_7 (line=784, cell=, file=7_detailed_route.def)
Warning: Invalid via name: via1_7 (line=784, cell=, file=7_detailed_route.def)
Warning: Invalid via name: via1_7 (line=789, cell=, file=7_detailed_route.def)
Warning: Invalid via name: via1_7 (line=789, cell=, file=7_detailed_route.def)
Warning: Invalid via name: via1_7 (line=793, cell=, file=7_detailed_route.def)
Warning: Invalid via name: via1_7 (line=793, cell=, file=7_detailed_route.def)
Warning: Invalid via name: via1_7 (line=797, cell=, file=7_detailed_route.def)
Warning: Invalid via name: via1_7 (line=797, cell=, file=7_detailed_route.def)
Warning: Invalid via name: via1_4 (line=803, cell=, file=7_detailed_route.def)
Warning: Invalid via name: via1_7 (line=804, cell=, file=7_detailed_route.def)
Warning: Invalid via name: via1_7 (line=805, cell=, file=7_detailed_route.def)
Warning: Invalid via name: via1_7 (line=805, cell=, file=7_detailed_route.def)
Warning: Invalid via name: via1_7 (line=809, cell=, file=7_detailed_route.def)
Warning: Invalid via name: via1_7 (line=809, cell=, file=7_detailed_route.def)
Warning: Invalid via name: via1_7 (line=813, cell=, file=7_detailed_route.def)
Warning: Invalid via name: via1_7 (line=813, cell=, file=7_detailed_route.def)
Warning: Invalid via name: via1_7 (line=818, cell=, file=7_detailed_route.def)
Warning: Invalid via name: via1_7 (line=818, cell=, file=7_detailed_route.def)
Warning: Invalid via name: via1_7 (line=823, cell=, file=7_detailed_route.def)
Warning: Invalid via name: via1_7 (line=823, cell=, file=7_detailed_route.def)
Warning: Invalid via name: via1_7 (line=827, cell=, file=7_detailed_route.def)
Warning: Invalid via name: via1_7 (line=827, cell=, file=7_detailed_route.def)
Warning: Invalid via name: via1_7 (line=832, cell=, file=7_detailed_route.def)
Warning: Invalid via name: via1_7 (line=832, cell=, file=7_detailed_route.def)
Warning: Invalid via name: via1_7 (line=836, cell=, file=7_detailed_route.def)
Warning: Invalid via name: via1_7 (line=836, cell=, file=7_detailed_route.def)
Warning: Invalid via name: via1_4 (line=841, cell=, file=7_detailed_route.def)
Warning: Invalid via name: via1_7 (line=841, cell=, file=7_detailed_route.def)
Warning: Invalid via name: via1_7 (line=846, cell=, file=7_detailed_route.def)
Warning: Invalid via name: via1_7 (line=846, cell=, file=7_detailed_route.def)
Warning: Invalid via name: via1_4 (line=851, cell=, file=7_detailed_route.def)
Warning: Invalid via name: via2_5 (line=852, cell=, file=7_detailed_route.def)
Warning: Invalid via name: via2_5 (line=853, cell=, file=7_detailed_route.def)
Warning: Invalid via name: via1_4 (line=853, cell=, file=7_detailed_route.def)
Warning: Invalid via name: via1_7 (line=858, cell=, file=7_detailed_route.def)
Warning: Invalid via name: via2_5 (line=859, cell=, file=7_detailed_route.def)
Warning: Invalid via name: via2_5 (line=860, cell=, file=7_detailed_route.def)
Warning: Invalid via name: via1_4 (line=860, cell=, file=7_detailed_route.def)
Warning: Invalid via name: via1_7 (line=865, cell=, file=7_detailed_route.def)
Warning: Invalid via name: via1_4 (line=865, cell=, file=7_detailed_route.def)
Warning: Invalid via name: via1_7 (line=870, cell=, file=7_detailed_route.def)
Warning: Invalid via name: via2_5 (line=871, cell=, file=7_detailed_route.def)
Warning: Invalid via name: via2_5 (line=872, cell=, file=7_detailed_route.def)
Warning: Invalid via name: via1_4 (line=872, cell=, file=7_detailed_route.def)
Warning: Invalid via name: via1_4 (line=878, cell=, file=7_detailed_route.def)
Warning: Invalid via name: via1_7 (line=878, cell=, file=7_detailed_route.def)
Warning: Invalid via name: via1_4 (line=883, cell=, file=7_detailed_route.def)
Warning: Invalid via name: via2_5 (line=884, cell=, file=7_detailed_route.def)
Warning: Invalid via name: via2_5 (line=885, cell=, file=7_detailed_route.def)
Warning: Invalid via name: via1_7 (line=885, cell=, file=7_detailed_route.def)
Warning: Invalid via name: via1_4 (line=889, cell=, file=7_detailed_route.def)
Warning: Invalid via name: via2_5 (line=890, cell=, file=7_detailed_route.def)
Warning: Invalid via name: via1_4 (line=891, cell=, file=7_detailed_route.def)
Warning: Invalid via name: via2_5 (line=891, cell=, file=7_detailed_route.def)
Warning: Invalid via name: via1_4 (line=896, cell=, file=7_detailed_route.def)
Warning: Invalid via name: via1_7 (line=896, cell=, file=7_detailed_route.def)
Warning: Invalid via name: via1_4 (line=901, cell=, file=7_detailed_route.def)
Warning: Invalid via name: via1_4 (line=901, cell=, file=7_detailed_route.def)
Warning: Invalid via name: via1_4 (line=907, cell=, file=7_detailed_route.def)
Warning: Invalid via name: via2_5 (line=908, cell=, file=7_detailed_route.def)
Warning: Invalid via name: via2_5 (line=909, cell=, file=7_detailed_route.def)
Warning: Invalid via name: via1_4 (line=909, cell=, file=7_detailed_route.def)
Warning: Invalid via name: via1_4 (line=914, cell=, file=7_detailed_route.def)
Warning: Invalid via name: via2_5 (line=915, cell=, file=7_detailed_route.def)
Warning: Invalid via name: via2_5 (line=916, cell=, file=7_detailed_route.def)
Warning: Invalid via name: via1_7 (line=916, cell=, file=7_detailed_route.def)
Warning: Invalid via name: via1_7 (line=921, cell=, file=7_detailed_route.def)
Warning: Invalid via name: via1_4 (line=921, cell=, file=7_detailed_route.def)
Warning: Invalid via name: via1_4 (line=926, cell=, file=7_detailed_route.def)
Warning: Invalid via name: via2_5 (line=927, cell=, file=7_detailed_route.def)
Warning: Invalid via name: via1_4 (line=928, cell=, file=7_detailed_route.def)
Warning: Invalid via name: via2_5 (line=928, cell=, file=7_detailed_route.def)
Warning: Invalid via name: via1_7 (line=936, cell=, file=7_detailed_route.def)
Warning: Invalid via name: via1_4 (line=937, cell=, file=7_detailed_route.def)
Warning: Invalid via name: via1_7 (line=938, cell=, file=7_detailed_route.def)
Warning: Invalid via name: via1_4 (line=938, cell=, file=7_detailed_route.def)
Warning: Invalid via name: via1_4 (line=944, cell=, file=7_detailed_route.def)
Warning: Invalid via name: via1_7 (line=944, cell=, file=7_detailed_route.def)
Warning: Invalid via name: via1_4 (line=952, cell=, file=7_detailed_route.def)
Warning: Invalid via name: via2_5 (line=953, cell=, file=7_detailed_route.def)
Warning: Invalid via name: via1_4 (line=954, cell=, file=7_detailed_route.def)
Warning: Invalid via name: via2_5 (line=955, cell=, file=7_detailed_route.def)
Warning: Invalid via name: via1_4 (line=956, cell=, file=7_detailed_route.def)
Warning: Invalid via name: via2_5 (line=956, cell=, file=7_detailed_route.def)
Warning: Invalid via name: via1_4 (line=963, cell=, file=7_detailed_route.def)
Warning: Invalid via name: via1_7 (line=964, cell=, file=7_detailed_route.def)
Warning: Invalid via name: via1_7 (line=965, cell=, file=7_detailed_route.def)
Warning: Invalid via name: via1_7 (line=965, cell=, file=7_detailed_route.def)
Warning: Invalid via name: via1_4 (line=972, cell=, file=7_detailed_route.def)
Warning: Invalid via name: via2_5 (line=973, cell=, file=7_detailed_route.def)
Warning: Invalid via name: via1_4 (line=974, cell=, file=7_detailed_route.def)
Warning: Invalid via name: via2_5 (line=975, cell=, file=7_detailed_route.def)
Warning: Invalid via name: via2_5 (line=976, cell=, file=7_detailed_route.def)
Warning: Invalid via name: via2_5 (line=977, cell=, file=7_detailed_route.def)
Warning: Invalid via name: via1_4 (line=977, cell=, file=7_detailed_route.def)
Warning: Invalid via name: via1_7 (line=985, cell=, file=7_detailed_route.def)
Warning: Invalid via name: via1_4 (line=986, cell=, file=7_detailed_route.def)
Warning: Invalid via name: via1_4 (line=986, cell=, file=7_detailed_route.def)
Warning: Invalid via name: via1_4 (line=991, cell=, file=7_detailed_route.def)
Warning: Invalid via name: via1_4 (line=991, cell=, file=7_detailed_route.def)
Warning: Invalid via name: via1_4 (line=997, cell=, file=7_detailed_route.def)
Warning: Invalid via name: via1_7 (line=998, cell=, file=7_detailed_route.def)
Warning: Invalid via name: via1_7 (line=999, cell=, file=7_detailed_route.def)
Warning: Invalid via name: via1_7 (line=999, cell=, file=7_detailed_route.def)
Warning: Invalid via name: via1_4 (line=1005, cell=, file=7_detailed_route.def)
Warning: Invalid via name: via1_7 (line=1006, cell=, file=7_detailed_route.def)
Warning: Invalid via name: via1_7 (line=1007, cell=, file=7_detailed_route.def)
Warning: Invalid via name: via1_7 (line=1007, cell=, file=7_detailed_route.def)
Warning: Invalid via name: via1_7 (line=1011, cell=, file=7_detailed_route.def)
Warning: Invalid via name: via1_4 (line=1011, cell=, file=7_detailed_route.def)
Warning: Invalid via name: via1_4 (line=1017, cell=, file=7_detailed_route.def)
Warning: Invalid via name: via1_7 (line=1018, cell=, file=7_detailed_route.def)
Warning: Invalid via name: via1_7 (line=1019, cell=, file=7_detailed_route.def)
Warning: Invalid via name: via1_7 (line=1019, cell=, file=7_detailed_route.def)
Warning: Invalid via name: via1_4 (line=1036, cell=, file=7_detailed_route.def)
Warning: Invalid via name: via1_4 (line=1037, cell=, file=7_detailed_route.def)
Warning: Invalid via name: via1_4 (line=1038, cell=, file=7_detailed_route.def)
Warning: Invalid via name: via1_7 (line=1039, cell=, file=7_detailed_route.def)
Warning: Invalid via name: via1_7 (line=1040, cell=, file=7_detailed_route.def)
Warning: Invalid via name: via1_7 (line=1041, cell=, file=7_detailed_route.def)
Warning: Invalid via name: via1_7 (line=1042, cell=, file=7_detailed_route.def)
Warning: Invalid via name: via1_7 (line=1043, cell=, file=7_detailed_route.def)
Warning: Invalid via name: via1_4 (line=1044, cell=, file=7_detailed_route.def)
Warning: Invalid via name: via1_7 (line=1045, cell=, file=7_detailed_route.def)
Warning: Invalid via name: via2_5 (line=1046, cell=, file=7_detailed_route.def)
Warning: Invalid via name: via1_4 (line=1047, cell=, file=7_detailed_route.def)
Warning: Invalid via name: via2_5 (line=1047, cell=, file=7_detailed_route.def)
Warning: Invalid via name: via1_4 (line=1051, cell=, file=7_detailed_route.def)
Warning: Invalid via name: via2_5 (line=1052, cell=, file=7_detailed_route.def)
Warning: Invalid via name: via1_4 (line=1053, cell=, file=7_detailed_route.def)
Warning: Invalid via name: via2_5 (line=1053, cell=, file=7_detailed_route.def)
Warning: Invalid via name: via1_4 (line=1059, cell=, file=7_detailed_route.def)
Warning: Invalid via name: via2_5 (line=1060, cell=, file=7_detailed_route.def)
Warning: Invalid via name: via1_7 (line=1061, cell=, file=7_detailed_route.def)
Warning: Invalid via name: via2_5 (line=1061, cell=, file=7_detailed_route.def)
Warning: Invalid via name: via1_4 (line=1066, cell=, file=7_detailed_route.def)
Warning: Invalid via name: via2_5 (line=1067, cell=, file=7_detailed_route.def)
Warning: Invalid via name: via1_4 (line=1068, cell=, file=7_detailed_route.def)
Warning: Invalid via name: via2_5 (line=1068, cell=, file=7_detailed_route.def)
Warning: Invalid via name: via1_4 (line=1074, cell=, file=7_detailed_route.def)
Warning: Invalid via name: via1_7 (line=1075, cell=, file=7_detailed_route.def)
Warning: Invalid via name: via1_7 (line=1076, cell=, file=7_detailed_route.def)
Warning: Invalid via name: via1_4 (line=1076, cell=, file=7_detailed_route.def)
Warning: Invalid via name: via1_7 (line=1081, cell=, file=7_detailed_route.def)
Warning: Invalid via name: via2_5 (line=1082, cell=, file=7_detailed_route.def)
Warning: Invalid via name: via2_5 (line=1083, cell=, file=7_detailed_route.def)
Warning: Invalid via name: via1_4 (line=1083, cell=, file=7_detailed_route.def)
Warning: Invalid via name: via1_4 (line=1088, cell=, file=7_detailed_route.def)
Warning: Invalid via name: via1_4 (line=1088, cell=, file=7_detailed_route.def)
Warning: Invalid via name: via1_4 (line=1092, cell=, file=7_detailed_route.def)
Warning: Invalid via name: via1_7 (line=1092, cell=, file=7_detailed_route.def)
Warning: Invalid via name: via1_4 (line=1098, cell=, file=7_detailed_route.def)
Warning: Invalid via name: via1_4 (line=1098, cell=, file=7_detailed_route.def)
Warning: Invalid via name: via1_4 (line=1102, cell=, file=7_detailed_route.def)
Warning: Invalid via name: via1_7 (line=1102, cell=, file=7_detailed_route.def)
Warning: Invalid via name: via1_4 (line=1110, cell=, file=7_detailed_route.def)
Warning: Invalid via name: via1_4 (line=1111, cell=, file=7_detailed_route.def)
Warning: Invalid via name: via1_4 (line=1112, cell=, file=7_detailed_route.def)
Warning: Invalid via name: via1_4 (line=1113, cell=, file=7_detailed_route.def)
Warning: Invalid via name: via2_5 (line=1114, cell=, file=7_detailed_route.def)
Warning: Invalid via name: via2_5 (line=1114, cell=, file=7_detailed_route.def)
Warning: Invalid via name: via1_4 (line=1118, cell=, file=7_detailed_route.def)
Warning: Invalid via name: via1_7 (line=1118, cell=, file=7_detailed_route.def)
Warning: Invalid via name: via1_4 (line=1123, cell=, file=7_detailed_route.def)
Warning: Invalid via name: via1_4 (line=1123, cell=, file=7_detailed_route.def)
Warning: Invalid via name: via1_7 (line=1131, cell=, file=7_detailed_route.def)
Warning: Invalid via name: via2_5 (line=1132, cell=, file=7_detailed_route.def)
Warning: Invalid via name: via2_5 (line=1133, cell=, file=7_detailed_route.def)
Warning: Invalid via name: via2_5 (line=1134, cell=, file=7_detailed_route.def)
Warning: Invalid via name: via1_4 (line=1135, cell=, file=7_detailed_route.def)
Warning: Invalid via name: via2_5 (line=1136, cell=, file=7_detailed_route.def)
Warning: Invalid via name: via1_4 (line=1137, cell=, file=7_detailed_route.def)
Warning: Invalid via name: via2_5 (line=1138, cell=, file=7_detailed_route.def)
Warning: Invalid via name: via1_4 (line=1138, cell=, file=7_detailed_route.def)
Warning: Invalid via name: via1_4 (line=1149, cell=, file=7_detailed_route.def)
Warning: Invalid via name: via2_5 (line=1150, cell=, file=7_detailed_route.def)
Warning: Invalid via name: via2_5 (line=1151, cell=, file=7_detailed_route.def)
Warning: Invalid via name: via1_7 (line=1152, cell=, file=7_detailed_route.def)
Warning: Invalid via name: via1_4 (line=1153, cell=, file=7_detailed_route.def)
Warning: Invalid via name: via2_5 (line=1154, cell=, file=7_detailed_route.def)
Warning: Invalid via name: via2_5 (line=1155, cell=, file=7_detailed_route.def)
Warning: Invalid via name: via1_4 (line=1155, cell=, file=7_detailed_route.def)
Warning: Invalid via name: via1_4 (line=1160, cell=, file=7_detailed_route.def)
Warning: Invalid via name: via2_5 (line=1161, cell=, file=7_detailed_route.def)
Warning: Invalid via name: via1_4 (line=1162, cell=, file=7_detailed_route.def)
Warning: Invalid via name: via2_5 (line=1162, cell=, file=7_detailed_route.def)
Warning: Invalid via name: via1_4 (line=1168, cell=, file=7_detailed_route.def)
Warning: Invalid via name: via1_7 (line=1169, cell=, file=7_detailed_route.def)
Warning: Invalid via name: via1_7 (line=1170, cell=, file=7_detailed_route.def)
Warning: Invalid via name: via1_4 (line=1170, cell=, file=7_detailed_route.def)
Warning: Invalid via name: via1_4 (line=1174, cell=, file=7_detailed_route.def)
Warning: Invalid via name: via1_4 (line=1174, cell=, file=7_detailed_route.def)
Warning: Invalid via name: via1_4 (line=1179, cell=, file=7_detailed_route.def)
Warning: Invalid via name: via1_4 (line=1179, cell=, file=7_detailed_route.def)
Warning: Invalid via name: via1_4 (line=1190, cell=, file=7_detailed_route.def)
Warning: Invalid via name: via1_4 (line=1191, cell=, file=7_detailed_route.def)
Warning: Invalid via name: via1_4 (line=1192, cell=, file=7_detailed_route.def)
Warning: Invalid via name: via2_5 (line=1193, cell=, file=7_detailed_route.def)
Warning: Invalid via name: via2_5 (line=1193, cell=, file=7_detailed_route.def)
Warning: Invalid via name: via1_4 (line=1205, cell=, file=7_detailed_route.def)
Warning: Invalid via name: via1_4 (line=1206, cell=, file=7_detailed_route.def)
Warning: Invalid via name: via2_5 (line=1207, cell=, file=7_detailed_route.def)
Warning: Invalid via name: via3_2 (line=1208, cell=, file=7_detailed_route.def)
Warning: Invalid via name: via3_2 (line=1209, cell=, file=7_detailed_route.def)
Warning: Invalid via name: via2_5 (line=1210, cell=, file=7_detailed_route.def)
Warning: Invalid via name: via1_4 (line=1210, cell=, file=7_detailed_route.def)
Warning: Invalid via name: via1_4 (line=1215, cell=, file=7_detailed_route.def)
Warning: Invalid via name: via2_5 (line=1216, cell=, file=7_detailed_route.def)
Warning: Invalid via name: via1_4 (line=1217, cell=, file=7_detailed_route.def)
Warning: Invalid via name: via2_5 (line=1217, cell=, file=7_detailed_route.def)
Warning: Invalid via name: via1_4 (line=1226, cell=, file=7_detailed_route.def)
Warning: Invalid via name: via1_4 (line=1227, cell=, file=7_detailed_route.def)
Warning: Invalid via name: via2_5 (line=1228, cell=, file=7_detailed_route.def)
Warning: Invalid via name: via2_5 (line=1229, cell=, file=7_detailed_route.def)
Warning: Invalid via name: via2_5 (line=1230, cell=, file=7_detailed_route.def)
Warning: Invalid via name: via1_7 (line=1231, cell=, file=7_detailed_route.def)
Warning: Invalid via name: via2_5 (line=1231, cell=, file=7_detailed_route.def)
Warning: Invalid via name: via1_4 (line=1236, cell=, file=7_detailed_route.def)
Warning: Invalid via name: via1_4 (line=1237, cell=, file=7_detailed_route.def)
Warning: Invalid via name: via1_4 (line=1238, cell=, file=7_detailed_route.def)
Warning: Invalid via name: via2_5 (line=1239, cell=, file=7_detailed_route.def)
Warning: Invalid via name: via2_5 (line=1239, cell=, file=7_detailed_route.def)
Warning: Invalid via name: via1_4 (line=1244, cell=, file=7_detailed_route.def)
Warning: Invalid via name: via2_5 (line=1245, cell=, file=7_detailed_route.def)
Warning: Invalid via name: via1_4 (line=1246, cell=, file=7_detailed_route.def)
Warning: Invalid via name: via2_5 (line=1246, cell=, file=7_detailed_route.def)
Warning: Invalid via name: via1_4 (line=1254, cell=, file=7_detailed_route.def)
Warning: Invalid via name: via2_5 (line=1255, cell=, file=7_detailed_route.def)
Warning: Invalid via name: via1_7 (line=1256, cell=, file=7_detailed_route.def)
Warning: Invalid via name: via2_5 (line=1257, cell=, file=7_detailed_route.def)
Warning: Invalid via name: via1_4 (line=1258, cell=, file=7_detailed_route.def)
Warning: Invalid via name: via2_5 (line=1259, cell=, file=7_detailed_route.def)
Warning: Invalid via name: via2_5 (line=1259, cell=, file=7_detailed_route.def)
Warning: Invalid via name: via1_4 (line=1266, cell=, file=7_detailed_route.def)
Warning: Invalid via name: via1_7 (line=1266, cell=, file=7_detailed_route.def)
Warning: Invalid via name: via1_4 (line=1273, cell=, file=7_detailed_route.def)
Warning: Invalid via name: via2_5 (line=1274, cell=, file=7_detailed_route.def)
Warning: Invalid via name: via2_5 (line=1275, cell=, file=7_detailed_route.def)
Warning: Invalid via name: via1_4 (line=1276, cell=, file=7_detailed_route.def)
Warning: Invalid via name: via1_4 (line=1277, cell=, file=7_detailed_route.def)
Warning: Invalid via name: via2_5 (line=1277, cell=, file=7_detailed_route.def)
Warning: Invalid via name: via1_4 (line=1288, cell=, file=7_detailed_route.def)
Warning: Invalid via name: via2_5 (line=1289, cell=, file=7_detailed_route.def)
Warning: Invalid via name: via2_5 (line=1290, cell=, file=7_detailed_route.def)
Warning: Invalid via name: via1_4 (line=1291, cell=, file=7_detailed_route.def)
Warning: Invalid via name: via1_7 (line=1291, cell=, file=7_detailed_route.def)
Warning: Invalid via name: via1_4 (line=1297, cell=, file=7_detailed_route.def)
Warning: Invalid via name: via2_5 (line=1298, cell=, file=7_detailed_route.def)
Warning: Invalid via name: via2_5 (line=1299, cell=, file=7_detailed_route.def)
Warning: Invalid via name: via1_4 (line=1299, cell=, file=7_detailed_route.def)
Warning: Invalid via name: via1_4 (line=1307, cell=, file=7_detailed_route.def)
Warning: Invalid via name: via1_4 (line=1308, cell=, file=7_detailed_route.def)
Warning: Invalid via name: via1_7 (line=1309, cell=, file=7_detailed_route.def)
Warning: Invalid via name: via2_5 (line=1310, cell=, file=7_detailed_route.def)
Warning: Invalid via name: via2_5 (line=1310, cell=, file=7_detailed_route.def)
Warning: Invalid via name: via1_4 (line=1330, cell=, file=7_detailed_route.def)
Warning: Invalid via name: via1_4 (line=1331, cell=, file=7_detailed_route.def)
Warning: Invalid via name: via2_5 (line=1332, cell=, file=7_detailed_route.def)
Warning: Invalid via name: via2_5 (line=1333, cell=, file=7_detailed_route.def)
Warning: Invalid via name: via1_7 (line=1334, cell=, file=7_detailed_route.def)
Warning: Invalid via name: via1_4 (line=1335, cell=, file=7_detailed_route.def)
Warning: Invalid via name: via1_4 (line=1335, cell=, file=7_detailed_route.def)
Warning: Invalid via name: via1_4 (line=1341, cell=, file=7_detailed_route.def)
Warning: Invalid via name: via2_5 (line=1342, cell=, file=7_detailed_route.def)
Warning: Invalid via name: via1_4 (line=1343, cell=, file=7_detailed_route.def)
Warning: Invalid via name: via2_5 (line=1344, cell=, file=7_detailed_route.def)
Warning: Invalid via name: via1_4 (line=1345, cell=, file=7_detailed_route.def)
Warning: Invalid via name: via2_5 (line=1345, cell=, file=7_detailed_route.def)
Warning: Invalid via name: via1_4 (line=1353, cell=, file=7_detailed_route.def)
Warning: Invalid via name: via2_5 (line=1354, cell=, file=7_detailed_route.def)
Warning: Invalid via name: via1_4 (line=1355, cell=, file=7_detailed_route.def)
Warning: Invalid via name: via2_5 (line=1356, cell=, file=7_detailed_route.def)
Warning: Invalid via name: via1_4 (line=1356, cell=, file=7_detailed_route.def)
Warning: Invalid via name: via1_4 (line=1365, cell=, file=7_detailed_route.def)
Warning: Invalid via name: via1_7 (line=1366, cell=, file=7_detailed_route.def)
Warning: Invalid via name: via1_4 (line=1367, cell=, file=7_detailed_route.def)
Warning: Invalid via name: via2_5 (line=1368, cell=, file=7_detailed_route.def)
Warning: Invalid via name: via2_5 (line=1369, cell=, file=7_detailed_route.def)
Warning: Invalid via name: via2_5 (line=1370, cell=, file=7_detailed_route.def)
Warning: Invalid via name: via1_4 (line=1370, cell=, file=7_detailed_route.def)
Warning: Invalid via name: via1_4 (line=1378, cell=, file=7_detailed_route.def)
Warning: Invalid via name: via2_5 (line=1379, cell=, file=7_detailed_route.def)
Warning: Invalid via name: via1_7 (line=1380, cell=, file=7_detailed_route.def)
Warning: Invalid via name: via2_5 (line=1381, cell=, file=7_detailed_route.def)
Warning: Invalid via name: via1_4 (line=1382, cell=, file=7_detailed_route.def)
Warning: Invalid via name: via2_5 (line=1383, cell=, file=7_detailed_route.def)
Warning: Invalid via name: via2_5 (line=1384, cell=, file=7_detailed_route.def)
Warning: Invalid via name: via1_7 (line=1384, cell=, file=7_detailed_route.def)
Warning: Invalid via name: via1_7 (line=1395, cell=, file=7_detailed_route.def)
Warning: Invalid via name: via1_7 (line=1396, cell=, file=7_detailed_route.def)
Warning: Invalid via name: via1_4 (line=1397, cell=, file=7_detailed_route.def)
Warning: Invalid via name: via1_7 (line=1398, cell=, file=7_detailed_route.def)
Warning: Invalid via name: via1_7 (line=1398, cell=, file=7_detailed_route.def)
Warning: Invalid via name: via1_4 (line=1405, cell=, file=7_detailed_route.def)
Warning: Invalid via name: via2_5 (line=1406, cell=, file=7_detailed_route.def)
Warning: Invalid via name: via1_4 (line=1407, cell=, file=7_detailed_route.def)
Warning: Invalid via name: via1_4 (line=1408, cell=, file=7_detailed_route.def)
Warning: Invalid via name: via2_5 (line=1408, cell=, file=7_detailed_route.def)
Warning: Invalid via name: via1_7 (line=1412, cell=, file=7_detailed_route.def)
Warning: Invalid via name: via1_4 (line=1412, cell=, file=7_detailed_route.def)
Warning: Invalid via name: via1_4 (line=1417, cell=, file=7_detailed_route.def)
Warning: Invalid via name: via2_5 (line=1418, cell=, file=7_detailed_route.def)
Warning: Invalid via name: via2_5 (line=1419, cell=, file=7_detailed_route.def)
Warning: Invalid via name: via1_4 (line=1419, cell=, file=7_detailed_route.def)
Warning: Invalid via name: via1_7 (line=1424, cell=, file=7_detailed_route.def)
Warning: Invalid via name: via1_4 (line=1424, cell=, file=7_detailed_route.def)
Warning: Invalid via name: via1_4 (line=1428, cell=, file=7_detailed_route.def)
Warning: Invalid via name: via1_7 (line=1428, cell=, file=7_detailed_route.def)
Warning: Invalid via name: via1_4 (line=1434, cell=, file=7_detailed_route.def)
Warning: Invalid via name: via2_5 (line=1435, cell=, file=7_detailed_route.def)
Warning: Invalid via name: via2_5 (line=1436, cell=, file=7_detailed_route.def)
Warning: Invalid via name: via1_4 (line=1436, cell=, file=7_detailed_route.def)
Warning: Invalid via name: via2_5 (line=1442, cell=, file=7_detailed_route.def)
Warning: Invalid via name: via1_4 (line=1443, cell=, file=7_detailed_route.def)
Warning: Invalid via name: via1_4 (line=1444, cell=, file=7_detailed_route.def)
Warning: Invalid via name: via2_5 (line=1444, cell=, file=7_detailed_route.def)
Warning: Invalid via name: via1_7 (line=1449, cell=, file=7_detailed_route.def)
Warning: Invalid via name: via1_4 (line=1449, cell=, file=7_detailed_route.def)
Warning: Invalid via name: via1_4 (line=1456, cell=, file=7_detailed_route.def)
Warning: Invalid via name: via2_5 (line=1457, cell=, file=7_detailed_route.def)
Warning: Invalid via name: via1_4 (line=1458, cell=, file=7_detailed_route.def)
Warning: Invalid via name: via2_5 (line=1459, cell=, file=7_detailed_route.def)
Warning: Invalid via name: via1_4 (line=1460, cell=, file=7_detailed_route.def)
Warning: Invalid via name: via2_5 (line=1460, cell=, file=7_detailed_route.def)
Warning: Invalid via name: via1_4 (line=1469, cell=, file=7_detailed_route.def)
Warning: Invalid via name: via2_5 (line=1470, cell=, file=7_detailed_route.def)
Warning: Invalid via name: via1_7 (line=1471, cell=, file=7_detailed_route.def)
Warning: Invalid via name: via2_5 (line=1472, cell=, file=7_detailed_route.def)
Warning: Invalid via name: via1_4 (line=1473, cell=, file=7_detailed_route.def)
Warning: Invalid via name: via2_5 (line=1474, cell=, file=7_detailed_route.def)
Warning: Invalid via name: via2_5 (line=1474, cell=, file=7_detailed_route.def)
Warning: Invalid via name: via1_4 (line=1479, cell=, file=7_detailed_route.def)
Warning: Invalid via name: via1_7 (line=1479, cell=, file=7_detailed_route.def)
Warning: Invalid via name: via1_4 (line=1485, cell=, file=7_detailed_route.def)
Warning: Invalid via name: via1_7 (line=1485, cell=, file=7_detailed_route.def)
Warning: Invalid via name: via1_4 (line=1490, cell=, file=7_detailed_route.def)
Warning: Invalid via name: via1_7 (line=1490, cell=, file=7_detailed_route.def)
Warning: Invalid via name: via1_4 (line=1500, cell=, file=7_detailed_route.def)
Warning: Invalid via name: via1_4 (line=1501, cell=, file=7_detailed_route.def)
Warning: Invalid via name: via1_4 (line=1502, cell=, file=7_detailed_route.def)
Warning: Invalid via name: via1_7 (line=1503, cell=, file=7_detailed_route.def)
Warning: Invalid via name: via1_7 (line=1504, cell=, file=7_detailed_route.def)
Warning: Invalid via name: via1_4 (line=1504, cell=, file=7_detailed_route.def)
Warning: Invalid via name: via1_4 (line=1511, cell=, file=7_detailed_route.def)
Warning: Invalid via name: via1_4 (line=1512, cell=, file=7_detailed_route.def)
Warning: Invalid via name: via1_7 (line=1512, cell=, file=7_detailed_route.def)
Warning: Invalid via name: via1_4 (line=1516, cell=, file=7_detailed_route.def)
Warning: Invalid via name: via2_5 (line=1517, cell=, file=7_detailed_route.def)
Warning: Invalid via name: via1_4 (line=1518, cell=, file=7_detailed_route.def)
Warning: Invalid via name: via2_5 (line=1518, cell=, file=7_detailed_route.def)
Warning: Invalid via name: via1_4 (line=1523, cell=, file=7_detailed_route.def)
Warning: Invalid via name: via1_4 (line=1523, cell=, file=7_detailed_route.def)
Warning: Invalid via name: via1_4 (line=1528, cell=, file=7_detailed_route.def)
Warning: Invalid via name: via1_7 (line=1528, cell=, file=7_detailed_route.def)
Warning: Invalid via name: via1_7 (line=1532, cell=, file=7_detailed_route.def)
Warning: Invalid via name: via1_4 (line=1532, cell=, file=7_detailed_route.def)
Warning: Invalid via name: via1_4 (line=1540, cell=, file=7_detailed_route.def)
Warning: Invalid via name: via1_4 (line=1541, cell=, file=7_detailed_route.def)
Warning: Invalid via name: via1_7 (line=1542, cell=, file=7_detailed_route.def)
Warning: Invalid via name: via1_4 (line=1542, cell=, file=7_detailed_route.def)
Warning: Invalid via name: via1_4 (line=1548, cell=, file=7_detailed_route.def)
Warning: Invalid via name: via1_4 (line=1549, cell=, file=7_detailed_route.def)
Warning: Invalid via name: via1_4 (line=1549, cell=, file=7_detailed_route.def)
Warning: Invalid via name: via1_4 (line=1554, cell=, file=7_detailed_route.def)
Warning: Invalid via name: via1_4 (line=1554, cell=, file=7_detailed_route.def)
Warning: Invalid via name: via1_4 (line=1563, cell=, file=7_detailed_route.def)
Warning: Invalid via name: via2_5 (line=1564, cell=, file=7_detailed_route.def)
Warning: Invalid via name: via1_7 (line=1565, cell=, file=7_detailed_route.def)
Warning: Invalid via name: via2_5 (line=1566, cell=, file=7_detailed_route.def)
Warning: Invalid via name: via1_4 (line=1567, cell=, file=7_detailed_route.def)
Warning: Invalid via name: via2_5 (line=1568, cell=, file=7_detailed_route.def)
Warning: Invalid via name: via2_5 (line=1569, cell=, file=7_detailed_route.def)
Warning: Invalid via name: via2_5 (line=1570, cell=, file=7_detailed_route.def)
Warning: Invalid via name: via2_5 (line=1571, cell=, file=7_detailed_route.def)
Warning: Invalid via name: via1_4 (line=1572, cell=, file=7_detailed_route.def)
Warning: Invalid via name: via2_5 (line=1572, cell=, file=7_detailed_route.def)
Warning: Invalid via name: via1_4 (line=1577, cell=, file=7_detailed_route.def)
Warning: Invalid via name: via1_7 (line=1577, cell=, file=7_detailed_route.def)
Warning: Invalid via name: via1_4 (line=1582, cell=, file=7_detailed_route.def)
Warning: Invalid via name: via1_7 (line=1582, cell=, file=7_detailed_route.def)
Warning: Invalid via name: via1_4 (line=1588, cell=, file=7_detailed_route.def)
Warning: Invalid via name: via1_4 (line=1588, cell=, file=7_detailed_route.def)
Warning: Invalid via name: via1_4 (line=1609, cell=, file=7_detailed_route.def)
Warning: Invalid via name: via2_5 (line=1610, cell=, file=7_detailed_route.def)
Warning: Invalid via name: via1_4 (line=1611, cell=, file=7_detailed_route.def)
Warning: Invalid via name: via2_5 (line=1612, cell=, file=7_detailed_route.def)
Warning: Invalid via name: via1_4 (line=1613, cell=, file=7_detailed_route.def)
Warning: Invalid via name: via2_5 (line=1613, cell=, file=7_detailed_route.def)
Warning: Invalid via name: via1_4 (line=1624, cell=, file=7_detailed_route.def)
Warning: Invalid via name: via1_7 (line=1625, cell=, file=7_detailed_route.def)
Warning: Invalid via name: via1_7 (line=1626, cell=, file=7_detailed_route.def)
Warning: Invalid via name: via1_4 (line=1627, cell=, file=7_detailed_route.def)
Warning: Invalid via name: via1_7 (line=1627, cell=, file=7_detailed_route.def)
Warning: Invalid via name: via1_4 (line=1634, cell=, file=7_detailed_route.def)
Warning: Invalid via name: via2_5 (line=1635, cell=, file=7_detailed_route.def)
Warning: Invalid via name: via1_4 (line=1636, cell=, file=7_detailed_route.def)
Warning: Invalid via name: via2_5 (line=1637, cell=, file=7_detailed_route.def)
Warning: Invalid via name: via1_4 (line=1638, cell=, file=7_detailed_route.def)
Warning: Invalid via name: via2_5 (line=1639, cell=, file=7_detailed_route.def)
Warning: Invalid via name: via2_5 (line=1640, cell=, file=7_detailed_route.def)
Warning: Invalid via name: via2_5 (line=1640, cell=, file=7_detailed_route.def)
Warning: Invalid via name: via1_4 (line=1644, cell=, file=7_detailed_route.def)
Warning: Invalid via name: via1_4 (line=1644, cell=, file=7_detailed_route.def)
Warning: Invalid via name: via1_4 (line=1649, cell=, file=7_detailed_route.def)
Warning: Invalid via name: via1_4 (line=1649, cell=, file=7_detailed_route.def)
Warning: Invalid via name: via1_4 (line=1670, cell=, file=7_detailed_route.def)
Warning: Invalid via name: via2_5 (line=1671, cell=, file=7_detailed_route.def)
Warning: Invalid via name: via1_4 (line=1672, cell=, file=7_detailed_route.def)
Warning: Invalid via name: via2_5 (line=1673, cell=, file=7_detailed_route.def)
Warning: Invalid via name: via3_2 (line=1674, cell=, file=7_detailed_route.def)
Warning: Invalid via name: via1_4 (line=1675, cell=, file=7_detailed_route.def)
Warning: Invalid via name: via1_7 (line=1676, cell=, file=7_detailed_route.def)
Warning: Invalid via name: via1_7 (line=1677, cell=, file=7_detailed_route.def)
Warning: Invalid via name: via1_4 (line=1678, cell=, file=7_detailed_route.def)
Warning: Invalid via name: via2_5 (line=1679, cell=, file=7_detailed_route.def)
Warning: Invalid via name: via1_4 (line=1680, cell=, file=7_detailed_route.def)
Warning: Invalid via name: via2_5 (line=1681, cell=, file=7_detailed_route.def)
Warning: Invalid via name: via1_4 (line=1682, cell=, file=7_detailed_route.def)
Warning: Invalid via name: via2_5 (line=1683, cell=, file=7_detailed_route.def)
Warning: Invalid via name: via3_2 (line=1684, cell=, file=7_detailed_route.def)
Warning: Invalid via name: via1_4 (line=1685, cell=, file=7_detailed_route.def)
Warning: Invalid via name: via2_5 (line=1686, cell=, file=7_detailed_route.def)
Warning: Invalid via name: via3_2 (line=1686, cell=, file=7_detailed_route.def)
Warning: Invalid via name: via2_5 (line=1713, cell=, file=7_detailed_route.def)
Warning: Invalid via name: via2_5 (line=1714, cell=, file=7_detailed_route.def)
Warning: Invalid via name: via2_5 (line=1715, cell=, file=7_detailed_route.def)
Warning: Invalid via name: via1_4 (line=1716, cell=, file=7_detailed_route.def)
Warning: Invalid via name: via2_5 (line=1717, cell=, file=7_detailed_route.def)
Warning: Invalid via name: via2_5 (line=1718, cell=, file=7_detailed_route.def)
Warning: Invalid via name: via2_5 (line=1719, cell=, file=7_detailed_route.def)
Warning: Invalid via name: via2_5 (line=1720, cell=, file=7_detailed_route.def)
Warning: Invalid via name: via1_4 (line=1721, cell=, file=7_detailed_route.def)
Warning: Invalid via name: via1_7 (line=1722, cell=, file=7_detailed_route.def)
Warning: Invalid via name: via1_4 (line=1723, cell=, file=7_detailed_route.def)
Warning: Invalid via name: via1_4 (line=1724, cell=, file=7_detailed_route.def)
Warning: Invalid via name: via2_5 (line=1725, cell=, file=7_detailed_route.def)
Warning: Invalid via name: via2_5 (line=1726, cell=, file=7_detailed_route.def)
Warning: Invalid via name: via1_4 (line=1727, cell=, file=7_detailed_route.def)
Warning: Invalid via name: via2_5 (line=1728, cell=, file=7_detailed_route.def)
Warning: Invalid via name: via2_5 (line=1729, cell=, file=7_detailed_route.def)
Warning: Invalid via name: via1_4 (line=1730, cell=, file=7_detailed_route.def)
Warning: Invalid via name: via2_5 (line=1731, cell=, file=7_detailed_route.def)
Warning: Invalid via name: via1_4 (line=1732, cell=, file=7_detailed_route.def)
Warning: Invalid via name: via2_5 (line=1733, cell=, file=7_detailed_route.def)
Warning: Invalid via name: via1_4 (line=1733, cell=, file=7_detailed_route.def)
Warning: Invalid via name: via1_4 (line=1757, cell=, file=7_detailed_route.def)
Warning: Invalid via name: via1_4 (line=1758, cell=, file=7_detailed_route.def)
Warning: Invalid via name: via2_5 (line=1759, cell=, file=7_detailed_route.def)
Warning: Invalid via name: via1_4 (line=1760, cell=, file=7_detailed_route.def)
Warning: Invalid via name: via2_5 (line=1761, cell=, file=7_detailed_route.def)
Warning: Invalid via name: via1_4 (line=1762, cell=, file=7_detailed_route.def)
Warning: Invalid via name: via2_5 (line=1763, cell=, file=7_detailed_route.def)
Warning: Invalid via name: via2_5 (line=1764, cell=, file=7_detailed_route.def)
Warning: Invalid via name: via2_5 (line=1765, cell=, file=7_detailed_route.def)
Warning: Invalid via name: via1_4 (line=1766, cell=, file=7_detailed_route.def)
Warning: Invalid via name: via2_5 (line=1767, cell=, file=7_detailed_route.def)
Warning: Invalid via name: via2_5 (line=1768, cell=, file=7_detailed_route.def)
Warning: Invalid via name: via1_4 (line=1769, cell=, file=7_detailed_route.def)
Warning: Invalid via name: via1_4 (line=1770, cell=, file=7_detailed_route.def)
Warning: Invalid via name: via2_5 (line=1771, cell=, file=7_detailed_route.def)
Warning: Invalid via name: via2_5 (line=1772, cell=, file=7_detailed_route.def)
Warning: Invalid via name: via1_4 (line=1773, cell=, file=7_detailed_route.def)
Warning: Invalid via name: via2_5 (line=1774, cell=, file=7_detailed_route.def)
Warning: Invalid via name: via2_5 (line=1774, cell=, file=7_detailed_route.def)
Warning: Invalid via name: via1_4 (line=1787, cell=, file=7_detailed_route.def)
Warning: Invalid via name: via1_4 (line=1788, cell=, file=7_detailed_route.def)
Warning: Invalid via name: via2_5 (line=1789, cell=, file=7_detailed_route.def)
Warning: Invalid via name: via2_5 (line=1790, cell=, file=7_detailed_route.def)
Warning: Invalid via name: via1_4 (line=1791, cell=, file=7_detailed_route.def)
Warning: Invalid via name: via2_5 (line=1792, cell=, file=7_detailed_route.def)
Warning: Invalid via name: via2_5 (line=1793, cell=, file=7_detailed_route.def)
Warning: Invalid via name: via1_4 (line=1793, cell=, file=7_detailed_route.def)
Warning: Invalid via name: via1_4 (line=1802, cell=, file=7_detailed_route.def)
Warning: Invalid via name: via1_4 (line=1803, cell=, file=7_detailed_route.def)
Warning: Invalid via name: via2_5 (line=1804, cell=, file=7_detailed_route.def)
Warning: Invalid via name: via2_5 (line=1805, cell=, file=7_detailed_route.def)
Warning: Invalid via name: via1_4 (line=1806, cell=, file=7_detailed_route.def)
Warning: Invalid via name: via2_5 (line=1807, cell=, file=7_detailed_route.def)
Warning: Invalid via name: via1_4 (line=1808, cell=, file=7_detailed_route.def)
Warning: Invalid via name: via2_5 (line=1809, cell=, file=7_detailed_route.def)
Warning: Invalid via name: via2_5 (line=1809, cell=, file=7_detailed_route.def)
Warning: Invalid via name: via1_4 (line=1819, cell=, file=7_detailed_route.def)
Warning: Invalid via name: via2_5 (line=1820, cell=, file=7_detailed_route.def)
Warning: Invalid via name: via2_5 (line=1821, cell=, file=7_detailed_route.def)
Warning: Invalid via name: via1_7 (line=1822, cell=, file=7_detailed_route.def)
Warning: Invalid via name: via1_4 (line=1823, cell=, file=7_detailed_route.def)
Warning: Invalid via name: via2_5 (line=1824, cell=, file=7_detailed_route.def)
Warning: Invalid via name: via1_4 (line=1825, cell=, file=7_detailed_route.def)
Warning: Invalid via name: via1_4 (line=1825, cell=, file=7_detailed_route.def)
Warning: Invalid via name: via1_4 (line=1833, cell=, file=7_detailed_route.def)
Warning: Invalid via name: via2_5 (line=1834, cell=, file=7_detailed_route.def)
Warning: Invalid via name: via2_5 (line=1835, cell=, file=7_detailed_route.def)
Warning: Invalid via name: via1_4 (line=1836, cell=, file=7_detailed_route.def)
Warning: Invalid via name: via1_4 (line=1837, cell=, file=7_detailed_route.def)
Warning: Invalid via name: via2_5 (line=1838, cell=, file=7_detailed_route.def)
Warning: Invalid via name: via1_4 (line=1839, cell=, file=7_detailed_route.def)
Warning: Invalid via name: via2_5 (line=1840, cell=, file=7_detailed_route.def)
Warning: Invalid via name: via1_4 (line=1841, cell=, file=7_detailed_route.def)
Warning: Invalid via name: via2_5 (line=1841, cell=, file=7_detailed_route.def)
Warning: Invalid via name: via1_4 (line=1854, cell=, file=7_detailed_route.def)
Warning: Invalid via name: via1_4 (line=1855, cell=, file=7_detailed_route.def)
Warning: Invalid via name: via2_5 (line=1856, cell=, file=7_detailed_route.def)
Warning: Invalid via name: via2_5 (line=1857, cell=, file=7_detailed_route.def)
Warning: Invalid via name: via1_4 (line=1858, cell=, file=7_detailed_route.def)
Warning: Invalid via name: via1_4 (line=1859, cell=, file=7_detailed_route.def)
Warning: Invalid via name: via1_4 (line=1860, cell=, file=7_detailed_route.def)
Warning: Invalid via name: via2_5 (line=1861, cell=, file=7_detailed_route.def)
Warning: Invalid via name: via2_5 (line=1861, cell=, file=7_detailed_route.def)
Warning: Invalid via name: via1_4 (line=1875, cell=, file=7_detailed_route.def)
Warning: Invalid via name: via2_5 (line=1876, cell=, file=7_detailed_route.def)
Warning: Invalid via name: via2_5 (line=1877, cell=, file=7_detailed_route.def)
Warning: Invalid via name: via1_4 (line=1878, cell=, file=7_detailed_route.def)
Warning: Invalid via name: via1_4 (line=1879, cell=, file=7_detailed_route.def)
Warning: Invalid via name: via1_4 (line=1880, cell=, file=7_detailed_route.def)
Warning: Invalid via name: via2_5 (line=1881, cell=, file=7_detailed_route.def)
Warning: Invalid via name: via2_5 (line=1882, cell=, file=7_detailed_route.def)
Warning: Invalid via name: via1_4 (line=1883, cell=, file=7_detailed_route.def)
Warning: Invalid via name: via2_5 (line=1884, cell=, file=7_detailed_route.def)
Warning: Invalid via name: via1_4 (line=1885, cell=, file=7_detailed_route.def)
Warning: Invalid via name: via1_4 (line=1886, cell=, file=7_detailed_route.def)
Warning: Invalid via name: via2_5 (line=1887, cell=, file=7_detailed_route.def)
Warning: Invalid via name: via2_5 (line=1887, cell=, file=7_detailed_route.def)
Warning: Invalid via name: via1_4 (line=1899, cell=, file=7_detailed_route.def)
Warning: Invalid via name: via1_4 (line=1900, cell=, file=7_detailed_route.def)
Warning: Invalid via name: via1_4 (line=1901, cell=, file=7_detailed_route.def)
Warning: Invalid via name: via2_5 (line=1902, cell=, file=7_detailed_route.def)
Warning: Invalid via name: via2_5 (line=1903, cell=, file=7_detailed_route.def)
Warning: Invalid via name: via1_4 (line=1903, cell=, file=7_detailed_route.def)
Warning: Invalid via name: via1_7 (line=1917, cell=, file=7_detailed_route.def)
Warning: Invalid via name: via1_4 (line=1918, cell=, file=7_detailed_route.def)
Warning: Invalid via name: via1_4 (line=1919, cell=, file=7_detailed_route.def)
Warning: Invalid via name: via2_5 (line=1920, cell=, file=7_detailed_route.def)
Warning: Invalid via name: via2_5 (line=1921, cell=, file=7_detailed_route.def)
Warning: Invalid via name: via1_4 (line=1922, cell=, file=7_detailed_route.def)
Warning: Invalid via name: via2_5 (line=1922, cell=, file=7_detailed_route.def)
Warning: Invalid via name: via1_4 (line=1931, cell=, file=7_detailed_route.def)
Warning: Invalid via name: via1_4 (line=1932, cell=, file=7_detailed_route.def)
Warning: Invalid via name: via1_4 (line=1932, cell=, file=7_detailed_route.def)
Warning: Invalid via name: via1_4 (line=1937, cell=, file=7_detailed_route.def)
Warning: Invalid via name: via1_4 (line=1938, cell=, file=7_detailed_route.def)
Warning: Invalid via name: via2_5 (line=1939, cell=, file=7_detailed_route.def)
Warning: Invalid via name: via1_4 (line=1940, cell=, file=7_detailed_route.def)
Warning: Invalid via name: via2_5 (line=1941, cell=, file=7_detailed_route.def)
Warning: Invalid via name: via2_5 (line=1941, cell=, file=7_detailed_route.def)
Warning: Invalid via name: via1_4 (line=1949, cell=, file=7_detailed_route.def)
Warning: Invalid via name: via1_7 (line=1950, cell=, file=7_detailed_route.def)
Warning: Invalid via name: via1_4 (line=1950, cell=, file=7_detailed_route.def)
Warning: Invalid via name: via1_4 (line=1969, cell=, file=7_detailed_route.def)
Warning: Invalid via name: via1_7 (line=1970, cell=, file=7_detailed_route.def)
Warning: Invalid via name: via1_7 (line=1971, cell=, file=7_detailed_route.def)
Warning: Invalid via name: via1_7 (line=1972, cell=, file=7_detailed_route.def)
Warning: Invalid via name: via1_4 (line=1973, cell=, file=7_detailed_route.def)
Warning: Invalid via name: via1_4 (line=1974, cell=, file=7_detailed_route.def)
Warning: Invalid via name: via2_5 (line=1975, cell=, file=7_detailed_route.def)
Warning: Invalid via name: via2_5 (line=1976, cell=, file=7_detailed_route.def)
Warning: Invalid via name: via1_4 (line=1977, cell=, file=7_detailed_route.def)
Warning: Invalid via name: via2_5 (line=1978, cell=, file=7_detailed_route.def)
Warning: Invalid via name: via2_5 (line=1979, cell=, file=7_detailed_route.def)
Warning: Invalid via name: via2_5 (line=1979, cell=, file=7_detailed_route.def)
Warning: Invalid via name: via1_4 (line=1984, cell=, file=7_detailed_route.def)
Warning: Invalid via name: via1_4 (line=1984, cell=, file=7_detailed_route.def)
Warning: Invalid via name: via1_4 (line=1992, cell=, file=7_detailed_route.def)
Warning: Invalid via name: via1_7 (line=1993, cell=, file=7_detailed_route.def)
Warning: Invalid via name: via1_7 (line=1994, cell=, file=7_detailed_route.def)
Warning: Invalid via name: via1_4 (line=1995, cell=, file=7_detailed_route.def)
Warning: Invalid via name: via1_4 (line=1995, cell=, file=7_detailed_route.def)
Warning: Invalid via name: via1_7 (line=2007, cell=, file=7_detailed_route.def)
Warning: Invalid via name: via1_4 (line=2008, cell=, file=7_detailed_route.def)
Warning: Invalid via name: via1_4 (line=2009, cell=, file=7_detailed_route.def)
Warning: Invalid via name: via1_4 (line=2010, cell=, file=7_detailed_route.def)
Warning: Invalid via name: via1_4 (line=2011, cell=, file=7_detailed_route.def)
Warning: Invalid via name: via1_4 (line=2012, cell=, file=7_detailed_route.def)
Warning: Invalid via name: via2_5 (line=2013, cell=, file=7_detailed_route.def)
Warning: Invalid via name: via2_5 (line=2014, cell=, file=7_detailed_route.def)
Warning: Invalid via name: via1_4 (line=2015, cell=, file=7_detailed_route.def)
Warning: Invalid via name: via2_5 (line=2015, cell=, file=7_detailed_route.def)
Warning: Invalid via name: via1_4 (line=2031, cell=, file=7_detailed_route.def)
Warning: Invalid via name: via1_4 (line=2032, cell=, file=7_detailed_route.def)
Warning: Invalid via name: via1_4 (line=2033, cell=, file=7_detailed_route.def)
Warning: Invalid via name: via2_5 (line=2034, cell=, file=7_detailed_route.def)
Warning: Invalid via name: via2_5 (line=2035, cell=, file=7_detailed_route.def)
Warning: Invalid via name: via1_4 (line=2036, cell=, file=7_detailed_route.def)
Warning: Invalid via name: via2_5 (line=2037, cell=, file=7_detailed_route.def)
Warning: Invalid via name: via1_4 (line=2038, cell=, file=7_detailed_route.def)
Warning: Invalid via name: via2_5 (line=2039, cell=, file=7_detailed_route.def)
Warning: Invalid via name: via1_4 (line=2039, cell=, file=7_detailed_route.def)
Warning: Invalid via name: via1_4 (line=2057, cell=, file=7_detailed_route.def)
Warning: Invalid via name: via2_5 (line=2058, cell=, file=7_detailed_route.def)
Warning: Invalid via name: via2_5 (line=2059, cell=, file=7_detailed_route.def)
Warning: Invalid via name: via1_4 (line=2060, cell=, file=7_detailed_route.def)
Warning: Invalid via name: via1_4 (line=2061, cell=, file=7_detailed_route.def)
Warning: Invalid via name: via2_5 (line=2062, cell=, file=7_detailed_route.def)
Warning: Invalid via name: via1_4 (line=2063, cell=, file=7_detailed_route.def)
Warning: Invalid via name: via1_4 (line=2064, cell=, file=7_detailed_route.def)
Warning: Invalid via name: via2_5 (line=2065, cell=, file=7_detailed_route.def)
Warning: Invalid via name: via2_5 (line=2066, cell=, file=7_detailed_route.def)
Warning: Invalid via name: via1_4 (line=2067, cell=, file=7_detailed_route.def)
Warning: Invalid via name: via2_5 (line=2067, cell=, file=7_detailed_route.def)
Warning: Invalid via name: via1_4 (line=2074, cell=, file=7_detailed_route.def)
Warning: Invalid via name: via2_5 (line=2075, cell=, file=7_detailed_route.def)
Warning: Invalid via name: via1_7 (line=2076, cell=, file=7_detailed_route.def)
Warning: Invalid via name: via2_5 (line=2077, cell=, file=7_detailed_route.def)
Warning: Invalid via name: via1_4 (line=2078, cell=, file=7_detailed_route.def)
Warning: Invalid via name: via2_5 (line=2079, cell=, file=7_detailed_route.def)
Warning: Invalid via name: via2_5 (line=2080, cell=, file=7_detailed_route.def)
Warning: Invalid via name: via1_4 (line=2081, cell=, file=7_detailed_route.def)
Warning: Invalid via name: via2_5 (line=2081, cell=, file=7_detailed_route.def)
Warning: Invalid via name: via1_4 (line=2089, cell=, file=7_detailed_route.def)
Warning: Invalid via name: via1_4 (line=2090, cell=, file=7_detailed_route.def)
Warning: Invalid via name: via2_5 (line=2091, cell=, file=7_detailed_route.def)
Warning: Invalid via name: via1_4 (line=2092, cell=, file=7_detailed_route.def)
Warning: Invalid via name: via2_5 (line=2093, cell=, file=7_detailed_route.def)
Warning: Invalid via name: via1_4 (line=2094, cell=, file=7_detailed_route.def)
Warning: Invalid via name: via2_5 (line=2094, cell=, file=7_detailed_route.def)
Warning: Invalid via name: via1_4 (line=2101, cell=, file=7_detailed_route.def)
Warning: Invalid via name: via2_5 (line=2102, cell=, file=7_detailed_route.def)
Warning: Invalid via name: via1_7 (line=2103, cell=, file=7_detailed_route.def)
Warning: Invalid via name: via2_5 (line=2104, cell=, file=7_detailed_route.def)
Warning: Invalid via name: via1_4 (line=2105, cell=, file=7_detailed_route.def)
Warning: Invalid via name: via2_5 (line=2106, cell=, file=7_detailed_route.def)
Warning: Invalid via name: via2_5 (line=2106, cell=, file=7_detailed_route.def)
Warning: Invalid via name: via1_4 (line=2116, cell=, file=7_detailed_route.def)
Warning: Invalid via name: via2_5 (line=2117, cell=, file=7_detailed_route.def)
Warning: Invalid via name: via1_4 (line=2118, cell=, file=7_detailed_route.def)
Warning: Invalid via name: via2_5 (line=2119, cell=, file=7_detailed_route.def)
Warning: Invalid via name: via1_4 (line=2120, cell=, file=7_detailed_route.def)
Warning: Invalid via name: via2_5 (line=2121, cell=, file=7_detailed_route.def)
Warning: Invalid via name: via2_5 (line=2122, cell=, file=7_detailed_route.def)
Warning: Invalid via name: via1_4 (line=2123, cell=, file=7_detailed_route.def)
Warning: Invalid via name: via2_5 (line=2123, cell=, file=7_detailed_route.def)
Warning: Invalid via name: via1_4 (line=2128, cell=, file=7_detailed_route.def)
Warning: Invalid via name: via2_5 (line=2129, cell=, file=7_detailed_route.def)
Warning: Invalid via name: via1_4 (line=2130, cell=, file=7_detailed_route.def)
Warning: Invalid via name: via2_5 (line=2131, cell=, file=7_detailed_route.def)
Warning: Invalid via name: via1_4 (line=2132, cell=, file=7_detailed_route.def)
Warning: Invalid via name: via2_5 (line=2132, cell=, file=7_detailed_route.def)
Warning: Invalid via name: via1_4 (line=2142, cell=, file=7_detailed_route.def)
Warning: Invalid via name: via2_5 (line=2143, cell=, file=7_detailed_route.def)
Warning: Invalid via name: via1_4 (line=2144, cell=, file=7_detailed_route.def)
Warning: Invalid via name: via2_5 (line=2145, cell=, file=7_detailed_route.def)
Warning: Invalid via name: via1_4 (line=2146, cell=, file=7_detailed_route.def)
Warning: Invalid via name: via2_5 (line=2147, cell=, file=7_detailed_route.def)
Warning: Invalid via name: via1_4 (line=2148, cell=, file=7_detailed_route.def)
Warning: Invalid via name: via2_5 (line=2148, cell=, file=7_detailed_route.def)
Warning: Invalid via name: via1_4 (line=2160, cell=, file=7_detailed_route.def)
Warning: Invalid via name: via2_5 (line=2161, cell=, file=7_detailed_route.def)
Warning: Invalid via name: via2_5 (line=2162, cell=, file=7_detailed_route.def)
Warning: Invalid via name: via1_4 (line=2163, cell=, file=7_detailed_route.def)
Warning: Invalid via name: via1_4 (line=2164, cell=, file=7_detailed_route.def)
Warning: Invalid via name: via1_7 (line=2165, cell=, file=7_detailed_route.def)
Warning: Invalid via name: via1_7 (line=2166, cell=, file=7_detailed_route.def)
Warning: Invalid via name: via1_4 (line=2167, cell=, file=7_detailed_route.def)
Warning: Invalid via name: via2_5 (line=2168, cell=, file=7_detailed_route.def)
Warning: Invalid via name: via2_5 (line=2168, cell=, file=7_detailed_route.def)
Warning: Invalid via name: via1_4 (line=2173, cell=, file=7_detailed_route.def)
Warning: Invalid via name: via2_5 (line=2174, cell=, file=7_detailed_route.def)
Warning: Invalid via name: via1_4 (line=2175, cell=, file=7_detailed_route.def)
Warning: Invalid via name: via2_5 (line=2176, cell=, file=7_detailed_route.def)
Warning: Invalid via name: via1_4 (line=2177, cell=, file=7_detailed_route.def)
Warning: Invalid via name: via2_5 (line=2177, cell=, file=7_detailed_route.def)
Warning: Invalid via name: via1_4 (line=2184, cell=, file=7_detailed_route.def)
Warning: Invalid via name: via2_5 (line=2185, cell=, file=7_detailed_route.def)
Warning: Invalid via name: via1_4 (line=2186, cell=, file=7_detailed_route.def)
Warning: Invalid via name: via2_5 (line=2187, cell=, file=7_detailed_route.def)
Warning: Invalid via name: via1_4 (line=2188, cell=, file=7_detailed_route.def)
Warning: Invalid via name: via2_5 (line=2188, cell=, file=7_detailed_route.def)
Warning: Invalid via name: via3_2 (line=2194, cell=, file=7_detailed_route.def)
Warning: Invalid via name: via4_0 (line=2195, cell=, file=7_detailed_route.def)
Warning: Invalid via name: via2_5 (line=2196, cell=, file=7_detailed_route.def)
Warning: Invalid via name: via1_7 (line=2196, cell=, file=7_detailed_route.def)
Warning: Invalid via name: via4_0 (line=2202, cell=, file=7_detailed_route.def)
Warning: Invalid via name: via3_2 (line=2203, cell=, file=7_detailed_route.def)
Warning: Invalid via name: via1_4 (line=2204, cell=, file=7_detailed_route.def)
Warning: Invalid via name: via2_5 (line=2204, cell=, file=7_detailed_route.def)
Warning: Invalid via name: via1_4 (line=2219, cell=, file=7_detailed_route.def)
Warning: Invalid via name: via2_5 (line=2220, cell=, file=7_detailed_route.def)
Warning: Invalid via name: via3_2 (line=2221, cell=, file=7_detailed_route.def)
Warning: Invalid via name: via3_2 (line=2222, cell=, file=7_detailed_route.def)
Warning: Invalid via name: via1_4 (line=2223, cell=, file=7_detailed_route.def)
Warning: Invalid via name: via2_5 (line=2224, cell=, file=7_detailed_route.def)
Warning: Invalid via name: via1_7 (line=2225, cell=, file=7_detailed_route.def)
Warning: Invalid via name: via2_5 (line=2226, cell=, file=7_detailed_route.def)
Warning: Invalid via name: via3_2 (line=2227, cell=, file=7_detailed_route.def)
Warning: Invalid via name: via4_0 (line=2228, cell=, file=7_detailed_route.def)
Warning: Invalid via name: via4_0 (line=2229, cell=, file=7_detailed_route.def)
Warning: Invalid via name: via1_4 (line=2230, cell=, file=7_detailed_route.def)
Warning: Invalid via name: via2_5 (line=2231, cell=, file=7_detailed_route.def)
Warning: Invalid via name: via3_2 (line=2232, cell=, file=7_detailed_route.def)
Warning: Invalid via name: via4_0 (line=2233, cell=, file=7_detailed_route.def)
Warning: Invalid via name: via1_4 (line=2234, cell=, file=7_detailed_route.def)
Warning: Invalid via name: via2_5 (line=2235, cell=, file=7_detailed_route.def)
Warning: Invalid via name: via3_2 (line=2235, cell=, file=7_detailed_route.def)
Warning: Invalid via name: via1_4 (line=2261, cell=, file=7_detailed_route.def)
Warning: Invalid via name: via2_5 (line=2262, cell=, file=7_detailed_route.def)
Warning: Invalid via name: via1_4 (line=2263, cell=, file=7_detailed_route.def)
Warning: Invalid via name: via2_5 (line=2264, cell=, file=7_detailed_route.def)
Warning: Invalid via name: via1_4 (line=2265, cell=, file=7_detailed_route.def)
Warning: Invalid via name: via1_4 (line=2266, cell=, file=7_detailed_route.def)
Warning: Invalid via name: via1_4 (line=2267, cell=, file=7_detailed_route.def)
Warning: Invalid via name: via1_7 (line=2268, cell=, file=7_detailed_route.def)
Warning: Invalid via name: via1_7 (line=2269, cell=, file=7_detailed_route.def)
Warning: Invalid via name: via1_4 (line=2270, cell=, file=7_detailed_route.def)
Warning: Invalid via name: via2_5 (line=2271, cell=, file=7_detailed_route.def)
Warning: Invalid via name: via2_5 (line=2272, cell=, file=7_detailed_route.def)
Warning: Invalid via name: via2_5 (line=2273, cell=, file=7_detailed_route.def)
Warning: Invalid via name: via2_5 (line=2274, cell=, file=7_detailed_route.def)
Warning: Invalid via name: via2_5 (line=2275, cell=, file=7_detailed_route.def)
Warning: Invalid via name: via1_7 (line=2276, cell=, file=7_detailed_route.def)
Warning: Invalid via name: via1_7 (line=2277, cell=, file=7_detailed_route.def)
Warning: Invalid via name: via1_4 (line=2278, cell=, file=7_detailed_route.def)
Warning: Invalid via name: via2_5 (line=2279, cell=, file=7_detailed_route.def)
Warning: Invalid via name: via1_7 (line=2280, cell=, file=7_detailed_route.def)
Warning: Invalid via name: via2_5 (line=2281, cell=, file=7_detailed_route.def)
Warning: Invalid via name: via1_4 (line=2282, cell=, file=7_detailed_route.def)
Warning: Invalid via name: via2_5 (line=2283, cell=, file=7_detailed_route.def)
Warning: Invalid via name: via1_4 (line=2284, cell=, file=7_detailed_route.def)
Warning: Invalid via name: via1_7 (line=2285, cell=, file=7_detailed_route.def)
Warning: Invalid via name: via1_7 (line=2286, cell=, file=7_detailed_route.def)
Warning: Invalid via name: via1_4 (line=2286, cell=, file=7_detailed_route.def)
Warning: Invalid via name: via1_4 (line=2309, cell=, file=7_detailed_route.def)
Warning: Invalid via name: via1_7 (line=2310, cell=, file=7_detailed_route.def)
Warning: Invalid via name: via1_7 (line=2311, cell=, file=7_detailed_route.def)
Warning: Invalid via name: via1_4 (line=2312, cell=, file=7_detailed_route.def)
Warning: Invalid via name: via1_4 (line=2313, cell=, file=7_detailed_route.def)
Warning: Invalid via name: via1_4 (line=2314, cell=, file=7_detailed_route.def)
Warning: Invalid via name: via1_4 (line=2315, cell=, file=7_detailed_route.def)
Warning: Invalid via name: via1_7 (line=2316, cell=, file=7_detailed_route.def)
Warning: Invalid via name: via1_7 (line=2317, cell=, file=7_detailed_route.def)
Warning: Invalid via name: via1_4 (line=2318, cell=, file=7_detailed_route.def)
Warning: Invalid via name: via1_4 (line=2319, cell=, file=7_detailed_route.def)
Warning: Invalid via name: via1_4 (line=2320, cell=, file=7_detailed_route.def)
Warning: Invalid via name: via1_4 (line=2321, cell=, file=7_detailed_route.def)
Warning: Invalid via name: via2_5 (line=2322, cell=, file=7_detailed_route.def)
Warning: Invalid via name: via2_5 (line=2323, cell=, file=7_detailed_route.def)
Warning: Invalid via name: via1_4 (line=2324, cell=, file=7_detailed_route.def)
Warning: Invalid via name: via2_5 (line=2325, cell=, file=7_detailed_route.def)
Warning: Invalid via name: via1_4 (line=2326, cell=, file=7_detailed_route.def)
Warning: Invalid via name: via1_4 (line=2326, cell=, file=7_detailed_route.def)
Warning: Invalid via name: via1_4 (line=2346, cell=, file=7_detailed_route.def)
Warning: Invalid via name: via1_7 (line=2347, cell=, file=7_detailed_route.def)
Warning: Invalid via name: via1_4 (line=2348, cell=, file=7_detailed_route.def)
Warning: Invalid via name: via2_5 (line=2349, cell=, file=7_detailed_route.def)
Warning: Invalid via name: via1_4 (line=2350, cell=, file=7_detailed_route.def)
Warning: Invalid via name: via1_7 (line=2351, cell=, file=7_detailed_route.def)
Warning: Invalid via name: via1_7 (line=2352, cell=, file=7_detailed_route.def)
Warning: Invalid via name: via1_4 (line=2353, cell=, file=7_detailed_route.def)
Warning: Invalid via name: via2_5 (line=2354, cell=, file=7_detailed_route.def)
Warning: Invalid via name: via1_4 (line=2355, cell=, file=7_detailed_route.def)
Warning: Invalid via name: via2_5 (line=2356, cell=, file=7_detailed_route.def)
Warning: Invalid via name: via1_4 (line=2357, cell=, file=7_detailed_route.def)
Warning: Invalid via name: via2_5 (line=2358, cell=, file=7_detailed_route.def)
Warning: Invalid via name: via1_4 (line=2359, cell=, file=7_detailed_route.def)
Warning: Invalid via name: via2_5 (line=2360, cell=, file=7_detailed_route.def)
Warning: Invalid via name: via2_5 (line=2361, cell=, file=7_detailed_route.def)
Warning: Invalid via name: via1_7 (line=2362, cell=, file=7_detailed_route.def)
Warning: Invalid via name: via1_4 (line=2363, cell=, file=7_detailed_route.def)
Warning: Invalid via name: via1_7 (line=2363, cell=, file=7_detailed_route.def)
Warning: Invalid via name: via1_4 (line=2384, cell=, file=7_detailed_route.def)
Warning: Invalid via name: via2_5 (line=2385, cell=, file=7_detailed_route.def)
Warning: Invalid via name: via1_4 (line=2386, cell=, file=7_detailed_route.def)
Warning: Invalid via name: via1_7 (line=2387, cell=, file=7_detailed_route.def)
Warning: Invalid via name: via1_7 (line=2388, cell=, file=7_detailed_route.def)
Warning: Invalid via name: via1_7 (line=2389, cell=, file=7_detailed_route.def)
Warning: Invalid via name: via2_5 (line=2390, cell=, file=7_detailed_route.def)
Warning: Invalid via name: via2_5 (line=2391, cell=, file=7_detailed_route.def)
Warning: Invalid via name: via1_4 (line=2392, cell=, file=7_detailed_route.def)
Warning: Invalid via name: via2_5 (line=2393, cell=, file=7_detailed_route.def)
Warning: Invalid via name: via1_4 (line=2394, cell=, file=7_detailed_route.def)
Warning: Invalid via name: via1_4 (line=2395, cell=, file=7_detailed_route.def)
Warning: Invalid via name: via2_5 (line=2396, cell=, file=7_detailed_route.def)
Warning: Invalid via name: via2_5 (line=2397, cell=, file=7_detailed_route.def)
Warning: Invalid via name: via2_5 (line=2398, cell=, file=7_detailed_route.def)
Warning: Invalid via name: via1_4 (line=2399, cell=, file=7_detailed_route.def)
Warning: Invalid via name: via2_5 (line=2400, cell=, file=7_detailed_route.def)
Warning: Invalid via name: via1_4 (line=2401, cell=, file=7_detailed_route.def)
Warning: Invalid via name: via2_5 (line=2402, cell=, file=7_detailed_route.def)
Warning: Invalid via name: via1_4 (line=2402, cell=, file=7_detailed_route.def)
Warning: Invalid via name: via3_2 (line=2408, cell=, file=7_detailed_route.def)
Warning: Invalid via name: via4_0 (line=2409, cell=, file=7_detailed_route.def)
Warning: Invalid via name: via2_5 (line=2410, cell=, file=7_detailed_route.def)
Warning: Invalid via name: via1_4 (line=2410, cell=, file=7_detailed_route.def)
Warning: Invalid via name: via1_4 (line=2415, cell=, file=7_detailed_route.def)
Warning: Invalid via name: via1_7 (line=2416, cell=, file=7_detailed_route.def)
Warning: Invalid via name: via1_4 (line=2416, cell=, file=7_detailed_route.def)
Warning: Invalid via name: via1_4 (line=2452, cell=, file=7_detailed_route.def)
Warning: Invalid via name: via1_4 (line=2453, cell=, file=7_detailed_route.def)
Warning: Invalid via name: via2_5 (line=2454, cell=, file=7_detailed_route.def)
Warning: Invalid via name: via1_4 (line=2455, cell=, file=7_detailed_route.def)
Warning: Invalid via name: via2_5 (line=2456, cell=, file=7_detailed_route.def)
Warning: Invalid via name: via2_5 (line=2457, cell=, file=7_detailed_route.def)
Warning: Invalid via name: via1_4 (line=2458, cell=, file=7_detailed_route.def)
Warning: Invalid via name: via1_4 (line=2459, cell=, file=7_detailed_route.def)
Warning: Invalid via name: via1_4 (line=2460, cell=, file=7_detailed_route.def)
Warning: Invalid via name: via1_7 (line=2461, cell=, file=7_detailed_route.def)
Warning: Invalid via name: via1_7 (line=2462, cell=, file=7_detailed_route.def)
Warning: Invalid via name: via2_5 (line=2463, cell=, file=7_detailed_route.def)
Warning: Invalid via name: via2_5 (line=2464, cell=, file=7_detailed_route.def)
Warning: Invalid via name: via1_4 (line=2465, cell=, file=7_detailed_route.def)
Warning: Invalid via name: via2_5 (line=2466, cell=, file=7_detailed_route.def)
Warning: Invalid via name: via1_4 (line=2467, cell=, file=7_detailed_route.def)
Warning: Invalid via name: via2_5 (line=2468, cell=, file=7_detailed_route.def)
Warning: Invalid via name: via1_4 (line=2469, cell=, file=7_detailed_route.def)
Warning: Invalid via name: via2_5 (line=2470, cell=, file=7_detailed_route.def)
Warning: Invalid via name: via1_4 (line=2471, cell=, file=7_detailed_route.def)
Warning: Invalid via name: via2_5 (line=2472, cell=, file=7_detailed_route.def)
Warning: Invalid via name: via1_4 (line=2473, cell=, file=7_detailed_route.def)
Warning: Invalid via name: via1_7 (line=2474, cell=, file=7_detailed_route.def)
Warning: Invalid via name: via1_7 (line=2475, cell=, file=7_detailed_route.def)
Warning: Invalid via name: via1_4 (line=2476, cell=, file=7_detailed_route.def)
Warning: Invalid via name: via2_5 (line=2477, cell=, file=7_detailed_route.def)
Warning: Invalid via name: via2_5 (line=2477, cell=, file=7_detailed_route.def)
Warning: Invalid via name: via1_4 (line=2485, cell=, file=7_detailed_route.def)
Warning: Invalid via name: via2_5 (line=2486, cell=, file=7_detailed_route.def)
Warning: Invalid via name: via2_5 (line=2487, cell=, file=7_detailed_route.def)
Warning: Invalid via name: via1_7 (line=2488, cell=, file=7_detailed_route.def)
Warning: Invalid via name: via1_4 (line=2489, cell=, file=7_detailed_route.def)
Warning: Invalid via name: via2_5 (line=2489, cell=, file=7_detailed_route.def)
Warning: Invalid via name: via1_4 (line=2494, cell=, file=7_detailed_route.def)
Warning: Invalid via name: via1_7 (line=2494, cell=, file=7_detailed_route.def)
Warning: Invalid via name: via1_7 (line=2502, cell=, file=7_detailed_route.def)
Warning: Invalid via name: via1_4 (line=2503, cell=, file=7_detailed_route.def)
Warning: Invalid via name: via1_4 (line=2503, cell=, file=7_detailed_route.def)
Warning: Invalid via name: via1_4 (line=2508, cell=, file=7_detailed_route.def)
Warning: Invalid via name: via1_4 (line=2508, cell=, file=7_detailed_route.def)
Warning: Invalid via name: via1_4 (line=2563, cell=, file=7_detailed_route.def)
Warning: Invalid via name: via1_4 (line=2564, cell=, file=7_detailed_route.def)
Warning: Invalid via name: via2_5 (line=2565, cell=, file=7_detailed_route.def)
Warning: Invalid via name: via2_5 (line=2566, cell=, file=7_detailed_route.def)
Warning: Invalid via name: via1_4 (line=2567, cell=, file=7_detailed_route.def)
Warning: Invalid via name: via2_5 (line=2568, cell=, file=7_detailed_route.def)
Warning: Invalid via name: via1_4 (line=2569, cell=, file=7_detailed_route.def)
Warning: Invalid via name: via1_4 (line=2570, cell=, file=7_detailed_route.def)
Warning: Invalid via name: via1_4 (line=2571, cell=, file=7_detailed_route.def)
Warning: Invalid via name: via2_5 (line=2572, cell=, file=7_detailed_route.def)
Warning: Invalid via name: via1_4 (line=2573, cell=, file=7_detailed_route.def)
Warning: Invalid via name: via2_5 (line=2574, cell=, file=7_detailed_route.def)
Warning: Invalid via name: via1_4 (line=2575, cell=, file=7_detailed_route.def)
Warning: Invalid via name: via2_5 (line=2576, cell=, file=7_detailed_route.def)
Warning: Invalid via name: via2_5 (line=2577, cell=, file=7_detailed_route.def)
Warning: Invalid via name: via1_4 (line=2578, cell=, file=7_detailed_route.def)
Warning: Invalid via name: via2_5 (line=2579, cell=, file=7_detailed_route.def)
Warning: Invalid via name: via2_5 (line=2580, cell=, file=7_detailed_route.def)
Warning: Invalid via name: via1_4 (line=2581, cell=, file=7_detailed_route.def)
Warning: Invalid via name: via2_5 (line=2582, cell=, file=7_detailed_route.def)
Warning: Invalid via name: via2_5 (line=2583, cell=, file=7_detailed_route.def)
Warning: Invalid via name: via1_4 (line=2584, cell=, file=7_detailed_route.def)
Warning: Invalid via name: via2_5 (line=2585, cell=, file=7_detailed_route.def)
Warning: Invalid via name: via2_5 (line=2586, cell=, file=7_detailed_route.def)
Warning: Invalid via name: via2_5 (line=2587, cell=, file=7_detailed_route.def)
Warning: Invalid via name: via2_5 (line=2588, cell=, file=7_detailed_route.def)
Warning: Invalid via name: via1_4 (line=2589, cell=, file=7_detailed_route.def)
Warning: Invalid via name: via1_4 (line=2590, cell=, file=7_detailed_route.def)
Warning: Invalid via name: via1_4 (line=2591, cell=, file=7_detailed_route.def)
Warning: Invalid via name: via1_4 (line=2592, cell=, file=7_detailed_route.def)
Warning: Invalid via name: via1_4 (line=2593, cell=, file=7_detailed_route.def)
Warning: Invalid via name: via2_5 (line=2594, cell=, file=7_detailed_route.def)
Warning: Invalid via name: via2_5 (line=2595, cell=, file=7_detailed_route.def)
Warning: Invalid via name: via1_4 (line=2596, cell=, file=7_detailed_route.def)
Warning: Invalid via name: via2_5 (line=2597, cell=, file=7_detailed_route.def)
Warning: Invalid via name: via1_4 (line=2598, cell=, file=7_detailed_route.def)
Warning: Invalid via name: via2_5 (line=2599, cell=, file=7_detailed_route.def)
Warning: Invalid via name: via2_5 (line=2600, cell=, file=7_detailed_route.def)
Warning: Invalid via name: via1_4 (line=2601, cell=, file=7_detailed_route.def)
Warning: Invalid via name: via2_5 (line=2602, cell=, file=7_detailed_route.def)
Warning: Invalid via name: via2_5 (line=2603, cell=, file=7_detailed_route.def)
Warning: Invalid via name: via1_4 (line=2604, cell=, file=7_detailed_route.def)
Warning: Invalid via name: via2_5 (line=2605, cell=, file=7_detailed_route.def)
Warning: Invalid via name: via1_4 (line=2606, cell=, file=7_detailed_route.def)
Warning: Invalid via name: via2_5 (line=2607, cell=, file=7_detailed_route.def)
Warning: Invalid via name: via1_4 (line=2608, cell=, file=7_detailed_route.def)
Warning: Invalid via name: via2_5 (line=2609, cell=, file=7_detailed_route.def)
Warning: Invalid via name: via1_7 (line=2610, cell=, file=7_detailed_route.def)
Warning: Invalid via name: via2_5 (line=2611, cell=, file=7_detailed_route.def)
Warning: Invalid via name: via2_5 (line=2611, cell=, file=7_detailed_route.def)
Warning: Invalid via name: via4_0 (line=2617, cell=, file=7_detailed_route.def)
Warning: Invalid via name: via3_2 (line=2618, cell=, file=7_detailed_route.def)
Warning: Invalid via name: via1_7 (line=2619, cell=, file=7_detailed_route.def)
Warning: Invalid via name: via2_5 (line=2619, cell=, file=7_detailed_route.def)
Warning: Invalid via name: via3_2 (line=2624, cell=, file=7_detailed_route.def)
Warning: Invalid via name: via4_0 (line=2625, cell=, file=7_detailed_route.def)
Warning: Invalid via name: via5_0 (line=2626, cell=, file=7_detailed_route.def)
Warning: Invalid via name: via1_4 (line=2627, cell=, file=7_detailed_route.def)
Warning: Invalid via name: via2_5 (line=2627, cell=, file=7_detailed_route.def)
Warning: Invalid via name: via4_0 (line=2633, cell=, file=7_detailed_route.def)
Warning: Invalid via name: via3_2 (line=2634, cell=, file=7_detailed_route.def)
Warning: Invalid via name: via1_4 (line=2635, cell=, file=7_detailed_route.def)
Warning: Invalid via name: via2_5 (line=2635, cell=, file=7_detailed_route.def)
Warning: Invalid via name: via4_0 (line=2641, cell=, file=7_detailed_route.def)
Warning: Invalid via name: via3_2 (line=2642, cell=, file=7_detailed_route.def)
Warning: Invalid via name: via1_7 (line=2643, cell=, file=7_detailed_route.def)
Warning: Invalid via name: via2_5 (line=2643, cell=, file=7_detailed_route.def)
Warning: Invalid via name: via3_2 (line=2648, cell=, file=7_detailed_route.def)
Warning: Invalid via name: via4_0 (line=2649, cell=, file=7_detailed_route.def)
Warning: Invalid via name: via5_0 (line=2650, cell=, file=7_detailed_route.def)
Warning: Invalid via name: via1_4 (line=2651, cell=, file=7_detailed_route.def)
Warning: Invalid via name: via2_5 (line=2651, cell=, file=7_detailed_route.def)
[INFO] Reporting cells prior to loading DEF ...
	/OpenROAD-flow-scripts/flow/platforms/nangate45/gds/NangateOpenCellLibrary.gds
[INFO] All LEF cells have matching GDS/OAS cells
[INFO] No orphan cells in the final layout
