"polygons" in: FreePDK45.lydrc:42
    Polygons (raw): 616 (flat)  58 (hierarchical)
    Elapsed: 0.000s  Memory: 425.00M
"polygons" in: FreePDK45.lydrc:43
    Polygons (raw): 212 (flat)  26 (hierarchical)
    Elapsed: 0.000s  Memory: 425.00M
"polygons" in: FreePDK45.lydrc:44
    Polygons (raw): 212 (flat)  26 (hierarchical)
    Elapsed: 0.000s  Memory: 425.00M
"polygons" in: FreePDK45.lydrc:45
    Polygons (raw): 170 (flat)  25 (hierarchical)
    Elapsed: 0.000s  Memory: 425.00M
"polygons" in: FreePDK45.lydrc:46
    Polygons (raw): 170 (flat)  25 (hierarchical)
    Elapsed: 0.000s  Memory: 425.00M
"polygons" in: FreePDK45.lydrc:47
    Polygons (raw): 0 (flat)  0 (hierarchical)
    Elapsed: 0.000s  Memory: 425.00M
"polygons" in: FreePDK45.lydrc:48
    Polygons (raw): 0 (flat)  0 (hierarchical)
    Elapsed: 0.000s  Memory: 425.00M
"polygons" in: FreePDK45.lydrc:49
    Polygons (raw): 0 (flat)  0 (hierarchical)
    Elapsed: 0.000s  Memory: 425.00M
"polygons" in: FreePDK45.lydrc:50
    Polygons (raw): 1244 (flat)  110 (hierarchical)
    Elapsed: 0.010s  Memory: 425.00M
"polygons" in: FreePDK45.lydrc:51
    Polygons (raw): 3751 (flat)  422 (hierarchical)
    Elapsed: 0.000s  Memory: 425.00M
"polygons" in: FreePDK45.lydrc:52
    Polygons (raw): 2092 (flat)  251 (hierarchical)
    Elapsed: 0.000s  Memory: 425.00M
"polygons" in: FreePDK45.lydrc:53
    Polygons (raw): 66 (flat)  3 (hierarchical)
    Elapsed: 0.000s  Memory: 425.00M
"polygons" in: FreePDK45.lydrc:54
    Polygons (raw): 44 (flat)  2 (hierarchical)
    Elapsed: 0.000s  Memory: 425.00M
"polygons" in: FreePDK45.lydrc:55
    Polygons (raw): 66 (flat)  3 (hierarchical)
    Elapsed: 0.010s  Memory: 426.00M
"polygons" in: FreePDK45.lydrc:56
    Polygons (raw): 50 (flat)  8 (hierarchical)
    Elapsed: 0.000s  Memory: 426.00M
"polygons" in: FreePDK45.lydrc:57
    Polygons (raw): 66 (flat)  3 (hierarchical)
    Elapsed: 0.000s  Memory: 426.00M
"polygons" in: FreePDK45.lydrc:58
    Polygons (raw): 30 (flat)  8 (hierarchical)
    Elapsed: 0.000s  Memory: 426.00M
"polygons" in: FreePDK45.lydrc:59
    Polygons (raw): 20 (flat)  10 (hierarchical)
    Elapsed: 0.000s  Memory: 426.00M
"polygons" in: FreePDK45.lydrc:60
    Polygons (raw): 13 (flat)  11 (hierarchical)
    Elapsed: 0.000s  Memory: 426.00M
"polygons" in: FreePDK45.lydrc:61
    Polygons (raw): 20 (flat)  10 (hierarchical)
    Elapsed: 0.000s  Memory: 426.00M
"polygons" in: FreePDK45.lydrc:62
    Polygons (raw): 6 (flat)  4 (hierarchical)
    Elapsed: 0.000s  Memory: 426.00M
"polygons" in: FreePDK45.lydrc:63
    Polygons (raw): 8 (flat)  4 (hierarchical)
    Elapsed: 0.000s  Memory: 426.00M
"polygons" in: FreePDK45.lydrc:64
    Polygons (raw): 6 (flat)  5 (hierarchical)
    Elapsed: 0.000s  Memory: 426.00M
"polygons" in: FreePDK45.lydrc:65
    Polygons (raw): 0 (flat)  0 (hierarchical)
    Elapsed: 0.000s  Memory: 426.00M
"polygons" in: FreePDK45.lydrc:66
    Polygons (raw): 0 (flat)  0 (hierarchical)
    Elapsed: 0.000s  Memory: 426.00M
"polygons" in: FreePDK45.lydrc:67
    Polygons (raw): 0 (flat)  0 (hierarchical)
    Elapsed: 0.000s  Memory: 427.00M
"polygons" in: FreePDK45.lydrc:68
    Polygons (raw): 0 (flat)  0 (hierarchical)
    Elapsed: 0.000s  Memory: 427.00M
"polygons" in: FreePDK45.lydrc:69
    Polygons (raw): 0 (flat)  0 (hierarchical)
    Elapsed: 0.000s  Memory: 427.00M
"polygons" in: FreePDK45.lydrc:70
    Polygons (raw): 0 (flat)  0 (hierarchical)
    Elapsed: 0.000s  Memory: 427.00M
FEOL checks
"or" in: FreePDK45.lydrc:91
    Polygons (raw): 73 (flat)  73 (hierarchical)
    Elapsed: 0.000s  Memory: 428.00M
"&" in: FreePDK45.lydrc:92
    Polygons (raw): 198 (flat)  189 (hierarchical)
    Elapsed: 0.010s  Memory: 431.00M
"output" in: FreePDK45.lydrc:92
    Polygons (raw): 198 (flat)  189 (hierarchical)
    Elapsed: 0.000s  Memory: 431.00M
"space" in: FreePDK45.lydrc:94
    Edge pairs: 0 (flat)  0 (hierarchical)
    Elapsed: 0.010s  Memory: 431.00M
"output" in: FreePDK45.lydrc:94
    Edge pairs: 0 (flat)  0 (hierarchical)
    Elapsed: 0.000s  Memory: 431.00M
"space" in: FreePDK45.lydrc:95
    Edge pairs: 0 (flat)  0 (hierarchical)
    Elapsed: 0.010s  Memory: 432.00M
"output" in: FreePDK45.lydrc:95
    Edge pairs: 0 (flat)  0 (hierarchical)
    Elapsed: 0.000s  Memory: 432.00M
"separation" in: FreePDK45.lydrc:96
    Edge pairs: 7 (flat)  7 (hierarchical)
    Elapsed: 0.000s  Memory: 432.00M
"output" in: FreePDK45.lydrc:96
    Edge pairs: 7 (flat)  7 (hierarchical)
    Elapsed: 0.000s  Memory: 432.00M
"-" in: FreePDK45.lydrc:97
    Polygons (raw): 0 (flat)  0 (hierarchical)
    Elapsed: 0.000s  Memory: 432.00M
"output" in: FreePDK45.lydrc:97
    Polygons (raw): 0 (flat)  0 (hierarchical)
    Elapsed: 0.000s  Memory: 432.00M
"-" in: FreePDK45.lydrc:98
    Polygons (raw): 0 (flat)  0 (hierarchical)
    Elapsed: 0.000s  Memory: 432.00M
"output" in: FreePDK45.lydrc:98
    Polygons (raw): 0 (flat)  0 (hierarchical)
    Elapsed: 0.000s  Memory: 432.00M
"&" in: FreePDK45.lydrc:101
    Polygons (raw): 2167 (flat)  603 (hierarchical)
    Elapsed: 0.020s  Memory: 432.00M
"width" in: FreePDK45.lydrc:102
    Edge pairs: 0 (flat)  0 (hierarchical)
    Elapsed: 0.010s  Memory: 432.00M
"output" in: FreePDK45.lydrc:102
    Edge pairs: 0 (flat)  0 (hierarchical)
    Elapsed: 0.000s  Memory: 433.00M
"enclosing" in: FreePDK45.lydrc:110
    Edge pairs: 3227 (flat)  3215 (hierarchical)
    Elapsed: 0.030s  Memory: 433.00M
"polygons" in: FreePDK45.lydrc:110
    Polygons (raw): 130 (flat)  130 (hierarchical)
    Elapsed: 0.000s  Memory: 433.00M
"without_area" in: FreePDK45.lydrc:110
    Polygons (raw): 109 (flat)  109 (hierarchical)
    Elapsed: 0.000s  Memory: 434.00M
"output" in: FreePDK45.lydrc:110
    Polygons (raw): 109 (flat)  109 (hierarchical)
    Elapsed: 0.000s  Memory: 434.00M
"-" in: FreePDK45.lydrc:111
    Polygons (raw): 3624 (flat)  2236 (hierarchical)
    Elapsed: 0.030s  Memory: 434.00M
"separation" in: FreePDK45.lydrc:111
    Edge pairs: 3363 (flat)  3341 (hierarchical)
    Elapsed: 0.040s  Memory: 435.00M
"polygons" in: FreePDK45.lydrc:111
    Polygons (raw): 301 (flat)  301 (hierarchical)
    Elapsed: 0.000s  Memory: 435.00M
"without_area" in: FreePDK45.lydrc:111
    Polygons (raw): 277 (flat)  277 (hierarchical)
    Elapsed: 0.000s  Memory: 435.00M
"output" in: FreePDK45.lydrc:111
    Polygons (raw): 277 (flat)  277 (hierarchical)
    Elapsed: 0.000s  Memory: 435.00M
"space" in: FreePDK45.lydrc:112
    Edge pairs: 68 (flat)  68 (hierarchical)
    Elapsed: 0.020s  Memory: 435.00M
"output" in: FreePDK45.lydrc:112
    Edge pairs: 68 (flat)  68 (hierarchical)
    Elapsed: 0.000s  Memory: 435.00M
"width" in: FreePDK45.lydrc:115
    Edge pairs: 18 (flat)  18 (hierarchical)
    Elapsed: 0.000s  Memory: 436.00M
"output" in: FreePDK45.lydrc:115
    Edge pairs: 18 (flat)  18 (hierarchical)
    Elapsed: 0.000s  Memory: 436.00M
"space" in: FreePDK45.lydrc:116
    Edge pairs: 7 (flat)  7 (hierarchical)
    Elapsed: 0.010s  Memory: 436.00M
"output" in: FreePDK45.lydrc:116
    Edge pairs: 7 (flat)  7 (hierarchical)
    Elapsed: 0.000s  Memory: 436.00M
"enclosing" in: FreePDK45.lydrc:117
    Edge pairs: 0 (flat)  0 (hierarchical)
    Elapsed: 0.010s  Memory: 436.00M
"output" in: FreePDK45.lydrc:117
    Edge pairs: 0 (flat)  0 (hierarchical)
    Elapsed: 0.000s  Memory: 436.00M
"-" in: FreePDK45.lydrc:118
    Polygons (raw): 0 (flat)  0 (hierarchical)
    Elapsed: 0.000s  Memory: 436.00M
"output" in: FreePDK45.lydrc:118
    Polygons (raw): 0 (flat)  0 (hierarchical)
    Elapsed: 0.000s  Memory: 436.00M
"or" in: FreePDK45.lydrc:121
    Polygons (raw): 68 (flat)  68 (hierarchical)
    Elapsed: 0.000s  Memory: 436.00M
"separation" in: FreePDK45.lydrc:122
    Edge pairs: 0 (flat)  0 (hierarchical)
    Elapsed: 0.010s  Memory: 437.00M
"polygons" in: FreePDK45.lydrc:122
    Polygons (raw): 0 (flat)  0 (hierarchical)
    Elapsed: 0.000s  Memory: 437.00M
"without_area" in: FreePDK45.lydrc:122
    Polygons (raw): 0 (flat)  0 (hierarchical)
    Elapsed: 0.000s  Memory: 437.00M
"output" in: FreePDK45.lydrc:122
    Polygons (raw): 0 (flat)  0 (hierarchical)
    Elapsed: 0.000s  Memory: 437.00M
"separation" in: FreePDK45.lydrc:123
    Edge pairs: 0 (flat)  0 (hierarchical)
    Elapsed: 0.020s  Memory: 437.00M
"polygons" in: FreePDK45.lydrc:123
    Polygons (raw): 0 (flat)  0 (hierarchical)
    Elapsed: 0.000s  Memory: 437.00M
"without_area" in: FreePDK45.lydrc:123
    Polygons (raw): 0 (flat)  0 (hierarchical)
    Elapsed: 0.000s  Memory: 437.00M
"output" in: FreePDK45.lydrc:123
    Polygons (raw): 0 (flat)  0 (hierarchical)
    Elapsed: 0.000s  Memory: 437.00M
"width" in: FreePDK45.lydrc:124
    Edge pairs: 0 (flat)  0 (hierarchical)
    Elapsed: 0.000s  Memory: 438.00M
"output" in: FreePDK45.lydrc:124
    Edge pairs: 0 (flat)  0 (hierarchical)
    Elapsed: 0.000s  Memory: 438.00M
"space" in: FreePDK45.lydrc:125
    Edge pairs: 0 (flat)  0 (hierarchical)
    Elapsed: 0.000s  Memory: 438.00M
"output" in: FreePDK45.lydrc:125
    Edge pairs: 0 (flat)  0 (hierarchical)
    Elapsed: 0.000s  Memory: 438.00M
"&" in: FreePDK45.lydrc:126
    Polygons (raw): 135 (flat)  129 (hierarchical)
    Elapsed: 0.010s  Memory: 438.00M
"output" in: FreePDK45.lydrc:126
    Polygons (raw): 135 (flat)  129 (hierarchical)
    Elapsed: 0.000s  Memory: 438.00M
"width" in: FreePDK45.lydrc:129
    Edge pairs: 198 (flat)  198 (hierarchical)
    Elapsed: 0.020s  Memory: 438.00M
"output" in: FreePDK45.lydrc:129
    Edge pairs: 198 (flat)  198 (hierarchical)
    Elapsed: 0.000s  Memory: 438.00M
"space" in: FreePDK45.lydrc:130
    Edge pairs: 301 (flat)  301 (hierarchical)
    Elapsed: 0.020s  Memory: 438.00M
"output" in: FreePDK45.lydrc:130
    Edge pairs: 301 (flat)  301 (hierarchical)
    Elapsed: 0.010s  Memory: 438.00M
"or" in: FreePDK45.lydrc:131
    Polygons (raw): 72 (flat)  71 (hierarchical)
    Elapsed: 0.020s  Memory: 438.00M
"or" in: FreePDK45.lydrc:131
    Polygons (raw): 11 (flat)  11 (hierarchical)
    Elapsed: 0.210s  Memory: 439.00M
"-" in: FreePDK45.lydrc:131
    Polygons (raw): 0 (flat)  0 (hierarchical)
    Elapsed: 0.170s  Memory: 440.00M
"output" in: FreePDK45.lydrc:131
    Polygons (raw): 0 (flat)  0 (hierarchical)
    Elapsed: 0.000s  Memory: 440.00M
"enclosing" in: FreePDK45.lydrc:132
    Edge pairs: 0 (flat)  0 (hierarchical)
    Elapsed: 0.020s  Memory: 440.00M
"output" in: FreePDK45.lydrc:132
    Edge pairs: 0 (flat)  0 (hierarchical)
    Elapsed: 0.000s  Memory: 440.00M
"enclosing" in: FreePDK45.lydrc:133
    Edge pairs: 1 (flat)  1 (hierarchical)
    Elapsed: 0.020s  Memory: 440.00M
"output" in: FreePDK45.lydrc:133
    Edge pairs: 1 (flat)  1 (hierarchical)
    Elapsed: 0.000s  Memory: 440.00M
"separation" in: FreePDK45.lydrc:134
    Edge pairs: 436 (flat)  436 (hierarchical)
    Elapsed: 0.040s  Memory: 440.00M
"output" in: FreePDK45.lydrc:134
    Edge pairs: 436 (flat)  436 (hierarchical)
    Elapsed: 0.000s  Memory: 440.00M
BEOL checks
"width" in: FreePDK45.lydrc:143
    Edge pairs: 14 (flat)  14 (hierarchical)
    Elapsed: 0.020s  Memory: 440.00M
"output" in: FreePDK45.lydrc:143
    Edge pairs: 14 (flat)  14 (hierarchical)
    Elapsed: 0.000s  Memory: 440.00M
"space" in: FreePDK45.lydrc:144
    Edge pairs: 413 (flat)  413 (hierarchical)
    Elapsed: 0.110s  Memory: 440.00M
"output" in: FreePDK45.lydrc:144
    Edge pairs: 413 (flat)  413 (hierarchical)
    Elapsed: 0.000s  Memory: 440.00M
"enclosing" in: FreePDK45.lydrc:145
    Edge pairs: 6429 (flat)  6411 (hierarchical)
    Elapsed: 0.060s  Memory: 440.00M
"second_edges" in: FreePDK45.lydrc:145
    Edges: 6429 (flat)  6411 (hierarchical)
    Elapsed: 0.000s  Memory: 440.00M
"width" in: FreePDK45.lydrc:146
    Edge pairs: 0 (flat)  0 (hierarchical)
    Elapsed: 0.020s  Memory: 441.00M
"polygons" in: FreePDK45.lydrc:147
    Polygons (raw): 0 (flat)  0 (hierarchical)
    Elapsed: 0.000s  Memory: 441.00M
"interacting" in: FreePDK45.lydrc:147
    Polygons (raw): 0 (flat)  0 (hierarchical)
    Elapsed: 0.000s  Memory: 441.00M
"output" in: FreePDK45.lydrc:147
    Polygons (raw): 0 (flat)  0 (hierarchical)
    Elapsed: 0.000s  Memory: 441.00M
"enclosing" in: FreePDK45.lydrc:148
    Edge pairs: 0 (flat)  0 (hierarchical)
    Elapsed: 0.010s  Memory: 441.00M
"second_edges" in: FreePDK45.lydrc:148
    Edges: 0 (flat)  0 (hierarchical)
    Elapsed: 0.000s  Memory: 441.00M
"width" in: FreePDK45.lydrc:149
    Edge pairs: 0 (flat)  0 (hierarchical)
    Elapsed: 0.010s  Memory: 441.00M
"polygons" in: FreePDK45.lydrc:150
    Polygons (raw): 0 (flat)  0 (hierarchical)
    Elapsed: 0.000s  Memory: 441.00M
"interacting" in: FreePDK45.lydrc:150
    Polygons (raw): 0 (flat)  0 (hierarchical)
    Elapsed: 0.000s  Memory: 441.00M
"output" in: FreePDK45.lydrc:150
    Polygons (raw): 0 (flat)  0 (hierarchical)
    Elapsed: 0.000s  Memory: 441.00M
"sized" in: FreePDK45.lydrc:78
    Polygons (raw): 619 (flat)  616 (hierarchical)
    Elapsed: 0.010s  Memory: 441.00M
"sized" in: FreePDK45.lydrc:78
    Polygons (raw): 619 (flat)  616 (hierarchical)
    Elapsed: 0.000s  Memory: 441.00M
"sized" in: FreePDK45.lydrc:78
    Polygons (raw): 0 (flat)  0 (hierarchical)
    Elapsed: 0.000s  Memory: 441.00M
"sized" in: FreePDK45.lydrc:78
    Polygons (raw): 0 (flat)  0 (hierarchical)
    Elapsed: 0.000s  Memory: 441.00M
"sized" in: FreePDK45.lydrc:78
    Polygons (raw): 0 (flat)  0 (hierarchical)
    Elapsed: 0.000s  Memory: 441.00M
"sized" in: FreePDK45.lydrc:78
    Polygons (raw): 0 (flat)  0 (hierarchical)
    Elapsed: 0.000s  Memory: 441.00M
"sized" in: FreePDK45.lydrc:78
    Polygons (raw): 0 (flat)  0 (hierarchical)
    Elapsed: 0.000s  Memory: 441.00M
"sized" in: FreePDK45.lydrc:78
    Polygons (raw): 0 (flat)  0 (hierarchical)
    Elapsed: 0.000s  Memory: 441.00M
"sized" in: FreePDK45.lydrc:78
    Polygons (raw): 0 (flat)  0 (hierarchical)
    Elapsed: 0.000s  Memory: 441.00M
"sized" in: FreePDK45.lydrc:78
    Polygons (raw): 0 (flat)  0 (hierarchical)
    Elapsed: 0.000s  Memory: 441.00M
"edges" in: FreePDK45.lydrc:152
    Edges: 3108 (flat)  3096 (hierarchical)
    Elapsed: 0.000s  Memory: 441.00M
"with_length" in: FreePDK45.lydrc:152
    Edges: 473 (flat)  471 (hierarchical)
    Elapsed: 0.000s  Memory: 441.00M
"space" in: FreePDK45.lydrc:152
    Edge pairs: 9 (flat)  9 (hierarchical)
    Elapsed: 0.000s  Memory: 441.00M
"output" in: FreePDK45.lydrc:152
    Edge pairs: 9 (flat)  9 (hierarchical)
    Elapsed: 0.000s  Memory: 441.00M
"edges" in: FreePDK45.lydrc:153
    Edges: 0 (flat)  0 (hierarchical)
    Elapsed: 0.000s  Memory: 441.00M
"with_length" in: FreePDK45.lydrc:153
    Edges: 0 (flat)  0 (hierarchical)
    Elapsed: 0.000s  Memory: 441.00M
"space" in: FreePDK45.lydrc:153
    Edge pairs: 0 (flat)  0 (hierarchical)
    Elapsed: 0.010s  Memory: 441.00M
"output" in: FreePDK45.lydrc:153
    Edge pairs: 0 (flat)  0 (hierarchical)
    Elapsed: 0.000s  Memory: 441.00M
"edges" in: FreePDK45.lydrc:154
    Edges: 0 (flat)  0 (hierarchical)
    Elapsed: 0.000s  Memory: 441.00M
"with_length" in: FreePDK45.lydrc:154
    Edges: 0 (flat)  0 (hierarchical)
    Elapsed: 0.000s  Memory: 441.00M
"space" in: FreePDK45.lydrc:154
    Edge pairs: 0 (flat)  0 (hierarchical)
    Elapsed: 0.000s  Memory: 441.00M
"output" in: FreePDK45.lydrc:154
    Edge pairs: 0 (flat)  0 (hierarchical)
    Elapsed: 0.000s  Memory: 441.00M
"edges" in: FreePDK45.lydrc:155
    Edges: 0 (flat)  0 (hierarchical)
    Elapsed: 0.000s  Memory: 441.00M
"with_length" in: FreePDK45.lydrc:155
    Edges: 0 (flat)  0 (hierarchical)
    Elapsed: 0.000s  Memory: 441.00M
"space" in: FreePDK45.lydrc:155
    Edge pairs: 0 (flat)  0 (hierarchical)
    Elapsed: 0.010s  Memory: 441.00M
"output" in: FreePDK45.lydrc:155
    Edge pairs: 0 (flat)  0 (hierarchical)
    Elapsed: 0.000s  Memory: 441.00M
"edges" in: FreePDK45.lydrc:156
    Edges: 0 (flat)  0 (hierarchical)
    Elapsed: 0.000s  Memory: 441.00M
"with_length" in: FreePDK45.lydrc:156
    Edges: 0 (flat)  0 (hierarchical)
    Elapsed: 0.000s  Memory: 441.00M
"space" in: FreePDK45.lydrc:156
    Edge pairs: 0 (flat)  0 (hierarchical)
    Elapsed: 0.000s  Memory: 441.00M
"output" in: FreePDK45.lydrc:156
    Edge pairs: 0 (flat)  0 (hierarchical)
    Elapsed: 0.000s  Memory: 441.00M
"width" in: FreePDK45.lydrc:159
    Edge pairs: 0 (flat)  0 (hierarchical)
    Elapsed: 0.000s  Memory: 441.00M
"output" in: FreePDK45.lydrc:159
    Edge pairs: 0 (flat)  0 (hierarchical)
    Elapsed: 0.000s  Memory: 441.00M
"space" in: FreePDK45.lydrc:160
    Edge pairs: 0 (flat)  0 (hierarchical)
    Elapsed: 0.010s  Memory: 441.00M
"output" in: FreePDK45.lydrc:160
    Edge pairs: 0 (flat)  0 (hierarchical)
    Elapsed: 0.000s  Memory: 441.00M
"-" in: FreePDK45.lydrc:161
    Polygons (raw): 0 (flat)  0 (hierarchical)
    Elapsed: 0.000s  Memory: 441.00M
"output" in: FreePDK45.lydrc:161
    Polygons (raw): 0 (flat)  0 (hierarchical)
    Elapsed: 0.000s  Memory: 441.00M
"-" in: FreePDK45.lydrc:162
    Polygons (raw): 0 (flat)  0 (hierarchical)
    Elapsed: 0.010s  Memory: 441.00M
"output" in: FreePDK45.lydrc:162
    Polygons (raw): 0 (flat)  0 (hierarchical)
    Elapsed: 0.000s  Memory: 441.00M
"width" in: FreePDK45.lydrc:165
    Edge pairs: 0 (flat)  0 (hierarchical)
    Elapsed: 0.000s  Memory: 441.00M
"output" in: FreePDK45.lydrc:165
    Edge pairs: 0 (flat)  0 (hierarchical)
    Elapsed: 0.000s  Memory: 441.00M
"space" in: FreePDK45.lydrc:166
    Edge pairs: 0 (flat)  0 (hierarchical)
    Elapsed: 0.000s  Memory: 441.00M
"output" in: FreePDK45.lydrc:166
    Edge pairs: 0 (flat)  0 (hierarchical)
    Elapsed: 0.000s  Memory: 441.00M
"enclosing" in: FreePDK45.lydrc:167
    Edge pairs: 0 (flat)  0 (hierarchical)
    Elapsed: 0.000s  Memory: 441.00M
"second_edges" in: FreePDK45.lydrc:167
    Edges: 0 (flat)  0 (hierarchical)
    Elapsed: 0.000s  Memory: 441.00M
"width" in: FreePDK45.lydrc:168
    Edge pairs: 0 (flat)  0 (hierarchical)
    Elapsed: 0.000s  Memory: 441.00M
"polygons" in: FreePDK45.lydrc:169
    Polygons (raw): 0 (flat)  0 (hierarchical)
    Elapsed: 0.000s  Memory: 441.00M
"interacting" in: FreePDK45.lydrc:169
    Polygons (raw): 0 (flat)  0 (hierarchical)
    Elapsed: 0.000s  Memory: 441.00M
"output" in: FreePDK45.lydrc:169
    Polygons (raw): 0 (flat)  0 (hierarchical)
    Elapsed: 0.000s  Memory: 441.00M
"enclosing" in: FreePDK45.lydrc:170
    Edge pairs: 0 (flat)  0 (hierarchical)
    Elapsed: 0.010s  Memory: 441.00M
"second_edges" in: FreePDK45.lydrc:170
    Edges: 0 (flat)  0 (hierarchical)
    Elapsed: 0.000s  Memory: 441.00M
"width" in: FreePDK45.lydrc:171
    Edge pairs: 0 (flat)  0 (hierarchical)
    Elapsed: 0.000s  Memory: 441.00M
"polygons" in: FreePDK45.lydrc:172
    Polygons (raw): 0 (flat)  0 (hierarchical)
    Elapsed: 0.000s  Memory: 441.00M
"interacting" in: FreePDK45.lydrc:172
    Polygons (raw): 0 (flat)  0 (hierarchical)
    Elapsed: 0.010s  Memory: 441.00M
"output" in: FreePDK45.lydrc:172
    Polygons (raw): 0 (flat)  0 (hierarchical)
    Elapsed: 0.000s  Memory: 441.00M
"sized" in: FreePDK45.lydrc:78
    Polygons (raw): 22 (flat)  22 (hierarchical)
    Elapsed: 0.010s  Memory: 441.00M
"sized" in: FreePDK45.lydrc:78
    Polygons (raw): 22 (flat)  22 (hierarchical)
    Elapsed: 0.000s  Memory: 441.00M
"sized" in: FreePDK45.lydrc:78
    Polygons (raw): 0 (flat)  0 (hierarchical)
    Elapsed: 0.000s  Memory: 441.00M
"sized" in: FreePDK45.lydrc:78
    Polygons (raw): 0 (flat)  0 (hierarchical)
    Elapsed: 0.000s  Memory: 441.00M
"sized" in: FreePDK45.lydrc:78
    Polygons (raw): 0 (flat)  0 (hierarchical)
    Elapsed: 0.000s  Memory: 441.00M
"sized" in: FreePDK45.lydrc:78
    Polygons (raw): 0 (flat)  0 (hierarchical)
    Elapsed: 0.000s  Memory: 441.00M
"sized" in: FreePDK45.lydrc:78
    Polygons (raw): 0 (flat)  0 (hierarchical)
    Elapsed: 0.000s  Memory: 441.00M
"sized" in: FreePDK45.lydrc:78
    Polygons (raw): 0 (flat)  0 (hierarchical)
    Elapsed: 0.000s  Memory: 441.00M
"sized" in: FreePDK45.lydrc:78
    Polygons (raw): 0 (flat)  0 (hierarchical)
    Elapsed: 0.000s  Memory: 441.00M
"sized" in: FreePDK45.lydrc:78
    Polygons (raw): 0 (flat)  0 (hierarchical)
    Elapsed: 0.000s  Memory: 441.00M
"edges" in: FreePDK45.lydrc:174
    Edges: 88 (flat)  88 (hierarchical)
    Elapsed: 0.000s  Memory: 441.00M
"with_length" in: FreePDK45.lydrc:174
    Edges: 44 (flat)  44 (hierarchical)
    Elapsed: 0.000s  Memory: 441.00M
"space" in: FreePDK45.lydrc:174
    Edge pairs: 0 (flat)  0 (hierarchical)
    Elapsed: 0.000s  Memory: 441.00M
"output" in: FreePDK45.lydrc:174
    Edge pairs: 0 (flat)  0 (hierarchical)
    Elapsed: 0.000s  Memory: 441.00M
"edges" in: FreePDK45.lydrc:175
    Edges: 0 (flat)  0 (hierarchical)
    Elapsed: 0.000s  Memory: 441.00M
"with_length" in: FreePDK45.lydrc:175
    Edges: 0 (flat)  0 (hierarchical)
    Elapsed: 0.000s  Memory: 441.00M
"space" in: FreePDK45.lydrc:175
    Edge pairs: 0 (flat)  0 (hierarchical)
    Elapsed: 0.010s  Memory: 441.00M
"output" in: FreePDK45.lydrc:175
    Edge pairs: 0 (flat)  0 (hierarchical)
    Elapsed: 0.000s  Memory: 441.00M
"edges" in: FreePDK45.lydrc:176
    Edges: 0 (flat)  0 (hierarchical)
    Elapsed: 0.000s  Memory: 441.00M
"with_length" in: FreePDK45.lydrc:176
    Edges: 0 (flat)  0 (hierarchical)
    Elapsed: 0.000s  Memory: 442.00M
"space" in: FreePDK45.lydrc:176
    Edge pairs: 0 (flat)  0 (hierarchical)
    Elapsed: 0.010s  Memory: 442.00M
"output" in: FreePDK45.lydrc:176
    Edge pairs: 0 (flat)  0 (hierarchical)
    Elapsed: 0.000s  Memory: 442.00M
"edges" in: FreePDK45.lydrc:177
    Edges: 0 (flat)  0 (hierarchical)
    Elapsed: 0.000s  Memory: 442.00M
"with_length" in: FreePDK45.lydrc:177
    Edges: 0 (flat)  0 (hierarchical)
    Elapsed: 0.000s  Memory: 442.00M
"space" in: FreePDK45.lydrc:177
    Edge pairs: 0 (flat)  0 (hierarchical)
    Elapsed: 0.000s  Memory: 442.00M
"output" in: FreePDK45.lydrc:177
    Edge pairs: 0 (flat)  0 (hierarchical)
    Elapsed: 0.020s  Memory: 442.00M
"edges" in: FreePDK45.lydrc:178
    Edges: 0 (flat)  0 (hierarchical)
    Elapsed: 0.000s  Memory: 442.00M
"with_length" in: FreePDK45.lydrc:178
    Edges: 0 (flat)  0 (hierarchical)
    Elapsed: 0.000s  Memory: 442.00M
"space" in: FreePDK45.lydrc:178
    Edge pairs: 0 (flat)  0 (hierarchical)
    Elapsed: 0.000s  Memory: 442.00M
"output" in: FreePDK45.lydrc:178
    Edge pairs: 0 (flat)  0 (hierarchical)
    Elapsed: 0.010s  Memory: 442.00M
"width" in: FreePDK45.lydrc:181
    Edge pairs: 0 (flat)  0 (hierarchical)
    Elapsed: 0.000s  Memory: 442.00M
"output" in: FreePDK45.lydrc:181
    Edge pairs: 0 (flat)  0 (hierarchical)
    Elapsed: 0.000s  Memory: 442.00M
"space" in: FreePDK45.lydrc:182
    Edge pairs: 0 (flat)  0 (hierarchical)
    Elapsed: 0.000s  Memory: 442.00M
"output" in: FreePDK45.lydrc:182
    Edge pairs: 0 (flat)  0 (hierarchical)
    Elapsed: 0.000s  Memory: 442.00M
"-" in: FreePDK45.lydrc:183
    Polygons (raw): 0 (flat)  0 (hierarchical)
    Elapsed: 0.000s  Memory: 442.00M
"output" in: FreePDK45.lydrc:183
    Polygons (raw): 0 (flat)  0 (hierarchical)
    Elapsed: 0.000s  Memory: 442.00M
"-" in: FreePDK45.lydrc:184
    Polygons (raw): 0 (flat)  0 (hierarchical)
    Elapsed: 0.000s  Memory: 442.00M
"output" in: FreePDK45.lydrc:184
    Polygons (raw): 0 (flat)  0 (hierarchical)
    Elapsed: 0.000s  Memory: 442.00M
"width" in: FreePDK45.lydrc:187
    Edge pairs: 0 (flat)  0 (hierarchical)
    Elapsed: 0.000s  Memory: 442.00M
"output" in: FreePDK45.lydrc:187
    Edge pairs: 0 (flat)  0 (hierarchical)
    Elapsed: 0.000s  Memory: 442.00M
"space" in: FreePDK45.lydrc:188
    Edge pairs: 0 (flat)  0 (hierarchical)
    Elapsed: 0.010s  Memory: 442.00M
"output" in: FreePDK45.lydrc:188
    Edge pairs: 0 (flat)  0 (hierarchical)
    Elapsed: 0.000s  Memory: 442.00M
"enclosing" in: FreePDK45.lydrc:189
    Edge pairs: 0 (flat)  0 (hierarchical)
    Elapsed: 0.000s  Memory: 442.00M
"second_edges" in: FreePDK45.lydrc:189
    Edges: 0 (flat)  0 (hierarchical)
    Elapsed: 0.000s  Memory: 442.00M
"width" in: FreePDK45.lydrc:190
    Edge pairs: 0 (flat)  0 (hierarchical)
    Elapsed: 0.000s  Memory: 442.00M
"polygons" in: FreePDK45.lydrc:191
    Polygons (raw): 0 (flat)  0 (hierarchical)
    Elapsed: 0.000s  Memory: 442.00M
"interacting" in: FreePDK45.lydrc:191
    Polygons (raw): 0 (flat)  0 (hierarchical)
    Elapsed: 0.000s  Memory: 442.00M
"output" in: FreePDK45.lydrc:191
    Polygons (raw): 0 (flat)  0 (hierarchical)
    Elapsed: 0.010s  Memory: 442.00M
"enclosing" in: FreePDK45.lydrc:192
    Edge pairs: 0 (flat)  0 (hierarchical)
    Elapsed: 0.000s  Memory: 442.00M
"second_edges" in: FreePDK45.lydrc:192
    Edges: 0 (flat)  0 (hierarchical)
    Elapsed: 0.000s  Memory: 442.00M
"width" in: FreePDK45.lydrc:193
    Edge pairs: 0 (flat)  0 (hierarchical)
    Elapsed: 0.000s  Memory: 442.00M
"polygons" in: FreePDK45.lydrc:194
    Polygons (raw): 0 (flat)  0 (hierarchical)
    Elapsed: 0.000s  Memory: 442.00M
"interacting" in: FreePDK45.lydrc:194
    Polygons (raw): 0 (flat)  0 (hierarchical)
    Elapsed: 0.000s  Memory: 442.00M
"output" in: FreePDK45.lydrc:194
    Polygons (raw): 0 (flat)  0 (hierarchical)
    Elapsed: 0.000s  Memory: 442.00M
"sized" in: FreePDK45.lydrc:78
    Polygons (raw): 22 (flat)  22 (hierarchical)
    Elapsed: 0.000s  Memory: 442.00M
"sized" in: FreePDK45.lydrc:78
    Polygons (raw): 22 (flat)  22 (hierarchical)
    Elapsed: 0.000s  Memory: 442.00M
"sized" in: FreePDK45.lydrc:78
    Polygons (raw): 0 (flat)  0 (hierarchical)
    Elapsed: 0.000s  Memory: 442.00M
"sized" in: FreePDK45.lydrc:78
    Polygons (raw): 0 (flat)  0 (hierarchical)
    Elapsed: 0.000s  Memory: 442.00M
"sized" in: FreePDK45.lydrc:78
    Polygons (raw): 0 (flat)  0 (hierarchical)
    Elapsed: 0.000s  Memory: 442.00M
"sized" in: FreePDK45.lydrc:78
    Polygons (raw): 0 (flat)  0 (hierarchical)
    Elapsed: 0.000s  Memory: 442.00M
"sized" in: FreePDK45.lydrc:78
    Polygons (raw): 0 (flat)  0 (hierarchical)
    Elapsed: 0.000s  Memory: 442.00M
"sized" in: FreePDK45.lydrc:78
    Polygons (raw): 0 (flat)  0 (hierarchical)
    Elapsed: 0.000s  Memory: 442.00M
"sized" in: FreePDK45.lydrc:78
    Polygons (raw): 0 (flat)  0 (hierarchical)
    Elapsed: 0.000s  Memory: 442.00M
"sized" in: FreePDK45.lydrc:78
    Polygons (raw): 0 (flat)  0 (hierarchical)
    Elapsed: 0.000s  Memory: 442.00M
"edges" in: FreePDK45.lydrc:196
    Edges: 88 (flat)  88 (hierarchical)
    Elapsed: 0.000s  Memory: 442.00M
"with_length" in: FreePDK45.lydrc:196
    Edges: 44 (flat)  44 (hierarchical)
    Elapsed: 0.000s  Memory: 442.00M
"space" in: FreePDK45.lydrc:196
    Edge pairs: 0 (flat)  0 (hierarchical)
    Elapsed: 0.000s  Memory: 442.00M
"output" in: FreePDK45.lydrc:196
    Edge pairs: 0 (flat)  0 (hierarchical)
    Elapsed: 0.000s  Memory: 442.00M
"edges" in: FreePDK45.lydrc:197
    Edges: 0 (flat)  0 (hierarchical)
    Elapsed: 0.000s  Memory: 442.00M
"with_length" in: FreePDK45.lydrc:197
    Edges: 0 (flat)  0 (hierarchical)
    Elapsed: 0.000s  Memory: 442.00M
"space" in: FreePDK45.lydrc:197
    Edge pairs: 0 (flat)  0 (hierarchical)
    Elapsed: 0.000s  Memory: 442.00M
"output" in: FreePDK45.lydrc:197
    Edge pairs: 0 (flat)  0 (hierarchical)
    Elapsed: 0.000s  Memory: 442.00M
"edges" in: FreePDK45.lydrc:198
    Edges: 0 (flat)  0 (hierarchical)
    Elapsed: 0.000s  Memory: 442.00M
"with_length" in: FreePDK45.lydrc:198
    Edges: 0 (flat)  0 (hierarchical)
    Elapsed: 0.000s  Memory: 442.00M
"space" in: FreePDK45.lydrc:198
    Edge pairs: 0 (flat)  0 (hierarchical)
    Elapsed: 0.000s  Memory: 442.00M
"output" in: FreePDK45.lydrc:198
    Edge pairs: 0 (flat)  0 (hierarchical)
    Elapsed: 0.000s  Memory: 442.00M
"edges" in: FreePDK45.lydrc:199
    Edges: 0 (flat)  0 (hierarchical)
    Elapsed: 0.000s  Memory: 442.00M
"with_length" in: FreePDK45.lydrc:199
    Edges: 0 (flat)  0 (hierarchical)
    Elapsed: 0.000s  Memory: 442.00M
"space" in: FreePDK45.lydrc:199
    Edge pairs: 0 (flat)  0 (hierarchical)
    Elapsed: 0.000s  Memory: 442.00M
"output" in: FreePDK45.lydrc:199
    Edge pairs: 0 (flat)  0 (hierarchical)
    Elapsed: 0.000s  Memory: 442.00M
"edges" in: FreePDK45.lydrc:200
    Edges: 0 (flat)  0 (hierarchical)
    Elapsed: 0.000s  Memory: 442.00M
"with_length" in: FreePDK45.lydrc:200
    Edges: 0 (flat)  0 (hierarchical)
    Elapsed: 0.000s  Memory: 442.00M
"space" in: FreePDK45.lydrc:200
    Edge pairs: 0 (flat)  0 (hierarchical)
    Elapsed: 0.000s  Memory: 442.00M
"output" in: FreePDK45.lydrc:200
    Edge pairs: 0 (flat)  0 (hierarchical)
    Elapsed: 0.000s  Memory: 442.00M
"width" in: FreePDK45.lydrc:203
    Edge pairs: 0 (flat)  0 (hierarchical)
    Elapsed: 0.010s  Memory: 442.00M
"output" in: FreePDK45.lydrc:203
    Edge pairs: 0 (flat)  0 (hierarchical)
    Elapsed: 0.000s  Memory: 442.00M
"space" in: FreePDK45.lydrc:204
    Edge pairs: 0 (flat)  0 (hierarchical)
    Elapsed: 0.010s  Memory: 442.00M
"output" in: FreePDK45.lydrc:204
    Edge pairs: 0 (flat)  0 (hierarchical)
    Elapsed: 0.000s  Memory: 442.00M
"-" in: FreePDK45.lydrc:205
    Polygons (raw): 0 (flat)  0 (hierarchical)
    Elapsed: 0.000s  Memory: 443.00M
"output" in: FreePDK45.lydrc:205
    Polygons (raw): 0 (flat)  0 (hierarchical)
    Elapsed: 0.000s  Memory: 443.00M
"-" in: FreePDK45.lydrc:206
    Polygons (raw): 0 (flat)  0 (hierarchical)
    Elapsed: 0.000s  Memory: 443.00M
"output" in: FreePDK45.lydrc:206
    Polygons (raw): 0 (flat)  0 (hierarchical)
    Elapsed: 0.000s  Memory: 443.00M
"width" in: FreePDK45.lydrc:209
    Edge pairs: 0 (flat)  0 (hierarchical)
    Elapsed: 0.010s  Memory: 443.00M
"output" in: FreePDK45.lydrc:209
    Edge pairs: 0 (flat)  0 (hierarchical)
    Elapsed: 0.000s  Memory: 443.00M
"space" in: FreePDK45.lydrc:210
    Edge pairs: 0 (flat)  0 (hierarchical)
    Elapsed: 0.010s  Memory: 443.00M
"output" in: FreePDK45.lydrc:210
    Edge pairs: 0 (flat)  0 (hierarchical)
    Elapsed: 0.000s  Memory: 443.00M
"sized" in: FreePDK45.lydrc:78
    Polygons (raw): 2 (flat)  2 (hierarchical)
    Elapsed: 0.000s  Memory: 443.00M
"sized" in: FreePDK45.lydrc:78
    Polygons (raw): 2 (flat)  2 (hierarchical)
    Elapsed: 0.000s  Memory: 443.00M
"sized" in: FreePDK45.lydrc:78
    Polygons (raw): 0 (flat)  0 (hierarchical)
    Elapsed: 0.000s  Memory: 443.00M
"sized" in: FreePDK45.lydrc:78
    Polygons (raw): 0 (flat)  0 (hierarchical)
    Elapsed: 0.000s  Memory: 443.00M
"sized" in: FreePDK45.lydrc:78
    Polygons (raw): 0 (flat)  0 (hierarchical)
    Elapsed: 0.000s  Memory: 443.00M
"sized" in: FreePDK45.lydrc:78
    Polygons (raw): 0 (flat)  0 (hierarchical)
    Elapsed: 0.000s  Memory: 443.00M
"edges" in: FreePDK45.lydrc:212
    Edges: 8 (flat)  8 (hierarchical)
    Elapsed: 0.000s  Memory: 443.00M
"with_length" in: FreePDK45.lydrc:212
    Edges: 4 (flat)  4 (hierarchical)
    Elapsed: 0.000s  Memory: 443.00M
"space" in: FreePDK45.lydrc:212
    Edge pairs: 0 (flat)  0 (hierarchical)
    Elapsed: 0.000s  Memory: 443.00M
"output" in: FreePDK45.lydrc:212
    Edge pairs: 0 (flat)  0 (hierarchical)
    Elapsed: 0.000s  Memory: 443.00M
"edges" in: FreePDK45.lydrc:213
    Edges: 0 (flat)  0 (hierarchical)
    Elapsed: 0.000s  Memory: 443.00M
"with_length" in: FreePDK45.lydrc:213
    Edges: 0 (flat)  0 (hierarchical)
    Elapsed: 0.000s  Memory: 443.00M
"space" in: FreePDK45.lydrc:213
    Edge pairs: 0 (flat)  0 (hierarchical)
    Elapsed: 0.010s  Memory: 443.00M
"output" in: FreePDK45.lydrc:213
    Edge pairs: 0 (flat)  0 (hierarchical)
    Elapsed: 0.000s  Memory: 443.00M
"edges" in: FreePDK45.lydrc:214
    Edges: 0 (flat)  0 (hierarchical)
    Elapsed: 0.000s  Memory: 443.00M
"with_length" in: FreePDK45.lydrc:214
    Edges: 0 (flat)  0 (hierarchical)
    Elapsed: 0.000s  Memory: 443.00M
"space" in: FreePDK45.lydrc:214
    Edge pairs: 0 (flat)  0 (hierarchical)
    Elapsed: 0.010s  Memory: 443.00M
"output" in: FreePDK45.lydrc:214
    Edge pairs: 0 (flat)  0 (hierarchical)
    Elapsed: 0.000s  Memory: 443.00M
"width" in: FreePDK45.lydrc:217
    Edge pairs: 0 (flat)  0 (hierarchical)
    Elapsed: 0.000s  Memory: 443.00M
"output" in: FreePDK45.lydrc:217
    Edge pairs: 0 (flat)  0 (hierarchical)
    Elapsed: 0.000s  Memory: 443.00M
"space" in: FreePDK45.lydrc:218
    Edge pairs: 0 (flat)  0 (hierarchical)
    Elapsed: 0.000s  Memory: 443.00M
"output" in: FreePDK45.lydrc:218
    Edge pairs: 0 (flat)  0 (hierarchical)
    Elapsed: 0.000s  Memory: 443.00M
"-" in: FreePDK45.lydrc:219
    Polygons (raw): 0 (flat)  0 (hierarchical)
    Elapsed: 0.000s  Memory: 443.00M
"output" in: FreePDK45.lydrc:219
    Polygons (raw): 0 (flat)  0 (hierarchical)
    Elapsed: 0.000s  Memory: 443.00M
"-" in: FreePDK45.lydrc:220
    Polygons (raw): 0 (flat)  0 (hierarchical)
    Elapsed: 0.000s  Memory: 443.00M
"output" in: FreePDK45.lydrc:220
    Polygons (raw): 0 (flat)  0 (hierarchical)
    Elapsed: 0.000s  Memory: 443.00M
"width" in: FreePDK45.lydrc:223
    Edge pairs: 0 (flat)  0 (hierarchical)
    Elapsed: 0.010s  Memory: 443.00M
"output" in: FreePDK45.lydrc:223
    Edge pairs: 0 (flat)  0 (hierarchical)
    Elapsed: 0.000s  Memory: 443.00M
"space" in: FreePDK45.lydrc:224
    Edge pairs: 0 (flat)  0 (hierarchical)
    Elapsed: 0.000s  Memory: 443.00M
"output" in: FreePDK45.lydrc:224
    Edge pairs: 0 (flat)  0 (hierarchical)
    Elapsed: 0.000s  Memory: 443.00M
"sized" in: FreePDK45.lydrc:78
    Polygons (raw): 2 (flat)  2 (hierarchical)
    Elapsed: 0.000s  Memory: 443.00M
"sized" in: FreePDK45.lydrc:78
    Polygons (raw): 2 (flat)  2 (hierarchical)
    Elapsed: 0.000s  Memory: 443.00M
"sized" in: FreePDK45.lydrc:78
    Polygons (raw): 0 (flat)  0 (hierarchical)
    Elapsed: 0.010s  Memory: 443.00M
"sized" in: FreePDK45.lydrc:78
    Polygons (raw): 0 (flat)  0 (hierarchical)
    Elapsed: 0.000s  Memory: 443.00M
"sized" in: FreePDK45.lydrc:78
    Polygons (raw): 0 (flat)  0 (hierarchical)
    Elapsed: 0.000s  Memory: 443.00M
"sized" in: FreePDK45.lydrc:78
    Polygons (raw): 0 (flat)  0 (hierarchical)
    Elapsed: 0.000s  Memory: 443.00M
"edges" in: FreePDK45.lydrc:226
    Edges: 8 (flat)  8 (hierarchical)
    Elapsed: 0.000s  Memory: 443.00M
"with_length" in: FreePDK45.lydrc:226
    Edges: 4 (flat)  4 (hierarchical)
    Elapsed: 0.000s  Memory: 443.00M
"space" in: FreePDK45.lydrc:226
    Edge pairs: 0 (flat)  0 (hierarchical)
    Elapsed: 0.010s  Memory: 443.00M
"output" in: FreePDK45.lydrc:226
    Edge pairs: 0 (flat)  0 (hierarchical)
    Elapsed: 0.000s  Memory: 443.00M
"edges" in: FreePDK45.lydrc:227
    Edges: 0 (flat)  0 (hierarchical)
    Elapsed: 0.000s  Memory: 443.00M
"with_length" in: FreePDK45.lydrc:227
    Edges: 0 (flat)  0 (hierarchical)
    Elapsed: 0.000s  Memory: 443.00M
"space" in: FreePDK45.lydrc:227
    Edge pairs: 0 (flat)  0 (hierarchical)
    Elapsed: 0.000s  Memory: 443.00M
"output" in: FreePDK45.lydrc:227
    Edge pairs: 0 (flat)  0 (hierarchical)
    Elapsed: 0.010s  Memory: 443.00M
"edges" in: FreePDK45.lydrc:228
    Edges: 0 (flat)  0 (hierarchical)
    Elapsed: 0.000s  Memory: 443.00M
"with_length" in: FreePDK45.lydrc:228
    Edges: 0 (flat)  0 (hierarchical)
    Elapsed: 0.000s  Memory: 443.00M
"space" in: FreePDK45.lydrc:228
    Edge pairs: 0 (flat)  0 (hierarchical)
    Elapsed: 0.000s  Memory: 443.00M
"output" in: FreePDK45.lydrc:228
    Edge pairs: 0 (flat)  0 (hierarchical)
    Elapsed: 0.000s  Memory: 443.00M
"width" in: FreePDK45.lydrc:231
    Edge pairs: 0 (flat)  0 (hierarchical)
    Elapsed: 0.000s  Memory: 443.00M
"output" in: FreePDK45.lydrc:231
    Edge pairs: 0 (flat)  0 (hierarchical)
    Elapsed: 0.000s  Memory: 444.00M
"space" in: FreePDK45.lydrc:232
    Edge pairs: 0 (flat)  0 (hierarchical)
    Elapsed: 0.010s  Memory: 444.00M
"output" in: FreePDK45.lydrc:232
    Edge pairs: 0 (flat)  0 (hierarchical)
    Elapsed: 0.000s  Memory: 444.00M
"-" in: FreePDK45.lydrc:233
    Polygons (raw): 0 (flat)  0 (hierarchical)
    Elapsed: 0.000s  Memory: 444.00M
"output" in: FreePDK45.lydrc:233
    Polygons (raw): 0 (flat)  0 (hierarchical)
    Elapsed: 0.000s  Memory: 444.00M
"-" in: FreePDK45.lydrc:234
    Polygons (raw): 0 (flat)  0 (hierarchical)
    Elapsed: 0.000s  Memory: 444.00M
"output" in: FreePDK45.lydrc:234
    Polygons (raw): 0 (flat)  0 (hierarchical)
    Elapsed: 0.000s  Memory: 444.00M
"width" in: FreePDK45.lydrc:237
    Edge pairs: 0 (flat)  0 (hierarchical)
    Elapsed: 0.000s  Memory: 444.00M
"output" in: FreePDK45.lydrc:237
    Edge pairs: 0 (flat)  0 (hierarchical)
    Elapsed: 0.000s  Memory: 444.00M
"space" in: FreePDK45.lydrc:238
    Edge pairs: 0 (flat)  0 (hierarchical)
    Elapsed: 0.000s  Memory: 444.00M
"output" in: FreePDK45.lydrc:238
    Edge pairs: 0 (flat)  0 (hierarchical)
    Elapsed: 0.010s  Memory: 445.00M
"sized" in: FreePDK45.lydrc:78
    Polygons (raw): 2 (flat)  2 (hierarchical)
    Elapsed: 0.000s  Memory: 445.00M
"sized" in: FreePDK45.lydrc:78
    Polygons (raw): 2 (flat)  2 (hierarchical)
    Elapsed: 0.000s  Memory: 445.00M
"sized" in: FreePDK45.lydrc:78
    Polygons (raw): 0 (flat)  0 (hierarchical)
    Elapsed: 0.000s  Memory: 445.00M
"sized" in: FreePDK45.lydrc:78
    Polygons (raw): 0 (flat)  0 (hierarchical)
    Elapsed: 0.000s  Memory: 445.00M
"sized" in: FreePDK45.lydrc:78
    Polygons (raw): 0 (flat)  0 (hierarchical)
    Elapsed: 0.000s  Memory: 445.00M
"sized" in: FreePDK45.lydrc:78
    Polygons (raw): 0 (flat)  0 (hierarchical)
    Elapsed: 0.000s  Memory: 445.00M
"edges" in: FreePDK45.lydrc:240
    Edges: 8 (flat)  8 (hierarchical)
    Elapsed: 0.000s  Memory: 445.00M
"with_length" in: FreePDK45.lydrc:240
    Edges: 4 (flat)  4 (hierarchical)
    Elapsed: 0.000s  Memory: 445.00M
"space" in: FreePDK45.lydrc:240
    Edge pairs: 0 (flat)  0 (hierarchical)
    Elapsed: 0.000s  Memory: 445.00M
"output" in: FreePDK45.lydrc:240
    Edge pairs: 0 (flat)  0 (hierarchical)
    Elapsed: 0.000s  Memory: 445.00M
"edges" in: FreePDK45.lydrc:241
    Edges: 0 (flat)  0 (hierarchical)
    Elapsed: 0.000s  Memory: 445.00M
"with_length" in: FreePDK45.lydrc:241
    Edges: 0 (flat)  0 (hierarchical)
    Elapsed: 0.000s  Memory: 446.00M
"space" in: FreePDK45.lydrc:241
    Edge pairs: 0 (flat)  0 (hierarchical)
    Elapsed: 0.010s  Memory: 446.00M
"output" in: FreePDK45.lydrc:241
    Edge pairs: 0 (flat)  0 (hierarchical)
    Elapsed: 0.000s  Memory: 446.00M
"edges" in: FreePDK45.lydrc:242
    Edges: 0 (flat)  0 (hierarchical)
    Elapsed: 0.000s  Memory: 446.00M
"with_length" in: FreePDK45.lydrc:242
    Edges: 0 (flat)  0 (hierarchical)
    Elapsed: 0.000s  Memory: 446.00M
"space" in: FreePDK45.lydrc:242
    Edge pairs: 0 (flat)  0 (hierarchical)
    Elapsed: 0.000s  Memory: 446.00M
"output" in: FreePDK45.lydrc:242
    Edge pairs: 0 (flat)  0 (hierarchical)
    Elapsed: 0.000s  Memory: 446.00M
"width" in: FreePDK45.lydrc:245
    Edge pairs: 0 (flat)  0 (hierarchical)
    Elapsed: 0.000s  Memory: 446.00M
"output" in: FreePDK45.lydrc:245
    Edge pairs: 0 (flat)  0 (hierarchical)
    Elapsed: 0.000s  Memory: 446.00M
"space" in: FreePDK45.lydrc:246
    Edge pairs: 0 (flat)  0 (hierarchical)
    Elapsed: 0.000s  Memory: 446.00M
"output" in: FreePDK45.lydrc:246
    Edge pairs: 0 (flat)  0 (hierarchical)
    Elapsed: 0.000s  Memory: 446.00M
"-" in: FreePDK45.lydrc:247
    Polygons (raw): 0 (flat)  0 (hierarchical)
    Elapsed: 0.010s  Memory: 446.00M
"output" in: FreePDK45.lydrc:247
    Polygons (raw): 0 (flat)  0 (hierarchical)
    Elapsed: 0.000s  Memory: 446.00M
"-" in: FreePDK45.lydrc:248
    Polygons (raw): 0 (flat)  0 (hierarchical)
    Elapsed: 0.000s  Memory: 447.00M
"output" in: FreePDK45.lydrc:248
    Polygons (raw): 0 (flat)  0 (hierarchical)
    Elapsed: 0.000s  Memory: 447.00M
"width" in: FreePDK45.lydrc:251
    Edge pairs: 0 (flat)  0 (hierarchical)
    Elapsed: 0.000s  Memory: 447.00M
"output" in: FreePDK45.lydrc:251
    Edge pairs: 0 (flat)  0 (hierarchical)
    Elapsed: 0.000s  Memory: 447.00M
"space" in: FreePDK45.lydrc:252
    Edge pairs: 0 (flat)  0 (hierarchical)
    Elapsed: 0.000s  Memory: 447.00M
"output" in: FreePDK45.lydrc:252
    Edge pairs: 0 (flat)  0 (hierarchical)
    Elapsed: 0.010s  Memory: 447.00M
"sized" in: FreePDK45.lydrc:78
    Polygons (raw): 2 (flat)  2 (hierarchical)
    Elapsed: 0.000s  Memory: 447.00M
"sized" in: FreePDK45.lydrc:78
    Polygons (raw): 2 (flat)  2 (hierarchical)
    Elapsed: 0.000s  Memory: 447.00M
"sized" in: FreePDK45.lydrc:78
    Polygons (raw): 2 (flat)  2 (hierarchical)
    Elapsed: 0.000s  Memory: 447.00M
"sized" in: FreePDK45.lydrc:78
    Polygons (raw): 2 (flat)  2 (hierarchical)
    Elapsed: 0.000s  Memory: 447.00M
"sized" in: FreePDK45.lydrc:78
    Polygons (raw): 0 (flat)  0 (hierarchical)
    Elapsed: 0.000s  Memory: 447.00M
"sized" in: FreePDK45.lydrc:78
    Polygons (raw): 0 (flat)  0 (hierarchical)
    Elapsed: 0.000s  Memory: 448.00M
"edges" in: FreePDK45.lydrc:254
    Edges: 8 (flat)  8 (hierarchical)
    Elapsed: 0.010s  Memory: 448.00M
"with_length" in: FreePDK45.lydrc:254
    Edges: 4 (flat)  4 (hierarchical)
    Elapsed: 0.000s  Memory: 448.00M
"space" in: FreePDK45.lydrc:254
    Edge pairs: 0 (flat)  0 (hierarchical)
    Elapsed: 0.000s  Memory: 448.00M
"output" in: FreePDK45.lydrc:254
    Edge pairs: 0 (flat)  0 (hierarchical)
    Elapsed: 0.000s  Memory: 448.00M
"edges" in: FreePDK45.lydrc:255
    Edges: 8 (flat)  8 (hierarchical)
    Elapsed: 0.000s  Memory: 448.00M
"with_length" in: FreePDK45.lydrc:255
    Edges: 4 (flat)  4 (hierarchical)
    Elapsed: 0.000s  Memory: 448.00M
"space" in: FreePDK45.lydrc:255
    Edge pairs: 0 (flat)  0 (hierarchical)
    Elapsed: 0.000s  Memory: 448.00M
"output" in: FreePDK45.lydrc:255
    Edge pairs: 0 (flat)  0 (hierarchical)
    Elapsed: 0.000s  Memory: 448.00M
"edges" in: FreePDK45.lydrc:256
    Edges: 0 (flat)  0 (hierarchical)
    Elapsed: 0.010s  Memory: 448.00M
"with_length" in: FreePDK45.lydrc:256
    Edges: 0 (flat)  0 (hierarchical)
    Elapsed: 0.000s  Memory: 448.00M
"space" in: FreePDK45.lydrc:256
    Edge pairs: 0 (flat)  0 (hierarchical)
    Elapsed: 0.000s  Memory: 449.00M
"output" in: FreePDK45.lydrc:256
    Edge pairs: 0 (flat)  0 (hierarchical)
    Elapsed: 0.000s  Memory: 449.00M
"width" in: FreePDK45.lydrc:259
    Edge pairs: 0 (flat)  0 (hierarchical)
    Elapsed: 0.000s  Memory: 449.00M
"output" in: FreePDK45.lydrc:259
    Edge pairs: 0 (flat)  0 (hierarchical)
    Elapsed: 0.000s  Memory: 449.00M
"space" in: FreePDK45.lydrc:260
    Edge pairs: 0 (flat)  0 (hierarchical)
    Elapsed: 0.000s  Memory: 449.00M
"output" in: FreePDK45.lydrc:260
    Edge pairs: 0 (flat)  0 (hierarchical)
    Elapsed: 0.000s  Memory: 449.00M
"-" in: FreePDK45.lydrc:261
    Polygons (raw): 0 (flat)  0 (hierarchical)
    Elapsed: 0.000s  Memory: 449.00M
"output" in: FreePDK45.lydrc:261
    Polygons (raw): 0 (flat)  0 (hierarchical)
    Elapsed: 0.000s  Memory: 449.00M
"-" in: FreePDK45.lydrc:262
    Polygons (raw): 0 (flat)  0 (hierarchical)
    Elapsed: 0.000s  Memory: 449.00M
"output" in: FreePDK45.lydrc:262
    Polygons (raw): 0 (flat)  0 (hierarchical)
    Elapsed: 0.000s  Memory: 449.00M
"width" in: FreePDK45.lydrc:265
    Edge pairs: 0 (flat)  0 (hierarchical)
    Elapsed: 0.000s  Memory: 449.00M
"output" in: FreePDK45.lydrc:265
    Edge pairs: 0 (flat)  0 (hierarchical)
    Elapsed: 0.000s  Memory: 449.00M
"space" in: FreePDK45.lydrc:266
    Edge pairs: 0 (flat)  0 (hierarchical)
    Elapsed: 0.000s  Memory: 450.00M
"output" in: FreePDK45.lydrc:266
    Edge pairs: 0 (flat)  0 (hierarchical)
    Elapsed: 0.010s  Memory: 450.00M
"sized" in: FreePDK45.lydrc:78
    Polygons (raw): 0 (flat)  0 (hierarchical)
    Elapsed: 0.000s  Memory: 450.00M
"sized" in: FreePDK45.lydrc:78
    Polygons (raw): 0 (flat)  0 (hierarchical)
    Elapsed: 0.010s  Memory: 450.00M
"sized" in: FreePDK45.lydrc:78
    Polygons (raw): 0 (flat)  0 (hierarchical)
    Elapsed: 0.000s  Memory: 450.00M
"sized" in: FreePDK45.lydrc:78
    Polygons (raw): 0 (flat)  0 (hierarchical)
    Elapsed: 0.000s  Memory: 450.00M
"sized" in: FreePDK45.lydrc:78
    Polygons (raw): 0 (flat)  0 (hierarchical)
    Elapsed: 0.000s  Memory: 450.00M
"sized" in: FreePDK45.lydrc:78
    Polygons (raw): 0 (flat)  0 (hierarchical)
    Elapsed: 0.000s  Memory: 450.00M
"edges" in: FreePDK45.lydrc:268
    Edges: 0 (flat)  0 (hierarchical)
    Elapsed: 0.000s  Memory: 450.00M
"with_length" in: FreePDK45.lydrc:268
    Edges: 0 (flat)  0 (hierarchical)
    Elapsed: 0.000s  Memory: 450.00M
"space" in: FreePDK45.lydrc:268
    Edge pairs: 0 (flat)  0 (hierarchical)
    Elapsed: 0.000s  Memory: 450.00M
"output" in: FreePDK45.lydrc:268
    Edge pairs: 0 (flat)  0 (hierarchical)
    Elapsed: 0.000s  Memory: 450.00M
"edges" in: FreePDK45.lydrc:269
    Edges: 0 (flat)  0 (hierarchical)
    Elapsed: 0.000s  Memory: 450.00M
"with_length" in: FreePDK45.lydrc:269
    Edges: 0 (flat)  0 (hierarchical)
    Elapsed: 0.000s  Memory: 450.00M
"space" in: FreePDK45.lydrc:269
    Edge pairs: 0 (flat)  0 (hierarchical)
    Elapsed: 0.000s  Memory: 451.00M
"output" in: FreePDK45.lydrc:269
    Edge pairs: 0 (flat)  0 (hierarchical)
    Elapsed: 0.000s  Memory: 451.00M
"edges" in: FreePDK45.lydrc:270
    Edges: 0 (flat)  0 (hierarchical)
    Elapsed: 0.010s  Memory: 451.00M
"with_length" in: FreePDK45.lydrc:270
    Edges: 0 (flat)  0 (hierarchical)
    Elapsed: 0.000s  Memory: 451.00M
"space" in: FreePDK45.lydrc:270
    Edge pairs: 0 (flat)  0 (hierarchical)
    Elapsed: 0.000s  Memory: 451.00M
"output" in: FreePDK45.lydrc:270
    Edge pairs: 0 (flat)  0 (hierarchical)
    Elapsed: 0.000s  Memory: 451.00M
"width" in: FreePDK45.lydrc:273
    Edge pairs: 0 (flat)  0 (hierarchical)
    Elapsed: 0.000s  Memory: 451.00M
"output" in: FreePDK45.lydrc:273
    Edge pairs: 0 (flat)  0 (hierarchical)
    Elapsed: 0.000s  Memory: 451.00M
"space" in: FreePDK45.lydrc:274
    Edge pairs: 0 (flat)  0 (hierarchical)
    Elapsed: 0.000s  Memory: 451.00M
"output" in: FreePDK45.lydrc:274
    Edge pairs: 0 (flat)  0 (hierarchical)
    Elapsed: 0.000s  Memory: 451.00M
"-" in: FreePDK45.lydrc:275
    Polygons (raw): 0 (flat)  0 (hierarchical)
    Elapsed: 0.000s  Memory: 451.00M
"output" in: FreePDK45.lydrc:275
    Polygons (raw): 0 (flat)  0 (hierarchical)
    Elapsed: 0.000s  Memory: 452.00M
"-" in: FreePDK45.lydrc:276
    Polygons (raw): 0 (flat)  0 (hierarchical)
    Elapsed: 0.000s  Memory: 452.00M
"output" in: FreePDK45.lydrc:276
    Polygons (raw): 0 (flat)  0 (hierarchical)
    Elapsed: 0.000s  Memory: 452.00M
"width" in: FreePDK45.lydrc:279
    Edge pairs: 0 (flat)  0 (hierarchical)
    Elapsed: 0.000s  Memory: 452.00M
"output" in: FreePDK45.lydrc:279
    Edge pairs: 0 (flat)  0 (hierarchical)
    Elapsed: 0.000s  Memory: 452.00M
"space" in: FreePDK45.lydrc:280
    Edge pairs: 0 (flat)  0 (hierarchical)
    Elapsed: 0.000s  Memory: 452.00M
"output" in: FreePDK45.lydrc:280
    Edge pairs: 0 (flat)  0 (hierarchical)
    Elapsed: 0.000s  Memory: 452.00M
"sized" in: FreePDK45.lydrc:78
    Polygons (raw): 0 (flat)  0 (hierarchical)
    Elapsed: 0.000s  Memory: 452.00M
"sized" in: FreePDK45.lydrc:78
    Polygons (raw): 0 (flat)  0 (hierarchical)
    Elapsed: 0.000s  Memory: 452.00M
"sized" in: FreePDK45.lydrc:78
    Polygons (raw): 0 (flat)  0 (hierarchical)
    Elapsed: 0.000s  Memory: 452.00M
"sized" in: FreePDK45.lydrc:78
    Polygons (raw): 0 (flat)  0 (hierarchical)
    Elapsed: 0.000s  Memory: 452.00M
"sized" in: FreePDK45.lydrc:78
    Polygons (raw): 0 (flat)  0 (hierarchical)
    Elapsed: 0.000s  Memory: 452.00M
"sized" in: FreePDK45.lydrc:78
    Polygons (raw): 0 (flat)  0 (hierarchical)
    Elapsed: 0.000s  Memory: 453.00M
"edges" in: FreePDK45.lydrc:282
    Edges: 0 (flat)  0 (hierarchical)
    Elapsed: 0.000s  Memory: 453.00M
"with_length" in: FreePDK45.lydrc:282
    Edges: 0 (flat)  0 (hierarchical)
    Elapsed: 0.000s  Memory: 453.00M
"space" in: FreePDK45.lydrc:282
    Edge pairs: 0 (flat)  0 (hierarchical)
    Elapsed: 0.000s  Memory: 453.00M
"output" in: FreePDK45.lydrc:282
    Edge pairs: 0 (flat)  0 (hierarchical)
    Elapsed: 0.000s  Memory: 453.00M
"edges" in: FreePDK45.lydrc:283
    Edges: 0 (flat)  0 (hierarchical)
    Elapsed: 0.000s  Memory: 453.00M
"with_length" in: FreePDK45.lydrc:283
    Edges: 0 (flat)  0 (hierarchical)
    Elapsed: 0.000s  Memory: 453.00M
"space" in: FreePDK45.lydrc:283
    Edge pairs: 0 (flat)  0 (hierarchical)
    Elapsed: 0.000s  Memory: 453.00M
"output" in: FreePDK45.lydrc:283
    Edge pairs: 0 (flat)  0 (hierarchical)
    Elapsed: 0.000s  Memory: 453.00M
"edges" in: FreePDK45.lydrc:284
    Edges: 0 (flat)  0 (hierarchical)
    Elapsed: 0.000s  Memory: 453.00M
"with_length" in: FreePDK45.lydrc:284
    Edges: 0 (flat)  0 (hierarchical)
    Elapsed: 0.000s  Memory: 453.00M
"space" in: FreePDK45.lydrc:284
    Edge pairs: 0 (flat)  0 (hierarchical)
    Elapsed: 0.010s  Memory: 453.00M
"output" in: FreePDK45.lydrc:284
    Edge pairs: 0 (flat)  0 (hierarchical)
    Elapsed: 0.000s  Memory: 454.00M
"width" in: FreePDK45.lydrc:287
    Edge pairs: 0 (flat)  0 (hierarchical)
    Elapsed: 0.000s  Memory: 454.00M
"output" in: FreePDK45.lydrc:287
    Edge pairs: 0 (flat)  0 (hierarchical)
    Elapsed: 0.000s  Memory: 454.00M
"space" in: FreePDK45.lydrc:288
    Edge pairs: 0 (flat)  0 (hierarchical)
    Elapsed: 0.000s  Memory: 454.00M
"output" in: FreePDK45.lydrc:288
    Edge pairs: 0 (flat)  0 (hierarchical)
    Elapsed: 0.000s  Memory: 454.00M
"-" in: FreePDK45.lydrc:289
    Polygons (raw): 0 (flat)  0 (hierarchical)
    Elapsed: 0.010s  Memory: 454.00M
"output" in: FreePDK45.lydrc:289
    Polygons (raw): 0 (flat)  0 (hierarchical)
    Elapsed: 0.000s  Memory: 454.00M
"-" in: FreePDK45.lydrc:290
    Polygons (raw): 0 (flat)  0 (hierarchical)
    Elapsed: 0.000s  Memory: 454.00M
"output" in: FreePDK45.lydrc:290
    Polygons (raw): 0 (flat)  0 (hierarchical)
    Elapsed: 0.000s  Memory: 454.00M
"width" in: FreePDK45.lydrc:293
    Edge pairs: 0 (flat)  0 (hierarchical)
    Elapsed: 0.000s  Memory: 454.00M
"output" in: FreePDK45.lydrc:293
    Edge pairs: 0 (flat)  0 (hierarchical)
    Elapsed: 0.000s  Memory: 454.00M
"space" in: FreePDK45.lydrc:294
    Edge pairs: 0 (flat)  0 (hierarchical)
    Elapsed: 0.000s  Memory: 454.00M
"output" in: FreePDK45.lydrc:294
    Edge pairs: 0 (flat)  0 (hierarchical)
    Elapsed: 0.000s  Memory: 455.00M
"sized" in: FreePDK45.lydrc:78
    Polygons (raw): 0 (flat)  0 (hierarchical)
    Elapsed: 0.000s  Memory: 455.00M
"sized" in: FreePDK45.lydrc:78
    Polygons (raw): 0 (flat)  0 (hierarchical)
    Elapsed: 0.000s  Memory: 455.00M
"sized" in: FreePDK45.lydrc:78
    Polygons (raw): 0 (flat)  0 (hierarchical)
    Elapsed: 0.000s  Memory: 455.00M
"sized" in: FreePDK45.lydrc:78
    Polygons (raw): 0 (flat)  0 (hierarchical)
    Elapsed: 0.000s  Memory: 455.00M
"sized" in: FreePDK45.lydrc:78
    Polygons (raw): 0 (flat)  0 (hierarchical)
    Elapsed: 0.000s  Memory: 455.00M
"sized" in: FreePDK45.lydrc:78
    Polygons (raw): 0 (flat)  0 (hierarchical)
    Elapsed: 0.000s  Memory: 455.00M
"edges" in: FreePDK45.lydrc:296
    Edges: 0 (flat)  0 (hierarchical)
    Elapsed: 0.010s  Memory: 455.00M
"with_length" in: FreePDK45.lydrc:296
    Edges: 0 (flat)  0 (hierarchical)
    Elapsed: 0.000s  Memory: 455.00M
"space" in: FreePDK45.lydrc:296
    Edge pairs: 0 (flat)  0 (hierarchical)
    Elapsed: 0.000s  Memory: 455.00M
"output" in: FreePDK45.lydrc:296
    Edge pairs: 0 (flat)  0 (hierarchical)
    Elapsed: 0.000s  Memory: 455.00M
"edges" in: FreePDK45.lydrc:297
    Edges: 0 (flat)  0 (hierarchical)
    Elapsed: 0.000s  Memory: 455.00M
"with_length" in: FreePDK45.lydrc:297
    Edges: 0 (flat)  0 (hierarchical)
    Elapsed: 0.000s  Memory: 456.00M
"space" in: FreePDK45.lydrc:297
    Edge pairs: 0 (flat)  0 (hierarchical)
    Elapsed: 0.000s  Memory: 456.00M
"output" in: FreePDK45.lydrc:297
    Edge pairs: 0 (flat)  0 (hierarchical)
    Elapsed: 0.000s  Memory: 456.00M
"edges" in: FreePDK45.lydrc:298
    Edges: 0 (flat)  0 (hierarchical)
    Elapsed: 0.000s  Memory: 456.00M
"with_length" in: FreePDK45.lydrc:298
    Edges: 0 (flat)  0 (hierarchical)
    Elapsed: 0.000s  Memory: 456.00M
"space" in: FreePDK45.lydrc:298
    Edge pairs: 0 (flat)  0 (hierarchical)
    Elapsed: 0.000s  Memory: 456.00M
"output" in: FreePDK45.lydrc:298
    Edge pairs: 0 (flat)  0 (hierarchical)
    Elapsed: 0.000s  Memory: 456.00M
Off-grid checks
ANTENNA checks
"-" in: FreePDK45.lydrc:349
    Polygons (raw): 262 (flat)  261 (hierarchical)
    Elapsed: 0.010s  Memory: 456.00M
"&" in: FreePDK45.lydrc:349
    Polygons (raw): 204 (flat)  203 (hierarchical)
    Elapsed: 0.040s  Memory: 442.00M
"antenna_check" in: FreePDK45.lydrc:352
    Elapsed: 0.020s  Memory: 442.00M
"antenna_check" in: FreePDK45.lydrc:352
    Polygons (raw): 0 (flat)  0 (hierarchical)
    Elapsed: 0.000s  Memory: 442.00M
"output" in: FreePDK45.lydrc:352
    Polygons (raw): 0 (flat)  0 (hierarchical)
    Elapsed: 0.000s  Memory: 442.00M
"antenna_check" in: FreePDK45.lydrc:353
    Polygons (raw): 0 (flat)  0 (hierarchical)
    Elapsed: 0.000s  Memory: 442.00M
"output" in: FreePDK45.lydrc:353
    Polygons (raw): 0 (flat)  0 (hierarchical)
    Elapsed: 0.000s  Memory: 442.00M
"antenna_check" in: FreePDK45.lydrc:354
    Polygons (raw): 0 (flat)  0 (hierarchical)
    Elapsed: 0.000s  Memory: 442.00M
"output" in: FreePDK45.lydrc:354
    Polygons (raw): 0 (flat)  0 (hierarchical)
    Elapsed: 0.000s  Memory: 442.00M
"antenna_check" in: FreePDK45.lydrc:355
    Polygons (raw): 0 (flat)  0 (hierarchical)
    Elapsed: 0.000s  Memory: 442.00M
"output" in: FreePDK45.lydrc:355
    Polygons (raw): 0 (flat)  0 (hierarchical)
    Elapsed: 0.010s  Memory: 442.00M
"antenna_check" in: FreePDK45.lydrc:356
    Polygons (raw): 0 (flat)  0 (hierarchical)
    Elapsed: 0.000s  Memory: 442.00M
"output" in: FreePDK45.lydrc:356
    Polygons (raw): 0 (flat)  0 (hierarchical)
    Elapsed: 0.000s  Memory: 442.00M
"antenna_check" in: FreePDK45.lydrc:357
    Polygons (raw): 0 (flat)  0 (hierarchical)
    Elapsed: 0.000s  Memory: 442.00M
"output" in: FreePDK45.lydrc:357
    Polygons (raw): 0 (flat)  0 (hierarchical)
    Elapsed: 0.000s  Memory: 442.00M
"antenna_check" in: FreePDK45.lydrc:358
    Polygons (raw): 0 (flat)  0 (hierarchical)
    Elapsed: 0.000s  Memory: 442.00M
"output" in: FreePDK45.lydrc:358
    Polygons (raw): 0 (flat)  0 (hierarchical)
    Elapsed: 0.000s  Memory: 442.00M
"antenna_check" in: FreePDK45.lydrc:359
    Polygons (raw): 0 (flat)  0 (hierarchical)
    Elapsed: 0.000s  Memory: 442.00M
"output" in: FreePDK45.lydrc:359
    Polygons (raw): 0 (flat)  0 (hierarchical)
    Elapsed: 0.010s  Memory: 442.00M
"antenna_check" in: FreePDK45.lydrc:360
    Polygons (raw): 0 (flat)  0 (hierarchical)
    Elapsed: 0.000s  Memory: 442.00M
"output" in: FreePDK45.lydrc:360
    Polygons (raw): 0 (flat)  0 (hierarchical)
    Elapsed: 0.000s  Memory: 442.00M
"antenna_check" in: FreePDK45.lydrc:361
    Polygons (raw): 0 (flat)  0 (hierarchical)
    Elapsed: 0.000s  Memory: 442.00M
"output" in: FreePDK45.lydrc:361
    Polygons (raw): 0 (flat)  0 (hierarchical)
    Elapsed: 0.000s  Memory: 442.00M
Total elapsed: 2.060s  Memory: 442.00M
