
 /----------------------------------------------------------------------------\
 |  yosys -- Yosys Open SYnthesis Suite                                       |
 |  Copyright (C) 2012 - 2026  Claire Xenia Wolf <claire@yosyshq.com>         |
 |  Distributed under an ISC-like license, type "license" to see terms        |
 \----------------------------------------------------------------------------/
 Yosys 0.67 (git sha1 2d1509d1b, Release, GNU /usr/local/bin/wrapped-cc/g++ 11.4.0)

-- Executing script file `/project/yosys/asic/synth_spi_master.ys' --

1. Executing Verilog-2005 frontend: /project/rtl/spi_chip_select.v
Parsing Verilog input from `/project/rtl/spi_chip_select.v' to AST representation.
Generating RTLIL representation for module `\spi_chip_select'.
Successfully finished Verilog frontend.

2. Executing Verilog-2005 frontend: /project/rtl/spi_clock_generator.v
Parsing Verilog input from `/project/rtl/spi_clock_generator.v' to AST representation.
Generating RTLIL representation for module `\spi_clock_generator'.
Successfully finished Verilog frontend.

3. Executing Verilog-2005 frontend: /project/rtl/spi_master_fsm.v
Parsing Verilog input from `/project/rtl/spi_master_fsm.v' to AST representation.
Generating RTLIL representation for module `\spi_master_fsm'.
Successfully finished Verilog frontend.

4. Executing Verilog-2005 frontend: /project/rtl/spi_master_top.v
Parsing Verilog input from `/project/rtl/spi_master_top.v' to AST representation.
Generating RTLIL representation for module `\spi_master_top'.
Successfully finished Verilog frontend.

5. Executing Verilog-2005 frontend: /project/rtl/spi_shift_register.v
Parsing Verilog input from `/project/rtl/spi_shift_register.v' to AST representation.
Generating RTLIL representation for module `\spi_shift_register'.
Successfully finished Verilog frontend.

6. Executing HIERARCHY pass (managing design hierarchy).

6.1. Analyzing design hierarchy..
Top module:  \spi_master_top
Used module:     \spi_master_fsm
Used module:     \spi_chip_select
Used module:     \spi_shift_register
Used module:     \spi_clock_generator
Parameter \DATA_WIDTH = 8

6.2. Executing AST frontend in derive mode using pre-parsed AST for module `\spi_shift_register'.
Parameter \DATA_WIDTH = 8
Generating RTLIL representation for module `$paramod\spi_shift_register\DATA_WIDTH=s32'00000000000000000000000000001000'.
Parameter \DIVIDER = 4

6.3. Executing AST frontend in derive mode using pre-parsed AST for module `\spi_clock_generator'.
Parameter \DIVIDER = 4
Generating RTLIL representation for module `$paramod\spi_clock_generator\DIVIDER=s32'00000000000000000000000000000100'.

6.4. Analyzing design hierarchy..
Top module:  \spi_master_top
Used module:     \spi_master_fsm
Used module:     \spi_chip_select
Used module:     $paramod\spi_shift_register\DATA_WIDTH=s32'00000000000000000000000000001000
Used module:     $paramod\spi_clock_generator\DIVIDER=s32'00000000000000000000000000000100

6.5. Analyzing design hierarchy..
Top module:  \spi_master_top
Used module:     \spi_master_fsm
Used module:     \spi_chip_select
Used module:     $paramod\spi_shift_register\DATA_WIDTH=s32'00000000000000000000000000001000
Used module:     $paramod\spi_clock_generator\DIVIDER=s32'00000000000000000000000000000100
Removing unused module `\spi_shift_register'.
Removing unused module `\spi_clock_generator'.
Removed 2 unused modules.

7. Executing PROC pass (convert processes to netlists).

7.1. Executing PROC_CLEAN pass (remove empty switches from decision trees).
Cleaned up 0 empty switches.

7.2. Executing PROC_RMDEAD pass (remove dead branches from decision trees).
Marked 2 switch rules as full_case in process $proc$/project/rtl/spi_clock_generator.v:21$13 in module $paramod\spi_clock_generator\DIVIDER=s32'00000000000000000000000000000100.
Marked 2 switch rules as full_case in process $proc$/project/rtl/spi_master_fsm.v:25$6 in module spi_master_fsm.
Marked 2 switch rules as full_case in process $proc$/project/rtl/spi_shift_register.v:34$10 in module $paramod\spi_shift_register\DATA_WIDTH=s32'00000000000000000000000000001000.
Marked 2 switch rules as full_case in process $proc$/project/rtl/spi_chip_select.v:13$1 in module spi_chip_select.
Removed a total of 0 dead cases.

7.3. Executing PROC_PRUNE pass (remove redundant assignments in processes).
Removed 6 redundant assignments.
Promoted 0 assignments to connections.

7.4. Executing PROC_INIT pass (extract init attributes).

7.5. Executing PROC_ARST pass (detect async resets in processes).
Found async reset \rst in `$paramod\spi_clock_generator\DIVIDER=s32'00000000000000000000000000000100.$proc$/project/rtl/spi_clock_generator.v:21$13'.
Found async reset \rst in `\spi_master_fsm.$proc$/project/rtl/spi_master_fsm.v:25$6'.
Found async reset \rst in `$paramod\spi_shift_register\DATA_WIDTH=s32'00000000000000000000000000001000.$proc$/project/rtl/spi_shift_register.v:34$10'.
Found async reset \rst in `\spi_chip_select.$proc$/project/rtl/spi_chip_select.v:13$1'.

7.6. Executing PROC_ROM pass (convert switches to ROMs).
Converted 0 switches.
<suppressed ~9 debug messages>

7.7. Executing PROC_MUX pass (convert decision trees to multiplexers).
Creating decoders for process `$paramod\spi_clock_generator\DIVIDER=s32'00000000000000000000000000000100.$proc$/project/rtl/spi_clock_generator.v:21$13'.
     1/2: $0\counter[31:0]
     2/2: $0\spi_clk[0:0]
Creating decoders for process `\spi_master_fsm.$proc$/project/rtl/spi_master_fsm.v:25$6'.
     1/6: $0\transfer_done[0:0]
     2/6: $0\shift_enable[0:0]
     3/6: $0\cs_start[0:0]
     4/6: $0\load[0:0]
     5/6: $0\state[2:0]
     6/6: $0\busy[0:0]
Creating decoders for process `$paramod\spi_shift_register\DATA_WIDTH=s32'00000000000000000000000000001000.$proc$/project/rtl/spi_shift_register.v:34$10'.
     1/5: $0\done[0:0]
     2/5: $0\bit_count[3:0]
     3/5: $0\rx_shift[7:0]
     4/5: $0\tx_shift[7:0]
     5/5: $0\rx_data[7:0]
Creating decoders for process `\spi_chip_select.$proc$/project/rtl/spi_chip_select.v:13$1'.
     1/2: $0\busy[0:0]
     2/2: $0\cs_n[0:0]

7.8. Executing PROC_DLATCH pass (convert process syncs to latches).

7.9. Executing PROC_DFF pass (convert process syncs to FFs).
Creating register for signal `$paramod\spi_clock_generator\DIVIDER=s32'00000000000000000000000000000100.\spi_clk' using process `$paramod\spi_clock_generator\DIVIDER=s32'00000000000000000000000000000100.$proc$/project/rtl/spi_clock_generator.v:21$13'.
  created $adff cell `$procdff$102' with positive edge clock and positive level reset.
Creating register for signal `$paramod\spi_clock_generator\DIVIDER=s32'00000000000000000000000000000100.\counter' using process `$paramod\spi_clock_generator\DIVIDER=s32'00000000000000000000000000000100.$proc$/project/rtl/spi_clock_generator.v:21$13'.
  created $adff cell `$procdff$105' with positive edge clock and positive level reset.
Creating register for signal `\spi_master_fsm.\transfer_done' using process `\spi_master_fsm.$proc$/project/rtl/spi_master_fsm.v:25$6'.
  created $adff cell `$procdff$108' with positive edge clock and positive level reset.
Creating register for signal `\spi_master_fsm.\busy' using process `\spi_master_fsm.$proc$/project/rtl/spi_master_fsm.v:25$6'.
  created $adff cell `$procdff$111' with positive edge clock and positive level reset.
Creating register for signal `\spi_master_fsm.\load' using process `\spi_master_fsm.$proc$/project/rtl/spi_master_fsm.v:25$6'.
  created $adff cell `$procdff$114' with positive edge clock and positive level reset.
Creating register for signal `\spi_master_fsm.\cs_start' using process `\spi_master_fsm.$proc$/project/rtl/spi_master_fsm.v:25$6'.
  created $adff cell `$procdff$117' with positive edge clock and positive level reset.
Creating register for signal `\spi_master_fsm.\shift_enable' using process `\spi_master_fsm.$proc$/project/rtl/spi_master_fsm.v:25$6'.
  created $adff cell `$procdff$120' with positive edge clock and positive level reset.
Creating register for signal `\spi_master_fsm.\state' using process `\spi_master_fsm.$proc$/project/rtl/spi_master_fsm.v:25$6'.
  created $adff cell `$procdff$123' with positive edge clock and positive level reset.
Creating register for signal `$paramod\spi_shift_register\DATA_WIDTH=s32'00000000000000000000000000001000.\rx_data' using process `$paramod\spi_shift_register\DATA_WIDTH=s32'00000000000000000000000000001000.$proc$/project/rtl/spi_shift_register.v:34$10'.
  created $adff cell `$procdff$126' with positive edge clock and positive level reset.
Creating register for signal `$paramod\spi_shift_register\DATA_WIDTH=s32'00000000000000000000000000001000.\done' using process `$paramod\spi_shift_register\DATA_WIDTH=s32'00000000000000000000000000001000.$proc$/project/rtl/spi_shift_register.v:34$10'.
  created $adff cell `$procdff$129' with positive edge clock and positive level reset.
Creating register for signal `$paramod\spi_shift_register\DATA_WIDTH=s32'00000000000000000000000000001000.\tx_shift' using process `$paramod\spi_shift_register\DATA_WIDTH=s32'00000000000000000000000000001000.$proc$/project/rtl/spi_shift_register.v:34$10'.
  created $adff cell `$procdff$132' with positive edge clock and positive level reset.
Creating register for signal `$paramod\spi_shift_register\DATA_WIDTH=s32'00000000000000000000000000001000.\rx_shift' using process `$paramod\spi_shift_register\DATA_WIDTH=s32'00000000000000000000000000001000.$proc$/project/rtl/spi_shift_register.v:34$10'.
  created $adff cell `$procdff$135' with positive edge clock and positive level reset.
Creating register for signal `$paramod\spi_shift_register\DATA_WIDTH=s32'00000000000000000000000000001000.\bit_count' using process `$paramod\spi_shift_register\DATA_WIDTH=s32'00000000000000000000000000001000.$proc$/project/rtl/spi_shift_register.v:34$10'.
  created $adff cell `$procdff$138' with positive edge clock and positive level reset.
Creating register for signal `\spi_chip_select.\cs_n' using process `\spi_chip_select.$proc$/project/rtl/spi_chip_select.v:13$1'.
  created $adff cell `$procdff$141' with positive edge clock and positive level reset.
Creating register for signal `\spi_chip_select.\busy' using process `\spi_chip_select.$proc$/project/rtl/spi_chip_select.v:13$1'.
  created $adff cell `$procdff$144' with positive edge clock and positive level reset.

7.10. Executing PROC_MEMWR pass (convert process memory writes to cells).

7.11. Executing PROC_CLEAN pass (remove empty switches from decision trees).
Found and cleaned up 1 empty switch in `$paramod\spi_clock_generator\DIVIDER=s32'00000000000000000000000000000100.$proc$/project/rtl/spi_clock_generator.v:21$13'.
Removing empty process `$paramod\spi_clock_generator\DIVIDER=s32'00000000000000000000000000000100.$proc$/project/rtl/spi_clock_generator.v:21$13'.
Found and cleaned up 3 empty switches in `\spi_master_fsm.$proc$/project/rtl/spi_master_fsm.v:25$6'.
Removing empty process `spi_master_fsm.$proc$/project/rtl/spi_master_fsm.v:25$6'.
Found and cleaned up 3 empty switches in `$paramod\spi_shift_register\DATA_WIDTH=s32'00000000000000000000000000001000.$proc$/project/rtl/spi_shift_register.v:34$10'.
Removing empty process `$paramod\spi_shift_register\DATA_WIDTH=s32'00000000000000000000000000001000.$proc$/project/rtl/spi_shift_register.v:34$10'.
Found and cleaned up 2 empty switches in `\spi_chip_select.$proc$/project/rtl/spi_chip_select.v:13$1'.
Removing empty process `spi_chip_select.$proc$/project/rtl/spi_chip_select.v:13$1'.
Cleaned up 9 empty switches.

7.12. Executing OPT_EXPR pass (perform const folding).
Optimizing module $paramod\spi_clock_generator\DIVIDER=s32'00000000000000000000000000000100.
<suppressed ~2 debug messages>
Optimizing module spi_master_top.
Optimizing module spi_master_fsm.
<suppressed ~8 debug messages>
Optimizing module $paramod\spi_shift_register\DATA_WIDTH=s32'00000000000000000000000000001000.
<suppressed ~5 debug messages>
Optimizing module spi_chip_select.
<suppressed ~2 debug messages>

8. Executing OPT pass (performing simple optimizations).

8.1. Executing OPT_EXPR pass (perform const folding).
Optimizing module $paramod\spi_clock_generator\DIVIDER=s32'00000000000000000000000000000100.
Optimizing module spi_master_top.
Optimizing module spi_master_fsm.
Optimizing module $paramod\spi_shift_register\DATA_WIDTH=s32'00000000000000000000000000001000.
Optimizing module spi_chip_select.

8.2. Executing OPT_MERGE pass (detect identical cells).
Finding identical cells in module `$paramod\spi_clock_generator\DIVIDER=s32'00000000000000000000000000000100'.
Computing hashes of 7 cells of `$paramod\spi_clock_generator\DIVIDER=s32'00000000000000000000000000000100'.
Finding duplicate cells in `$paramod\spi_clock_generator\DIVIDER=s32'00000000000000000000000000000100'.
Finding identical cells in module `\spi_master_top'.
Computing hashes of 4 cells of `\spi_master_top'.
Finding duplicate cells in `\spi_master_top'.
Finding identical cells in module `\spi_master_fsm'.
Computing hashes of 27 cells of `\spi_master_fsm'.
Finding duplicate cells in `\spi_master_fsm'.
Computing hashes of 19 cells of `\spi_master_fsm'.
Finding duplicate cells in `\spi_master_fsm'.
<suppressed ~24 debug messages>
Finding identical cells in module `$paramod\spi_shift_register\DATA_WIDTH=s32'00000000000000000000000000001000'.
Computing hashes of 20 cells of `$paramod\spi_shift_register\DATA_WIDTH=s32'00000000000000000000000000001000'.
Finding duplicate cells in `$paramod\spi_shift_register\DATA_WIDTH=s32'00000000000000000000000000001000'.
Finding identical cells in module `\spi_chip_select'.
Computing hashes of 6 cells of `\spi_chip_select'.
Finding duplicate cells in `\spi_chip_select'.
Removed a total of 8 cells.

8.3. Executing OPT_MUXTREE pass (detect dead branches in mux trees).
Running muxtree optimizer on module $paramod\spi_clock_generator\DIVIDER=s32'00000000000000000000000000000100..
  Creating internal representation of mux trees.
  Evaluating internal representation of mux trees.
  Analyzing evaluation results.
Running muxtree optimizer on module \spi_master_top..
  Creating internal representation of mux trees.
  No muxes found in this module.
Running muxtree optimizer on module \spi_master_fsm..
  Creating internal representation of mux trees.
  Evaluating internal representation of mux trees.
  Analyzing evaluation results.
Running muxtree optimizer on module $paramod\spi_shift_register\DATA_WIDTH=s32'00000000000000000000000000001000..
  Creating internal representation of mux trees.
  Evaluating internal representation of mux trees.
  Analyzing evaluation results.
Running muxtree optimizer on module \spi_chip_select..
  Creating internal representation of mux trees.
  Evaluating internal representation of mux trees.
  Analyzing evaluation results.
Removed 0 multiplexer ports.
<suppressed ~42 debug messages>

8.4. Executing OPT_REDUCE pass (consolidate $*mux and $reduce_* inputs).
  Optimizing cells in module $paramod\spi_clock_generator\DIVIDER=s32'00000000000000000000000000000100.
  Optimizing cells in module \spi_master_top.
  Optimizing cells in module \spi_master_fsm.
    New ctrl vector for $pmux cell $procmux$53: { $auto$opt_reduce.cc:137:opt_pmux$148 $auto$opt_reduce.cc:137:opt_pmux$146 }
  Optimizing cells in module \spi_master_fsm.
  Optimizing cells in module $paramod\spi_shift_register\DATA_WIDTH=s32'00000000000000000000000000001000.
  Optimizing cells in module \spi_chip_select.
Performed a total of 1 changes.

8.5. Executing OPT_MERGE pass (detect identical cells).
Finding identical cells in module `$paramod\spi_clock_generator\DIVIDER=s32'00000000000000000000000000000100'.
Computing hashes of 7 cells of `$paramod\spi_clock_generator\DIVIDER=s32'00000000000000000000000000000100'.
Finding duplicate cells in `$paramod\spi_clock_generator\DIVIDER=s32'00000000000000000000000000000100'.
Finding identical cells in module `\spi_master_top'.
Computing hashes of 4 cells of `\spi_master_top'.
Finding duplicate cells in `\spi_master_top'.
Finding identical cells in module `\spi_master_fsm'.
Computing hashes of 21 cells of `\spi_master_fsm'.
Finding duplicate cells in `\spi_master_fsm'.
Finding identical cells in module `$paramod\spi_shift_register\DATA_WIDTH=s32'00000000000000000000000000001000'.
Computing hashes of 20 cells of `$paramod\spi_shift_register\DATA_WIDTH=s32'00000000000000000000000000001000'.
Finding duplicate cells in `$paramod\spi_shift_register\DATA_WIDTH=s32'00000000000000000000000000001000'.
Finding identical cells in module `\spi_chip_select'.
Computing hashes of 6 cells of `\spi_chip_select'.
Finding duplicate cells in `\spi_chip_select'.
Removed a total of 0 cells.

8.6. Executing OPT_DFF pass (perform DFF optimizations).
Adding EN signal on $procdff$102 ($adff) from module $paramod\spi_clock_generator\DIVIDER=s32'00000000000000000000000000000100 (D = $not$/project/rtl/spi_clock_generator.v:38$15_Y, Q = \spi_clk).
Adding EN signal on $procdff$111 ($adff) from module spi_master_fsm (D = $procmux$53_Y, Q = \busy).
Adding EN signal on $procdff$123 ($adff) from module spi_master_fsm (D = $procmux$45_Y, Q = \state).
Adding EN signal on $procdff$132 ($adff) from module $paramod\spi_shift_register\DATA_WIDTH=s32'00000000000000000000000000001000 (D = $procmux$81_Y, Q = \tx_shift).
Adding EN signal on $procdff$126 ($adff) from module $paramod\spi_shift_register\DATA_WIDTH=s32'00000000000000000000000000001000 (D = { \rx_shift [6:0] \miso }, Q = \rx_data).
Adding EN signal on $procdff$138 ($adff) from module $paramod\spi_shift_register\DATA_WIDTH=s32'00000000000000000000000000001000 (D = $procmux$71_Y, Q = \bit_count).
Adding EN signal on $procdff$135 ($adff) from module $paramod\spi_shift_register\DATA_WIDTH=s32'00000000000000000000000000001000 (D = $procmux$76_Y, Q = \rx_shift).
Adding EN signal on $procdff$144 ($adff) from module spi_chip_select (D = $procmux$93_Y, Q = \busy).
Adding EN signal on $procdff$141 ($adff) from module spi_chip_select (D = $procmux$98_Y, Q = \cs_n).

8.7. Executing OPT_CLEAN pass (remove unused cells and wires).
Finding unused cells or wires in module $paramod\spi_clock_generator\DIVIDER=s32'00000000000000000000000000000100..
Finding unused cells or wires in module \spi_master_top..
Finding unused cells or wires in module \spi_master_fsm..
Finding unused cells or wires in module $paramod\spi_shift_register\DATA_WIDTH=s32'00000000000000000000000000001000..
Finding unused cells or wires in module \spi_chip_select..
Removed 4 unused cells and 63 unused wires.
<suppressed ~8 debug messages>

8.8. Executing OPT_EXPR pass (perform const folding).
Optimizing module $paramod\spi_clock_generator\DIVIDER=s32'00000000000000000000000000000100.
Optimizing module spi_master_top.
Optimizing module spi_master_fsm.
<suppressed ~1 debug messages>
Optimizing module $paramod\spi_shift_register\DATA_WIDTH=s32'00000000000000000000000000001000.
<suppressed ~3 debug messages>
Optimizing module spi_chip_select.
<suppressed ~2 debug messages>

8.9. Rerunning OPT passes. (Maybe there is more to do..)

8.10. Executing OPT_MUXTREE pass (detect dead branches in mux trees).
Running muxtree optimizer on module $paramod\spi_clock_generator\DIVIDER=s32'00000000000000000000000000000100..
  Creating internal representation of mux trees.
  Evaluating internal representation of mux trees.
  Analyzing evaluation results.
Running muxtree optimizer on module \spi_master_top..
  Creating internal representation of mux trees.
  No muxes found in this module.
Running muxtree optimizer on module \spi_master_fsm..
  Creating internal representation of mux trees.
  Evaluating internal representation of mux trees.
  Analyzing evaluation results.
Running muxtree optimizer on module $paramod\spi_shift_register\DATA_WIDTH=s32'00000000000000000000000000001000..
  Creating internal representation of mux trees.
  Evaluating internal representation of mux trees.
  Analyzing evaluation results.
Running muxtree optimizer on module \spi_chip_select..
  Creating internal representation of mux trees.
  Evaluating internal representation of mux trees.
  Analyzing evaluation results.
Removed 0 multiplexer ports.
<suppressed ~36 debug messages>

8.11. Executing OPT_REDUCE pass (consolidate $*mux and $reduce_* inputs).
  Optimizing cells in module $paramod\spi_clock_generator\DIVIDER=s32'00000000000000000000000000000100.
  Optimizing cells in module \spi_master_top.
  Optimizing cells in module \spi_master_fsm.
  Optimizing cells in module $paramod\spi_shift_register\DATA_WIDTH=s32'00000000000000000000000000001000.
  Optimizing cells in module \spi_chip_select.
Performed a total of 0 changes.

8.12. Executing OPT_MERGE pass (detect identical cells).
Finding identical cells in module `$paramod\spi_clock_generator\DIVIDER=s32'00000000000000000000000000000100'.
Computing hashes of 6 cells of `$paramod\spi_clock_generator\DIVIDER=s32'00000000000000000000000000000100'.
Finding duplicate cells in `$paramod\spi_clock_generator\DIVIDER=s32'00000000000000000000000000000100'.
Finding identical cells in module `\spi_master_top'.
Computing hashes of 4 cells of `\spi_master_top'.
Finding duplicate cells in `\spi_master_top'.
Finding identical cells in module `\spi_master_fsm'.
Computing hashes of 25 cells of `\spi_master_fsm'.
Finding duplicate cells in `\spi_master_fsm'.
Finding identical cells in module `$paramod\spi_shift_register\DATA_WIDTH=s32'00000000000000000000000000001000'.
Computing hashes of 22 cells of `$paramod\spi_shift_register\DATA_WIDTH=s32'00000000000000000000000000001000'.
Finding duplicate cells in `$paramod\spi_shift_register\DATA_WIDTH=s32'00000000000000000000000000001000'.
Computing hashes of 20 cells of `$paramod\spi_shift_register\DATA_WIDTH=s32'00000000000000000000000000001000'.
Finding duplicate cells in `$paramod\spi_shift_register\DATA_WIDTH=s32'00000000000000000000000000001000'.
<suppressed ~6 debug messages>
Finding identical cells in module `\spi_chip_select'.
Computing hashes of 8 cells of `\spi_chip_select'.
Finding duplicate cells in `\spi_chip_select'.
Computing hashes of 7 cells of `\spi_chip_select'.
Finding duplicate cells in `\spi_chip_select'.
<suppressed ~3 debug messages>
Removed a total of 3 cells.

8.13. Executing OPT_DFF pass (perform DFF optimizations).

8.14. Executing OPT_CLEAN pass (remove unused cells and wires).
Finding unused cells or wires in module $paramod\spi_clock_generator\DIVIDER=s32'00000000000000000000000000000100..
Finding unused cells or wires in module \spi_master_top..
Finding unused cells or wires in module \spi_master_fsm..
Finding unused cells or wires in module $paramod\spi_shift_register\DATA_WIDTH=s32'00000000000000000000000000001000..
Finding unused cells or wires in module \spi_chip_select..
Removed 0 unused cells and 3 unused wires.
<suppressed ~2 debug messages>

8.15. Executing OPT_EXPR pass (perform const folding).
Optimizing module $paramod\spi_clock_generator\DIVIDER=s32'00000000000000000000000000000100.
Optimizing module spi_master_top.
Optimizing module spi_master_fsm.
Optimizing module $paramod\spi_shift_register\DATA_WIDTH=s32'00000000000000000000000000001000.
Optimizing module spi_chip_select.

8.16. Rerunning OPT passes. (Maybe there is more to do..)

8.17. Executing OPT_MUXTREE pass (detect dead branches in mux trees).
Running muxtree optimizer on module $paramod\spi_clock_generator\DIVIDER=s32'00000000000000000000000000000100..
  Creating internal representation of mux trees.
  Evaluating internal representation of mux trees.
  Analyzing evaluation results.
Running muxtree optimizer on module \spi_master_top..
  Creating internal representation of mux trees.
  No muxes found in this module.
Running muxtree optimizer on module \spi_master_fsm..
  Creating internal representation of mux trees.
  Evaluating internal representation of mux trees.
  Analyzing evaluation results.
Running muxtree optimizer on module $paramod\spi_shift_register\DATA_WIDTH=s32'00000000000000000000000000001000..
  Creating internal representation of mux trees.
  Evaluating internal representation of mux trees.
  Analyzing evaluation results.
Running muxtree optimizer on module \spi_chip_select..
  Creating internal representation of mux trees.
  Evaluating internal representation of mux trees.
  Analyzing evaluation results.
Removed 0 multiplexer ports.
<suppressed ~36 debug messages>

8.18. Executing OPT_REDUCE pass (consolidate $*mux and $reduce_* inputs).
  Optimizing cells in module $paramod\spi_clock_generator\DIVIDER=s32'00000000000000000000000000000100.
  Optimizing cells in module \spi_master_top.
  Optimizing cells in module \spi_master_fsm.
  Optimizing cells in module $paramod\spi_shift_register\DATA_WIDTH=s32'00000000000000000000000000001000.
  Optimizing cells in module \spi_chip_select.
Performed a total of 0 changes.

8.19. Executing OPT_MERGE pass (detect identical cells).
Finding identical cells in module `$paramod\spi_clock_generator\DIVIDER=s32'00000000000000000000000000000100'.
Computing hashes of 6 cells of `$paramod\spi_clock_generator\DIVIDER=s32'00000000000000000000000000000100'.
Finding duplicate cells in `$paramod\spi_clock_generator\DIVIDER=s32'00000000000000000000000000000100'.
Finding identical cells in module `\spi_master_top'.
Computing hashes of 4 cells of `\spi_master_top'.
Finding duplicate cells in `\spi_master_top'.
Finding identical cells in module `\spi_master_fsm'.
Computing hashes of 25 cells of `\spi_master_fsm'.
Finding duplicate cells in `\spi_master_fsm'.
Finding identical cells in module `$paramod\spi_shift_register\DATA_WIDTH=s32'00000000000000000000000000001000'.
Computing hashes of 20 cells of `$paramod\spi_shift_register\DATA_WIDTH=s32'00000000000000000000000000001000'.
Finding duplicate cells in `$paramod\spi_shift_register\DATA_WIDTH=s32'00000000000000000000000000001000'.
Finding identical cells in module `\spi_chip_select'.
Computing hashes of 7 cells of `\spi_chip_select'.
Finding duplicate cells in `\spi_chip_select'.
Removed a total of 0 cells.

8.20. Executing OPT_DFF pass (perform DFF optimizations).

8.21. Executing OPT_CLEAN pass (remove unused cells and wires).
Finding unused cells or wires in module $paramod\spi_clock_generator\DIVIDER=s32'00000000000000000000000000000100..
Finding unused cells or wires in module \spi_master_top..
Finding unused cells or wires in module \spi_master_fsm..
Finding unused cells or wires in module $paramod\spi_shift_register\DATA_WIDTH=s32'00000000000000000000000000001000..
Finding unused cells or wires in module \spi_chip_select..

8.22. Executing OPT_EXPR pass (perform const folding).
Optimizing module $paramod\spi_clock_generator\DIVIDER=s32'00000000000000000000000000000100.
Optimizing module spi_master_top.
Optimizing module spi_master_fsm.
Optimizing module $paramod\spi_shift_register\DATA_WIDTH=s32'00000000000000000000000000001000.
Optimizing module spi_chip_select.

8.23. Finished fast OPT passes. (There is nothing left to do.)

9. Executing FLATTEN pass (flatten design).
Deleting now unused module $paramod\spi_clock_generator\DIVIDER=s32'00000000000000000000000000000100.
Deleting now unused module spi_master_fsm.
Deleting now unused module $paramod\spi_shift_register\DATA_WIDTH=s32'00000000000000000000000000001000.
Deleting now unused module spi_chip_select.
<suppressed ~4 debug messages>

10. Executing OPT_CLEAN pass (remove unused cells and wires).
Finding unused cells or wires in module \spi_master_top..
Removed 3 unused cells and 3 unused wires.
<suppressed ~5 debug messages>

11. Executing OPT pass (performing simple optimizations).

11.1. Executing OPT_EXPR pass (perform const folding).
Optimizing module spi_master_top.

11.2. Executing OPT_MERGE pass (detect identical cells).
Finding identical cells in module `\spi_master_top'.
Computing hashes of 59 cells of `\spi_master_top'.
Finding duplicate cells in `\spi_master_top'.
Removed a total of 0 cells.

11.3. Executing OPT_MUXTREE pass (detect dead branches in mux trees).
Running muxtree optimizer on module \spi_master_top..
  Creating internal representation of mux trees.
  Evaluating internal representation of mux trees.
  Analyzing evaluation results.
Removed 0 multiplexer ports.
<suppressed ~33 debug messages>

11.4. Executing OPT_REDUCE pass (consolidate $*mux and $reduce_* inputs).
  Optimizing cells in module \spi_master_top.
Performed a total of 0 changes.

11.5. Executing OPT_MERGE pass (detect identical cells).
Finding identical cells in module `\spi_master_top'.
Computing hashes of 59 cells of `\spi_master_top'.
Finding duplicate cells in `\spi_master_top'.
Removed a total of 0 cells.

11.6. Executing OPT_DFF pass (perform DFF optimizations).

11.7. Executing OPT_CLEAN pass (remove unused cells and wires).
Finding unused cells or wires in module \spi_master_top..

11.8. Executing OPT_EXPR pass (perform const folding).
Optimizing module spi_master_top.

11.9. Finished fast OPT passes. (There is nothing left to do.)

12. Executing MEMORY_MAP pass (converting memories to logic and flip-flops).

13. Executing OPT pass (performing simple optimizations).

13.1. Executing OPT_EXPR pass (perform const folding).
Optimizing module spi_master_top.

13.2. Executing OPT_MERGE pass (detect identical cells).
Finding identical cells in module `\spi_master_top'.
Computing hashes of 59 cells of `\spi_master_top'.
Finding duplicate cells in `\spi_master_top'.
Removed a total of 0 cells.

13.3. Executing OPT_MUXTREE pass (detect dead branches in mux trees).
Running muxtree optimizer on module \spi_master_top..
  Creating internal representation of mux trees.
  Evaluating internal representation of mux trees.
  Analyzing evaluation results.
Removed 0 multiplexer ports.
<suppressed ~33 debug messages>

13.4. Executing OPT_REDUCE pass (consolidate $*mux and $reduce_* inputs).
  Optimizing cells in module \spi_master_top.
Performed a total of 0 changes.

13.5. Executing OPT_MERGE pass (detect identical cells).
Finding identical cells in module `\spi_master_top'.
Computing hashes of 59 cells of `\spi_master_top'.
Finding duplicate cells in `\spi_master_top'.
Removed a total of 0 cells.

13.6. Executing OPT_DFF pass (perform DFF optimizations).

13.7. Executing OPT_CLEAN pass (remove unused cells and wires).
Finding unused cells or wires in module \spi_master_top..

13.8. Executing OPT_EXPR pass (perform const folding).
Optimizing module spi_master_top.

13.9. Finished fast OPT passes. (There is nothing left to do.)

14. Executing TECHMAP pass (map to technology primitives).

14.1. Executing Verilog-2005 frontend: /usr/local/bin/../share/yosys/techmap.v
Parsing Verilog input from `/usr/local/bin/../share/yosys/techmap.v' to AST representation.
Generating RTLIL representation for module `\_90_simplemap_bool_ops'.
Generating RTLIL representation for module `\_90_simplemap_reduce_ops'.
Generating RTLIL representation for module `\_90_simplemap_logic_ops'.
Generating RTLIL representation for module `\_90_simplemap_compare_ops'.
Generating RTLIL representation for module `\_90_simplemap_various'.
Generating RTLIL representation for module `\_90_simplemap_registers'.
Generating RTLIL representation for module `\_90_shift_ops_shr_shl_sshl_sshr'.
Generating RTLIL representation for module `\_90_shift_shiftx'.
Generating RTLIL representation for module `\_90_fa'.
Generating RTLIL representation for module `\_90_lcu_brent_kung'.
Generating RTLIL representation for module `\_90_alu'.
Generating RTLIL representation for module `\_90_macc'.
Generating RTLIL representation for module `\_90_alumacc'.
Generating RTLIL representation for module `$__div_mod_u'.
Generating RTLIL representation for module `$__div_mod_trunc'.
Generating RTLIL representation for module `\_90_div'.
Generating RTLIL representation for module `\_90_mod'.
Generating RTLIL representation for module `$__div_mod_floor'.
Generating RTLIL representation for module `\_90_divfloor'.
Generating RTLIL representation for module `\_90_modfloor'.
Generating RTLIL representation for module `\_90_pow'.
Generating RTLIL representation for module `\_90_demux'.
Generating RTLIL representation for module `\_90_lut'.
Generating RTLIL representation for module `$connect'.
Generating RTLIL representation for module `$input_port'.
Successfully finished Verilog frontend.

14.2. Continuing TECHMAP pass.
Using extmapper simplemap for cells of type $mux.
Using extmapper simplemap for cells of type $adffe.
Using extmapper simplemap for cells of type $reduce_bool.
Running "alumacc" on wrapper $extern:wrap:$add:Y_WIDTH=32:B_WIDTH=32:A_WIDTH=4:B_SIGNED=0:A_SIGNED=0:394426c56d1a028ba8fdd5469b163e04011def47.
Using template $extern:wrap:$add:Y_WIDTH=32:B_WIDTH=32:A_WIDTH=4:B_SIGNED=0:A_SIGNED=0:394426c56d1a028ba8fdd5469b163e04011def47 for cells of type $extern:wrap:$add:Y_WIDTH=32:B_WIDTH=32:A_WIDTH=4:B_SIGNED=0:A_SIGNED=0:394426c56d1a028ba8fdd5469b163e04011def47.
Using extmapper simplemap for cells of type $eq.
Using extmapper simplemap for cells of type $not.
Using extmapper simplemap for cells of type $reduce_and.
Using extmapper simplemap for cells of type $adff.
Running "alumacc" on wrapper $extern:wrap:$add:Y_WIDTH=32:B_WIDTH=32:A_WIDTH=32:B_SIGNED=0:A_SIGNED=0:394426c56d1a028ba8fdd5469b163e04011def47.
Using template $extern:wrap:$add:Y_WIDTH=32:B_WIDTH=32:A_WIDTH=32:B_SIGNED=0:A_SIGNED=0:394426c56d1a028ba8fdd5469b163e04011def47 for cells of type $extern:wrap:$add:Y_WIDTH=32:B_WIDTH=32:A_WIDTH=32:B_SIGNED=0:A_SIGNED=0:394426c56d1a028ba8fdd5469b163e04011def47.
Using extmapper simplemap for cells of type $ne.
Using extmapper simplemap for cells of type $reduce_or.
Using extmapper simplemap for cells of type $pmux.
Using extmapper simplemap for cells of type $logic_not.
Using template $paramod$a7817265ef3ab2ee43da53bbd8a90f6450d412d9\_90_alu for cells of type $alu.
Using template $paramod$fbc7873bff55778c0b3173955b7e4bce1d9d6834\_90_alu for cells of type $alu.
Using extmapper simplemap for cells of type $xor.
Using template $paramod\_90_fa\WIDTH=32'00000000000000000000000000100000 for cells of type $fa.
Using template $paramod\_90_lcu_brent_kung\WIDTH=32'00000000000000000000000000100000 for cells of type $lcu.
Using extmapper simplemap for cells of type $pos.
Using extmapper simplemap for cells of type $or.
Using extmapper simplemap for cells of type $and.
No more expansions possible.
<suppressed ~660 debug messages>

15. Executing OPT pass (performing simple optimizations).

15.1. Executing OPT_EXPR pass (perform const folding).
Optimizing module spi_master_top.
<suppressed ~810 debug messages>

15.2. Executing OPT_MERGE pass (detect identical cells).
Finding identical cells in module `\spi_master_top'.
Computing hashes of 356 cells of `\spi_master_top'.
Finding duplicate cells in `\spi_master_top'.
Computing hashes of 343 cells of `\spi_master_top'.
Finding duplicate cells in `\spi_master_top'.
Computing hashes of 341 cells of `\spi_master_top'.
Finding duplicate cells in `\spi_master_top'.
Computing hashes of 340 cells of `\spi_master_top'.
Finding duplicate cells in `\spi_master_top'.
<suppressed ~48 debug messages>
Removed a total of 16 cells.

15.3. Executing OPT_MUXTREE pass (detect dead branches in mux trees).
Running muxtree optimizer on module \spi_master_top..
  Creating internal representation of mux trees.
  No muxes found in this module.
Removed 0 multiplexer ports.

15.4. Executing OPT_REDUCE pass (consolidate $*mux and $reduce_* inputs).
  Optimizing cells in module \spi_master_top.
Performed a total of 0 changes.

15.5. Executing OPT_MERGE pass (detect identical cells).
Finding identical cells in module `\spi_master_top'.
Computing hashes of 340 cells of `\spi_master_top'.
Finding duplicate cells in `\spi_master_top'.
Removed a total of 0 cells.

15.6. Executing OPT_DFF pass (perform DFF optimizations).

15.7. Executing OPT_CLEAN pass (remove unused cells and wires).
Finding unused cells or wires in module \spi_master_top..
Removed 10 unused cells and 334 unused wires.
<suppressed ~11 debug messages>

15.8. Executing OPT_EXPR pass (perform const folding).
Optimizing module spi_master_top.

15.9. Rerunning OPT passes. (Maybe there is more to do..)

15.10. Executing OPT_MUXTREE pass (detect dead branches in mux trees).
Running muxtree optimizer on module \spi_master_top..
  Creating internal representation of mux trees.
  No muxes found in this module.
Removed 0 multiplexer ports.

15.11. Executing OPT_REDUCE pass (consolidate $*mux and $reduce_* inputs).
  Optimizing cells in module \spi_master_top.
Performed a total of 0 changes.

15.12. Executing OPT_MERGE pass (detect identical cells).
Finding identical cells in module `\spi_master_top'.
Computing hashes of 330 cells of `\spi_master_top'.
Finding duplicate cells in `\spi_master_top'.
Removed a total of 0 cells.

15.13. Executing OPT_DFF pass (perform DFF optimizations).

15.14. Executing OPT_CLEAN pass (remove unused cells and wires).
Finding unused cells or wires in module \spi_master_top..

15.15. Executing OPT_EXPR pass (perform const folding).
Optimizing module spi_master_top.

15.16. Finished fast OPT passes. (There is nothing left to do.)

16. Executing DFFLIBMAP pass (mapping DFF cells to sequential cells from liberty file).
  cell DFF_X1 (noninv, pins=4, area=4.52) is a direct match for cell type $_DFF_P_.
  cell DFFR_X1 (noninv, pins=5, area=5.32) is a direct match for cell type $_DFF_PN0_.
  cell DFFS_X1 (noninv, pins=5, area=5.32) is a direct match for cell type $_DFF_PN1_.
  cell DFFRS_X1 (noninv, pins=6, area=6.38) is a direct match for cell type $_DFFSR_PNN_.
  final dff cell mappings:
    unmapped dff cell: $_DFF_N_
    \DFF_X1 _DFF_P_ (.CK( C), .D( D), .Q( Q), .QN(~Q));
    unmapped dff cell: $_DFF_NN0_
    unmapped dff cell: $_DFF_NN1_
    unmapped dff cell: $_DFF_NP0_
    unmapped dff cell: $_DFF_NP1_
    \DFFR_X1 _DFF_PN0_ (.CK( C), .D( D), .Q( Q), .QN(~Q), .RN( R));
    \DFFS_X1 _DFF_PN1_ (.CK( C), .D( D), .Q( Q), .QN(~Q), .SN( R));
    unmapped dff cell: $_DFF_PP0_
    unmapped dff cell: $_DFF_PP1_
    unmapped dff cell: $_DFFE_NN_
    unmapped dff cell: $_DFFE_NP_
    unmapped dff cell: $_DFFE_PN_
    unmapped dff cell: $_DFFE_PP_
    unmapped dff cell: $_DFFSR_NNN_
    unmapped dff cell: $_DFFSR_NNP_
    unmapped dff cell: $_DFFSR_NPN_
    unmapped dff cell: $_DFFSR_NPP_
    \DFFRS_X1 _DFFSR_PNN_ (.CK( C), .D( D), .Q( Q), .QN(~Q), .RN( R), .SN( S));
    unmapped dff cell: $_DFFSR_PNP_
    unmapped dff cell: $_DFFSR_PPN_
    unmapped dff cell: $_DFFSR_PPP_

16.1. Executing DFFLEGALIZE pass (convert FFs to types supported by the target).
<suppressed ~8 debug messages>
Mapping DFF cells in module `\spi_master_top':
  mapped 69 $_DFF_PN0_ cells to \DFFR_X1 cells.
  mapped 1 $_DFF_PN1_ cells to \DFFS_X1 cells.

17. Executing ABC pass (technology mapping using ABC).

17.1. Extracting gate netlist of module `\spi_master_top' to `<abc-temp-dir>/input.blif'..
Replacing 25 occurrences of constant undef bits with constant zero bits

17.1.1. Executed ABC.
Extracted 359 gates and 452 wires to a netlist network with 90 inputs and 140 outputs.
Running ABC script: <abc-temp-dir>/abc.script
ABC: UC Berkeley, ABC 1.01 (compiled 0 0)
ABC: abc 01> empty
ABC: abc 01> source <abc-temp-dir>/abc.script
ABC: + read_blif <abc-temp-dir>/input.blif 
ABC: + read_scl /tmp/yosys-liberty-scl-cache/yosys_merged_af18ad9b.scl 
ABC: Warning: Detected 2 multi-output cells (for example, "FA_X1").
ABC: + strash 
ABC: + &get -n 
ABC: + &fraig -x 
ABC: + &put 
ABC: + scorr 
ABC: Warning: The network is combinational (run "fraig" or "fraig_sweep").
ABC: + dc2 
ABC: + dretime 
ABC: + strash 
ABC: + &get -n 
ABC: + &dch -f 
ABC: + &nf 
ABC: + &put 
ABC: + write_blif <abc-temp-dir>/output.blif 
ABC: 
ABC: YOSYS_ABC_DONE 

17.1.2. Re-integrating ABC results.
ABC RESULTS:           AND2_X1 cells:        5
ABC RESULTS:           AND3_X1 cells:        1
ABC RESULTS:           AND4_X1 cells:        3
ABC RESULTS:         AOI211_X1 cells:        1
ABC RESULTS:          AOI21_X1 cells:        8
ABC RESULTS:         AOI222_X1 cells:        7
ABC RESULTS:          AOI22_X1 cells:       10
ABC RESULTS:            BUF_X1 cells:        1
ABC RESULTS:            INV_X1 cells:      100
ABC RESULTS:           MUX2_X1 cells:       10
ABC RESULTS:          NAND2_X1 cells:        8
ABC RESULTS:          NAND3_X1 cells:        5
ABC RESULTS:          NAND4_X1 cells:        6
ABC RESULTS:           NOR2_X1 cells:       18
ABC RESULTS:           NOR3_X1 cells:        4
ABC RESULTS:           NOR4_X1 cells:       12
ABC RESULTS:         OAI211_X1 cells:        1
ABC RESULTS:          OAI21_X1 cells:        2
ABC RESULTS:            OR3_X1 cells:        2
ABC RESULTS:          XNOR2_X1 cells:       17
ABC RESULTS:           XOR2_X1 cells:       11
ABC RESULTS:        internal signals:      222
ABC RESULTS:           input signals:       90
ABC RESULTS:          output signals:      140
Removing temp directory.
Removing global temp directory.

18. Executing OPT_CLEAN pass (remove unused cells and wires).
Finding unused cells or wires in module \spi_master_top..
Removed 4 unused cells and 322 unused wires.
<suppressed ~31 debug messages>

19. Printing statistics.

=== spi_master_top ===

        +----------Local Count, excluding submodules.
        | 
      322 wires
      448 wire bits
       10 public wires
       24 public wire bits
       10 ports
       24 port bits
      302 cells
        5   AND2_X1
        1   AND3_X1
        3   AND4_X1
        1   AOI211_X1
        8   AOI21_X1
        7   AOI222_X1
       10   AOI22_X1
        1   BUF_X1
       69   DFFR_X1
        1   DFFS_X1
      100   INV_X1
       10   MUX2_X1
        8   NAND2_X1
        5   NAND3_X1
        6   NAND4_X1
       18   NOR2_X1
        4   NOR3_X1
       12   NOR4_X1
        1   OAI211_X1
        2   OAI21_X1
        2   OR3_X1
       17   XNOR2_X1
       11   XOR2_X1

20. Executing Verilog backend.

20.1. Executing BMUXMAP pass.

20.2. Executing DEMUXMAP pass.
Dumping module `\spi_master_top'.

End of script. Logfile hash: a6529251ff, time: 1.01s, user: 0.30s, system: 0.22s, MEM: 41.51 MB peak
Yosys 0.67 (git sha1 2d1509d1b, Release, GNU /usr/local/bin/wrapped-cc/g++ 11.4.0)
Time spent: 61% 1x abc (0 sec), 12% 1x dfflibmap (0 sec), ...
