
 /----------------------------------------------------------------------------\
 |                                                                            |
 |  yosys -- Yosys Open SYnthesis Suite                                       |
 |                                                                            |
 |  Copyright (C) 2012 - 2020  Claire Xenia Wolf <claire@yosyshq.com>         |
 |                                                                            |
 |  Permission to use, copy, modify, and/or distribute this software for any  |
 |  purpose with or without fee is hereby granted, provided that the above    |
 |  copyright notice and this permission notice appear in all copies.         |
 |                                                                            |
 |  THE SOFTWARE IS PROVIDED "AS IS" AND THE AUTHOR DISCLAIMS ALL WARRANTIES  |
 |  WITH REGARD TO THIS SOFTWARE INCLUDING ALL IMPLIED WARRANTIES OF          |
 |  MERCHANTABILITY AND FITNESS. IN NO EVENT SHALL THE AUTHOR BE LIABLE FOR   |
 |  ANY SPECIAL, DIRECT, INDIRECT, OR CONSEQUENTIAL DAMAGES OR ANY DAMAGES    |
 |  WHATSOEVER RESULTING FROM LOSS OF USE, DATA OR PROFITS, WHETHER IN AN     |
 |  ACTION OF CONTRACT, NEGLIGENCE OR OTHER TORTIOUS ACTION, ARISING OUT OF   |
 |  OR IN CONNECTION WITH THE USE OR PERFORMANCE OF THIS SOFTWARE.            |
 |                                                                            |
 \----------------------------------------------------------------------------/

 Yosys 0.33 (git sha1 2584903a060)


-- Executing script file `yosys/asic/map_nangate45.ys' --

1. Executing Verilog-2005 frontend: rtl/if_id_pipeline_register.v
Parsing Verilog input from `rtl/if_id_pipeline_register.v' to AST representation.
Generating RTLIL representation for module `\if_id_pipeline_register'.
Successfully finished Verilog frontend.

2. Executing Verilog-2005 frontend: rtl/id_ex_pipeline_register.v
Parsing Verilog input from `rtl/id_ex_pipeline_register.v' to AST representation.
Generating RTLIL representation for module `\id_ex_pipeline_register'.
Successfully finished Verilog frontend.

3. Executing Verilog-2005 frontend: rtl/ex_mem_pipeline_register.v
Parsing Verilog input from `rtl/ex_mem_pipeline_register.v' to AST representation.
Generating RTLIL representation for module `\ex_mem_pipeline_register'.
Successfully finished Verilog frontend.

4. Executing Verilog-2005 frontend: rtl/mem_wb_pipeline_register.v
Parsing Verilog input from `rtl/mem_wb_pipeline_register.v' to AST representation.
Generating RTLIL representation for module `\mem_wb_pipeline_register'.
Successfully finished Verilog frontend.

5. Executing Verilog-2005 frontend: rtl/pipeline_control_unit.v
Parsing Verilog input from `rtl/pipeline_control_unit.v' to AST representation.
Generating RTLIL representation for module `\pipeline_control_unit'.
Successfully finished Verilog frontend.

6. Executing Verilog-2005 frontend: rtl/pipelined_alu_top.v
Parsing Verilog input from `rtl/pipelined_alu_top.v' to AST representation.
Generating RTLIL representation for module `\pipelined_alu_top'.
Successfully finished Verilog frontend.

7. Executing HIERARCHY pass (managing design hierarchy).

7.1. Analyzing design hierarchy..
Top module:  \pipelined_alu_top
Used module:     \mem_wb_pipeline_register
Used module:     \ex_mem_pipeline_register
Used module:     \id_ex_pipeline_register
Used module:     \if_id_pipeline_register
Used module:     \pipeline_control_unit

7.2. Analyzing design hierarchy..
Top module:  \pipelined_alu_top
Used module:     \mem_wb_pipeline_register
Used module:     \ex_mem_pipeline_register
Used module:     \id_ex_pipeline_register
Used module:     \if_id_pipeline_register
Used module:     \pipeline_control_unit
Removed 0 unused modules.

8. Executing PROC pass (convert processes to netlists).

8.1. Executing PROC_CLEAN pass (remove empty switches from decision trees).
Cleaned up 0 empty switches.

8.2. Executing PROC_RMDEAD pass (remove dead branches from decision trees).
Marked 2 switch rules as full_case in process $proc$rtl/pipeline_control_unit.v:10$13 in module pipeline_control_unit.
Marked 1 switch rules as full_case in process $proc$rtl/mem_wb_pipeline_register.v:22$10 in module mem_wb_pipeline_register.
Marked 1 switch rules as full_case in process $proc$rtl/ex_mem_pipeline_register.v:28$7 in module ex_mem_pipeline_register.
Marked 1 switch rules as full_case in process $proc$rtl/id_ex_pipeline_register.v:40$4 in module id_ex_pipeline_register.
Marked 1 switch rules as full_case in process $proc$rtl/if_id_pipeline_register.v:14$1 in module if_id_pipeline_register.
Removed a total of 0 dead cases.

8.3. Executing PROC_PRUNE pass (remove redundant assignments in processes).
Removed 0 redundant assignments.
Promoted 3 assignments to connections.

8.4. Executing PROC_INIT pass (extract init attributes).

8.5. Executing PROC_ARST pass (detect async resets in processes).

8.6. Executing PROC_ROM pass (convert switches to ROMs).
Converted 0 switches.
<suppressed ~10 debug messages>

8.7. Executing PROC_MUX pass (convert decision trees to multiplexers).
Creating decoders for process `\pipeline_control_unit.$proc$rtl/pipeline_control_unit.v:10$13'.
     1/6: $2\id_ex_flush[0:0]
     2/6: $2\if_id_write[0:0]
     3/6: $2\pc_write[0:0]
     4/6: $1\id_ex_flush[0:0]
     5/6: $1\if_id_write[0:0]
     6/6: $1\pc_write[0:0]
Creating decoders for process `\mem_wb_pipeline_register.$proc$rtl/mem_wb_pipeline_register.v:22$10'.
     1/5: $0\mem_data_out[31:0]
     2/5: $0\alu_result_out[31:0]
     3/5: $0\mem_to_reg_out[0:0]
     4/5: $0\reg_write_out[0:0]
     5/5: $0\rd_out[4:0]
Creating decoders for process `\ex_mem_pipeline_register.$proc$rtl/ex_mem_pipeline_register.v:28$7'.
     1/8: $0\zero_out[0:0]
     2/8: $0\store_data_out[31:0]
     3/8: $0\alu_result_out[31:0]
     4/8: $0\mem_to_reg_out[0:0]
     5/8: $0\mem_write_out[0:0]
     6/8: $0\mem_read_out[0:0]
     7/8: $0\reg_write_out[0:0]
     8/8: $0\rd_out[4:0]
Creating decoders for process `\id_ex_pipeline_register.$proc$rtl/id_ex_pipeline_register.v:40$4'.
     1/13: $0\alu_src_out[0:0]
     2/13: $0\mem_to_reg_out[0:0]
     3/13: $0\mem_write_out[0:0]
     4/13: $0\mem_read_out[0:0]
     5/13: $0\reg_write_out[0:0]
     6/13: $0\alu_control_out[3:0]
     7/13: $0\rd_out[4:0]
     8/13: $0\rs2_out[4:0]
     9/13: $0\rs1_out[4:0]
    10/13: $0\immediate_out[31:0]
    11/13: $0\rs2_value_out[31:0]
    12/13: $0\rs1_value_out[31:0]
    13/13: $0\pc_out[31:0]
Creating decoders for process `\if_id_pipeline_register.$proc$rtl/if_id_pipeline_register.v:14$1'.
     1/2: $0\instruction_out[31:0]
     2/2: $0\pc_out[31:0]

8.8. Executing PROC_DLATCH pass (convert process syncs to latches).
No latch inferred for signal `\pipeline_control_unit.\pc_write' from process `\pipeline_control_unit.$proc$rtl/pipeline_control_unit.v:10$13'.
No latch inferred for signal `\pipeline_control_unit.\if_id_write' from process `\pipeline_control_unit.$proc$rtl/pipeline_control_unit.v:10$13'.
No latch inferred for signal `\pipeline_control_unit.\id_ex_flush' from process `\pipeline_control_unit.$proc$rtl/pipeline_control_unit.v:10$13'.

8.9. Executing PROC_DFF pass (convert process syncs to FFs).
Creating register for signal `\mem_wb_pipeline_register.\rd_out' using process `\mem_wb_pipeline_register.$proc$rtl/mem_wb_pipeline_register.v:22$10'.
  created $dff cell `$procdff$182' with positive edge clock.
Creating register for signal `\mem_wb_pipeline_register.\reg_write_out' using process `\mem_wb_pipeline_register.$proc$rtl/mem_wb_pipeline_register.v:22$10'.
  created $dff cell `$procdff$183' with positive edge clock.
Creating register for signal `\mem_wb_pipeline_register.\mem_to_reg_out' using process `\mem_wb_pipeline_register.$proc$rtl/mem_wb_pipeline_register.v:22$10'.
  created $dff cell `$procdff$184' with positive edge clock.
Creating register for signal `\mem_wb_pipeline_register.\alu_result_out' using process `\mem_wb_pipeline_register.$proc$rtl/mem_wb_pipeline_register.v:22$10'.
  created $dff cell `$procdff$185' with positive edge clock.
Creating register for signal `\mem_wb_pipeline_register.\mem_data_out' using process `\mem_wb_pipeline_register.$proc$rtl/mem_wb_pipeline_register.v:22$10'.
  created $dff cell `$procdff$186' with positive edge clock.
Creating register for signal `\ex_mem_pipeline_register.\rd_out' using process `\ex_mem_pipeline_register.$proc$rtl/ex_mem_pipeline_register.v:28$7'.
  created $dff cell `$procdff$187' with positive edge clock.
Creating register for signal `\ex_mem_pipeline_register.\reg_write_out' using process `\ex_mem_pipeline_register.$proc$rtl/ex_mem_pipeline_register.v:28$7'.
  created $dff cell `$procdff$188' with positive edge clock.
Creating register for signal `\ex_mem_pipeline_register.\mem_read_out' using process `\ex_mem_pipeline_register.$proc$rtl/ex_mem_pipeline_register.v:28$7'.
  created $dff cell `$procdff$189' with positive edge clock.
Creating register for signal `\ex_mem_pipeline_register.\mem_write_out' using process `\ex_mem_pipeline_register.$proc$rtl/ex_mem_pipeline_register.v:28$7'.
  created $dff cell `$procdff$190' with positive edge clock.
Creating register for signal `\ex_mem_pipeline_register.\mem_to_reg_out' using process `\ex_mem_pipeline_register.$proc$rtl/ex_mem_pipeline_register.v:28$7'.
  created $dff cell `$procdff$191' with positive edge clock.
Creating register for signal `\ex_mem_pipeline_register.\alu_result_out' using process `\ex_mem_pipeline_register.$proc$rtl/ex_mem_pipeline_register.v:28$7'.
  created $dff cell `$procdff$192' with positive edge clock.
Creating register for signal `\ex_mem_pipeline_register.\store_data_out' using process `\ex_mem_pipeline_register.$proc$rtl/ex_mem_pipeline_register.v:28$7'.
  created $dff cell `$procdff$193' with positive edge clock.
Creating register for signal `\ex_mem_pipeline_register.\zero_out' using process `\ex_mem_pipeline_register.$proc$rtl/ex_mem_pipeline_register.v:28$7'.
  created $dff cell `$procdff$194' with positive edge clock.
Creating register for signal `\id_ex_pipeline_register.\pc_out' using process `\id_ex_pipeline_register.$proc$rtl/id_ex_pipeline_register.v:40$4'.
  created $dff cell `$procdff$195' with positive edge clock.
Creating register for signal `\id_ex_pipeline_register.\rs1_value_out' using process `\id_ex_pipeline_register.$proc$rtl/id_ex_pipeline_register.v:40$4'.
  created $dff cell `$procdff$196' with positive edge clock.
Creating register for signal `\id_ex_pipeline_register.\rs2_value_out' using process `\id_ex_pipeline_register.$proc$rtl/id_ex_pipeline_register.v:40$4'.
  created $dff cell `$procdff$197' with positive edge clock.
Creating register for signal `\id_ex_pipeline_register.\immediate_out' using process `\id_ex_pipeline_register.$proc$rtl/id_ex_pipeline_register.v:40$4'.
  created $dff cell `$procdff$198' with positive edge clock.
Creating register for signal `\id_ex_pipeline_register.\rs1_out' using process `\id_ex_pipeline_register.$proc$rtl/id_ex_pipeline_register.v:40$4'.
  created $dff cell `$procdff$199' with positive edge clock.
Creating register for signal `\id_ex_pipeline_register.\rs2_out' using process `\id_ex_pipeline_register.$proc$rtl/id_ex_pipeline_register.v:40$4'.
  created $dff cell `$procdff$200' with positive edge clock.
Creating register for signal `\id_ex_pipeline_register.\rd_out' using process `\id_ex_pipeline_register.$proc$rtl/id_ex_pipeline_register.v:40$4'.
  created $dff cell `$procdff$201' with positive edge clock.
Creating register for signal `\id_ex_pipeline_register.\alu_control_out' using process `\id_ex_pipeline_register.$proc$rtl/id_ex_pipeline_register.v:40$4'.
  created $dff cell `$procdff$202' with positive edge clock.
Creating register for signal `\id_ex_pipeline_register.\reg_write_out' using process `\id_ex_pipeline_register.$proc$rtl/id_ex_pipeline_register.v:40$4'.
  created $dff cell `$procdff$203' with positive edge clock.
Creating register for signal `\id_ex_pipeline_register.\mem_read_out' using process `\id_ex_pipeline_register.$proc$rtl/id_ex_pipeline_register.v:40$4'.
  created $dff cell `$procdff$204' with positive edge clock.
Creating register for signal `\id_ex_pipeline_register.\mem_write_out' using process `\id_ex_pipeline_register.$proc$rtl/id_ex_pipeline_register.v:40$4'.
  created $dff cell `$procdff$205' with positive edge clock.
Creating register for signal `\id_ex_pipeline_register.\mem_to_reg_out' using process `\id_ex_pipeline_register.$proc$rtl/id_ex_pipeline_register.v:40$4'.
  created $dff cell `$procdff$206' with positive edge clock.
Creating register for signal `\id_ex_pipeline_register.\alu_src_out' using process `\id_ex_pipeline_register.$proc$rtl/id_ex_pipeline_register.v:40$4'.
  created $dff cell `$procdff$207' with positive edge clock.
Creating register for signal `\if_id_pipeline_register.\pc_out' using process `\if_id_pipeline_register.$proc$rtl/if_id_pipeline_register.v:14$1'.
  created $dff cell `$procdff$208' with positive edge clock.
Creating register for signal `\if_id_pipeline_register.\instruction_out' using process `\if_id_pipeline_register.$proc$rtl/if_id_pipeline_register.v:14$1'.
  created $dff cell `$procdff$209' with positive edge clock.

8.10. Executing PROC_MEMWR pass (convert process memory writes to cells).

8.11. Executing PROC_CLEAN pass (remove empty switches from decision trees).
Found and cleaned up 2 empty switches in `\pipeline_control_unit.$proc$rtl/pipeline_control_unit.v:10$13'.
Removing empty process `pipeline_control_unit.$proc$rtl/pipeline_control_unit.v:10$13'.
Found and cleaned up 2 empty switches in `\mem_wb_pipeline_register.$proc$rtl/mem_wb_pipeline_register.v:22$10'.
Removing empty process `mem_wb_pipeline_register.$proc$rtl/mem_wb_pipeline_register.v:22$10'.
Found and cleaned up 2 empty switches in `\ex_mem_pipeline_register.$proc$rtl/ex_mem_pipeline_register.v:28$7'.
Removing empty process `ex_mem_pipeline_register.$proc$rtl/ex_mem_pipeline_register.v:28$7'.
Found and cleaned up 2 empty switches in `\id_ex_pipeline_register.$proc$rtl/id_ex_pipeline_register.v:40$4'.
Removing empty process `id_ex_pipeline_register.$proc$rtl/id_ex_pipeline_register.v:40$4'.
Found and cleaned up 2 empty switches in `\if_id_pipeline_register.$proc$rtl/if_id_pipeline_register.v:14$1'.
Removing empty process `if_id_pipeline_register.$proc$rtl/if_id_pipeline_register.v:14$1'.
Cleaned up 10 empty switches.

8.12. Executing OPT_EXPR pass (perform const folding).
Optimizing module pipelined_alu_top.
Optimizing module pipeline_control_unit.
Optimizing module mem_wb_pipeline_register.
<suppressed ~5 debug messages>
Optimizing module ex_mem_pipeline_register.
<suppressed ~8 debug messages>
Optimizing module id_ex_pipeline_register.
<suppressed ~13 debug messages>
Optimizing module if_id_pipeline_register.
<suppressed ~2 debug messages>

9. Executing OPT pass (performing simple optimizations).

9.1. Executing OPT_EXPR pass (perform const folding).
Optimizing module pipelined_alu_top.
Optimizing module pipeline_control_unit.
Optimizing module mem_wb_pipeline_register.
Optimizing module ex_mem_pipeline_register.
Optimizing module id_ex_pipeline_register.
Optimizing module if_id_pipeline_register.

9.2. Executing OPT_MERGE pass (detect identical cells).
Finding identical cells in module `\pipelined_alu_top'.
Finding identical cells in module `\pipeline_control_unit'.
Finding identical cells in module `\mem_wb_pipeline_register'.
Finding identical cells in module `\ex_mem_pipeline_register'.
Finding identical cells in module `\id_ex_pipeline_register'.
Finding identical cells in module `\if_id_pipeline_register'.
Removed a total of 0 cells.

9.3. Executing OPT_MUXTREE pass (detect dead branches in mux trees).
Running muxtree optimizer on module \pipelined_alu_top..
  Creating internal representation of mux trees.
  No muxes found in this module.
Running muxtree optimizer on module \pipeline_control_unit..
  Creating internal representation of mux trees.
  Evaluating internal representation of mux trees.
  Analyzing evaluation results.
    dead port 1/2 on $mux $procmux$31.
    dead port 1/2 on $mux $procmux$25.
    dead port 1/2 on $mux $procmux$19.
Running muxtree optimizer on module \mem_wb_pipeline_register..
  Creating internal representation of mux trees.
  Evaluating internal representation of mux trees.
  Analyzing evaluation results.
Running muxtree optimizer on module \ex_mem_pipeline_register..
  Creating internal representation of mux trees.
  Evaluating internal representation of mux trees.
  Analyzing evaluation results.
Running muxtree optimizer on module \id_ex_pipeline_register..
  Creating internal representation of mux trees.
  Evaluating internal representation of mux trees.
  Analyzing evaluation results.
Running muxtree optimizer on module \if_id_pipeline_register..
  Creating internal representation of mux trees.
  Evaluating internal representation of mux trees.
  Analyzing evaluation results.
Removed 3 multiplexer ports.
<suppressed ~31 debug messages>

9.4. Executing OPT_REDUCE pass (consolidate $*mux and $reduce_* inputs).
  Optimizing cells in module \pipelined_alu_top.
  Optimizing cells in module \pipeline_control_unit.
  Optimizing cells in module \mem_wb_pipeline_register.
  Optimizing cells in module \ex_mem_pipeline_register.
  Optimizing cells in module \id_ex_pipeline_register.
  Optimizing cells in module \if_id_pipeline_register.
Performed a total of 0 changes.

9.5. Executing OPT_MERGE pass (detect identical cells).
Finding identical cells in module `\pipelined_alu_top'.
Finding identical cells in module `\pipeline_control_unit'.
<suppressed ~6 debug messages>
Finding identical cells in module `\mem_wb_pipeline_register'.
Finding identical cells in module `\ex_mem_pipeline_register'.
Finding identical cells in module `\id_ex_pipeline_register'.
Finding identical cells in module `\if_id_pipeline_register'.
Removed a total of 2 cells.

9.6. Executing OPT_DFF pass (perform DFF optimizations).
Adding SRST signal on $procdff$182 ($dff) from module mem_wb_pipeline_register (D = $procmux$62_Y, Q = \rd_out, rval = 5'00000).
Adding EN signal on $auto$ff.cc:266:slice$210 ($sdff) from module mem_wb_pipeline_register (D = \rd_in, Q = \rd_out).
Adding SRST signal on $procdff$183 ($dff) from module mem_wb_pipeline_register (D = $procmux$57_Y, Q = \reg_write_out, rval = 1'0).
Adding EN signal on $auto$ff.cc:266:slice$212 ($sdff) from module mem_wb_pipeline_register (D = \reg_write_in, Q = \reg_write_out).
Adding SRST signal on $procdff$184 ($dff) from module mem_wb_pipeline_register (D = $procmux$52_Y, Q = \mem_to_reg_out, rval = 1'0).
Adding EN signal on $auto$ff.cc:266:slice$214 ($sdff) from module mem_wb_pipeline_register (D = \mem_to_reg_in, Q = \mem_to_reg_out).
Adding SRST signal on $procdff$185 ($dff) from module mem_wb_pipeline_register (D = $procmux$47_Y, Q = \alu_result_out, rval = 0).
Adding EN signal on $auto$ff.cc:266:slice$216 ($sdff) from module mem_wb_pipeline_register (D = \alu_result_in, Q = \alu_result_out).
Adding SRST signal on $procdff$186 ($dff) from module mem_wb_pipeline_register (D = $procmux$42_Y, Q = \mem_data_out, rval = 0).
Adding EN signal on $auto$ff.cc:266:slice$218 ($sdff) from module mem_wb_pipeline_register (D = \mem_data_in, Q = \mem_data_out).
Adding SRST signal on $procdff$187 ($dff) from module ex_mem_pipeline_register (D = $procmux$102_Y, Q = \rd_out, rval = 5'00000).
Adding EN signal on $auto$ff.cc:266:slice$220 ($sdff) from module ex_mem_pipeline_register (D = \rd_in, Q = \rd_out).
Adding SRST signal on $procdff$188 ($dff) from module ex_mem_pipeline_register (D = $procmux$97_Y, Q = \reg_write_out, rval = 1'0).
Adding EN signal on $auto$ff.cc:266:slice$222 ($sdff) from module ex_mem_pipeline_register (D = \reg_write_in, Q = \reg_write_out).
Adding SRST signal on $procdff$189 ($dff) from module ex_mem_pipeline_register (D = $procmux$92_Y, Q = \mem_read_out, rval = 1'0).
Adding EN signal on $auto$ff.cc:266:slice$224 ($sdff) from module ex_mem_pipeline_register (D = \mem_read_in, Q = \mem_read_out).
Adding SRST signal on $procdff$190 ($dff) from module ex_mem_pipeline_register (D = $procmux$87_Y, Q = \mem_write_out, rval = 1'0).
Adding EN signal on $auto$ff.cc:266:slice$226 ($sdff) from module ex_mem_pipeline_register (D = \mem_write_in, Q = \mem_write_out).
Adding SRST signal on $procdff$191 ($dff) from module ex_mem_pipeline_register (D = $procmux$82_Y, Q = \mem_to_reg_out, rval = 1'0).
Adding EN signal on $auto$ff.cc:266:slice$228 ($sdff) from module ex_mem_pipeline_register (D = \mem_to_reg_in, Q = \mem_to_reg_out).
Adding SRST signal on $procdff$192 ($dff) from module ex_mem_pipeline_register (D = $procmux$77_Y, Q = \alu_result_out, rval = 0).
Adding EN signal on $auto$ff.cc:266:slice$230 ($sdff) from module ex_mem_pipeline_register (D = \alu_result_in, Q = \alu_result_out).
Adding SRST signal on $procdff$193 ($dff) from module ex_mem_pipeline_register (D = $procmux$72_Y, Q = \store_data_out, rval = 0).
Adding EN signal on $auto$ff.cc:266:slice$232 ($sdff) from module ex_mem_pipeline_register (D = \store_data_in, Q = \store_data_out).
Adding SRST signal on $procdff$194 ($dff) from module ex_mem_pipeline_register (D = $procmux$67_Y, Q = \zero_out, rval = 1'0).
Adding EN signal on $auto$ff.cc:266:slice$234 ($sdff) from module ex_mem_pipeline_register (D = \zero_in, Q = \zero_out).
Adding SRST signal on $procdff$195 ($dff) from module id_ex_pipeline_register (D = $procmux$167_Y, Q = \pc_out, rval = 0).
Adding EN signal on $auto$ff.cc:266:slice$236 ($sdff) from module id_ex_pipeline_register (D = \pc_in, Q = \pc_out).
Adding SRST signal on $procdff$196 ($dff) from module id_ex_pipeline_register (D = $procmux$162_Y, Q = \rs1_value_out, rval = 0).
Adding EN signal on $auto$ff.cc:266:slice$238 ($sdff) from module id_ex_pipeline_register (D = \rs1_value_in, Q = \rs1_value_out).
Adding SRST signal on $procdff$197 ($dff) from module id_ex_pipeline_register (D = $procmux$157_Y, Q = \rs2_value_out, rval = 0).
Adding EN signal on $auto$ff.cc:266:slice$240 ($sdff) from module id_ex_pipeline_register (D = \rs2_value_in, Q = \rs2_value_out).
Adding SRST signal on $procdff$198 ($dff) from module id_ex_pipeline_register (D = $procmux$152_Y, Q = \immediate_out, rval = 0).
Adding EN signal on $auto$ff.cc:266:slice$242 ($sdff) from module id_ex_pipeline_register (D = \immediate_in, Q = \immediate_out).
Adding SRST signal on $procdff$199 ($dff) from module id_ex_pipeline_register (D = $procmux$147_Y, Q = \rs1_out, rval = 5'00000).
Adding EN signal on $auto$ff.cc:266:slice$244 ($sdff) from module id_ex_pipeline_register (D = \rs1_in, Q = \rs1_out).
Adding SRST signal on $procdff$200 ($dff) from module id_ex_pipeline_register (D = $procmux$142_Y, Q = \rs2_out, rval = 5'00000).
Adding EN signal on $auto$ff.cc:266:slice$246 ($sdff) from module id_ex_pipeline_register (D = \rs2_in, Q = \rs2_out).
Adding SRST signal on $procdff$201 ($dff) from module id_ex_pipeline_register (D = $procmux$137_Y, Q = \rd_out, rval = 5'00000).
Adding EN signal on $auto$ff.cc:266:slice$248 ($sdff) from module id_ex_pipeline_register (D = \rd_in, Q = \rd_out).
Adding SRST signal on $procdff$202 ($dff) from module id_ex_pipeline_register (D = $procmux$132_Y, Q = \alu_control_out, rval = 4'0000).
Adding EN signal on $auto$ff.cc:266:slice$250 ($sdff) from module id_ex_pipeline_register (D = \alu_control_in, Q = \alu_control_out).
Adding SRST signal on $procdff$203 ($dff) from module id_ex_pipeline_register (D = $procmux$127_Y, Q = \reg_write_out, rval = 1'0).
Adding EN signal on $auto$ff.cc:266:slice$252 ($sdff) from module id_ex_pipeline_register (D = \reg_write_in, Q = \reg_write_out).
Adding SRST signal on $procdff$204 ($dff) from module id_ex_pipeline_register (D = $procmux$122_Y, Q = \mem_read_out, rval = 1'0).
Adding EN signal on $auto$ff.cc:266:slice$254 ($sdff) from module id_ex_pipeline_register (D = \mem_read_in, Q = \mem_read_out).
Adding SRST signal on $procdff$205 ($dff) from module id_ex_pipeline_register (D = $procmux$117_Y, Q = \mem_write_out, rval = 1'0).
Adding EN signal on $auto$ff.cc:266:slice$256 ($sdff) from module id_ex_pipeline_register (D = \mem_write_in, Q = \mem_write_out).
Adding SRST signal on $procdff$206 ($dff) from module id_ex_pipeline_register (D = $procmux$112_Y, Q = \mem_to_reg_out, rval = 1'0).
Adding EN signal on $auto$ff.cc:266:slice$258 ($sdff) from module id_ex_pipeline_register (D = \mem_to_reg_in, Q = \mem_to_reg_out).
Adding SRST signal on $procdff$207 ($dff) from module id_ex_pipeline_register (D = $procmux$107_Y, Q = \alu_src_out, rval = 1'0).
Adding EN signal on $auto$ff.cc:266:slice$260 ($sdff) from module id_ex_pipeline_register (D = \alu_src_in, Q = \alu_src_out).
Adding SRST signal on $procdff$208 ($dff) from module if_id_pipeline_register (D = $procmux$177_Y, Q = \pc_out, rval = 0).
Adding EN signal on $auto$ff.cc:266:slice$262 ($sdff) from module if_id_pipeline_register (D = \pc_in, Q = \pc_out).
Adding SRST signal on $procdff$209 ($dff) from module if_id_pipeline_register (D = $procmux$172_Y, Q = \instruction_out, rval = 0).
Adding EN signal on $auto$ff.cc:266:slice$264 ($sdff) from module if_id_pipeline_register (D = \instruction_in, Q = \instruction_out).

9.7. Executing OPT_CLEAN pass (remove unused cells and wires).
Finding unused cells or wires in module \pipelined_alu_top..
Finding unused cells or wires in module \pipeline_control_unit..
Finding unused cells or wires in module \mem_wb_pipeline_register..
Finding unused cells or wires in module \ex_mem_pipeline_register..
Finding unused cells or wires in module \id_ex_pipeline_register..
Finding unused cells or wires in module \if_id_pipeline_register..
Removed 60 unused cells and 169 unused wires.
<suppressed ~65 debug messages>

9.8. Executing OPT_EXPR pass (perform const folding).
Optimizing module ex_mem_pipeline_register.
Optimizing module id_ex_pipeline_register.
Optimizing module if_id_pipeline_register.
Optimizing module mem_wb_pipeline_register.
Optimizing module pipeline_control_unit.
Optimizing module pipelined_alu_top.

9.9. Rerunning OPT passes. (Maybe there is more to do..)

9.10. Executing OPT_MUXTREE pass (detect dead branches in mux trees).
Running muxtree optimizer on module \ex_mem_pipeline_register..
  Creating internal representation of mux trees.
  No muxes found in this module.
Running muxtree optimizer on module \id_ex_pipeline_register..
  Creating internal representation of mux trees.
  No muxes found in this module.
Running muxtree optimizer on module \if_id_pipeline_register..
  Creating internal representation of mux trees.
  No muxes found in this module.
Running muxtree optimizer on module \mem_wb_pipeline_register..
  Creating internal representation of mux trees.
  No muxes found in this module.
Running muxtree optimizer on module \pipeline_control_unit..
  Creating internal representation of mux trees.
  Evaluating internal representation of mux trees.
  Analyzing evaluation results.
Running muxtree optimizer on module \pipelined_alu_top..
  Creating internal representation of mux trees.
  No muxes found in this module.
Removed 0 multiplexer ports.
<suppressed ~2 debug messages>

9.11. Executing OPT_REDUCE pass (consolidate $*mux and $reduce_* inputs).
  Optimizing cells in module \ex_mem_pipeline_register.
  Optimizing cells in module \id_ex_pipeline_register.
  Optimizing cells in module \if_id_pipeline_register.
  Optimizing cells in module \mem_wb_pipeline_register.
  Optimizing cells in module \pipeline_control_unit.
  Optimizing cells in module \pipelined_alu_top.
Performed a total of 0 changes.

9.12. Executing OPT_MERGE pass (detect identical cells).
Finding identical cells in module `\ex_mem_pipeline_register'.
Finding identical cells in module `\id_ex_pipeline_register'.
Finding identical cells in module `\if_id_pipeline_register'.
Finding identical cells in module `\mem_wb_pipeline_register'.
Finding identical cells in module `\pipeline_control_unit'.
Finding identical cells in module `\pipelined_alu_top'.
Removed a total of 0 cells.

9.13. Executing OPT_DFF pass (perform DFF optimizations).

9.14. Executing OPT_CLEAN pass (remove unused cells and wires).
Finding unused cells or wires in module \ex_mem_pipeline_register..
Finding unused cells or wires in module \id_ex_pipeline_register..
Finding unused cells or wires in module \if_id_pipeline_register..
Finding unused cells or wires in module \mem_wb_pipeline_register..
Finding unused cells or wires in module \pipeline_control_unit..
Finding unused cells or wires in module \pipelined_alu_top..

9.15. Executing OPT_EXPR pass (perform const folding).
Optimizing module ex_mem_pipeline_register.
Optimizing module id_ex_pipeline_register.
Optimizing module if_id_pipeline_register.
Optimizing module mem_wb_pipeline_register.
Optimizing module pipeline_control_unit.
Optimizing module pipelined_alu_top.

9.16. Finished OPT passes. (There is nothing left to do.)

10. Executing CHECK pass (checking for obvious problems).
Checking module ex_mem_pipeline_register...
Checking module id_ex_pipeline_register...
Checking module if_id_pipeline_register...
Checking module mem_wb_pipeline_register...
Checking module pipeline_control_unit...
Checking module pipelined_alu_top...
Found and reported 0 problems.

11. Executing SYNTH pass.

11.1. Executing HIERARCHY pass (managing design hierarchy).

11.1.1. Analyzing design hierarchy..
Top module:  \pipelined_alu_top
Used module:     \pipeline_control_unit
Used module:     \ex_mem_pipeline_register
Used module:     \id_ex_pipeline_register
Used module:     \if_id_pipeline_register
Used module:     \mem_wb_pipeline_register

11.1.2. Analyzing design hierarchy..
Top module:  \pipelined_alu_top
Used module:     \pipeline_control_unit
Used module:     \ex_mem_pipeline_register
Used module:     \id_ex_pipeline_register
Used module:     \if_id_pipeline_register
Used module:     \mem_wb_pipeline_register
Removed 0 unused modules.

11.2. Executing PROC pass (convert processes to netlists).

11.2.1. Executing PROC_CLEAN pass (remove empty switches from decision trees).
Cleaned up 0 empty switches.

11.2.2. Executing PROC_RMDEAD pass (remove dead branches from decision trees).
Removed a total of 0 dead cases.

11.2.3. Executing PROC_PRUNE pass (remove redundant assignments in processes).
Removed 0 redundant assignments.
Promoted 0 assignments to connections.

11.2.4. Executing PROC_INIT pass (extract init attributes).

11.2.5. Executing PROC_ARST pass (detect async resets in processes).

11.2.6. Executing PROC_ROM pass (convert switches to ROMs).
Converted 0 switches.

11.2.7. Executing PROC_MUX pass (convert decision trees to multiplexers).

11.2.8. Executing PROC_DLATCH pass (convert process syncs to latches).

11.2.9. Executing PROC_DFF pass (convert process syncs to FFs).

11.2.10. Executing PROC_MEMWR pass (convert process memory writes to cells).

11.2.11. Executing PROC_CLEAN pass (remove empty switches from decision trees).
Cleaned up 0 empty switches.

11.2.12. Executing OPT_EXPR pass (perform const folding).
Optimizing module ex_mem_pipeline_register.
Optimizing module id_ex_pipeline_register.
Optimizing module if_id_pipeline_register.
Optimizing module mem_wb_pipeline_register.
Optimizing module pipeline_control_unit.
Optimizing module pipelined_alu_top.

11.3. Executing FLATTEN pass (flatten design).
Deleting now unused module ex_mem_pipeline_register.
Deleting now unused module id_ex_pipeline_register.
Deleting now unused module if_id_pipeline_register.
Deleting now unused module mem_wb_pipeline_register.
Deleting now unused module pipeline_control_unit.
<suppressed ~5 debug messages>

11.4. Executing OPT_EXPR pass (perform const folding).
Optimizing module pipelined_alu_top.
<suppressed ~2 debug messages>

11.5. Executing OPT_CLEAN pass (remove unused cells and wires).
Finding unused cells or wires in module \pipelined_alu_top..
Removed 20 unused cells and 43 unused wires.
<suppressed ~61 debug messages>

11.6. Executing CHECK pass (checking for obvious problems).
Checking module pipelined_alu_top...
Found and reported 0 problems.

11.7. Executing OPT pass (performing simple optimizations).

11.7.1. Executing OPT_EXPR pass (perform const folding).
Optimizing module pipelined_alu_top.

11.7.2. Executing OPT_MERGE pass (detect identical cells).
Finding identical cells in module `\pipelined_alu_top'.
<suppressed ~3 debug messages>
Removed a total of 1 cells.

11.7.3. Executing OPT_MUXTREE pass (detect dead branches in mux trees).
Running muxtree optimizer on module \pipelined_alu_top..
  Creating internal representation of mux trees.
  Evaluating internal representation of mux trees.
  Analyzing evaluation results.
Removed 0 multiplexer ports.
<suppressed ~1 debug messages>

11.7.4. Executing OPT_REDUCE pass (consolidate $*mux and $reduce_* inputs).
  Optimizing cells in module \pipelined_alu_top.
Performed a total of 0 changes.

11.7.5. Executing OPT_MERGE pass (detect identical cells).
Finding identical cells in module `\pipelined_alu_top'.
Removed a total of 0 cells.

11.7.6. Executing OPT_DFF pass (perform DFF optimizations).
Removing always-active EN on $flatten\mem_wb.$auto$ff.cc:266:slice$219 ($sdffe) from module pipelined_alu_top.
Removing always-active EN on $flatten\mem_wb.$auto$ff.cc:266:slice$217 ($sdffe) from module pipelined_alu_top.
Removing always-active EN on $flatten\mem_wb.$auto$ff.cc:266:slice$215 ($sdffe) from module pipelined_alu_top.
Removing always-active EN on $flatten\mem_wb.$auto$ff.cc:266:slice$213 ($sdffe) from module pipelined_alu_top.
Removing always-active EN on $flatten\mem_wb.$auto$ff.cc:266:slice$211 ($sdffe) from module pipelined_alu_top.
Removing always-active EN on $flatten\id_ex.$auto$ff.cc:266:slice$259 ($sdffe) from module pipelined_alu_top.
Removing always-active EN on $flatten\id_ex.$auto$ff.cc:266:slice$253 ($sdffe) from module pipelined_alu_top.
Removing always-active EN on $flatten\id_ex.$auto$ff.cc:266:slice$249 ($sdffe) from module pipelined_alu_top.
Removing always-active EN on $flatten\ex_mem.$auto$ff.cc:266:slice$231 ($sdffe) from module pipelined_alu_top.
Removing always-active EN on $flatten\ex_mem.$auto$ff.cc:266:slice$229 ($sdffe) from module pipelined_alu_top.
Removing always-active EN on $flatten\ex_mem.$auto$ff.cc:266:slice$223 ($sdffe) from module pipelined_alu_top.
Removing always-active EN on $flatten\ex_mem.$auto$ff.cc:266:slice$221 ($sdffe) from module pipelined_alu_top.

11.7.7. Executing OPT_CLEAN pass (remove unused cells and wires).
Finding unused cells or wires in module \pipelined_alu_top..
Removed 0 unused cells and 1 unused wires.
<suppressed ~1 debug messages>

11.7.8. Executing OPT_EXPR pass (perform const folding).
Optimizing module pipelined_alu_top.

11.7.9. Rerunning OPT passes. (Maybe there is more to do..)

11.7.10. Executing OPT_MUXTREE pass (detect dead branches in mux trees).
Running muxtree optimizer on module \pipelined_alu_top..
  Creating internal representation of mux trees.
  Evaluating internal representation of mux trees.
  Analyzing evaluation results.
Removed 0 multiplexer ports.
<suppressed ~1 debug messages>

11.7.11. Executing OPT_REDUCE pass (consolidate $*mux and $reduce_* inputs).
  Optimizing cells in module \pipelined_alu_top.
Performed a total of 0 changes.

11.7.12. Executing OPT_MERGE pass (detect identical cells).
Finding identical cells in module `\pipelined_alu_top'.
Removed a total of 0 cells.

11.7.13. Executing OPT_DFF pass (perform DFF optimizations).

11.7.14. Executing OPT_CLEAN pass (remove unused cells and wires).
Finding unused cells or wires in module \pipelined_alu_top..

11.7.15. Executing OPT_EXPR pass (perform const folding).
Optimizing module pipelined_alu_top.

11.7.16. Finished OPT passes. (There is nothing left to do.)

11.8. Executing FSM pass (extract and optimize FSM).

11.8.1. Executing FSM_DETECT pass (finding FSMs in design).

11.8.2. Executing FSM_EXTRACT pass (extracting FSM from design).

11.8.3. Executing FSM_OPT pass (simple optimizations of FSMs).

11.8.4. Executing OPT_CLEAN pass (remove unused cells and wires).
Finding unused cells or wires in module \pipelined_alu_top..

11.8.5. Executing FSM_OPT pass (simple optimizations of FSMs).

11.8.6. Executing FSM_RECODE pass (re-assigning FSM state encoding).

11.8.7. Executing FSM_INFO pass (dumping all available information on FSM cells).

11.8.8. Executing FSM_MAP pass (mapping FSMs to basic logic).

11.9. Executing OPT pass (performing simple optimizations).

11.9.1. Executing OPT_EXPR pass (perform const folding).
Optimizing module pipelined_alu_top.

11.9.2. Executing OPT_MERGE pass (detect identical cells).
Finding identical cells in module `\pipelined_alu_top'.
Removed a total of 0 cells.

11.9.3. Executing OPT_MUXTREE pass (detect dead branches in mux trees).
Running muxtree optimizer on module \pipelined_alu_top..
  Creating internal representation of mux trees.
  Evaluating internal representation of mux trees.
  Analyzing evaluation results.
Removed 0 multiplexer ports.
<suppressed ~1 debug messages>

11.9.4. Executing OPT_REDUCE pass (consolidate $*mux and $reduce_* inputs).
  Optimizing cells in module \pipelined_alu_top.
Performed a total of 0 changes.

11.9.5. Executing OPT_MERGE pass (detect identical cells).
Finding identical cells in module `\pipelined_alu_top'.
Removed a total of 0 cells.

11.9.6. Executing OPT_DFF pass (perform DFF optimizations).

11.9.7. Executing OPT_CLEAN pass (remove unused cells and wires).
Finding unused cells or wires in module \pipelined_alu_top..

11.9.8. Executing OPT_EXPR pass (perform const folding).
Optimizing module pipelined_alu_top.

11.9.9. Finished OPT passes. (There is nothing left to do.)

11.10. Executing WREDUCE pass (reducing word size of cells).

11.11. Executing PEEPOPT pass (run peephole optimizers).

11.12. Executing OPT_CLEAN pass (remove unused cells and wires).
Finding unused cells or wires in module \pipelined_alu_top..

11.13. Executing ALUMACC pass (create $alu and $macc cells).
Extracting $alu and $macc cells in module pipelined_alu_top:
  created 0 $alu and 0 $macc cells.

11.14. Executing SHARE pass (SAT-based resource sharing).

11.15. Executing OPT pass (performing simple optimizations).

11.15.1. Executing OPT_EXPR pass (perform const folding).
Optimizing module pipelined_alu_top.

11.15.2. Executing OPT_MERGE pass (detect identical cells).
Finding identical cells in module `\pipelined_alu_top'.
Removed a total of 0 cells.

11.15.3. Executing OPT_MUXTREE pass (detect dead branches in mux trees).
Running muxtree optimizer on module \pipelined_alu_top..
  Creating internal representation of mux trees.
  Evaluating internal representation of mux trees.
  Analyzing evaluation results.
Removed 0 multiplexer ports.
<suppressed ~1 debug messages>

11.15.4. Executing OPT_REDUCE pass (consolidate $*mux and $reduce_* inputs).
  Optimizing cells in module \pipelined_alu_top.
Performed a total of 0 changes.

11.15.5. Executing OPT_MERGE pass (detect identical cells).
Finding identical cells in module `\pipelined_alu_top'.
Removed a total of 0 cells.

11.15.6. Executing OPT_DFF pass (perform DFF optimizations).

11.15.7. Executing OPT_CLEAN pass (remove unused cells and wires).
Finding unused cells or wires in module \pipelined_alu_top..

11.15.8. Executing OPT_EXPR pass (perform const folding).
Optimizing module pipelined_alu_top.

11.15.9. Finished OPT passes. (There is nothing left to do.)

11.16. Executing MEMORY pass.

11.16.1. Executing OPT_MEM pass (optimize memories).
Performed a total of 0 transformations.

11.16.2. Executing OPT_MEM_PRIORITY pass (removing unnecessary memory write priority relations).
Performed a total of 0 transformations.

11.16.3. Executing OPT_MEM_FEEDBACK pass (finding memory read-to-write feedback paths).

11.16.4. Executing MEMORY_BMUX2ROM pass (converting muxes to ROMs).

11.16.5. Executing MEMORY_DFF pass (merging $dff cells to $memrd).

11.16.6. Executing OPT_CLEAN pass (remove unused cells and wires).
Finding unused cells or wires in module \pipelined_alu_top..

11.16.7. Executing MEMORY_SHARE pass (consolidating $memrd/$memwr cells).

11.16.8. Executing OPT_MEM_WIDEN pass (optimize memories where all ports are wide).
Performed a total of 0 transformations.

11.16.9. Executing OPT_CLEAN pass (remove unused cells and wires).
Finding unused cells or wires in module \pipelined_alu_top..

11.16.10. Executing MEMORY_COLLECT pass (generating $mem cells).

11.17. Executing OPT_CLEAN pass (remove unused cells and wires).
Finding unused cells or wires in module \pipelined_alu_top..

11.18. Executing OPT pass (performing simple optimizations).

11.18.1. Executing OPT_EXPR pass (perform const folding).
Optimizing module pipelined_alu_top.
<suppressed ~2 debug messages>

11.18.2. Executing OPT_MERGE pass (detect identical cells).
Finding identical cells in module `\pipelined_alu_top'.
Removed a total of 0 cells.

11.18.3. Executing OPT_DFF pass (perform DFF optimizations).

11.18.4. Executing OPT_CLEAN pass (remove unused cells and wires).
Finding unused cells or wires in module \pipelined_alu_top..
Removed 0 unused cells and 1 unused wires.
<suppressed ~1 debug messages>

11.18.5. Finished fast OPT passes.

11.19. Executing MEMORY_MAP pass (converting memories to logic and flip-flops).

11.20. Executing OPT pass (performing simple optimizations).

11.20.1. Executing OPT_EXPR pass (perform const folding).
Optimizing module pipelined_alu_top.

11.20.2. Executing OPT_MERGE pass (detect identical cells).
Finding identical cells in module `\pipelined_alu_top'.
Removed a total of 0 cells.

11.20.3. Executing OPT_MUXTREE pass (detect dead branches in mux trees).
Running muxtree optimizer on module \pipelined_alu_top..
  Creating internal representation of mux trees.
  No muxes found in this module.
Removed 0 multiplexer ports.

11.20.4. Executing OPT_REDUCE pass (consolidate $*mux and $reduce_* inputs).
  Optimizing cells in module \pipelined_alu_top.
Performed a total of 0 changes.

11.20.5. Executing OPT_MERGE pass (detect identical cells).
Finding identical cells in module `\pipelined_alu_top'.
Removed a total of 0 cells.

11.20.6. Executing OPT_SHARE pass.

11.20.7. Executing OPT_DFF pass (perform DFF optimizations).

11.20.8. Executing OPT_CLEAN pass (remove unused cells and wires).
Finding unused cells or wires in module \pipelined_alu_top..

11.20.9. Executing OPT_EXPR pass (perform const folding).
Optimizing module pipelined_alu_top.

11.20.10. Finished OPT passes. (There is nothing left to do.)

11.21. Executing TECHMAP pass (map to technology primitives).

11.21.1. Executing Verilog-2005 frontend: /usr/bin/../share/yosys/techmap.v
Parsing Verilog input from `/usr/bin/../share/yosys/techmap.v' to AST representation.
Generating RTLIL representation for module `\_90_simplemap_bool_ops'.
Generating RTLIL representation for module `\_90_simplemap_reduce_ops'.
Generating RTLIL representation for module `\_90_simplemap_logic_ops'.
Generating RTLIL representation for module `\_90_simplemap_compare_ops'.
Generating RTLIL representation for module `\_90_simplemap_various'.
Generating RTLIL representation for module `\_90_simplemap_registers'.
Generating RTLIL representation for module `\_90_shift_ops_shr_shl_sshl_sshr'.
Generating RTLIL representation for module `\_90_shift_shiftx'.
Generating RTLIL representation for module `\_90_fa'.
Generating RTLIL representation for module `\_90_lcu'.
Generating RTLIL representation for module `\_90_alu'.
Generating RTLIL representation for module `\_90_macc'.
Generating RTLIL representation for module `\_90_alumacc'.
Generating RTLIL representation for module `\$__div_mod_u'.
Generating RTLIL representation for module `\$__div_mod_trunc'.
Generating RTLIL representation for module `\_90_div'.
Generating RTLIL representation for module `\_90_mod'.
Generating RTLIL representation for module `\$__div_mod_floor'.
Generating RTLIL representation for module `\_90_divfloor'.
Generating RTLIL representation for module `\_90_modfloor'.
Generating RTLIL representation for module `\_90_pow'.
Generating RTLIL representation for module `\_90_pmux'.
Generating RTLIL representation for module `\_90_demux'.
Generating RTLIL representation for module `\_90_lut'.
Successfully finished Verilog frontend.

11.21.2. Continuing TECHMAP pass.
Using extmapper simplemap for cells of type $or.
Using extmapper simplemap for cells of type $logic_or.
Using extmapper simplemap for cells of type $sdff.
No more expansions possible.
<suppressed ~88 debug messages>

11.22. Executing OPT pass (performing simple optimizations).

11.22.1. Executing OPT_EXPR pass (perform const folding).
Optimizing module pipelined_alu_top.

11.22.2. Executing OPT_MERGE pass (detect identical cells).
Finding identical cells in module `\pipelined_alu_top'.
Removed a total of 0 cells.

11.22.3. Executing OPT_DFF pass (perform DFF optimizations).

11.22.4. Executing OPT_CLEAN pass (remove unused cells and wires).
Finding unused cells or wires in module \pipelined_alu_top..

11.22.5. Finished fast OPT passes.

11.23. Executing ABC pass (technology mapping using ABC).

11.23.1. Extracting gate netlist of module `\pipelined_alu_top' to `<abc-temp-dir>/input.blif'..
Extracted 3 gates and 6 wires to a netlist network with 3 inputs and 2 outputs.

11.23.1.1. Executing ABC.
Running ABC command: "<yosys-exe-dir>/yosys-abc" -s -f <abc-temp-dir>/abc.script 2>&1
ABC: ABC command line: "source <abc-temp-dir>/abc.script".
ABC:
ABC: + read_blif <abc-temp-dir>/input.blif
ABC: + read_library <abc-temp-dir>/stdcells.genlib
ABC: Entered genlib library with 13 gates from file "<abc-temp-dir>/stdcells.genlib".
ABC: + strash
ABC: + dretime
ABC: + map
ABC: + write_blif <abc-temp-dir>/output.blif

11.23.1.2. Re-integrating ABC results.
ABC RESULTS:                OR cells:        3
ABC RESULTS:        internal signals:        1
ABC RESULTS:           input signals:        3
ABC RESULTS:          output signals:        2
Removing temp directory.

11.24. Executing OPT pass (performing simple optimizations).

11.24.1. Executing OPT_EXPR pass (perform const folding).
Optimizing module pipelined_alu_top.

11.24.2. Executing OPT_MERGE pass (detect identical cells).
Finding identical cells in module `\pipelined_alu_top'.
Removed a total of 0 cells.

11.24.3. Executing OPT_DFF pass (perform DFF optimizations).

11.24.4. Executing OPT_CLEAN pass (remove unused cells and wires).
Finding unused cells or wires in module \pipelined_alu_top..
Removed 0 unused cells and 8 unused wires.
<suppressed ~4 debug messages>

11.24.5. Finished fast OPT passes.

11.25. Executing HIERARCHY pass (managing design hierarchy).

11.25.1. Analyzing design hierarchy..
Top module:  \pipelined_alu_top

11.25.2. Analyzing design hierarchy..
Top module:  \pipelined_alu_top
Removed 0 unused modules.

11.26. Printing statistics.

=== pipelined_alu_top ===

   Number of wires:                 95
   Number of wire bits:            936
   Number of public wires:          92
   Number of public wire bits:     933
   Number of memories:               0
   Number of memory bits:            0
   Number of processes:              0
   Number of cells:                120
     $_OR_                           3
     $_SDFF_PP0_                   117

11.27. Executing CHECK pass (checking for obvious problems).
Checking module pipelined_alu_top...
Found and reported 0 problems.

12. Executing DFFLIBMAP pass (mapping DFF cells to sequential cells from liberty file).
Warning: Found unsupported expression 'SE*SI+D*!SE' in pin attribute of cell 'SDFFRS_X1' - skipping.
Warning: Found unsupported expression 'SE*SI+D*!SE' in pin attribute of cell 'SDFFRS_X2' - skipping.
Warning: Found unsupported expression 'SE*SI+D*!SE' in pin attribute of cell 'SDFFR_X1' - skipping.
Warning: Found unsupported expression 'SE*SI+D*!SE' in pin attribute of cell 'SDFFR_X2' - skipping.
Warning: Found unsupported expression 'SE*SI+D*!SE' in pin attribute of cell 'SDFFS_X1' - skipping.
Warning: Found unsupported expression 'SE*SI+D*!SE' in pin attribute of cell 'SDFFS_X2' - skipping.
Warning: Found unsupported expression 'SE*SI+D*!SE' in pin attribute of cell 'SDFF_X1' - skipping.
Warning: Found unsupported expression 'SE*SI+D*!SE' in pin attribute of cell 'SDFF_X2' - skipping.
  cell DFF_X1 (noninv, pins=4, area=4.52) is a direct match for cell type $_DFF_P_.
Warning: Found unsupported expression 'SE*SI+D*!SE' in pin attribute of cell 'SDFFRS_X1' - skipping.
Warning: Found unsupported expression 'SE*SI+D*!SE' in pin attribute of cell 'SDFFRS_X2' - skipping.
Warning: Found unsupported expression 'SE*SI+D*!SE' in pin attribute of cell 'SDFFR_X1' - skipping.
Warning: Found unsupported expression 'SE*SI+D*!SE' in pin attribute of cell 'SDFFR_X2' - skipping.
Warning: Found unsupported expression 'SE*SI+D*!SE' in pin attribute of cell 'SDFFS_X1' - skipping.
Warning: Found unsupported expression 'SE*SI+D*!SE' in pin attribute of cell 'SDFFS_X2' - skipping.
Warning: Found unsupported expression 'SE*SI+D*!SE' in pin attribute of cell 'SDFF_X1' - skipping.
Warning: Found unsupported expression 'SE*SI+D*!SE' in pin attribute of cell 'SDFF_X2' - skipping.
  cell DFFR_X1 (noninv, pins=5, area=5.32) is a direct match for cell type $_DFF_PN0_.
Warning: Found unsupported expression 'SE*SI+D*!SE' in pin attribute of cell 'SDFFRS_X1' - skipping.
Warning: Found unsupported expression 'SE*SI+D*!SE' in pin attribute of cell 'SDFFRS_X2' - skipping.
Warning: Found unsupported expression 'SE*SI+D*!SE' in pin attribute of cell 'SDFFR_X1' - skipping.
Warning: Found unsupported expression 'SE*SI+D*!SE' in pin attribute of cell 'SDFFR_X2' - skipping.
Warning: Found unsupported expression 'SE*SI+D*!SE' in pin attribute of cell 'SDFFS_X1' - skipping.
Warning: Found unsupported expression 'SE*SI+D*!SE' in pin attribute of cell 'SDFFS_X2' - skipping.
Warning: Found unsupported expression 'SE*SI+D*!SE' in pin attribute of cell 'SDFF_X1' - skipping.
Warning: Found unsupported expression 'SE*SI+D*!SE' in pin attribute of cell 'SDFF_X2' - skipping.
  cell DFFS_X1 (noninv, pins=5, area=5.32) is a direct match for cell type $_DFF_PN1_.
Warning: Found unsupported expression 'SE*SI+D*!SE' in pin attribute of cell 'SDFFRS_X1' - skipping.
Warning: Found unsupported expression 'SE*SI+D*!SE' in pin attribute of cell 'SDFFRS_X2' - skipping.
Warning: Found unsupported expression 'SE*SI+D*!SE' in pin attribute of cell 'SDFFR_X1' - skipping.
Warning: Found unsupported expression 'SE*SI+D*!SE' in pin attribute of cell 'SDFFR_X2' - skipping.
Warning: Found unsupported expression 'SE*SI+D*!SE' in pin attribute of cell 'SDFFS_X1' - skipping.
Warning: Found unsupported expression 'SE*SI+D*!SE' in pin attribute of cell 'SDFFS_X2' - skipping.
Warning: Found unsupported expression 'SE*SI+D*!SE' in pin attribute of cell 'SDFF_X1' - skipping.
Warning: Found unsupported expression 'SE*SI+D*!SE' in pin attribute of cell 'SDFF_X2' - skipping.
Warning: Found unsupported expression 'SE*SI+D*!SE' in pin attribute of cell 'SDFFRS_X1' - skipping.
Warning: Found unsupported expression 'SE*SI+D*!SE' in pin attribute of cell 'SDFFRS_X2' - skipping.
Warning: Found unsupported expression 'SE*SI+D*!SE' in pin attribute of cell 'SDFFR_X1' - skipping.
Warning: Found unsupported expression 'SE*SI+D*!SE' in pin attribute of cell 'SDFFR_X2' - skipping.
Warning: Found unsupported expression 'SE*SI+D*!SE' in pin attribute of cell 'SDFFS_X1' - skipping.
Warning: Found unsupported expression 'SE*SI+D*!SE' in pin attribute of cell 'SDFFS_X2' - skipping.
Warning: Found unsupported expression 'SE*SI+D*!SE' in pin attribute of cell 'SDFF_X1' - skipping.
Warning: Found unsupported expression 'SE*SI+D*!SE' in pin attribute of cell 'SDFF_X2' - skipping.
Warning: Found unsupported expression 'SE*SI+D*!SE' in pin attribute of cell 'SDFFRS_X1' - skipping.
Warning: Found unsupported expression 'SE*SI+D*!SE' in pin attribute of cell 'SDFFRS_X2' - skipping.
Warning: Found unsupported expression 'SE*SI+D*!SE' in pin attribute of cell 'SDFFR_X1' - skipping.
Warning: Found unsupported expression 'SE*SI+D*!SE' in pin attribute of cell 'SDFFR_X2' - skipping.
Warning: Found unsupported expression 'SE*SI+D*!SE' in pin attribute of cell 'SDFFS_X1' - skipping.
Warning: Found unsupported expression 'SE*SI+D*!SE' in pin attribute of cell 'SDFFS_X2' - skipping.
Warning: Found unsupported expression 'SE*SI+D*!SE' in pin attribute of cell 'SDFF_X1' - skipping.
Warning: Found unsupported expression 'SE*SI+D*!SE' in pin attribute of cell 'SDFF_X2' - skipping.
  cell DFFRS_X1 (noninv, pins=6, area=6.38) is a direct match for cell type $_DFFSR_PNN_.
Warning: Found unsupported expression 'SE*SI+D*!SE' in pin attribute of cell 'SDFFRS_X1' - skipping.
Warning: Found unsupported expression 'SE*SI+D*!SE' in pin attribute of cell 'SDFFRS_X2' - skipping.
Warning: Found unsupported expression 'SE*SI+D*!SE' in pin attribute of cell 'SDFFR_X1' - skipping.
Warning: Found unsupported expression 'SE*SI+D*!SE' in pin attribute of cell 'SDFFR_X2' - skipping.
Warning: Found unsupported expression 'SE*SI+D*!SE' in pin attribute of cell 'SDFFS_X1' - skipping.
Warning: Found unsupported expression 'SE*SI+D*!SE' in pin attribute of cell 'SDFFS_X2' - skipping.
Warning: Found unsupported expression 'SE*SI+D*!SE' in pin attribute of cell 'SDFF_X1' - skipping.
Warning: Found unsupported expression 'SE*SI+D*!SE' in pin attribute of cell 'SDFF_X2' - skipping.
Warning: Found unsupported expression 'SE*SI+D*!SE' in pin attribute of cell 'SDFFRS_X1' - skipping.
Warning: Found unsupported expression 'SE*SI+D*!SE' in pin attribute of cell 'SDFFRS_X2' - skipping.
Warning: Found unsupported expression 'SE*SI+D*!SE' in pin attribute of cell 'SDFFR_X1' - skipping.
Warning: Found unsupported expression 'SE*SI+D*!SE' in pin attribute of cell 'SDFFR_X2' - skipping.
Warning: Found unsupported expression 'SE*SI+D*!SE' in pin attribute of cell 'SDFFS_X1' - skipping.
Warning: Found unsupported expression 'SE*SI+D*!SE' in pin attribute of cell 'SDFFS_X2' - skipping.
Warning: Found unsupported expression 'SE*SI+D*!SE' in pin attribute of cell 'SDFF_X1' - skipping.
Warning: Found unsupported expression 'SE*SI+D*!SE' in pin attribute of cell 'SDFF_X2' - skipping.
Warning: Found unsupported expression 'SE*SI+D*!SE' in pin attribute of cell 'SDFFRS_X1' - skipping.
Warning: Found unsupported expression 'SE*SI+D*!SE' in pin attribute of cell 'SDFFRS_X2' - skipping.
Warning: Found unsupported expression 'SE*SI+D*!SE' in pin attribute of cell 'SDFFR_X1' - skipping.
Warning: Found unsupported expression 'SE*SI+D*!SE' in pin attribute of cell 'SDFFR_X2' - skipping.
Warning: Found unsupported expression 'SE*SI+D*!SE' in pin attribute of cell 'SDFFS_X1' - skipping.
Warning: Found unsupported expression 'SE*SI+D*!SE' in pin attribute of cell 'SDFFS_X2' - skipping.
Warning: Found unsupported expression 'SE*SI+D*!SE' in pin attribute of cell 'SDFF_X1' - skipping.
Warning: Found unsupported expression 'SE*SI+D*!SE' in pin attribute of cell 'SDFF_X2' - skipping.
  final dff cell mappings:
    unmapped dff cell: $_DFF_N_
    \DFF_X1 _DFF_P_ (.CK( C), .D( D), .Q( Q), .QN(~Q));
    unmapped dff cell: $_DFF_NN0_
    unmapped dff cell: $_DFF_NN1_
    unmapped dff cell: $_DFF_NP0_
    unmapped dff cell: $_DFF_NP1_
    \DFFR_X1 _DFF_PN0_ (.CK( C), .D( D), .Q( Q), .QN(~Q), .RN( R));
    \DFFS_X1 _DFF_PN1_ (.CK( C), .D( D), .Q( Q), .QN(~Q), .SN( R));
    unmapped dff cell: $_DFF_PP0_
    unmapped dff cell: $_DFF_PP1_
    unmapped dff cell: $_DFFSR_NNN_
    unmapped dff cell: $_DFFSR_NNP_
    unmapped dff cell: $_DFFSR_NPN_
    unmapped dff cell: $_DFFSR_NPP_
    \DFFRS_X1 _DFFSR_PNN_ (.CK( C), .D( D), .Q( Q), .QN(~Q), .RN( R), .SN( S));
    unmapped dff cell: $_DFFSR_PNP_
    unmapped dff cell: $_DFFSR_PPN_
    unmapped dff cell: $_DFFSR_PPP_

12.1. Executing DFFLEGALIZE pass (convert FFs to types supported by the target).
Mapping DFF cells in module `\pipelined_alu_top':
  mapped 117 $_DFF_P_ cells to \DFF_X1 cells.

13. Executing ABC pass (technology mapping using ABC).

13.1. Extracting gate netlist of module `\pipelined_alu_top' to `<abc-temp-dir>/input.blif'..
Extracted 120 gates and 241 wires to a netlist network with 120 inputs and 117 outputs.

13.1.1. Executing ABC.
Running ABC command: "<yosys-exe-dir>/yosys-abc" -s -f <abc-temp-dir>/abc.script 2>&1
ABC: ABC command line: "source <abc-temp-dir>/abc.script".
ABC:
ABC: + read_blif <abc-temp-dir>/input.blif
ABC: + read_lib -w /mnt/e/VLSI_projects_CHIP/ASIC_Tools/Project24_Five_Stage_Pipeline/liberty/NangateOpenCellLibrary_typical.lib
ABC: Parsing finished successfully.  Parsing time =     0.09 sec
ABC: Scl_LibertyReadGenlib() skipped cell "ANTENNA_X1" due to dont_use attribute.
ABC: Scl_LibertyReadGenlib() skipped cell "CLKGATETST_X1" without logic function.
ABC: Scl_LibertyReadGenlib() skipped cell "CLKGATETST_X2" without logic function.
ABC: Scl_LibertyReadGenlib() skipped cell "CLKGATETST_X4" without logic function.
ABC: Scl_LibertyReadGenlib() skipped cell "CLKGATETST_X8" without logic function.
ABC: Scl_LibertyReadGenlib() skipped cell "CLKGATE_X1" without logic function.
ABC: Scl_LibertyReadGenlib() skipped cell "CLKGATE_X2" without logic function.
ABC: Scl_LibertyReadGenlib() skipped cell "CLKGATE_X4" without logic function.
ABC: Scl_LibertyReadGenlib() skipped cell "CLKGATE_X8" without logic function.
ABC: Scl_LibertyReadGenlib() skipped sequential cell "DFFRS_X1".
ABC: Scl_LibertyReadGenlib() skipped sequential cell "DFFRS_X2".
ABC: Scl_LibertyReadGenlib() skipped sequential cell "DFFR_X1".
ABC: Scl_LibertyReadGenlib() skipped sequential cell "DFFR_X2".
ABC: Scl_LibertyReadGenlib() skipped sequential cell "DFFS_X1".
ABC: Scl_LibertyReadGenlib() skipped sequential cell "DFFS_X2".
ABC: Scl_LibertyReadGenlib() skipped sequential cell "DFF_X1".
ABC: Scl_LibertyReadGenlib() skipped sequential cell "DFF_X2".
ABC: Scl_LibertyReadGenlib() skipped sequential cell "DLH_X1".
ABC: Scl_LibertyReadGenlib() skipped sequential cell "DLH_X2".
ABC: Scl_LibertyReadGenlib() skipped sequential cell "DLL_X1".
ABC: Scl_LibertyReadGenlib() skipped sequential cell "DLL_X2".
ABC: Scl_LibertyReadGenlib() skipped cell "FILLCELL_X1" due to dont_use attribute.
ABC: Scl_LibertyReadGenlib() skipped cell "TAPCELL_X1" due to dont_use attribute.
ABC: Scl_LibertyReadGenlib() skipped cell "FILLCELL_X2" due to dont_use attribute.
ABC: Scl_LibertyReadGenlib() skipped cell "FILLCELL_X4" due to dont_use attribute.
ABC: Scl_LibertyReadGenlib() skipped cell "FILLCELL_X8" due to dont_use attribute.
ABC: Scl_LibertyReadGenlib() skipped cell "FILLCELL_X16" due to dont_use attribute.
ABC: Scl_LibertyReadGenlib() skipped cell "FILLCELL_X32" due to dont_use attribute.
ABC: Scl_LibertyReadGenlib() skipped cell "LOGIC0_X1" due to dont_use attribute.
ABC: Scl_LibertyReadGenlib() skipped cell "LOGIC1_X1" due to dont_use attribute.
ABC: Scl_LibertyReadGenlib() skipped sequential cell "SDFFRS_X1".
ABC: Scl_LibertyReadGenlib() skipped sequential cell "SDFFRS_X2".
ABC: Scl_LibertyReadGenlib() skipped sequential cell "SDFFR_X1".
ABC: Scl_LibertyReadGenlib() skipped sequential cell "SDFFR_X2".
ABC: Scl_LibertyReadGenlib() skipped sequential cell "SDFFS_X1".
ABC: Scl_LibertyReadGenlib() skipped sequential cell "SDFFS_X2".
ABC: Scl_LibertyReadGenlib() skipped sequential cell "SDFF_X1".
ABC: Scl_LibertyReadGenlib() skipped sequential cell "SDFF_X2".
ABC: Scl_LibertyReadGenlib() skipped three-state cell "TBUF_X1".
ABC: Scl_LibertyReadGenlib() skipped three-state cell "TBUF_X2".
ABC: Scl_LibertyReadGenlib() skipped three-state cell "TBUF_X4".
ABC: Scl_LibertyReadGenlib() skipped three-state cell "TBUF_X8".
ABC: Scl_LibertyReadGenlib() skipped three-state cell "TBUF_X16".
ABC: Scl_LibertyReadGenlib() skipped three-state cell "TINV_X1".
ABC: Scl_LibertyReadGenlib() skipped sequential cell "TLAT_X1".
ABC: Library "NangateOpenCellLibrary" from "/mnt/e/VLSI_projects_CHIP/ASIC_Tools/Project24_Five_Stage_Pipeline/liberty/NangateOpenCellLibrary_typical.lib" has 90 cells (35 skipped: 21 seq; 6 tri-state; 8 no func; 10 dont_use).  Time =     0.14 sec
ABC: Memory =   11.38 MB. Time =     0.14 sec
ABC: Warning: Detected 2 multi-output gates (for example, "FA_X1").
ABC: + strash
ABC: + &get -n
ABC: + &fraig -x
ABC: + &put
ABC: + scorr
ABC: Warning: The network is combinational (run "fraig" or "fraig_sweep").
ABC: + dc2
ABC: + dretime
ABC: + strash
ABC: + &get -n
ABC: + &dch -f
ABC: + &nf
ABC: + &put
ABC: + write_blif <abc-temp-dir>/output.blif

13.1.2. Re-integrating ABC results.
ABC RESULTS:           NOR2_X1 cells:        1
ABC RESULTS:           NOR3_X1 cells:        1
ABC RESULTS:           AND2_X1 cells:      117
ABC RESULTS:        internal signals:        4
ABC RESULTS:           input signals:      120
ABC RESULTS:          output signals:      117
Removing temp directory.
Removed 0 unused cells and 240 unused wires.

14. Executing Liberty frontend: liberty/NangateOpenCellLibrary_typical.lib
Imported 135 cell types from liberty file.

15. Executing CHECK pass (checking for obvious problems).
Checking module pipelined_alu_top...
Found and reported 0 problems.

16. Printing statistics.

=== pipelined_alu_top ===

   Number of wires:                328
   Number of wire bits:           1169
   Number of public wires:          92
   Number of public wire bits:     933
   Number of memories:               0
   Number of memory bits:            0
   Number of processes:              0
   Number of cells:                236
     AND2_X1                       117
     DFF_X1                        117
     NOR2_X1                         1
     NOR3_X1                         1

   Chip area for module '\pipelined_alu_top': 655.424000

17. Generating Graphviz representation of design.
Writing dot description to `synth/schematics/pipelined_alu_top.dot'.
Dumping module pipelined_alu_top to page 1.
Exec: dot -Tsvg 'synth/schematics/pipelined_alu_top.dot' > 'synth/schematics/pipelined_alu_top.svg.new' && mv 'synth/schematics/pipelined_alu_top.svg.new' 'synth/schematics/pipelined_alu_top.svg'

18. Executing Verilog backend.

18.1. Executing BMUXMAP pass.

18.2. Executing DEMUXMAP pass.
Dumping module `\pipelined_alu_top'.

Warnings: 8 unique messages, 72 total
End of script. Logfile hash: 196a368fd3, CPU: user 1.05s system 0.28s, MEM: 29.38 MB peak
Yosys 0.33 (git sha1 2584903a060)
Time spent: 31% 1x show (0 sec), 16% 2x abc (0 sec), ...
